Random seed     : 2
CUDA Hardware Acceleration Active: NVIDIA GeForce RTX 4090
Problem Geometry Linked -> Matrix Samples: 10000
======================================================================
CONTROLLED ABLATION
Case            : pglib_opf_case300_ieee
Projection      : generation
Weight strategy : nominal
Weights         : {'eq_p': 1000.0, 'eq_q': 1000.0, 'thermal': 1.0, 'ang': 1.0, 'v': 1.0, 'obj': 0.0005}
======================================================================

Beginning execution of parallelized training matrix loops...
Epoch    0 | Val Loss: 5911.8853 | Val Cost: 509532.53 | Val Max P-Miss: 11.5472 | Max Q-Miss: 8.1026 | Val Max Gen Viol: 0.0000 | Val Max Thermal: 0.0000 [*SAVED BEST*]
Epoch  100 | Val Loss: 723.3688 | Val Cost: 378435.66 | Val Max P-Miss: 3.2629 | Max Q-Miss: 2.2922 | Val Max Gen Viol: 0.0000 | Val Max Thermal: 23.3542 [*SAVED BEST*]
Epoch  200 | Val Loss: 457.3890 | Val Cost: 386197.00 | Val Max P-Miss: 3.2691 | Max Q-Miss: 1.8385 | Val Max Gen Viol: 0.0000 | Val Max Thermal: 34.5407 [*SAVED BEST*]
Epoch  300 | Val Loss: 414.0836 | Val Cost: 390146.38 | Val Max P-Miss: 3.0756 | Max Q-Miss: 1.7347 | Val Max Gen Viol: 0.0000 | Val Max Thermal: 35.5648 [*SAVED BEST*]
Epoch  400 | Val Loss: 385.8978 | Val Cost: 390404.88 | Val Max P-Miss: 2.7354 | Max Q-Miss: 1.6642 | Val Max Gen Viol: 0.0000 | Val Max Thermal: 35.1991 [*SAVED BEST*]
Epoch  500 | Val Loss: 355.4582 | Val Cost: 386609.06 | Val Max P-Miss: 2.2812 | Max Q-Miss: 1.6077 | Val Max Gen Viol: 0.0000 | Val Max Thermal: 33.8194 [*SAVED BEST*]
Epoch  600 | Val Loss: 356.1804 | Val Cost: 376692.59 | Val Max P-Miss: 2.0046 | Max Q-Miss: 1.6218 | Val Max Gen Viol: 0.0000 | Val Max Thermal: 34.8043
Epoch  700 | Val Loss: 391.9117 | Val Cost: 377913.34 | Val Max P-Miss: 1.9555 | Max Q-Miss: 1.8878 | Val Max Gen Viol: 0.0000 | Val Max Thermal: 34.9270
Epoch  800 | Val Loss: 474.1203 | Val Cost: 388914.72 | Val Max P-Miss: 2.7687 | Max Q-Miss: 2.2294 | Val Max Gen Viol: 0.0000 | Val Max Thermal: 21.0456
Epoch  900 | Val Loss: 335.1764 | Val Cost: 379124.66 | Val Max P-Miss: 2.1528 | Max Q-Miss: 1.5231 | Val Max Gen Viol: 0.0000 | Val Max Thermal: 33.2444 [*SAVED BEST*]
Epoch 1000 | Val Loss: 314.5398 | Val Cost: 384286.88 | Val Max P-Miss: 1.8787 | Max Q-Miss: 1.4715 | Val Max Gen Viol: 0.0000 | Val Max Thermal: 33.8310 [*SAVED BEST*]
Epoch 1100 | Val Loss: 312.1062 | Val Cost: 385102.69 | Val Max P-Miss: 1.8788 | Max Q-Miss: 1.4503 | Val Max Gen Viol: 0.0000 | Val Max Thermal: 33.2550 [*SAVED BEST*]
Epoch 1200 | Val Loss: 305.9776 | Val Cost: 384844.88 | Val Max P-Miss: 1.8510 | Max Q-Miss: 1.3934 | Val Max Gen Viol: 0.0000 | Val Max Thermal: 33.4148 [*SAVED BEST*]
Epoch 1300 | Val Loss: 460.6615 | Val Cost: 368980.19 | Val Max P-Miss: 2.8588 | Max Q-Miss: 2.7116 | Val Max Gen Viol: 0.0000 | Val Max Thermal: 31.0125
Epoch 1400 | Val Loss: 357.7797 | Val Cost: 373903.50 | Val Max P-Miss: 1.9153 | Max Q-Miss: 1.5041 | Val Max Gen Viol: 0.0000 | Val Max Thermal: 32.9358
Epoch 1500 | Val Loss: 315.6519 | Val Cost: 380766.12 | Val Max P-Miss: 2.2429 | Max Q-Miss: 1.5229 | Val Max Gen Viol: 0.0000 | Val Max Thermal: 32.0622
Epoch 1600 | Val Loss: 301.7211 | Val Cost: 383802.72 | Val Max P-Miss: 2.0755 | Max Q-Miss: 1.3060 | Val Max Gen Viol: 0.0000 | Val Max Thermal: 32.2268 [*SAVED BEST*]
Epoch 1700 | Val Loss: 304.2549 | Val Cost: 379590.66 | Val Max P-Miss: 2.1565 | Max Q-Miss: 1.4189 | Val Max Gen Viol: 0.0000 | Val Max Thermal: 32.4688
Epoch 1800 | Val Loss: 298.9503 | Val Cost: 383811.78 | Val Max P-Miss: 1.8353 | Max Q-Miss: 1.2766 | Val Max Gen Viol: 0.0000 | Val Max Thermal: 32.2587 [*SAVED BEST*]
Epoch 1900 | Val Loss: 340.9164 | Val Cost: 373074.56 | Val Max P-Miss: 2.1176 | Max Q-Miss: 1.6541 | Val Max Gen Viol: 0.0000 | Val Max Thermal: 31.3854
Epoch 2000 | Val Loss: 327.9952 | Val Cost: 376387.03 | Val Max P-Miss: 1.9990 | Max Q-Miss: 2.0504 | Val Max Gen Viol: 0.0000 | Val Max Thermal: 29.3709
Epoch 2100 | Val Loss: 293.1635 | Val Cost: 381287.56 | Val Max P-Miss: 2.0432 | Max Q-Miss: 1.2122 | Val Max Gen Viol: 0.0000 | Val Max Thermal: 31.6413 [*SAVED BEST*]
Epoch 2200 | Val Loss: 295.6206 | Val Cost: 380517.53 | Val Max P-Miss: 1.9381 | Max Q-Miss: 1.2767 | Val Max Gen Viol: 0.0000 | Val Max Thermal: 31.8662
Epoch 2300 | Val Loss: 293.3248 | Val Cost: 381300.50 | Val Max P-Miss: 1.8272 | Max Q-Miss: 1.4528 | Val Max Gen Viol: 0.0000 | Val Max Thermal: 31.5064
Epoch 2400 | Val Loss: 288.1111 | Val Cost: 380580.22 | Val Max P-Miss: 1.8381 | Max Q-Miss: 1.1909 | Val Max Gen Viol: 0.0000 | Val Max Thermal: 30.7770 [*SAVED BEST*]
Epoch 2500 | Val Loss: 284.6863 | Val Cost: 380865.62 | Val Max P-Miss: 1.8392 | Max Q-Miss: 1.1715 | Val Max Gen Viol: 0.0000 | Val Max Thermal: 30.5584 [*SAVED BEST*]
Epoch 2600 | Val Loss: 289.3183 | Val Cost: 379033.69 | Val Max P-Miss: 2.1940 | Max Q-Miss: 1.2122 | Val Max Gen Viol: 0.0000 | Val Max Thermal: 30.4348
Epoch 2700 | Val Loss: 280.7667 | Val Cost: 379456.66 | Val Max P-Miss: 1.8573 | Max Q-Miss: 1.1442 | Val Max Gen Viol: 0.0000 | Val Max Thermal: 30.6488 [*SAVED BEST*]
Epoch 2800 | Val Loss: 285.0013 | Val Cost: 377815.88 | Val Max P-Miss: 1.8478 | Max Q-Miss: 1.1578 | Val Max Gen Viol: 0.0000 | Val Max Thermal: 30.8090
Epoch 2900 | Val Loss: 352.2457 | Val Cost: 371917.91 | Val Max P-Miss: 2.2055 | Max Q-Miss: 1.7727 | Val Max Gen Viol: 0.0000 | Val Max Thermal: 30.1092
Epoch 3000 | Val Loss: 283.8726 | Val Cost: 377829.97 | Val Max P-Miss: 1.8349 | Max Q-Miss: 1.1285 | Val Max Gen Viol: 0.0000 | Val Max Thermal: 30.6923
Epoch 3100 | Val Loss: 306.1126 | Val Cost: 371853.75 | Val Max P-Miss: 1.8513 | Max Q-Miss: 1.4388 | Val Max Gen Viol: 0.0000 | Val Max Thermal: 30.7770
Epoch 3200 | Val Loss: 296.6627 | Val Cost: 375884.75 | Val Max P-Miss: 1.9750 | Max Q-Miss: 1.8414 | Val Max Gen Viol: 0.0000 | Val Max Thermal: 30.0677
Epoch 3300 | Val Loss: 346.7607 | Val Cost: 373027.56 | Val Max P-Miss: 2.1738 | Max Q-Miss: 2.4130 | Val Max Gen Viol: 0.0000 | Val Max Thermal: 30.4498
Epoch 3400 | Val Loss: 340.1416 | Val Cost: 367741.03 | Val Max P-Miss: 1.8862 | Max Q-Miss: 2.7129 | Val Max Gen Viol: 0.0000 | Val Max Thermal: 29.4997
Epoch 3500 | Val Loss: 273.6609 | Val Cost: 376251.38 | Val Max P-Miss: 1.8684 | Max Q-Miss: 1.1304 | Val Max Gen Viol: 0.0000 | Val Max Thermal: 30.2043 [*SAVED BEST*]
Epoch 3600 | Val Loss: 278.9825 | Val Cost: 376388.28 | Val Max P-Miss: 1.8420 | Max Q-Miss: 1.0453 | Val Max Gen Viol: 0.0000 | Val Max Thermal: 30.2511
Epoch 3700 | Val Loss: 316.7534 | Val Cost: 372372.09 | Val Max P-Miss: 1.7904 | Max Q-Miss: 1.1197 | Val Max Gen Viol: 0.0000 | Val Max Thermal: 29.9445
Epoch 3800 | Val Loss: 272.2406 | Val Cost: 376483.62 | Val Max P-Miss: 1.8599 | Max Q-Miss: 0.9922 | Val Max Gen Viol: 0.0000 | Val Max Thermal: 29.9002 [*SAVED BEST*]
Epoch 3900 | Val Loss: 274.2225 | Val Cost: 375343.62 | Val Max P-Miss: 1.8621 | Max Q-Miss: 1.0225 | Val Max Gen Viol: 0.0000 | Val Max Thermal: 29.9183
Epoch 4000 | Val Loss: 280.9361 | Val Cost: 372969.38 | Val Max P-Miss: 1.8740 | Max Q-Miss: 1.0893 | Val Max Gen Viol: 0.0000 | Val Max Thermal: 30.6248
Epoch 4100 | Val Loss: 290.8812 | Val Cost: 370467.34 | Val Max P-Miss: 1.8704 | Max Q-Miss: 1.2721 | Val Max Gen Viol: 0.0000 | Val Max Thermal: 30.6682
Epoch 4200 | Val Loss: 275.6081 | Val Cost: 375300.22 | Val Max P-Miss: 1.8268 | Max Q-Miss: 1.1035 | Val Max Gen Viol: 0.0000 | Val Max Thermal: 30.1452
Epoch 4300 | Val Loss: 283.3144 | Val Cost: 371293.72 | Val Max P-Miss: 1.9028 | Max Q-Miss: 1.2600 | Val Max Gen Viol: 0.0000 | Val Max Thermal: 30.6190
Epoch 4400 | Val Loss: 271.3254 | Val Cost: 373557.16 | Val Max P-Miss: 1.8487 | Max Q-Miss: 1.0141 | Val Max Gen Viol: 0.0000 | Val Max Thermal: 30.0102 [*SAVED BEST*]
Epoch 4500 | Val Loss: 274.8484 | Val Cost: 369800.97 | Val Max P-Miss: 1.7766 | Max Q-Miss: 1.3060 | Val Max Gen Viol: 0.0000 | Val Max Thermal: 30.4084
Epoch 4600 | Val Loss: 267.4411 | Val Cost: 374289.03 | Val Max P-Miss: 1.8385 | Max Q-Miss: 0.9829 | Val Max Gen Viol: 0.0000 | Val Max Thermal: 29.8396 [*SAVED BEST*]
Epoch 4700 | Val Loss: 272.2041 | Val Cost: 373194.53 | Val Max P-Miss: 1.8509 | Max Q-Miss: 1.0885 | Val Max Gen Viol: 0.0000 | Val Max Thermal: 30.0824
Epoch 4800 | Val Loss: 274.6081 | Val Cost: 368154.41 | Val Max P-Miss: 1.9188 | Max Q-Miss: 1.1485 | Val Max Gen Viol: 0.0000 | Val Max Thermal: 30.5993
Epoch 4900 | Val Loss: 283.2925 | Val Cost: 369100.09 | Val Max P-Miss: 2.1937 | Max Q-Miss: 1.0628 | Val Max Gen Viol: 0.0000 | Val Max Thermal: 30.3150
Epoch 5000 | Val Loss: 268.2260 | Val Cost: 371995.69 | Val Max P-Miss: 1.8379 | Max Q-Miss: 1.0115 | Val Max Gen Viol: 0.0000 | Val Max Thermal: 30.1391
Epoch 5100 | Val Loss: 268.6385 | Val Cost: 371208.03 | Val Max P-Miss: 1.8333 | Max Q-Miss: 0.9877 | Val Max Gen Viol: 0.0000 | Val Max Thermal: 30.1499
Epoch 5200 | Val Loss: 286.3365 | Val Cost: 368465.56 | Val Max P-Miss: 1.8637 | Max Q-Miss: 2.0558 | Val Max Gen Viol: 0.0000 | Val Max Thermal: 30.7013
Epoch 5300 | Val Loss: 327.2449 | Val Cost: 364987.62 | Val Max P-Miss: 1.8908 | Max Q-Miss: 1.2520 | Val Max Gen Viol: 0.0000 | Val Max Thermal: 29.5215
Epoch 5400 | Val Loss: 341.2758 | Val Cost: 363844.72 | Val Max P-Miss: 2.0946 | Max Q-Miss: 1.9210 | Val Max Gen Viol: 0.0000 | Val Max Thermal: 29.3491
Epoch 5500 | Val Loss: 262.9037 | Val Cost: 370136.41 | Val Max P-Miss: 1.9000 | Max Q-Miss: 1.1393 | Val Max Gen Viol: 0.0000 | Val Max Thermal: 29.7765 [*SAVED BEST*]
Epoch 5600 | Val Loss: 270.5813 | Val Cost: 366854.62 | Val Max P-Miss: 1.9191 | Max Q-Miss: 1.1011 | Val Max Gen Viol: 0.0000 | Val Max Thermal: 30.4464
Epoch 5700 | Val Loss: 275.7371 | Val Cost: 367860.28 | Val Max P-Miss: 1.7475 | Max Q-Miss: 1.1294 | Val Max Gen Viol: 0.0000 | Val Max Thermal: 30.8911
Epoch 5800 | Val Loss: 285.0555 | Val Cost: 367633.38 | Val Max P-Miss: 1.8060 | Max Q-Miss: 1.2365 | Val Max Gen Viol: 0.0000 | Val Max Thermal: 30.3549
Epoch 5900 | Val Loss: 294.5677 | Val Cost: 363939.50 | Val Max P-Miss: 1.9338 | Max Q-Miss: 1.4043 | Val Max Gen Viol: 0.0000 | Val Max Thermal: 29.3556
Epoch 6000 | Val Loss: 282.8810 | Val Cost: 368230.28 | Val Max P-Miss: 1.8960 | Max Q-Miss: 1.3545 | Val Max Gen Viol: 0.0000 | Val Max Thermal: 30.1181
Epoch 6100 | Val Loss: 278.9348 | Val Cost: 366381.88 | Val Max P-Miss: 1.8840 | Max Q-Miss: 1.0758 | Val Max Gen Viol: 0.0000 | Val Max Thermal: 30.5433
Epoch 6200 | Val Loss: 316.7230 | Val Cost: 369110.22 | Val Max P-Miss: 1.9145 | Max Q-Miss: 1.2862 | Val Max Gen Viol: 0.0000 | Val Max Thermal: 30.2088
Epoch 6300 | Val Loss: 288.4177 | Val Cost: 368456.84 | Val Max P-Miss: 1.9428 | Max Q-Miss: 2.1012 | Val Max Gen Viol: 0.0000 | Val Max Thermal: 29.8947
Epoch 6400 | Val Loss: 270.5671 | Val Cost: 368812.91 | Val Max P-Miss: 1.9653 | Max Q-Miss: 1.1526 | Val Max Gen Viol: 0.0000 | Val Max Thermal: 29.6420
Epoch 6500 | Val Loss: 277.6116 | Val Cost: 366967.00 | Val Max P-Miss: 1.8182 | Max Q-Miss: 1.5042 | Val Max Gen Viol: 0.0000 | Val Max Thermal: 30.0983
Epoch 6600 | Val Loss: 296.5219 | Val Cost: 367421.34 | Val Max P-Miss: 1.8507 | Max Q-Miss: 1.3508 | Val Max Gen Viol: 0.0000 | Val Max Thermal: 29.3137
Epoch 6700 | Val Loss: 261.6216 | Val Cost: 369135.06 | Val Max P-Miss: 1.8661 | Max Q-Miss: 1.1123 | Val Max Gen Viol: 0.0000 | Val Max Thermal: 29.8825 [*SAVED BEST*]
Epoch 6800 | Val Loss: 269.8869 | Val Cost: 368277.00 | Val Max P-Miss: 1.8553 | Max Q-Miss: 1.0816 | Val Max Gen Viol: 0.0000 | Val Max Thermal: 30.1706
Epoch 6900 | Val Loss: 278.0718 | Val Cost: 365237.44 | Val Max P-Miss: 1.8547 | Max Q-Miss: 1.0061 | Val Max Gen Viol: 0.0000 | Val Max Thermal: 29.4205
Epoch 7000 | Val Loss: 290.0995 | Val Cost: 367074.00 | Val Max P-Miss: 1.7581 | Max Q-Miss: 1.4713 | Val Max Gen Viol: 0.0000 | Val Max Thermal: 29.4811
Epoch 7100 | Val Loss: 276.2075 | Val Cost: 366176.59 | Val Max P-Miss: 1.8986 | Max Q-Miss: 1.0938 | Val Max Gen Viol: 0.0000 | Val Max Thermal: 30.0585
Epoch 7200 | Val Loss: 275.6824 | Val Cost: 365976.09 | Val Max P-Miss: 1.9184 | Max Q-Miss: 1.1990 | Val Max Gen Viol: 0.0000 | Val Max Thermal: 30.4412
Epoch 7300 | Val Loss: 270.2184 | Val Cost: 369305.75 | Val Max P-Miss: 1.8357 | Max Q-Miss: 1.5443 | Val Max Gen Viol: 0.0000 | Val Max Thermal: 29.7637
Epoch 7400 | Val Loss: 266.6259 | Val Cost: 366118.47 | Val Max P-Miss: 1.8733 | Max Q-Miss: 1.0993 | Val Max Gen Viol: 0.0000 | Val Max Thermal: 30.0745
Epoch 7500 | Val Loss: 259.1060 | Val Cost: 367733.34 | Val Max P-Miss: 1.8499 | Max Q-Miss: 1.2684 | Val Max Gen Viol: 0.0000 | Val Max Thermal: 29.6608 [*SAVED BEST*]
Epoch 7600 | Val Loss: 277.5561 | Val Cost: 365846.69 | Val Max P-Miss: 1.8673 | Max Q-Miss: 1.7899 | Val Max Gen Viol: 0.0000 | Val Max Thermal: 30.2636
Epoch 7700 | Val Loss: 269.2116 | Val Cost: 367822.09 | Val Max P-Miss: 1.8518 | Max Q-Miss: 1.5591 | Val Max Gen Viol: 0.0000 | Val Max Thermal: 29.8480
Epoch 7800 | Val Loss: 292.1256 | Val Cost: 366507.00 | Val Max P-Miss: 1.7567 | Max Q-Miss: 1.1766 | Val Max Gen Viol: 0.0000 | Val Max Thermal: 30.1013
Epoch 7900 | Val Loss: 268.0058 | Val Cost: 365962.19 | Val Max P-Miss: 1.8471 | Max Q-Miss: 1.3847 | Val Max Gen Viol: 0.0000 | Val Max Thermal: 30.2601
Epoch 8000 | Val Loss: 265.8915 | Val Cost: 367283.50 | Val Max P-Miss: 1.8440 | Max Q-Miss: 1.2674 | Val Max Gen Viol: 0.0000 | Val Max Thermal: 30.0398
Epoch 8100 | Val Loss: 274.5624 | Val Cost: 368250.31 | Val Max P-Miss: 1.7085 | Max Q-Miss: 1.8269 | Val Max Gen Viol: 0.0000 | Val Max Thermal: 28.4310
Epoch 8200 | Val Loss: 280.7144 | Val Cost: 365221.59 | Val Max P-Miss: 1.8913 | Max Q-Miss: 1.5259 | Val Max Gen Viol: 0.0000 | Val Max Thermal: 26.6616
Epoch 8300 | Val Loss: 261.7798 | Val Cost: 365002.84 | Val Max P-Miss: 1.8789 | Max Q-Miss: 1.1586 | Val Max Gen Viol: 0.0000 | Val Max Thermal: 27.3614
Epoch 8400 | Val Loss: 266.6201 | Val Cost: 365581.84 | Val Max P-Miss: 1.8538 | Max Q-Miss: 1.2694 | Val Max Gen Viol: 0.0000 | Val Max Thermal: 28.0981
Epoch 8500 | Val Loss: 263.4292 | Val Cost: 365474.69 | Val Max P-Miss: 1.8739 | Max Q-Miss: 1.2533 | Val Max Gen Viol: 0.0000 | Val Max Thermal: 28.1685
Epoch 8600 | Val Loss: 274.3183 | Val Cost: 366650.78 | Val Max P-Miss: 1.9344 | Max Q-Miss: 1.2777 | Val Max Gen Viol: 0.0000 | Val Max Thermal: 27.0799
Epoch 8700 | Val Loss: 262.1686 | Val Cost: 367333.97 | Val Max P-Miss: 1.8564 | Max Q-Miss: 1.2298 | Val Max Gen Viol: 0.0000 | Val Max Thermal: 27.2096
Epoch 8800 | Val Loss: 279.8560 | Val Cost: 363525.16 | Val Max P-Miss: 1.9768 | Max Q-Miss: 1.1138 | Val Max Gen Viol: 0.0000 | Val Max Thermal: 26.8885
Epoch 8900 | Val Loss: 266.1421 | Val Cost: 365730.19 | Val Max P-Miss: 1.9059 | Max Q-Miss: 1.2835 | Val Max Gen Viol: 0.0000 | Val Max Thermal: 27.2122
Epoch 9000 | Val Loss: 276.8198 | Val Cost: 364305.31 | Val Max P-Miss: 1.8629 | Max Q-Miss: 1.9529 | Val Max Gen Viol: 0.0000 | Val Max Thermal: 26.9090
Epoch 9100 | Val Loss: 271.9316 | Val Cost: 364617.38 | Val Max P-Miss: 1.8426 | Max Q-Miss: 1.2248 | Val Max Gen Viol: 0.0000 | Val Max Thermal: 27.9742
Epoch 9200 | Val Loss: 712.6356 | Val Cost: 366756.09 | Val Max P-Miss: 4.3237 | Max Q-Miss: 3.8972 | Val Max Gen Viol: 0.0000 | Val Max Thermal: 20.7026
Epoch 9300 | Val Loss: 262.1350 | Val Cost: 367137.16 | Val Max P-Miss: 1.8517 | Max Q-Miss: 1.1533 | Val Max Gen Viol: 0.0000 | Val Max Thermal: 27.4497
Epoch 9400 | Val Loss: 298.7179 | Val Cost: 366652.22 | Val Max P-Miss: 1.7419 | Max Q-Miss: 2.4344 | Val Max Gen Viol: 0.0000 | Val Max Thermal: 27.7849
Epoch 9500 | Val Loss: 261.4908 | Val Cost: 367350.16 | Val Max P-Miss: 1.8499 | Max Q-Miss: 1.1291 | Val Max Gen Viol: 0.0000 | Val Max Thermal: 27.0645
Epoch 9600 | Val Loss: 294.0918 | Val Cost: 366588.41 | Val Max P-Miss: 1.8970 | Max Q-Miss: 1.4559 | Val Max Gen Viol: 0.0000 | Val Max Thermal: 27.3976
Epoch 9700 | Val Loss: 264.9155 | Val Cost: 365200.28 | Val Max P-Miss: 1.8663 | Max Q-Miss: 1.3294 | Val Max Gen Viol: 0.0000 | Val Max Thermal: 27.4229
Epoch 9800 | Val Loss: 261.0453 | Val Cost: 363070.22 | Val Max P-Miss: 1.8610 | Max Q-Miss: 1.4901 | Val Max Gen Viol: 0.0000 | Val Max Thermal: 28.1025
Epoch 9900 | Val Loss: 265.1779 | Val Cost: 365671.97 | Val Max P-Miss: 1.8223 | Max Q-Miss: 1.0622 | Val Max Gen Viol: 0.0000 | Val Max Thermal: 28.0255

==================================================
Training Complete!
Total Training Time: 00h 07m 18.98s
Best model weights saved to: ./model/best_controlled_generation_nominal_pglib_opf_case300_ieee_10000epochs_seed2_20260922_203606.pth
==================================================

