Random seed     : 1
CUDA Hardware Acceleration Active: NVIDIA GeForce RTX 4090
Problem Geometry Linked -> Matrix Samples: 10000
======================================================================
CONTROLLED ABLATION
Case            : pglib_opf_case162_ieee_dtc
Projection      : full
Weight strategy : equal
Weights         : {'eq_p': 1.0, 'eq_q': 1.0, 'thermal': 1.0, 'ang': 1.0, 'v': 1.0, 'obj': 1.0}
======================================================================

Beginning execution of parallelized training matrix loops...
Epoch    0 | Val Loss: 747942.1250 | Val Cost: 9832.43 | Val Max P-Miss: 40.4125 | Max Q-Miss: 311.1732 | Val Max Gen Viol: 0.0000 | Val Max Thermal: 9775.7207 [*SAVED BEST*]
Epoch  100 | Val Loss: 1.9792 | Val Cost:    0.06 | Val Max P-Miss: 10.3386 | Max Q-Miss: 2.4747 | Val Max Gen Viol: 0.0000 | Val Max Thermal: 3.4860 [*SAVED BEST*]
Epoch  200 | Val Loss: 1.6997 | Val Cost:    0.04 | Val Max P-Miss: 10.4159 | Max Q-Miss: 3.0701 | Val Max Gen Viol: 0.0000 | Val Max Thermal: 3.1612 [*SAVED BEST*]
Epoch  300 | Val Loss: 1.1529 | Val Cost:    0.01 | Val Max P-Miss: 10.0709 | Max Q-Miss: 1.4923 | Val Max Gen Viol: 0.0000 | Val Max Thermal: 1.3934 [*SAVED BEST*]
Epoch  400 | Val Loss: 1.4812 | Val Cost:    0.00 | Val Max P-Miss: 9.3676 | Max Q-Miss: 4.6443 | Val Max Gen Viol: 0.0000 | Val Max Thermal: 3.4639
Epoch  500 | Val Loss: 1.0495 | Val Cost:    0.00 | Val Max P-Miss: 9.2503 | Max Q-Miss: 1.3464 | Val Max Gen Viol: 0.0000 | Val Max Thermal: 2.4959 [*SAVED BEST*]
Epoch  600 | Val Loss: 1.0448 | Val Cost:    0.01 | Val Max P-Miss: 9.8787 | Max Q-Miss: 2.2826 | Val Max Gen Viol: 0.0000 | Val Max Thermal: 1.0008 [*SAVED BEST*]
Epoch  700 | Val Loss: 0.9090 | Val Cost:    0.00 | Val Max P-Miss: 9.4836 | Max Q-Miss: 1.2856 | Val Max Gen Viol: 0.0000 | Val Max Thermal: 1.1628 [*SAVED BEST*]
Epoch  800 | Val Loss: 0.8393 | Val Cost:    0.00 | Val Max P-Miss: 8.8690 | Max Q-Miss: 1.1356 | Val Max Gen Viol: 0.0000 | Val Max Thermal: 2.3399 [*SAVED BEST*]
Epoch  900 | Val Loss: 0.8897 | Val Cost:    0.00 | Val Max P-Miss: 9.4170 | Max Q-Miss: 1.5113 | Val Max Gen Viol: 0.0000 | Val Max Thermal: 1.2378
Epoch 1000 | Val Loss: 0.7910 | Val Cost:    0.00 | Val Max P-Miss: 9.2338 | Max Q-Miss: 0.8565 | Val Max Gen Viol: 0.0000 | Val Max Thermal: 1.2281 [*SAVED BEST*]
Epoch 1100 | Val Loss: 0.7195 | Val Cost:    0.00 | Val Max P-Miss: 9.0800 | Max Q-Miss: 1.3734 | Val Max Gen Viol: 0.0000 | Val Max Thermal: 1.2803 [*SAVED BEST*]
Epoch 1200 | Val Loss: 0.7557 | Val Cost:    0.00 | Val Max P-Miss: 9.2497 | Max Q-Miss: 0.7785 | Val Max Gen Viol: 0.0000 | Val Max Thermal: 1.2069
Epoch 1300 | Val Loss: 0.7585 | Val Cost:    0.00 | Val Max P-Miss: 9.1033 | Max Q-Miss: 0.7395 | Val Max Gen Viol: 0.0000 | Val Max Thermal: 3.3392
Epoch 1400 | Val Loss: 0.7486 | Val Cost:    0.00 | Val Max P-Miss: 8.9090 | Max Q-Miss: 1.1760 | Val Max Gen Viol: 0.0000 | Val Max Thermal: 2.3423
Epoch 1500 | Val Loss: 0.7288 | Val Cost:    0.00 | Val Max P-Miss: 9.0011 | Max Q-Miss: 1.0129 | Val Max Gen Viol: 0.0000 | Val Max Thermal: 1.9007
Epoch 1600 | Val Loss: 0.7025 | Val Cost:    0.00 | Val Max P-Miss: 9.2144 | Max Q-Miss: 1.2337 | Val Max Gen Viol: 0.0000 | Val Max Thermal: 1.1352 [*SAVED BEST*]
Epoch 1700 | Val Loss: 0.6819 | Val Cost:    0.00 | Val Max P-Miss: 9.0472 | Max Q-Miss: 0.7539 | Val Max Gen Viol: 0.0000 | Val Max Thermal: 1.7836 [*SAVED BEST*]
Epoch 1800 | Val Loss: 0.6563 | Val Cost:    0.00 | Val Max P-Miss: 9.1014 | Max Q-Miss: 0.6985 | Val Max Gen Viol: 0.0000 | Val Max Thermal: 1.4965 [*SAVED BEST*]
Epoch 1900 | Val Loss: 0.8131 | Val Cost:    0.00 | Val Max P-Miss: 8.6505 | Max Q-Miss: 1.6827 | Val Max Gen Viol: 0.0000 | Val Max Thermal: 2.6113
Epoch 2000 | Val Loss: 0.6869 | Val Cost:    0.00 | Val Max P-Miss: 8.8704 | Max Q-Miss: 1.1111 | Val Max Gen Viol: 0.0000 | Val Max Thermal: 1.6798
Epoch 2100 | Val Loss: 0.6733 | Val Cost:    0.00 | Val Max P-Miss: 9.0640 | Max Q-Miss: 1.1809 | Val Max Gen Viol: 0.0000 | Val Max Thermal: 1.2695
Epoch 2200 | Val Loss: 0.6785 | Val Cost:    0.00 | Val Max P-Miss: 9.2085 | Max Q-Miss: 1.3620 | Val Max Gen Viol: 0.0000 | Val Max Thermal: 1.0979
Epoch 2300 | Val Loss: 0.6516 | Val Cost:    0.00 | Val Max P-Miss: 9.1928 | Max Q-Miss: 0.8313 | Val Max Gen Viol: 0.0000 | Val Max Thermal: 1.0888 [*SAVED BEST*]
Epoch 2400 | Val Loss: 0.6319 | Val Cost:    0.00 | Val Max P-Miss: 9.0986 | Max Q-Miss: 1.0584 | Val Max Gen Viol: 0.0000 | Val Max Thermal: 1.1437 [*SAVED BEST*]
Epoch 2500 | Val Loss: 0.6478 | Val Cost:    0.00 | Val Max P-Miss: 9.1575 | Max Q-Miss: 1.2156 | Val Max Gen Viol: 0.0000 | Val Max Thermal: 1.2966
Epoch 2600 | Val Loss: 0.6577 | Val Cost:    0.00 | Val Max P-Miss: 9.2211 | Max Q-Miss: 1.0189 | Val Max Gen Viol: 0.0000 | Val Max Thermal: 1.0215
Epoch 2700 | Val Loss: 0.6685 | Val Cost:    0.00 | Val Max P-Miss: 9.1530 | Max Q-Miss: 1.5189 | Val Max Gen Viol: 0.0000 | Val Max Thermal: 1.6442
Epoch 2800 | Val Loss: 0.6368 | Val Cost:    0.00 | Val Max P-Miss: 9.1177 | Max Q-Miss: 0.9792 | Val Max Gen Viol: 0.0000 | Val Max Thermal: 1.1742
Epoch 2900 | Val Loss: 0.6488 | Val Cost:    0.00 | Val Max P-Miss: 9.1231 | Max Q-Miss: 1.0826 | Val Max Gen Viol: 0.0000 | Val Max Thermal: 1.0958
Epoch 3000 | Val Loss: 0.6974 | Val Cost:    0.00 | Val Max P-Miss: 9.6643 | Max Q-Miss: 0.8677 | Val Max Gen Viol: 0.0000 | Val Max Thermal: 0.8512
Epoch 3100 | Val Loss: 0.6402 | Val Cost:    0.00 | Val Max P-Miss: 9.1372 | Max Q-Miss: 1.0952 | Val Max Gen Viol: 0.0000 | Val Max Thermal: 1.0983
Epoch 3200 | Val Loss: 0.6154 | Val Cost:    0.00 | Val Max P-Miss: 9.1081 | Max Q-Miss: 1.0203 | Val Max Gen Viol: 0.0000 | Val Max Thermal: 1.1345 [*SAVED BEST*]
Epoch 3300 | Val Loss: 0.7831 | Val Cost:    0.00 | Val Max P-Miss: 8.8895 | Max Q-Miss: 1.0744 | Val Max Gen Viol: 0.0000 | Val Max Thermal: 3.5309
Epoch 3400 | Val Loss: 0.6448 | Val Cost:    0.00 | Val Max P-Miss: 8.8378 | Max Q-Miss: 1.1882 | Val Max Gen Viol: 0.0000 | Val Max Thermal: 2.1150
Epoch 3500 | Val Loss: 0.6437 | Val Cost:    0.00 | Val Max P-Miss: 8.9812 | Max Q-Miss: 1.1754 | Val Max Gen Viol: 0.0000 | Val Max Thermal: 1.3924
Epoch 3600 | Val Loss: 0.6105 | Val Cost:    0.00 | Val Max P-Miss: 9.1364 | Max Q-Miss: 1.2260 | Val Max Gen Viol: 0.0000 | Val Max Thermal: 1.1165 [*SAVED BEST*]
Epoch 3700 | Val Loss: 0.6213 | Val Cost:    0.00 | Val Max P-Miss: 9.1320 | Max Q-Miss: 1.3434 | Val Max Gen Viol: 0.0000 | Val Max Thermal: 1.1376
Epoch 3800 | Val Loss: 0.6474 | Val Cost:    0.00 | Val Max P-Miss: 9.0247 | Max Q-Miss: 1.2858 | Val Max Gen Viol: 0.0000 | Val Max Thermal: 1.4627
Epoch 3900 | Val Loss: 0.6327 | Val Cost:    0.00 | Val Max P-Miss: 9.0326 | Max Q-Miss: 1.3026 | Val Max Gen Viol: 0.0000 | Val Max Thermal: 1.2527
Epoch 4000 | Val Loss: 0.6127 | Val Cost:    0.00 | Val Max P-Miss: 9.1635 | Max Q-Miss: 1.3280 | Val Max Gen Viol: 0.0000 | Val Max Thermal: 1.1588
Epoch 4100 | Val Loss: 0.6124 | Val Cost:    0.00 | Val Max P-Miss: 9.1173 | Max Q-Miss: 1.4330 | Val Max Gen Viol: 0.0000 | Val Max Thermal: 1.1050
Epoch 4200 | Val Loss: 0.6012 | Val Cost:    0.00 | Val Max P-Miss: 9.1123 | Max Q-Miss: 1.6123 | Val Max Gen Viol: 0.0000 | Val Max Thermal: 1.0898 [*SAVED BEST*]
Epoch 4300 | Val Loss: 0.6439 | Val Cost:    0.00 | Val Max P-Miss: 8.8694 | Max Q-Miss: 1.6491 | Val Max Gen Viol: 0.0000 | Val Max Thermal: 1.8521
Epoch 4400 | Val Loss: 0.6196 | Val Cost:    0.00 | Val Max P-Miss: 9.0692 | Max Q-Miss: 1.7261 | Val Max Gen Viol: 0.0000 | Val Max Thermal: 1.1741
Epoch 4500 | Val Loss: 0.6130 | Val Cost:    0.00 | Val Max P-Miss: 9.0466 | Max Q-Miss: 1.7336 | Val Max Gen Viol: 0.0000 | Val Max Thermal: 1.1135
Epoch 4600 | Val Loss: 0.5318 | Val Cost:    0.00 | Val Max P-Miss: 8.8979 | Max Q-Miss: 1.4512 | Val Max Gen Viol: 0.0000 | Val Max Thermal: 1.1193 [*SAVED BEST*]
Epoch 4700 | Val Loss: 0.5135 | Val Cost:    0.00 | Val Max P-Miss: 8.9067 | Max Q-Miss: 1.0325 | Val Max Gen Viol: 0.0000 | Val Max Thermal: 1.1209 [*SAVED BEST*]
Epoch 4800 | Val Loss: 0.5622 | Val Cost:    0.00 | Val Max P-Miss: 8.9602 | Max Q-Miss: 0.6905 | Val Max Gen Viol: 0.0000 | Val Max Thermal: 1.1260
Epoch 4900 | Val Loss: 0.5095 | Val Cost:    0.00 | Val Max P-Miss: 8.9098 | Max Q-Miss: 1.0342 | Val Max Gen Viol: 0.0000 | Val Max Thermal: 1.1167 [*SAVED BEST*]
Epoch 5000 | Val Loss: 0.5001 | Val Cost:    0.00 | Val Max P-Miss: 8.9237 | Max Q-Miss: 0.6955 | Val Max Gen Viol: 0.0000 | Val Max Thermal: 1.1109 [*SAVED BEST*]
Epoch 5100 | Val Loss: 0.4999 | Val Cost:    0.00 | Val Max P-Miss: 8.9218 | Max Q-Miss: 0.7588 | Val Max Gen Viol: 0.0000 | Val Max Thermal: 1.0992 [*SAVED BEST*]
Epoch 5200 | Val Loss: 0.5089 | Val Cost:    0.00 | Val Max P-Miss: 8.9795 | Max Q-Miss: 1.1429 | Val Max Gen Viol: 0.0000 | Val Max Thermal: 1.1109
Epoch 5300 | Val Loss: 0.4942 | Val Cost:    0.00 | Val Max P-Miss: 8.9442 | Max Q-Miss: 0.5791 | Val Max Gen Viol: 0.0000 | Val Max Thermal: 1.1002 [*SAVED BEST*]
Epoch 5400 | Val Loss: 0.4983 | Val Cost:    0.00 | Val Max P-Miss: 8.9394 | Max Q-Miss: 0.8735 | Val Max Gen Viol: 0.0000 | Val Max Thermal: 1.1080
Epoch 5500 | Val Loss: 0.4939 | Val Cost:    0.00 | Val Max P-Miss: 8.9331 | Max Q-Miss: 0.6624 | Val Max Gen Viol: 0.0000 | Val Max Thermal: 1.1066 [*SAVED BEST*]
Epoch 5600 | Val Loss: 0.4893 | Val Cost:    0.00 | Val Max P-Miss: 8.9302 | Max Q-Miss: 0.5654 | Val Max Gen Viol: 0.0000 | Val Max Thermal: 1.1009 [*SAVED BEST*]
Epoch 5700 | Val Loss: 0.4948 | Val Cost:    0.00 | Val Max P-Miss: 8.9320 | Max Q-Miss: 0.8381 | Val Max Gen Viol: 0.0000 | Val Max Thermal: 1.1071
Epoch 5800 | Val Loss: 0.4954 | Val Cost:    0.00 | Val Max P-Miss: 8.9492 | Max Q-Miss: 0.8451 | Val Max Gen Viol: 0.0000 | Val Max Thermal: 1.0923
Epoch 5900 | Val Loss: 0.4969 | Val Cost:    0.00 | Val Max P-Miss: 8.9384 | Max Q-Miss: 0.7031 | Val Max Gen Viol: 0.0000 | Val Max Thermal: 1.1053
Epoch 6000 | Val Loss: 0.4931 | Val Cost:    0.00 | Val Max P-Miss: 8.9337 | Max Q-Miss: 0.6916 | Val Max Gen Viol: 0.0000 | Val Max Thermal: 1.1082
Epoch 6100 | Val Loss: 0.4921 | Val Cost:    0.00 | Val Max P-Miss: 8.9301 | Max Q-Miss: 0.6897 | Val Max Gen Viol: 0.0000 | Val Max Thermal: 1.1173
Epoch 6200 | Val Loss: 0.4882 | Val Cost:    0.00 | Val Max P-Miss: 8.9452 | Max Q-Miss: 0.4982 | Val Max Gen Viol: 0.0000 | Val Max Thermal: 1.1084 [*SAVED BEST*]
Epoch 6300 | Val Loss: 0.4881 | Val Cost:    0.00 | Val Max P-Miss: 8.9329 | Max Q-Miss: 0.6212 | Val Max Gen Viol: 0.0000 | Val Max Thermal: 1.1152 [*SAVED BEST*]
Epoch 6400 | Val Loss: 0.4897 | Val Cost:    0.00 | Val Max P-Miss: 8.9385 | Max Q-Miss: 0.6629 | Val Max Gen Viol: 0.0000 | Val Max Thermal: 1.1001
Epoch 6500 | Val Loss: 0.4866 | Val Cost:    0.00 | Val Max P-Miss: 8.9364 | Max Q-Miss: 0.5781 | Val Max Gen Viol: 0.0000 | Val Max Thermal: 1.1136 [*SAVED BEST*]
Epoch 6600 | Val Loss: 0.4931 | Val Cost:    0.00 | Val Max P-Miss: 8.9312 | Max Q-Miss: 0.7444 | Val Max Gen Viol: 0.0000 | Val Max Thermal: 1.1154
Epoch 6700 | Val Loss: 0.4893 | Val Cost:    0.00 | Val Max P-Miss: 8.9276 | Max Q-Miss: 0.4942 | Val Max Gen Viol: 0.0000 | Val Max Thermal: 1.1225
Epoch 6800 | Val Loss: 0.4862 | Val Cost:    0.00 | Val Max P-Miss: 8.9389 | Max Q-Miss: 0.4632 | Val Max Gen Viol: 0.0000 | Val Max Thermal: 1.1086 [*SAVED BEST*]
Epoch 6900 | Val Loss: 0.5118 | Val Cost:    0.00 | Val Max P-Miss: 8.9352 | Max Q-Miss: 1.1788 | Val Max Gen Viol: 0.0000 | Val Max Thermal: 1.2016
Epoch 7000 | Val Loss: 0.4868 | Val Cost:    0.00 | Val Max P-Miss: 8.9316 | Max Q-Miss: 0.5041 | Val Max Gen Viol: 0.0000 | Val Max Thermal: 1.1231
Epoch 7100 | Val Loss: 0.4842 | Val Cost:    0.00 | Val Max P-Miss: 8.9462 | Max Q-Miss: 0.4459 | Val Max Gen Viol: 0.0000 | Val Max Thermal: 1.0989 [*SAVED BEST*]
Epoch 7200 | Val Loss: 0.4872 | Val Cost:    0.00 | Val Max P-Miss: 8.9396 | Max Q-Miss: 0.4410 | Val Max Gen Viol: 0.0000 | Val Max Thermal: 1.1123
Epoch 7300 | Val Loss: 0.4894 | Val Cost:    0.00 | Val Max P-Miss: 8.9242 | Max Q-Miss: 0.7137 | Val Max Gen Viol: 0.0000 | Val Max Thermal: 1.1198
Epoch 7400 | Val Loss: 0.4855 | Val Cost:    0.00 | Val Max P-Miss: 8.9300 | Max Q-Miss: 0.5470 | Val Max Gen Viol: 0.0000 | Val Max Thermal: 1.1208
Epoch 7500 | Val Loss: 0.6128 | Val Cost:    0.00 | Val Max P-Miss: 8.9715 | Max Q-Miss: 0.8606 | Val Max Gen Viol: 0.0000 | Val Max Thermal: 1.1946
Epoch 7600 | Val Loss: 0.4877 | Val Cost:    0.00 | Val Max P-Miss: 8.9326 | Max Q-Miss: 0.5969 | Val Max Gen Viol: 0.0000 | Val Max Thermal: 1.1243
Epoch 7700 | Val Loss: 0.4853 | Val Cost:    0.00 | Val Max P-Miss: 8.9346 | Max Q-Miss: 0.5631 | Val Max Gen Viol: 0.0000 | Val Max Thermal: 1.1139
Epoch 7800 | Val Loss: 0.6178 | Val Cost:    0.00 | Val Max P-Miss: 9.1720 | Max Q-Miss: 1.5932 | Val Max Gen Viol: 0.0000 | Val Max Thermal: 1.0952
Epoch 7900 | Val Loss: 0.4831 | Val Cost:    0.00 | Val Max P-Miss: 8.9297 | Max Q-Miss: 0.4376 | Val Max Gen Viol: 0.0000 | Val Max Thermal: 1.1178 [*SAVED BEST*]
Epoch 8000 | Val Loss: 0.4866 | Val Cost:    0.00 | Val Max P-Miss: 8.9356 | Max Q-Miss: 0.4412 | Val Max Gen Viol: 0.0000 | Val Max Thermal: 1.1136
Epoch 8100 | Val Loss: 0.4879 | Val Cost:    0.00 | Val Max P-Miss: 8.9403 | Max Q-Miss: 0.6282 | Val Max Gen Viol: 0.0000 | Val Max Thermal: 1.1060
Epoch 8200 | Val Loss: 0.4810 | Val Cost:    0.00 | Val Max P-Miss: 8.9225 | Max Q-Miss: 0.5191 | Val Max Gen Viol: 0.0000 | Val Max Thermal: 1.1122 [*SAVED BEST*]
Epoch 8300 | Val Loss: 0.5123 | Val Cost:    0.00 | Val Max P-Miss: 8.9332 | Max Q-Miss: 0.4812 | Val Max Gen Viol: 0.0000 | Val Max Thermal: 1.1096
Epoch 8400 | Val Loss: 0.4835 | Val Cost:    0.00 | Val Max P-Miss: 8.9012 | Max Q-Miss: 0.6992 | Val Max Gen Viol: 0.0000 | Val Max Thermal: 1.1055
Epoch 8500 | Val Loss: 0.5378 | Val Cost:    0.00 | Val Max P-Miss: 9.1038 | Max Q-Miss: 0.6990 | Val Max Gen Viol: 0.0000 | Val Max Thermal: 1.1153
Epoch 8600 | Val Loss: 0.4807 | Val Cost:    0.00 | Val Max P-Miss: 8.9121 | Max Q-Miss: 0.4344 | Val Max Gen Viol: 0.0000 | Val Max Thermal: 1.0969 [*SAVED BEST*]
Epoch 8700 | Val Loss: 0.4769 | Val Cost:    0.00 | Val Max P-Miss: 8.9024 | Max Q-Miss: 0.4313 | Val Max Gen Viol: 0.0000 | Val Max Thermal: 1.0956 [*SAVED BEST*]
Epoch 8800 | Val Loss: 0.4796 | Val Cost:    0.00 | Val Max P-Miss: 8.8939 | Max Q-Miss: 0.4912 | Val Max Gen Viol: 0.0000 | Val Max Thermal: 1.0968
Epoch 8900 | Val Loss: 0.4806 | Val Cost:    0.00 | Val Max P-Miss: 8.8851 | Max Q-Miss: 0.4340 | Val Max Gen Viol: 0.0000 | Val Max Thermal: 1.1003
Epoch 9000 | Val Loss: 0.4801 | Val Cost:    0.00 | Val Max P-Miss: 8.8859 | Max Q-Miss: 0.4599 | Val Max Gen Viol: 0.0000 | Val Max Thermal: 1.1003
Epoch 9100 | Val Loss: 0.4771 | Val Cost:    0.00 | Val Max P-Miss: 8.8840 | Max Q-Miss: 0.5005 | Val Max Gen Viol: 0.0000 | Val Max Thermal: 1.0947
Epoch 9200 | Val Loss: 0.4827 | Val Cost:    0.00 | Val Max P-Miss: 8.9020 | Max Q-Miss: 0.6239 | Val Max Gen Viol: 0.0000 | Val Max Thermal: 1.1001
Epoch 9300 | Val Loss: 0.4778 | Val Cost:    0.00 | Val Max P-Miss: 8.8989 | Max Q-Miss: 0.4374 | Val Max Gen Viol: 0.0000 | Val Max Thermal: 1.0931
Epoch 9400 | Val Loss: 0.4764 | Val Cost:    0.00 | Val Max P-Miss: 8.8936 | Max Q-Miss: 0.4342 | Val Max Gen Viol: 0.0000 | Val Max Thermal: 1.0913 [*SAVED BEST*]
Epoch 9500 | Val Loss: 0.4779 | Val Cost:    0.00 | Val Max P-Miss: 8.8939 | Max Q-Miss: 0.4338 | Val Max Gen Viol: 0.0000 | Val Max Thermal: 1.0905
Epoch 9600 | Val Loss: 0.4807 | Val Cost:    0.00 | Val Max P-Miss: 8.9051 | Max Q-Miss: 0.7454 | Val Max Gen Viol: 0.0000 | Val Max Thermal: 1.0900
Epoch 9700 | Val Loss: 0.4772 | Val Cost:    0.00 | Val Max P-Miss: 8.8983 | Max Q-Miss: 0.4348 | Val Max Gen Viol: 0.0000 | Val Max Thermal: 1.0864
Epoch 9800 | Val Loss: 0.4778 | Val Cost:    0.00 | Val Max P-Miss: 8.8853 | Max Q-Miss: 0.4311 | Val Max Gen Viol: 0.0000 | Val Max Thermal: 1.0929
Epoch 9900 | Val Loss: 0.4806 | Val Cost:    0.00 | Val Max P-Miss: 8.8873 | Max Q-Miss: 0.6900 | Val Max Gen Viol: 0.0000 | Val Max Thermal: 1.0984

==================================================
Training Complete!
Total Training Time: 00h 06m 32.42s
Best model weights saved to: ./model/best_controlled_full_equal_pglib_opf_case162_ieee_dtc_10000epochs_seed1_20260922_235930.pth
==================================================

