Random seed     : 2
CUDA Hardware Acceleration Active: NVIDIA GeForce RTX 4090
Problem Geometry Linked -> Matrix Samples: 10000
======================================================================
CONTROLLED ABLATION
Case            : pglib_opf_case162_ieee_dtc
Projection      : voltage
Weight strategy : nominal
Weights         : {'eq_p': 1000.0, 'eq_q': 1000.0, 'thermal': 1.0, 'ang': 1.0, 'v': 1.0, 'obj': 0.0005}
======================================================================

Beginning execution of parallelized training matrix loops...
Epoch    0 | Val Loss: 3965.9741 | Val Cost: -981.17 | Val Max P-Miss: 22.9401 | Max Q-Miss: 2.6891 | Val Max Gen Viol: 0.1257 | Val Max Thermal: 0.0000 [*SAVED BEST*]
Epoch  100 | Val Loss: 251.5100 | Val Cost: 71706.33 | Val Max P-Miss: 2.0141 | Max Q-Miss: 1.8574 | Val Max Gen Viol: 6.2054 | Val Max Thermal: 35.4811 [*SAVED BEST*]
Epoch  200 | Val Loss: 214.8941 | Val Cost: 68781.34 | Val Max P-Miss: 2.2870 | Max Q-Miss: 1.2985 | Val Max Gen Viol: 5.7200 | Val Max Thermal: 22.0501 [*SAVED BEST*]
Epoch  300 | Val Loss: 185.5765 | Val Cost: 70062.34 | Val Max P-Miss: 1.8040 | Max Q-Miss: 1.6114 | Val Max Gen Viol: 5.1775 | Val Max Thermal: 17.2976 [*SAVED BEST*]
Epoch  400 | Val Loss: 134.0380 | Val Cost: 73876.38 | Val Max P-Miss: 1.6466 | Max Q-Miss: 1.1236 | Val Max Gen Viol: 5.4333 | Val Max Thermal: 18.4254 [*SAVED BEST*]
Epoch  500 | Val Loss: 174.1606 | Val Cost: 65510.93 | Val Max P-Miss: 1.7794 | Max Q-Miss: 1.1198 | Val Max Gen Viol: 4.4771 | Val Max Thermal: 7.4668
Epoch  600 | Val Loss: 125.8711 | Val Cost: 71999.30 | Val Max P-Miss: 1.8648 | Max Q-Miss: 0.8998 | Val Max Gen Viol: 4.9258 | Val Max Thermal: 13.5269 [*SAVED BEST*]
Epoch  700 | Val Loss: 106.0257 | Val Cost: 71826.24 | Val Max P-Miss: 1.4539 | Max Q-Miss: 0.8483 | Val Max Gen Viol: 5.1530 | Val Max Thermal: 12.4234 [*SAVED BEST*]
Epoch  800 | Val Loss: 107.3073 | Val Cost: 70342.85 | Val Max P-Miss: 1.2206 | Max Q-Miss: 1.0039 | Val Max Gen Viol: 5.1808 | Val Max Thermal: 12.8841
Epoch  900 | Val Loss: 117.6279 | Val Cost: 68708.88 | Val Max P-Miss: 1.2852 | Max Q-Miss: 0.8764 | Val Max Gen Viol: 5.0509 | Val Max Thermal: 9.3241
Epoch 1000 | Val Loss: 89.7564 | Val Cost: 69475.57 | Val Max P-Miss: 1.0496 | Max Q-Miss: 0.8311 | Val Max Gen Viol: 5.3083 | Val Max Thermal: 12.3476 [*SAVED BEST*]
Epoch 1100 | Val Loss: 90.9842 | Val Cost: 66120.47 | Val Max P-Miss: 1.0430 | Max Q-Miss: 1.1836 | Val Max Gen Viol: 5.3181 | Val Max Thermal: 11.8494
Epoch 1200 | Val Loss: 108.8440 | Val Cost: 63862.83 | Val Max P-Miss: 1.3008 | Max Q-Miss: 0.8640 | Val Max Gen Viol: 5.0171 | Val Max Thermal: 9.2645
Epoch 1300 | Val Loss: 85.5350 | Val Cost: 62909.38 | Val Max P-Miss: 0.9886 | Max Q-Miss: 0.7496 | Val Max Gen Viol: 7.2290 | Val Max Thermal: 12.3861 [*SAVED BEST*]
Epoch 1400 | Val Loss: 106.4143 | Val Cost: 62464.93 | Val Max P-Miss: 1.3793 | Max Q-Miss: 1.0783 | Val Max Gen Viol: 6.2202 | Val Max Thermal: 9.9859
Epoch 1500 | Val Loss: 80.4679 | Val Cost: 63019.26 | Val Max P-Miss: 1.1892 | Max Q-Miss: 0.7292 | Val Max Gen Viol: 7.8145 | Val Max Thermal: 12.4655 [*SAVED BEST*]
Epoch 1600 | Val Loss: 73.6804 | Val Cost: 60052.22 | Val Max P-Miss: 0.8463 | Max Q-Miss: 0.7056 | Val Max Gen Viol: 9.7402 | Val Max Thermal: 16.5371 [*SAVED BEST*]
Epoch 1700 | Val Loss: 88.9308 | Val Cost: 60065.62 | Val Max P-Miss: 0.9873 | Max Q-Miss: 0.9168 | Val Max Gen Viol: 9.4590 | Val Max Thermal: 13.7259
Epoch 1800 | Val Loss: 109.0414 | Val Cost: 63028.41 | Val Max P-Miss: 1.7901 | Max Q-Miss: 1.2296 | Val Max Gen Viol: 8.9336 | Val Max Thermal: 16.1902
Epoch 1900 | Val Loss: 74.6367 | Val Cost: 60325.45 | Val Max P-Miss: 1.5480 | Max Q-Miss: 0.6254 | Val Max Gen Viol: 10.1501 | Val Max Thermal: 14.5619
Epoch 2000 | Val Loss: 106.9408 | Val Cost: 58880.55 | Val Max P-Miss: 1.3249 | Max Q-Miss: 0.9179 | Val Max Gen Viol: 9.3878 | Val Max Thermal: 12.3866
Epoch 2100 | Val Loss: 113.4919 | Val Cost: 61362.93 | Val Max P-Miss: 1.7053 | Max Q-Miss: 0.8454 | Val Max Gen Viol: 10.2831 | Val Max Thermal: 14.2748
Epoch 2200 | Val Loss: 72.3434 | Val Cost: 58475.55 | Val Max P-Miss: 1.0160 | Max Q-Miss: 0.6171 | Val Max Gen Viol: 11.3633 | Val Max Thermal: 16.1145 [*SAVED BEST*]
Epoch 2300 | Val Loss: 101.5831 | Val Cost: 58859.08 | Val Max P-Miss: 1.7380 | Max Q-Miss: 0.5733 | Val Max Gen Viol: 11.0938 | Val Max Thermal: 15.8366
Epoch 2400 | Val Loss: 84.2517 | Val Cost: 57331.73 | Val Max P-Miss: 1.5106 | Max Q-Miss: 0.6996 | Val Max Gen Viol: 9.3145 | Val Max Thermal: 13.1938
Epoch 2500 | Val Loss: 70.6921 | Val Cost: 57657.59 | Val Max P-Miss: 1.0681 | Max Q-Miss: 0.6332 | Val Max Gen Viol: 11.9320 | Val Max Thermal: 16.3610 [*SAVED BEST*]
Epoch 2600 | Val Loss: 66.7788 | Val Cost: 60295.23 | Val Max P-Miss: 1.0930 | Max Q-Miss: 0.6371 | Val Max Gen Viol: 10.4970 | Val Max Thermal: 14.2242 [*SAVED BEST*]
Epoch 2700 | Val Loss: 67.4657 | Val Cost: 57412.26 | Val Max P-Miss: 1.2686 | Max Q-Miss: 0.4533 | Val Max Gen Viol: 11.8185 | Val Max Thermal: 16.1299
Epoch 2800 | Val Loss: 67.0756 | Val Cost: 57989.48 | Val Max P-Miss: 1.0474 | Max Q-Miss: 0.6406 | Val Max Gen Viol: 11.9162 | Val Max Thermal: 16.0002
Epoch 2900 | Val Loss: 72.1310 | Val Cost: 60293.83 | Val Max P-Miss: 0.9359 | Max Q-Miss: 0.7039 | Val Max Gen Viol: 10.3190 | Val Max Thermal: 12.7694
Epoch 3000 | Val Loss: 68.0466 | Val Cost: 59233.34 | Val Max P-Miss: 0.9796 | Max Q-Miss: 0.7877 | Val Max Gen Viol: 11.5094 | Val Max Thermal: 14.6122
Epoch 3100 | Val Loss: 66.6318 | Val Cost: 56867.65 | Val Max P-Miss: 0.9873 | Max Q-Miss: 0.6085 | Val Max Gen Viol: 12.3459 | Val Max Thermal: 15.9624 [*SAVED BEST*]
Epoch 3200 | Val Loss: 69.6719 | Val Cost: 58634.17 | Val Max P-Miss: 1.0326 | Max Q-Miss: 0.6459 | Val Max Gen Viol: 11.2854 | Val Max Thermal: 14.2524
Epoch 3300 | Val Loss: 64.5358 | Val Cost: 56691.32 | Val Max P-Miss: 0.8711 | Max Q-Miss: 0.6047 | Val Max Gen Viol: 12.6043 | Val Max Thermal: 15.7533 [*SAVED BEST*]
Epoch 3400 | Val Loss: 84.4365 | Val Cost: 58522.95 | Val Max P-Miss: 0.8643 | Max Q-Miss: 0.7526 | Val Max Gen Viol: 11.6301 | Val Max Thermal: 13.8529
Epoch 3500 | Val Loss: 82.2683 | Val Cost: 55474.66 | Val Max P-Miss: 0.8655 | Max Q-Miss: 0.9601 | Val Max Gen Viol: 11.5580 | Val Max Thermal: 14.0852
Epoch 3600 | Val Loss: 171.5195 | Val Cost: 56139.05 | Val Max P-Miss: 1.3815 | Max Q-Miss: 1.3529 | Val Max Gen Viol: 12.1962 | Val Max Thermal: 14.7828
Epoch 3700 | Val Loss: 63.1545 | Val Cost: 56536.96 | Val Max P-Miss: 0.7826 | Max Q-Miss: 0.5595 | Val Max Gen Viol: 12.8770 | Val Max Thermal: 15.7333 [*SAVED BEST*]
Epoch 3800 | Val Loss: 65.2596 | Val Cost: 56360.82 | Val Max P-Miss: 0.8603 | Max Q-Miss: 0.5592 | Val Max Gen Viol: 12.8000 | Val Max Thermal: 15.5498
Epoch 3900 | Val Loss: 65.8900 | Val Cost: 57880.77 | Val Max P-Miss: 0.7549 | Max Q-Miss: 0.5958 | Val Max Gen Viol: 12.3472 | Val Max Thermal: 14.8467
Epoch 4000 | Val Loss: 73.1348 | Val Cost: 57433.75 | Val Max P-Miss: 0.8889 | Max Q-Miss: 0.5626 | Val Max Gen Viol: 11.2658 | Val Max Thermal: 12.5830
Epoch 4100 | Val Loss: 63.2153 | Val Cost: 56020.43 | Val Max P-Miss: 0.8532 | Max Q-Miss: 0.5428 | Val Max Gen Viol: 13.1621 | Val Max Thermal: 15.7465
Epoch 4200 | Val Loss: 73.7930 | Val Cost: 56539.26 | Val Max P-Miss: 1.0935 | Max Q-Miss: 0.7283 | Val Max Gen Viol: 11.2301 | Val Max Thermal: 12.7701
Epoch 4300 | Val Loss: 104.3102 | Val Cost: 57857.53 | Val Max P-Miss: 1.2128 | Max Q-Miss: 0.7565 | Val Max Gen Viol: 12.5953 | Val Max Thermal: 13.9464
Epoch 4400 | Val Loss: 73.3069 | Val Cost: 56766.65 | Val Max P-Miss: 0.8142 | Max Q-Miss: 0.5815 | Val Max Gen Viol: 11.6243 | Val Max Thermal: 13.1639
Epoch 4500 | Val Loss: 60.7150 | Val Cost: 55881.11 | Val Max P-Miss: 0.7014 | Max Q-Miss: 0.5270 | Val Max Gen Viol: 13.2756 | Val Max Thermal: 15.4143 [*SAVED BEST*]
Epoch 4600 | Val Loss: 61.2278 | Val Cost: 55975.50 | Val Max P-Miss: 0.8280 | Max Q-Miss: 0.5161 | Val Max Gen Viol: 13.3043 | Val Max Thermal: 15.3640
Epoch 4700 | Val Loss: 59.4720 | Val Cost: 55966.05 | Val Max P-Miss: 0.7246 | Max Q-Miss: 0.5202 | Val Max Gen Viol: 13.3016 | Val Max Thermal: 15.2519 [*SAVED BEST*]
Epoch 4800 | Val Loss: 58.8092 | Val Cost: 55936.69 | Val Max P-Miss: 0.7750 | Max Q-Miss: 0.5193 | Val Max Gen Viol: 13.3397 | Val Max Thermal: 15.1512 [*SAVED BEST*]
Epoch 4900 | Val Loss: 58.2020 | Val Cost: 56263.34 | Val Max P-Miss: 0.7371 | Max Q-Miss: 0.5129 | Val Max Gen Viol: 13.3427 | Val Max Thermal: 15.0836 [*SAVED BEST*]
Epoch 5000 | Val Loss: 66.8871 | Val Cost: 55645.79 | Val Max P-Miss: 1.1006 | Max Q-Miss: 0.4749 | Val Max Gen Viol: 13.6014 | Val Max Thermal: 15.1189
Epoch 5100 | Val Loss: 58.9278 | Val Cost: 55510.37 | Val Max P-Miss: 0.7370 | Max Q-Miss: 0.5120 | Val Max Gen Viol: 13.4490 | Val Max Thermal: 15.0495
Epoch 5200 | Val Loss: 71.3910 | Val Cost: 57009.54 | Val Max P-Miss: 0.8342 | Max Q-Miss: 0.5359 | Val Max Gen Viol: 12.6680 | Val Max Thermal: 13.6859
Epoch 5300 | Val Loss: 57.8603 | Val Cost: 55378.38 | Val Max P-Miss: 0.7046 | Max Q-Miss: 0.5058 | Val Max Gen Viol: 13.5184 | Val Max Thermal: 15.0947 [*SAVED BEST*]
Epoch 5400 | Val Loss: 58.4491 | Val Cost: 56894.39 | Val Max P-Miss: 0.7657 | Max Q-Miss: 0.4786 | Val Max Gen Viol: 13.1317 | Val Max Thermal: 13.9223
Epoch 5500 | Val Loss: 57.4179 | Val Cost: 55727.20 | Val Max P-Miss: 0.7203 | Max Q-Miss: 0.4922 | Val Max Gen Viol: 13.5409 | Val Max Thermal: 15.0508 [*SAVED BEST*]
Epoch 5600 | Val Loss: 56.6509 | Val Cost: 56093.04 | Val Max P-Miss: 0.7195 | Max Q-Miss: 0.4860 | Val Max Gen Viol: 13.5211 | Val Max Thermal: 14.8046 [*SAVED BEST*]
Epoch 5700 | Val Loss: 72.2652 | Val Cost: 57103.58 | Val Max P-Miss: 0.9520 | Max Q-Miss: 0.5138 | Val Max Gen Viol: 12.1310 | Val Max Thermal: 12.8798
Epoch 5800 | Val Loss: 58.3600 | Val Cost: 55567.40 | Val Max P-Miss: 0.8324 | Max Q-Miss: 0.4833 | Val Max Gen Viol: 13.5695 | Val Max Thermal: 14.9410
Epoch 5900 | Val Loss: 59.2410 | Val Cost: 56250.43 | Val Max P-Miss: 0.7993 | Max Q-Miss: 0.4619 | Val Max Gen Viol: 13.4691 | Val Max Thermal: 14.5607
Epoch 6000 | Val Loss: 80.9227 | Val Cost: 56388.09 | Val Max P-Miss: 1.1476 | Max Q-Miss: 0.4381 | Val Max Gen Viol: 11.9784 | Val Max Thermal: 12.2502
Epoch 6100 | Val Loss: 59.0592 | Val Cost: 56148.35 | Val Max P-Miss: 0.7264 | Max Q-Miss: 0.4909 | Val Max Gen Viol: 13.5109 | Val Max Thermal: 14.3769
Epoch 6200 | Val Loss: 57.4477 | Val Cost: 55435.27 | Val Max P-Miss: 0.7567 | Max Q-Miss: 0.4761 | Val Max Gen Viol: 13.6340 | Val Max Thermal: 15.2277
Epoch 6300 | Val Loss: 59.2832 | Val Cost: 55486.94 | Val Max P-Miss: 0.7436 | Max Q-Miss: 0.5202 | Val Max Gen Viol: 12.4835 | Val Max Thermal: 13.4521
Epoch 6400 | Val Loss: 56.7361 | Val Cost: 55444.39 | Val Max P-Miss: 0.7418 | Max Q-Miss: 0.4812 | Val Max Gen Viol: 13.7166 | Val Max Thermal: 15.1837
Epoch 6500 | Val Loss: 56.0510 | Val Cost: 55553.62 | Val Max P-Miss: 0.7372 | Max Q-Miss: 0.4395 | Val Max Gen Viol: 13.6350 | Val Max Thermal: 15.2357 [*SAVED BEST*]
Epoch 6600 | Val Loss: 56.2784 | Val Cost: 55615.26 | Val Max P-Miss: 0.7455 | Max Q-Miss: 0.4523 | Val Max Gen Viol: 13.7446 | Val Max Thermal: 15.1560
Epoch 6700 | Val Loss: 57.4987 | Val Cost: 56132.18 | Val Max P-Miss: 0.7606 | Max Q-Miss: 0.4237 | Val Max Gen Viol: 12.9474 | Val Max Thermal: 13.6585
Epoch 6800 | Val Loss: 56.0971 | Val Cost: 55297.16 | Val Max P-Miss: 0.7278 | Max Q-Miss: 0.4549 | Val Max Gen Viol: 13.8446 | Val Max Thermal: 14.8412
Epoch 6900 | Val Loss: 56.8422 | Val Cost: 55385.51 | Val Max P-Miss: 0.6968 | Max Q-Miss: 0.4621 | Val Max Gen Viol: 13.7173 | Val Max Thermal: 15.2062
Epoch 7000 | Val Loss: 57.0674 | Val Cost: 55267.56 | Val Max P-Miss: 0.7308 | Max Q-Miss: 0.4660 | Val Max Gen Viol: 13.8374 | Val Max Thermal: 14.7257
Epoch 7100 | Val Loss: 57.4989 | Val Cost: 55270.92 | Val Max P-Miss: 0.7917 | Max Q-Miss: 0.4622 | Val Max Gen Viol: 13.7776 | Val Max Thermal: 15.1693
Epoch 7200 | Val Loss: 55.7444 | Val Cost: 55369.25 | Val Max P-Miss: 0.7416 | Max Q-Miss: 0.4529 | Val Max Gen Viol: 13.7995 | Val Max Thermal: 14.6171 [*SAVED BEST*]
Epoch 7300 | Val Loss: 57.2892 | Val Cost: 55327.55 | Val Max P-Miss: 0.7887 | Max Q-Miss: 0.4536 | Val Max Gen Viol: 13.8512 | Val Max Thermal: 15.0482
Epoch 7400 | Val Loss: 57.9918 | Val Cost: 55353.59 | Val Max P-Miss: 0.7873 | Max Q-Miss: 0.4595 | Val Max Gen Viol: 13.8389 | Val Max Thermal: 14.4602
Epoch 7500 | Val Loss: 63.4437 | Val Cost: 55698.07 | Val Max P-Miss: 0.7928 | Max Q-Miss: 0.5073 | Val Max Gen Viol: 12.2454 | Val Max Thermal: 12.4548
Epoch 7600 | Val Loss: 55.4368 | Val Cost: 55190.07 | Val Max P-Miss: 0.7717 | Max Q-Miss: 0.4438 | Val Max Gen Viol: 13.8348 | Val Max Thermal: 14.4976 [*SAVED BEST*]
Epoch 7700 | Val Loss: 56.2958 | Val Cost: 55409.34 | Val Max P-Miss: 0.6952 | Max Q-Miss: 0.4489 | Val Max Gen Viol: 13.8001 | Val Max Thermal: 15.3957
Epoch 7800 | Val Loss: 55.8607 | Val Cost: 55438.27 | Val Max P-Miss: 0.7479 | Max Q-Miss: 0.4454 | Val Max Gen Viol: 13.8710 | Val Max Thermal: 16.1003
Epoch 7900 | Val Loss: 56.4655 | Val Cost: 55231.27 | Val Max P-Miss: 0.7362 | Max Q-Miss: 0.4445 | Val Max Gen Viol: 13.8631 | Val Max Thermal: 15.3283
Epoch 8000 | Val Loss: 55.3948 | Val Cost: 55102.59 | Val Max P-Miss: 0.7351 | Max Q-Miss: 0.4391 | Val Max Gen Viol: 13.9126 | Val Max Thermal: 14.6586 [*SAVED BEST*]
Epoch 8100 | Val Loss: 55.4098 | Val Cost: 55190.49 | Val Max P-Miss: 0.7401 | Max Q-Miss: 0.4461 | Val Max Gen Viol: 13.8787 | Val Max Thermal: 15.3847
Epoch 8200 | Val Loss: 56.0062 | Val Cost: 55153.04 | Val Max P-Miss: 0.7754 | Max Q-Miss: 0.4440 | Val Max Gen Viol: 13.8868 | Val Max Thermal: 14.7338
Epoch 8300 | Val Loss: 55.1404 | Val Cost: 55195.96 | Val Max P-Miss: 0.7197 | Max Q-Miss: 0.4354 | Val Max Gen Viol: 13.9034 | Val Max Thermal: 15.4277 [*SAVED BEST*]
Epoch 8400 | Val Loss: 61.8962 | Val Cost: 55980.29 | Val Max P-Miss: 0.6879 | Max Q-Miss: 0.4090 | Val Max Gen Viol: 13.1825 | Val Max Thermal: 13.0816
Epoch 8500 | Val Loss: 54.8077 | Val Cost: 55172.48 | Val Max P-Miss: 0.7563 | Max Q-Miss: 0.4347 | Val Max Gen Viol: 13.9256 | Val Max Thermal: 15.2428 [*SAVED BEST*]
Epoch 8600 | Val Loss: 74.7445 | Val Cost: 56039.44 | Val Max P-Miss: 0.9998 | Max Q-Miss: 0.5123 | Val Max Gen Viol: 13.1127 | Val Max Thermal: 12.8830
Epoch 8700 | Val Loss: 62.4790 | Val Cost: 56276.79 | Val Max P-Miss: 0.7682 | Max Q-Miss: 0.5385 | Val Max Gen Viol: 13.2750 | Val Max Thermal: 12.9492
Epoch 8800 | Val Loss: 55.4732 | Val Cost: 55122.68 | Val Max P-Miss: 0.7388 | Max Q-Miss: 0.4479 | Val Max Gen Viol: 13.8736 | Val Max Thermal: 15.4817
Epoch 8900 | Val Loss: 55.8683 | Val Cost: 55146.80 | Val Max P-Miss: 0.7937 | Max Q-Miss: 0.4327 | Val Max Gen Viol: 13.8525 | Val Max Thermal: 15.5332
Epoch 9000 | Val Loss: 54.8632 | Val Cost: 55115.68 | Val Max P-Miss: 0.7367 | Max Q-Miss: 0.4223 | Val Max Gen Viol: 13.8759 | Val Max Thermal: 15.4188
Epoch 9100 | Val Loss: 55.7231 | Val Cost: 55127.71 | Val Max P-Miss: 0.7211 | Max Q-Miss: 0.4287 | Val Max Gen Viol: 13.8939 | Val Max Thermal: 15.2905
Epoch 9200 | Val Loss: 54.6683 | Val Cost: 55413.67 | Val Max P-Miss: 0.7498 | Max Q-Miss: 0.4209 | Val Max Gen Viol: 13.8838 | Val Max Thermal: 16.4581 [*SAVED BEST*]
Epoch 9300 | Val Loss: 55.2238 | Val Cost: 55099.28 | Val Max P-Miss: 0.7601 | Max Q-Miss: 0.4245 | Val Max Gen Viol: 13.9430 | Val Max Thermal: 15.6104
Epoch 9400 | Val Loss: 54.7507 | Val Cost: 55092.86 | Val Max P-Miss: 0.7893 | Max Q-Miss: 0.4290 | Val Max Gen Viol: 13.9433 | Val Max Thermal: 15.8586
Epoch 9500 | Val Loss: 55.2982 | Val Cost: 55151.95 | Val Max P-Miss: 0.7743 | Max Q-Miss: 0.4363 | Val Max Gen Viol: 13.7826 | Val Max Thermal: 15.1695
Epoch 9600 | Val Loss: 53.9686 | Val Cost: 55073.54 | Val Max P-Miss: 0.7519 | Max Q-Miss: 0.4281 | Val Max Gen Viol: 13.8586 | Val Max Thermal: 15.0946 [*SAVED BEST*]
Epoch 9700 | Val Loss: 63.2208 | Val Cost: 57392.13 | Val Max P-Miss: 1.1633 | Max Q-Miss: 0.4783 | Val Max Gen Viol: 13.2700 | Val Max Thermal: 12.6963
Epoch 9800 | Val Loss: 54.4756 | Val Cost: 55062.43 | Val Max P-Miss: 0.7991 | Max Q-Miss: 0.4290 | Val Max Gen Viol: 14.0932 | Val Max Thermal: 15.4450
Epoch 9900 | Val Loss: 60.7674 | Val Cost: 57126.27 | Val Max P-Miss: 1.0097 | Max Q-Miss: 0.4268 | Val Max Gen Viol: 12.9569 | Val Max Thermal: 12.2454

==================================================
Training Complete!
Total Training Time: 00h 06m 56.76s
Best model weights saved to: ./model/best_controlled_voltage_nominal_pglib_opf_case162_ieee_dtc_10000epochs_seed2_20260922_222453.pth
==================================================

