Random seed     : 4
CUDA Hardware Acceleration Active: NVIDIA GeForce RTX 4090
Problem Geometry Linked -> Matrix Samples: 10000
======================================================================
CONTROLLED ABLATION
Case            : pglib_opf_case162_ieee_dtc
Projection      : full
Weight strategy : nominal
Weights         : {'eq_p': 1000.0, 'eq_q': 1000.0, 'thermal': 1.0, 'ang': 1.0, 'v': 1.0, 'obj': 0.0005}
======================================================================

Beginning execution of parallelized training matrix loops...
Epoch    0 | Val Loss: 3019.3191 | Val Cost: 81228.73 | Val Max P-Miss: 10.0975 | Max Q-Miss: 2.4811 | Val Max Gen Viol: 0.0000 | Val Max Thermal: 0.0000 [*SAVED BEST*]
Epoch  100 | Val Loss: 301.4617 | Val Cost: 54860.65 | Val Max P-Miss: 2.9785 | Max Q-Miss: 1.6288 | Val Max Gen Viol: 0.0000 | Val Max Thermal: 3.1817 [*SAVED BEST*]
Epoch  200 | Val Loss: 184.2163 | Val Cost: 58560.59 | Val Max P-Miss: 2.4203 | Max Q-Miss: 1.1481 | Val Max Gen Viol: 0.0000 | Val Max Thermal: 5.8172 [*SAVED BEST*]
Epoch  300 | Val Loss: 114.8036 | Val Cost: 62776.79 | Val Max P-Miss: 1.6804 | Max Q-Miss: 0.8688 | Val Max Gen Viol: 0.0000 | Val Max Thermal: 8.6720 [*SAVED BEST*]
Epoch  400 | Val Loss: 128.1378 | Val Cost: 63107.04 | Val Max P-Miss: 1.5747 | Max Q-Miss: 0.9748 | Val Max Gen Viol: 0.0000 | Val Max Thermal: 8.8588
Epoch  500 | Val Loss: 137.0049 | Val Cost: 65211.43 | Val Max P-Miss: 1.8333 | Max Q-Miss: 1.0615 | Val Max Gen Viol: 0.0000 | Val Max Thermal: 9.5565
Epoch  600 | Val Loss: 103.7281 | Val Cost: 64830.02 | Val Max P-Miss: 1.2802 | Max Q-Miss: 0.8961 | Val Max Gen Viol: 0.0000 | Val Max Thermal: 11.3478 [*SAVED BEST*]
Epoch  700 | Val Loss: 96.5040 | Val Cost: 65639.82 | Val Max P-Miss: 1.3725 | Max Q-Miss: 0.8414 | Val Max Gen Viol: 0.0000 | Val Max Thermal: 11.2312 [*SAVED BEST*]
Epoch  800 | Val Loss: 97.5806 | Val Cost: 65934.93 | Val Max P-Miss: 1.1864 | Max Q-Miss: 0.8754 | Val Max Gen Viol: 0.0000 | Val Max Thermal: 11.3466
Epoch  900 | Val Loss: 92.9829 | Val Cost: 66256.72 | Val Max P-Miss: 1.0215 | Max Q-Miss: 0.8813 | Val Max Gen Viol: 0.0000 | Val Max Thermal: 11.7321 [*SAVED BEST*]
Epoch 1000 | Val Loss: 134.1877 | Val Cost: 65646.98 | Val Max P-Miss: 1.3477 | Max Q-Miss: 0.8822 | Val Max Gen Viol: 0.0000 | Val Max Thermal: 9.3800
Epoch 1100 | Val Loss: 91.8131 | Val Cost: 66468.64 | Val Max P-Miss: 0.8923 | Max Q-Miss: 0.8366 | Val Max Gen Viol: 0.0000 | Val Max Thermal: 13.0351 [*SAVED BEST*]
Epoch 1200 | Val Loss: 91.2057 | Val Cost: 66572.85 | Val Max P-Miss: 0.9926 | Max Q-Miss: 0.8448 | Val Max Gen Viol: 0.0000 | Val Max Thermal: 12.0944 [*SAVED BEST*]
Epoch 1300 | Val Loss: 98.0939 | Val Cost: 65928.84 | Val Max P-Miss: 1.2089 | Max Q-Miss: 0.7558 | Val Max Gen Viol: 0.0000 | Val Max Thermal: 11.9559
Epoch 1400 | Val Loss: 109.0949 | Val Cost: 66301.20 | Val Max P-Miss: 1.2128 | Max Q-Miss: 0.7466 | Val Max Gen Viol: 0.0000 | Val Max Thermal: 13.6392
Epoch 1500 | Val Loss: 87.5849 | Val Cost: 66787.40 | Val Max P-Miss: 1.0271 | Max Q-Miss: 0.7944 | Val Max Gen Viol: 0.0000 | Val Max Thermal: 13.3510 [*SAVED BEST*]
Epoch 1600 | Val Loss: 88.3413 | Val Cost: 66741.76 | Val Max P-Miss: 0.9721 | Max Q-Miss: 0.7577 | Val Max Gen Viol: 0.0000 | Val Max Thermal: 14.7117
Epoch 1700 | Val Loss: 86.0842 | Val Cost: 66848.38 | Val Max P-Miss: 0.8408 | Max Q-Miss: 0.8790 | Val Max Gen Viol: 0.0000 | Val Max Thermal: 13.8794 [*SAVED BEST*]
Epoch 1800 | Val Loss: 85.0463 | Val Cost: 66732.27 | Val Max P-Miss: 0.8250 | Max Q-Miss: 0.7285 | Val Max Gen Viol: 0.0000 | Val Max Thermal: 15.7705 [*SAVED BEST*]
Epoch 1900 | Val Loss: 84.3633 | Val Cost: 67031.27 | Val Max P-Miss: 0.8745 | Max Q-Miss: 0.7730 | Val Max Gen Viol: 0.0000 | Val Max Thermal: 13.7633 [*SAVED BEST*]
Epoch 2000 | Val Loss: 91.4506 | Val Cost: 66698.71 | Val Max P-Miss: 0.8224 | Max Q-Miss: 0.7170 | Val Max Gen Viol: 0.0000 | Val Max Thermal: 15.2932
Epoch 2100 | Val Loss: 83.7187 | Val Cost: 66795.05 | Val Max P-Miss: 0.8262 | Max Q-Miss: 0.7021 | Val Max Gen Viol: 0.0000 | Val Max Thermal: 15.5543 [*SAVED BEST*]
Epoch 2200 | Val Loss: 114.0435 | Val Cost: 66074.35 | Val Max P-Miss: 1.1884 | Max Q-Miss: 0.7613 | Val Max Gen Viol: 0.0000 | Val Max Thermal: 13.1903
Epoch 2300 | Val Loss: 79.8677 | Val Cost: 66980.47 | Val Max P-Miss: 0.7912 | Max Q-Miss: 0.6924 | Val Max Gen Viol: 0.0000 | Val Max Thermal: 15.4314 [*SAVED BEST*]
Epoch 2400 | Val Loss: 80.6898 | Val Cost: 66773.80 | Val Max P-Miss: 0.7845 | Max Q-Miss: 0.6926 | Val Max Gen Viol: 0.0000 | Val Max Thermal: 16.6374
Epoch 2500 | Val Loss: 83.7658 | Val Cost: 66745.51 | Val Max P-Miss: 0.7697 | Max Q-Miss: 0.6729 | Val Max Gen Viol: 0.0000 | Val Max Thermal: 15.9068
Epoch 2600 | Val Loss: 81.4168 | Val Cost: 66982.12 | Val Max P-Miss: 0.7596 | Max Q-Miss: 0.7674 | Val Max Gen Viol: 0.0000 | Val Max Thermal: 16.1195
Epoch 2700 | Val Loss: 79.2078 | Val Cost: 66742.45 | Val Max P-Miss: 0.7158 | Max Q-Miss: 0.6619 | Val Max Gen Viol: 0.0000 | Val Max Thermal: 16.8667 [*SAVED BEST*]
Epoch 2800 | Val Loss: 78.6244 | Val Cost: 66864.02 | Val Max P-Miss: 0.7266 | Max Q-Miss: 0.6564 | Val Max Gen Viol: 0.0000 | Val Max Thermal: 16.6333 [*SAVED BEST*]
Epoch 2900 | Val Loss: 81.8286 | Val Cost: 66685.24 | Val Max P-Miss: 0.9191 | Max Q-Miss: 0.6870 | Val Max Gen Viol: 0.0000 | Val Max Thermal: 16.5123
Epoch 3000 | Val Loss: 84.3447 | Val Cost: 66722.98 | Val Max P-Miss: 0.7676 | Max Q-Miss: 0.8399 | Val Max Gen Viol: 0.0000 | Val Max Thermal: 13.8483
Epoch 3100 | Val Loss: 78.8111 | Val Cost: 66732.21 | Val Max P-Miss: 0.6931 | Max Q-Miss: 0.6488 | Val Max Gen Viol: 0.0000 | Val Max Thermal: 17.3014
Epoch 3200 | Val Loss: 78.8127 | Val Cost: 66842.36 | Val Max P-Miss: 0.7810 | Max Q-Miss: 0.6302 | Val Max Gen Viol: 0.0000 | Val Max Thermal: 16.6438
Epoch 3300 | Val Loss: 87.6054 | Val Cost: 66622.59 | Val Max P-Miss: 0.7636 | Max Q-Miss: 0.7062 | Val Max Gen Viol: 0.0000 | Val Max Thermal: 16.2707
Epoch 3400 | Val Loss: 78.8644 | Val Cost: 66776.91 | Val Max P-Miss: 0.6761 | Max Q-Miss: 0.6418 | Val Max Gen Viol: 0.0000 | Val Max Thermal: 17.4913
Epoch 3500 | Val Loss: 80.6372 | Val Cost: 66880.73 | Val Max P-Miss: 0.9159 | Max Q-Miss: 0.5913 | Val Max Gen Viol: 0.0000 | Val Max Thermal: 16.9084
Epoch 3600 | Val Loss: 81.8969 | Val Cost: 66538.18 | Val Max P-Miss: 0.7730 | Max Q-Miss: 0.6593 | Val Max Gen Viol: 0.0000 | Val Max Thermal: 15.1420
Epoch 3700 | Val Loss: 86.6656 | Val Cost: 66600.10 | Val Max P-Miss: 0.9917 | Max Q-Miss: 0.7085 | Val Max Gen Viol: 0.0000 | Val Max Thermal: 12.4394
Epoch 3800 | Val Loss: 80.5837 | Val Cost: 66720.42 | Val Max P-Miss: 0.7151 | Max Q-Miss: 0.6480 | Val Max Gen Viol: 0.0000 | Val Max Thermal: 17.3596
Epoch 3900 | Val Loss: 78.1258 | Val Cost: 66709.39 | Val Max P-Miss: 0.7134 | Max Q-Miss: 0.6098 | Val Max Gen Viol: 0.0000 | Val Max Thermal: 17.8880 [*SAVED BEST*]
Epoch 4000 | Val Loss: 77.9687 | Val Cost: 66806.16 | Val Max P-Miss: 0.6934 | Max Q-Miss: 0.6259 | Val Max Gen Viol: 0.0000 | Val Max Thermal: 17.5123 [*SAVED BEST*]
Epoch 4100 | Val Loss: 132.6456 | Val Cost: 66160.27 | Val Max P-Miss: 1.1305 | Max Q-Miss: 0.8648 | Val Max Gen Viol: 0.0000 | Val Max Thermal: 13.5121
Epoch 4200 | Val Loss: 77.4638 | Val Cost: 66693.64 | Val Max P-Miss: 0.6725 | Max Q-Miss: 0.6146 | Val Max Gen Viol: 0.0000 | Val Max Thermal: 18.1287 [*SAVED BEST*]
Epoch 4300 | Val Loss: 80.4321 | Val Cost: 66628.09 | Val Max P-Miss: 0.7037 | Max Q-Miss: 0.6316 | Val Max Gen Viol: 0.0000 | Val Max Thermal: 17.2120
Epoch 4400 | Val Loss: 83.3803 | Val Cost: 66723.95 | Val Max P-Miss: 0.8499 | Max Q-Miss: 0.6481 | Val Max Gen Viol: 0.0000 | Val Max Thermal: 17.1409
Epoch 4500 | Val Loss: 78.3437 | Val Cost: 66701.83 | Val Max P-Miss: 0.6877 | Max Q-Miss: 0.6097 | Val Max Gen Viol: 0.0000 | Val Max Thermal: 17.8976
Epoch 4600 | Val Loss: 77.5905 | Val Cost: 66691.62 | Val Max P-Miss: 0.6766 | Max Q-Miss: 0.5783 | Val Max Gen Viol: 0.0000 | Val Max Thermal: 17.9934
Epoch 4700 | Val Loss: 76.6596 | Val Cost: 66711.88 | Val Max P-Miss: 0.6907 | Max Q-Miss: 0.5955 | Val Max Gen Viol: 0.0000 | Val Max Thermal: 18.4722 [*SAVED BEST*]
Epoch 4800 | Val Loss: 77.0699 | Val Cost: 66644.75 | Val Max P-Miss: 0.6961 | Max Q-Miss: 0.5984 | Val Max Gen Viol: 0.0000 | Val Max Thermal: 18.5895
Epoch 4900 | Val Loss: 76.2653 | Val Cost: 66664.68 | Val Max P-Miss: 0.7045 | Max Q-Miss: 0.6045 | Val Max Gen Viol: 0.0000 | Val Max Thermal: 18.5369 [*SAVED BEST*]
Epoch 5000 | Val Loss: 78.0052 | Val Cost: 66637.40 | Val Max P-Miss: 0.6873 | Max Q-Miss: 0.5996 | Val Max Gen Viol: 0.0000 | Val Max Thermal: 18.3335
Epoch 5100 | Val Loss: 76.4553 | Val Cost: 66646.66 | Val Max P-Miss: 0.6798 | Max Q-Miss: 0.5880 | Val Max Gen Viol: 0.0000 | Val Max Thermal: 18.2044
Epoch 5200 | Val Loss: 76.8095 | Val Cost: 66633.69 | Val Max P-Miss: 0.6901 | Max Q-Miss: 0.5830 | Val Max Gen Viol: 0.0000 | Val Max Thermal: 18.6116
Epoch 5300 | Val Loss: 77.7008 | Val Cost: 66606.09 | Val Max P-Miss: 0.6991 | Max Q-Miss: 0.5961 | Val Max Gen Viol: 0.0000 | Val Max Thermal: 18.6802
Epoch 5400 | Val Loss: 83.2070 | Val Cost: 66571.75 | Val Max P-Miss: 0.7587 | Max Q-Miss: 0.6800 | Val Max Gen Viol: 0.0000 | Val Max Thermal: 14.9247
Epoch 5500 | Val Loss: 76.0294 | Val Cost: 66621.23 | Val Max P-Miss: 0.6913 | Max Q-Miss: 0.5800 | Val Max Gen Viol: 0.0000 | Val Max Thermal: 18.6505 [*SAVED BEST*]
Epoch 5600 | Val Loss: 77.2846 | Val Cost: 66606.85 | Val Max P-Miss: 0.7172 | Max Q-Miss: 0.5784 | Val Max Gen Viol: 0.0000 | Val Max Thermal: 18.3225
Epoch 5700 | Val Loss: 77.0820 | Val Cost: 66555.35 | Val Max P-Miss: 0.7130 | Max Q-Miss: 0.5692 | Val Max Gen Viol: 0.0000 | Val Max Thermal: 18.2344
Epoch 5800 | Val Loss: 76.6017 | Val Cost: 66592.13 | Val Max P-Miss: 0.6949 | Max Q-Miss: 0.5777 | Val Max Gen Viol: 0.0000 | Val Max Thermal: 18.5493
Epoch 5900 | Val Loss: 76.9470 | Val Cost: 66639.38 | Val Max P-Miss: 0.7108 | Max Q-Miss: 0.5773 | Val Max Gen Viol: 0.0000 | Val Max Thermal: 18.6172
Epoch 6000 | Val Loss: 84.0373 | Val Cost: 66610.73 | Val Max P-Miss: 0.7433 | Max Q-Miss: 0.6336 | Val Max Gen Viol: 0.0000 | Val Max Thermal: 15.0046
Epoch 6100 | Val Loss: 77.2702 | Val Cost: 66576.77 | Val Max P-Miss: 0.7111 | Max Q-Miss: 0.5806 | Val Max Gen Viol: 0.0000 | Val Max Thermal: 18.8896
Epoch 6200 | Val Loss: 76.5934 | Val Cost: 66535.14 | Val Max P-Miss: 0.7198 | Max Q-Miss: 0.5775 | Val Max Gen Viol: 0.0000 | Val Max Thermal: 18.8821
Epoch 6300 | Val Loss: 77.5555 | Val Cost: 66667.49 | Val Max P-Miss: 0.7262 | Max Q-Miss: 0.6613 | Val Max Gen Viol: 0.0000 | Val Max Thermal: 18.6398
Epoch 6400 | Val Loss: 76.4401 | Val Cost: 66532.98 | Val Max P-Miss: 0.7055 | Max Q-Miss: 0.5743 | Val Max Gen Viol: 0.0000 | Val Max Thermal: 18.5986
Epoch 6500 | Val Loss: 76.1876 | Val Cost: 66546.20 | Val Max P-Miss: 0.7008 | Max Q-Miss: 0.5738 | Val Max Gen Viol: 0.0000 | Val Max Thermal: 18.6432
Epoch 6600 | Val Loss: 81.8041 | Val Cost: 66657.97 | Val Max P-Miss: 0.8541 | Max Q-Miss: 0.5405 | Val Max Gen Viol: 0.0000 | Val Max Thermal: 16.8774
Epoch 6700 | Val Loss: 76.5543 | Val Cost: 66503.59 | Val Max P-Miss: 0.7071 | Max Q-Miss: 0.5652 | Val Max Gen Viol: 0.0000 | Val Max Thermal: 18.7697
Epoch 6800 | Val Loss: 76.4314 | Val Cost: 66544.84 | Val Max P-Miss: 0.7017 | Max Q-Miss: 0.5689 | Val Max Gen Viol: 0.0000 | Val Max Thermal: 18.6261
Epoch 6900 | Val Loss: 75.9402 | Val Cost: 66471.66 | Val Max P-Miss: 0.7035 | Max Q-Miss: 0.5689 | Val Max Gen Viol: 0.0000 | Val Max Thermal: 18.6155 [*SAVED BEST*]
Epoch 7000 | Val Loss: 75.4893 | Val Cost: 66485.59 | Val Max P-Miss: 0.7026 | Max Q-Miss: 0.5633 | Val Max Gen Viol: 0.0000 | Val Max Thermal: 18.9349 [*SAVED BEST*]
Epoch 7100 | Val Loss: 79.7959 | Val Cost: 66629.09 | Val Max P-Miss: 0.7091 | Max Q-Miss: 0.5451 | Val Max Gen Viol: 0.0000 | Val Max Thermal: 16.8258
Epoch 7200 | Val Loss: 75.0179 | Val Cost: 66428.93 | Val Max P-Miss: 0.6972 | Max Q-Miss: 0.5642 | Val Max Gen Viol: 0.0000 | Val Max Thermal: 18.9520 [*SAVED BEST*]
Epoch 7300 | Val Loss: 76.5916 | Val Cost: 66415.45 | Val Max P-Miss: 0.6738 | Max Q-Miss: 0.5549 | Val Max Gen Viol: 0.0000 | Val Max Thermal: 18.5225
Epoch 7400 | Val Loss: 88.8085 | Val Cost: 66391.80 | Val Max P-Miss: 0.7787 | Max Q-Miss: 0.7282 | Val Max Gen Viol: 0.0000 | Val Max Thermal: 14.7293
Epoch 7500 | Val Loss: 76.1390 | Val Cost: 66421.77 | Val Max P-Miss: 0.7088 | Max Q-Miss: 0.5540 | Val Max Gen Viol: 0.0000 | Val Max Thermal: 18.5565
Epoch 7600 | Val Loss: 76.0146 | Val Cost: 66514.44 | Val Max P-Miss: 0.7314 | Max Q-Miss: 0.5568 | Val Max Gen Viol: 0.0000 | Val Max Thermal: 18.8085
Epoch 7700 | Val Loss: 80.4361 | Val Cost: 66551.47 | Val Max P-Miss: 0.7234 | Max Q-Miss: 0.5867 | Val Max Gen Viol: 0.0000 | Val Max Thermal: 17.6929
Epoch 7800 | Val Loss: 77.0853 | Val Cost: 66470.65 | Val Max P-Miss: 0.7200 | Max Q-Miss: 0.5160 | Val Max Gen Viol: 0.0000 | Val Max Thermal: 17.3605
Epoch 7900 | Val Loss: 76.2306 | Val Cost: 66482.34 | Val Max P-Miss: 0.7292 | Max Q-Miss: 0.5577 | Val Max Gen Viol: 0.0000 | Val Max Thermal: 18.2354
Epoch 8000 | Val Loss: 75.6040 | Val Cost: 66431.20 | Val Max P-Miss: 0.7131 | Max Q-Miss: 0.5546 | Val Max Gen Viol: 0.0000 | Val Max Thermal: 18.7527
Epoch 8100 | Val Loss: 75.6356 | Val Cost: 66435.66 | Val Max P-Miss: 0.7058 | Max Q-Miss: 0.5590 | Val Max Gen Viol: 0.0000 | Val Max Thermal: 18.9172
Epoch 8200 | Val Loss: 74.9942 | Val Cost: 66529.68 | Val Max P-Miss: 0.7123 | Max Q-Miss: 0.5192 | Val Max Gen Viol: 0.0000 | Val Max Thermal: 18.4443 [*SAVED BEST*]
Epoch 8300 | Val Loss: 75.9116 | Val Cost: 66468.42 | Val Max P-Miss: 0.7200 | Max Q-Miss: 0.5591 | Val Max Gen Viol: 0.0000 | Val Max Thermal: 18.9021
Epoch 8400 | Val Loss: 75.8409 | Val Cost: 66403.88 | Val Max P-Miss: 0.7318 | Max Q-Miss: 0.5550 | Val Max Gen Viol: 0.0000 | Val Max Thermal: 18.8716
Epoch 8500 | Val Loss: 80.0263 | Val Cost: 66452.27 | Val Max P-Miss: 1.1022 | Max Q-Miss: 0.6427 | Val Max Gen Viol: 0.0000 | Val Max Thermal: 17.2525
Epoch 8600 | Val Loss: 76.2588 | Val Cost: 66409.89 | Val Max P-Miss: 0.9885 | Max Q-Miss: 0.5534 | Val Max Gen Viol: 0.0000 | Val Max Thermal: 19.0143
Epoch 8700 | Val Loss: 76.0308 | Val Cost: 66428.06 | Val Max P-Miss: 0.9474 | Max Q-Miss: 0.5567 | Val Max Gen Viol: 0.0000 | Val Max Thermal: 18.7150
Epoch 8800 | Val Loss: 106.7644 | Val Cost: 66145.17 | Val Max P-Miss: 1.7317 | Max Q-Miss: 0.9008 | Val Max Gen Viol: 0.0000 | Val Max Thermal: 15.9299
Epoch 8900 | Val Loss: 75.3270 | Val Cost: 66376.55 | Val Max P-Miss: 0.8115 | Max Q-Miss: 0.5581 | Val Max Gen Viol: 0.0000 | Val Max Thermal: 18.9347
Epoch 9000 | Val Loss: 76.2123 | Val Cost: 66374.69 | Val Max P-Miss: 0.8849 | Max Q-Miss: 0.5490 | Val Max Gen Viol: 0.0000 | Val Max Thermal: 18.7911
Epoch 9100 | Val Loss: 75.8250 | Val Cost: 66386.83 | Val Max P-Miss: 0.8591 | Max Q-Miss: 0.5500 | Val Max Gen Viol: 0.0000 | Val Max Thermal: 18.6175
Epoch 9200 | Val Loss: 92.7250 | Val Cost: 66322.85 | Val Max P-Miss: 0.9699 | Max Q-Miss: 0.5500 | Val Max Gen Viol: 0.0000 | Val Max Thermal: 18.1783
Epoch 9300 | Val Loss: 75.5634 | Val Cost: 66370.73 | Val Max P-Miss: 0.8562 | Max Q-Miss: 0.5546 | Val Max Gen Viol: 0.0000 | Val Max Thermal: 18.7044
Epoch 9400 | Val Loss: 75.3182 | Val Cost: 66404.53 | Val Max P-Miss: 0.8454 | Max Q-Miss: 0.5527 | Val Max Gen Viol: 0.0000 | Val Max Thermal: 18.9859
Epoch 9500 | Val Loss: 76.5934 | Val Cost: 66444.95 | Val Max P-Miss: 0.8024 | Max Q-Miss: 0.5608 | Val Max Gen Viol: 0.0000 | Val Max Thermal: 18.2878
Epoch 9600 | Val Loss: 76.1166 | Val Cost: 66386.98 | Val Max P-Miss: 0.8215 | Max Q-Miss: 0.5539 | Val Max Gen Viol: 0.0000 | Val Max Thermal: 18.7754
Epoch 9700 | Val Loss: 75.4724 | Val Cost: 66396.16 | Val Max P-Miss: 0.8771 | Max Q-Miss: 0.5521 | Val Max Gen Viol: 0.0000 | Val Max Thermal: 18.8831
Epoch 9800 | Val Loss: 76.2261 | Val Cost: 66319.68 | Val Max P-Miss: 0.9338 | Max Q-Miss: 0.5574 | Val Max Gen Viol: 0.0000 | Val Max Thermal: 18.6865
Epoch 9900 | Val Loss: 75.4518 | Val Cost: 66385.88 | Val Max P-Miss: 0.8872 | Max Q-Miss: 0.5547 | Val Max Gen Viol: 0.0000 | Val Max Thermal: 18.8356

==================================================
Training Complete!
Total Training Time: 00h 06m 22.58s
Best model weights saved to: ./model/best_controlled_full_nominal_pglib_opf_case162_ieee_dtc_10000epochs_seed4_20260922_234625.pth
==================================================

