Random seed     : 2
CUDA Hardware Acceleration Active: NVIDIA GeForce RTX 4090
Problem Geometry Linked -> Matrix Samples: 10000
======================================================================
CONTROLLED ABLATION
Case            : pglib_opf_case300_ieee
Projection      : full
Weight strategy : physics
Weights         : {'eq_p': 1000.0, 'eq_q': 1000.0, 'thermal': 1000.0, 'ang': 1000.0, 'v': 1000.0, 'obj': 0.0005}
======================================================================

Beginning execution of parallelized training matrix loops...
Epoch    0 | Val Loss: 6770.2471 | Val Cost: 510533.59 | Val Max P-Miss: 11.6317 | Max Q-Miss: 8.6283 | Val Max Gen Viol: 0.0000 | Val Max Thermal: 0.0000 [*SAVED BEST*]
Epoch  100 | Val Loss: 1048.6554 | Val Cost: 384005.00 | Val Max P-Miss: 5.7228 | Max Q-Miss: 2.1735 | Val Max Gen Viol: 0.0000 | Val Max Thermal: 0.8059 [*SAVED BEST*]
Epoch  200 | Val Loss: 847.8585 | Val Cost: 387144.94 | Val Max P-Miss: 3.2785 | Max Q-Miss: 3.7043 | Val Max Gen Viol: 0.0000 | Val Max Thermal: 0.4199 [*SAVED BEST*]
Epoch  300 | Val Loss: 719.8647 | Val Cost: 394106.25 | Val Max P-Miss: 3.1564 | Max Q-Miss: 2.4604 | Val Max Gen Viol: 0.0000 | Val Max Thermal: 0.4879 [*SAVED BEST*]
Epoch  400 | Val Loss: 640.5453 | Val Cost: 401067.22 | Val Max P-Miss: 2.8389 | Max Q-Miss: 2.4602 | Val Max Gen Viol: 0.0000 | Val Max Thermal: 0.8682 [*SAVED BEST*]
Epoch  500 | Val Loss: 2446.2612 | Val Cost: 398168.28 | Val Max P-Miss: 4.3656 | Max Q-Miss: 6.6420 | Val Max Gen Viol: 0.0000 | Val Max Thermal: 0.1825
Epoch  600 | Val Loss: 699.3640 | Val Cost: 398803.06 | Val Max P-Miss: 2.8267 | Max Q-Miss: 2.1010 | Val Max Gen Viol: 0.0000 | Val Max Thermal: 0.6076
Epoch  700 | Val Loss: 572.9088 | Val Cost: 402921.81 | Val Max P-Miss: 2.9976 | Max Q-Miss: 1.4290 | Val Max Gen Viol: 0.0000 | Val Max Thermal: 0.3403 [*SAVED BEST*]
Epoch  800 | Val Loss: 695.8262 | Val Cost: 395188.31 | Val Max P-Miss: 2.8544 | Max Q-Miss: 3.3229 | Val Max Gen Viol: 0.0000 | Val Max Thermal: 0.3288
Epoch  900 | Val Loss: 537.5159 | Val Cost: 403046.00 | Val Max P-Miss: 2.8617 | Max Q-Miss: 1.2752 | Val Max Gen Viol: 0.0000 | Val Max Thermal: 0.8191 [*SAVED BEST*]
Epoch 1000 | Val Loss: 524.2442 | Val Cost: 404781.84 | Val Max P-Miss: 2.5988 | Max Q-Miss: 2.5939 | Val Max Gen Viol: 0.0000 | Val Max Thermal: 0.7801 [*SAVED BEST*]
Epoch 1100 | Val Loss: 504.6832 | Val Cost: 405127.75 | Val Max P-Miss: 2.6045 | Max Q-Miss: 1.0809 | Val Max Gen Viol: 0.0000 | Val Max Thermal: 0.8184 [*SAVED BEST*]
Epoch 1200 | Val Loss: 613.9029 | Val Cost: 395345.69 | Val Max P-Miss: 2.7797 | Max Q-Miss: 2.2616 | Val Max Gen Viol: 0.0000 | Val Max Thermal: 0.6034
Epoch 1300 | Val Loss: 714.0616 | Val Cost: 395098.84 | Val Max P-Miss: 5.5667 | Max Q-Miss: 3.2309 | Val Max Gen Viol: 0.0000 | Val Max Thermal: 0.3182
Epoch 1400 | Val Loss: 499.4065 | Val Cost: 402439.50 | Val Max P-Miss: 2.3413 | Max Q-Miss: 2.0950 | Val Max Gen Viol: 0.0000 | Val Max Thermal: 0.9202 [*SAVED BEST*]
Epoch 1500 | Val Loss: 493.6913 | Val Cost: 404733.06 | Val Max P-Miss: 3.2239 | Max Q-Miss: 0.9968 | Val Max Gen Viol: 0.0000 | Val Max Thermal: 0.6827 [*SAVED BEST*]
Epoch 1600 | Val Loss: 525.9374 | Val Cost: 394571.34 | Val Max P-Miss: 2.7047 | Max Q-Miss: 1.2669 | Val Max Gen Viol: 0.0000 | Val Max Thermal: 0.5795
Epoch 1700 | Val Loss: 481.4203 | Val Cost: 401609.91 | Val Max P-Miss: 2.7729 | Max Q-Miss: 1.0635 | Val Max Gen Viol: 0.0000 | Val Max Thermal: 0.6024 [*SAVED BEST*]
Epoch 1800 | Val Loss: 541.3033 | Val Cost: 397197.78 | Val Max P-Miss: 3.9495 | Max Q-Miss: 1.7243 | Val Max Gen Viol: 0.0000 | Val Max Thermal: 0.2810
Epoch 1900 | Val Loss: 463.9411 | Val Cost: 401108.25 | Val Max P-Miss: 2.8881 | Max Q-Miss: 1.0218 | Val Max Gen Viol: 0.0000 | Val Max Thermal: 0.5771 [*SAVED BEST*]
Epoch 2000 | Val Loss: 478.7306 | Val Cost: 398889.50 | Val Max P-Miss: 2.6994 | Max Q-Miss: 1.5381 | Val Max Gen Viol: 0.0000 | Val Max Thermal: 0.3165
Epoch 2100 | Val Loss: 436.3651 | Val Cost: 400336.34 | Val Max P-Miss: 2.2526 | Max Q-Miss: 0.9850 | Val Max Gen Viol: 0.0000 | Val Max Thermal: 0.4497 [*SAVED BEST*]
Epoch 2200 | Val Loss: 561.9173 | Val Cost: 389990.09 | Val Max P-Miss: 2.5564 | Max Q-Miss: 1.7777 | Val Max Gen Viol: 0.0000 | Val Max Thermal: 0.2715
Epoch 2300 | Val Loss: 793.1659 | Val Cost: 390846.34 | Val Max P-Miss: 3.5656 | Max Q-Miss: 1.8791 | Val Max Gen Viol: 0.0000 | Val Max Thermal: 0.2559
Epoch 2400 | Val Loss: 436.3154 | Val Cost: 399824.62 | Val Max P-Miss: 2.7374 | Max Q-Miss: 0.9907 | Val Max Gen Viol: 0.0000 | Val Max Thermal: 0.3622 [*SAVED BEST*]
Epoch 2500 | Val Loss: 542.7974 | Val Cost: 385476.97 | Val Max P-Miss: 2.3800 | Max Q-Miss: 1.8792 | Val Max Gen Viol: 0.0000 | Val Max Thermal: 0.3105
Epoch 2600 | Val Loss: 437.7550 | Val Cost: 392464.72 | Val Max P-Miss: 2.2107 | Max Q-Miss: 1.4561 | Val Max Gen Viol: 0.0000 | Val Max Thermal: 0.3488
Epoch 2700 | Val Loss: 445.6708 | Val Cost: 392099.34 | Val Max P-Miss: 2.1442 | Max Q-Miss: 2.6266 | Val Max Gen Viol: 0.0000 | Val Max Thermal: 0.2654
Epoch 2800 | Val Loss: 417.0864 | Val Cost: 396812.09 | Val Max P-Miss: 2.6272 | Max Q-Miss: 0.9904 | Val Max Gen Viol: 0.0000 | Val Max Thermal: 0.2523 [*SAVED BEST*]
Epoch 2900 | Val Loss: 1068.6567 | Val Cost: 388660.22 | Val Max P-Miss: 3.6497 | Max Q-Miss: 5.3045 | Val Max Gen Viol: 0.0000 | Val Max Thermal: 0.3037
Epoch 3000 | Val Loss: 427.4066 | Val Cost: 392809.69 | Val Max P-Miss: 2.3246 | Max Q-Miss: 2.0237 | Val Max Gen Viol: 0.0000 | Val Max Thermal: 0.2249
Epoch 3100 | Val Loss: 414.8901 | Val Cost: 391037.56 | Val Max P-Miss: 2.7501 | Max Q-Miss: 1.6563 | Val Max Gen Viol: 0.0000 | Val Max Thermal: 0.2192 [*SAVED BEST*]
Epoch 3200 | Val Loss: 415.9848 | Val Cost: 392950.38 | Val Max P-Miss: 1.8920 | Max Q-Miss: 2.4061 | Val Max Gen Viol: 0.0000 | Val Max Thermal: 0.2089
Epoch 3300 | Val Loss: 453.2795 | Val Cost: 388836.25 | Val Max P-Miss: 3.7768 | Max Q-Miss: 1.5342 | Val Max Gen Viol: 0.0000 | Val Max Thermal: 0.1898
Epoch 3400 | Val Loss: 409.9520 | Val Cost: 387767.56 | Val Max P-Miss: 2.1026 | Max Q-Miss: 1.1334 | Val Max Gen Viol: 0.0000 | Val Max Thermal: 0.1914 [*SAVED BEST*]
Epoch 3500 | Val Loss: 401.2593 | Val Cost: 390003.56 | Val Max P-Miss: 2.4933 | Max Q-Miss: 1.3831 | Val Max Gen Viol: 0.0000 | Val Max Thermal: 0.1981 [*SAVED BEST*]
Epoch 3600 | Val Loss: 637.5839 | Val Cost: 389729.56 | Val Max P-Miss: 2.9133 | Max Q-Miss: 2.9016 | Val Max Gen Viol: 0.0000 | Val Max Thermal: 0.2433
Epoch 3700 | Val Loss: 411.2970 | Val Cost: 388709.00 | Val Max P-Miss: 2.6437 | Max Q-Miss: 1.3016 | Val Max Gen Viol: 0.0000 | Val Max Thermal: 0.2204
Epoch 3800 | Val Loss: 359.4510 | Val Cost: 390164.69 | Val Max P-Miss: 1.8697 | Max Q-Miss: 1.3288 | Val Max Gen Viol: 0.0000 | Val Max Thermal: 0.2013 [*SAVED BEST*]
Epoch 3900 | Val Loss: 447.0764 | Val Cost: 385295.44 | Val Max P-Miss: 3.4639 | Max Q-Miss: 1.3309 | Val Max Gen Viol: 0.0000 | Val Max Thermal: 0.2015
Epoch 4000 | Val Loss: 395.9234 | Val Cost: 385525.97 | Val Max P-Miss: 2.6571 | Max Q-Miss: 1.2335 | Val Max Gen Viol: 0.0000 | Val Max Thermal: 0.2021
Epoch 4100 | Val Loss: 378.0226 | Val Cost: 387195.81 | Val Max P-Miss: 2.3935 | Max Q-Miss: 0.9950 | Val Max Gen Viol: 0.0000 | Val Max Thermal: 0.2048
Epoch 4200 | Val Loss: 384.5185 | Val Cost: 384505.62 | Val Max P-Miss: 2.3371 | Max Q-Miss: 0.9809 | Val Max Gen Viol: 0.0000 | Val Max Thermal: 0.2048
Epoch 4300 | Val Loss: 394.7706 | Val Cost: 385512.34 | Val Max P-Miss: 2.6410 | Max Q-Miss: 1.0138 | Val Max Gen Viol: 0.0000 | Val Max Thermal: 0.2043
Epoch 4400 | Val Loss: 440.8654 | Val Cost: 385971.88 | Val Max P-Miss: 3.6870 | Max Q-Miss: 1.9982 | Val Max Gen Viol: 0.0000 | Val Max Thermal: 0.2039
Epoch 4500 | Val Loss: 385.3970 | Val Cost: 384783.00 | Val Max P-Miss: 2.6081 | Max Q-Miss: 1.0339 | Val Max Gen Viol: 0.0000 | Val Max Thermal: 0.2052
Epoch 4600 | Val Loss: 366.5114 | Val Cost: 384197.00 | Val Max P-Miss: 2.3162 | Max Q-Miss: 0.9770 | Val Max Gen Viol: 0.0000 | Val Max Thermal: 0.2056
Epoch 4700 | Val Loss: 372.6495 | Val Cost: 384249.69 | Val Max P-Miss: 1.9907 | Max Q-Miss: 1.6656 | Val Max Gen Viol: 0.0000 | Val Max Thermal: 0.2074
Epoch 4800 | Val Loss: 376.3575 | Val Cost: 384117.19 | Val Max P-Miss: 1.9002 | Max Q-Miss: 2.3464 | Val Max Gen Viol: 0.0000 | Val Max Thermal: 0.2090
Epoch 4900 | Val Loss: 525.1933 | Val Cost: 382575.44 | Val Max P-Miss: 3.2870 | Max Q-Miss: 1.6048 | Val Max Gen Viol: 0.0000 | Val Max Thermal: 0.1972
Epoch 5000 | Val Loss: 434.8966 | Val Cost: 382982.81 | Val Max P-Miss: 2.2450 | Max Q-Miss: 1.5790 | Val Max Gen Viol: 0.0000 | Val Max Thermal: 0.2128
Epoch 5100 | Val Loss: 368.6702 | Val Cost: 384201.44 | Val Max P-Miss: 1.9705 | Max Q-Miss: 0.9700 | Val Max Gen Viol: 0.0000 | Val Max Thermal: 0.2079
Epoch 5200 | Val Loss: 377.2336 | Val Cost: 384890.44 | Val Max P-Miss: 2.5146 | Max Q-Miss: 1.5816 | Val Max Gen Viol: 0.0000 | Val Max Thermal: 0.2086
Epoch 5300 | Val Loss: 375.0516 | Val Cost: 385701.00 | Val Max P-Miss: 2.4900 | Max Q-Miss: 0.9886 | Val Max Gen Viol: 0.0000 | Val Max Thermal: 0.2084
Epoch 5400 | Val Loss: 373.9510 | Val Cost: 384544.00 | Val Max P-Miss: 2.0056 | Max Q-Miss: 1.1040 | Val Max Gen Viol: 0.0000 | Val Max Thermal: 0.2095
Epoch 5500 | Val Loss: 473.5923 | Val Cost: 383674.31 | Val Max P-Miss: 2.1585 | Max Q-Miss: 1.4841 | Val Max Gen Viol: 0.0000 | Val Max Thermal: 0.1891
Epoch 5600 | Val Loss: 764.4312 | Val Cost: 384888.09 | Val Max P-Miss: 3.8757 | Max Q-Miss: 4.3073 | Val Max Gen Viol: 0.0000 | Val Max Thermal: 0.1932
Epoch 5700 | Val Loss: 365.0407 | Val Cost: 385662.47 | Val Max P-Miss: 1.9508 | Max Q-Miss: 1.5452 | Val Max Gen Viol: 0.0000 | Val Max Thermal: 0.2037
Epoch 5800 | Val Loss: 357.0355 | Val Cost: 386514.12 | Val Max P-Miss: 2.5379 | Max Q-Miss: 0.9961 | Val Max Gen Viol: 0.0000 | Val Max Thermal: 0.2033 [*SAVED BEST*]
Epoch 5900 | Val Loss: 369.2336 | Val Cost: 385781.06 | Val Max P-Miss: 2.4293 | Max Q-Miss: 1.3036 | Val Max Gen Viol: 0.0000 | Val Max Thermal: 0.2019
Epoch 6000 | Val Loss: 462.1443 | Val Cost: 385696.41 | Val Max P-Miss: 3.8966 | Max Q-Miss: 1.3846 | Val Max Gen Viol: 0.0000 | Val Max Thermal: 0.2041
Epoch 6100 | Val Loss: 390.5717 | Val Cost: 385028.34 | Val Max P-Miss: 1.7586 | Max Q-Miss: 1.3137 | Val Max Gen Viol: 0.0000 | Val Max Thermal: 0.3253
Epoch 6200 | Val Loss: 365.0082 | Val Cost: 385185.44 | Val Max P-Miss: 2.4535 | Max Q-Miss: 1.4120 | Val Max Gen Viol: 0.0000 | Val Max Thermal: 0.2097
Epoch 6300 | Val Loss: 410.6887 | Val Cost: 385504.78 | Val Max P-Miss: 1.8496 | Max Q-Miss: 2.4532 | Val Max Gen Viol: 0.0000 | Val Max Thermal: 0.2044
Epoch 6400 | Val Loss: 339.0796 | Val Cost: 385991.19 | Val Max P-Miss: 1.8704 | Max Q-Miss: 1.0024 | Val Max Gen Viol: 0.0000 | Val Max Thermal: 0.2098 [*SAVED BEST*]
Epoch 6500 | Val Loss: 335.7534 | Val Cost: 385223.97 | Val Max P-Miss: 1.8328 | Max Q-Miss: 0.9782 | Val Max Gen Viol: 0.0000 | Val Max Thermal: 0.2098 [*SAVED BEST*]
Epoch 6600 | Val Loss: 347.8793 | Val Cost: 386037.00 | Val Max P-Miss: 1.8752 | Max Q-Miss: 1.5800 | Val Max Gen Viol: 0.0000 | Val Max Thermal: 0.2101
Epoch 6700 | Val Loss: 401.4150 | Val Cost: 381184.53 | Val Max P-Miss: 2.0478 | Max Q-Miss: 1.7157 | Val Max Gen Viol: 0.0000 | Val Max Thermal: 0.1995
Epoch 6800 | Val Loss: 341.3578 | Val Cost: 384169.81 | Val Max P-Miss: 1.8277 | Max Q-Miss: 1.7290 | Val Max Gen Viol: 0.0000 | Val Max Thermal: 0.2061
Epoch 6900 | Val Loss: 339.6849 | Val Cost: 385430.94 | Val Max P-Miss: 1.8567 | Max Q-Miss: 1.4164 | Val Max Gen Viol: 0.0000 | Val Max Thermal: 0.2102
Epoch 7000 | Val Loss: 363.5646 | Val Cost: 384894.03 | Val Max P-Miss: 1.9149 | Max Q-Miss: 1.2203 | Val Max Gen Viol: 0.0000 | Val Max Thermal: 0.2073
Epoch 7100 | Val Loss: 375.5071 | Val Cost: 384560.97 | Val Max P-Miss: 2.2908 | Max Q-Miss: 2.1475 | Val Max Gen Viol: 0.0000 | Val Max Thermal: 0.2106
Epoch 7200 | Val Loss: 369.1592 | Val Cost: 384612.59 | Val Max P-Miss: 2.5078 | Max Q-Miss: 1.7530 | Val Max Gen Viol: 0.0000 | Val Max Thermal: 0.2136
Epoch 7300 | Val Loss: 340.2318 | Val Cost: 384792.09 | Val Max P-Miss: 1.8208 | Max Q-Miss: 1.1358 | Val Max Gen Viol: 0.0000 | Val Max Thermal: 0.2116
Epoch 7400 | Val Loss: 342.3867 | Val Cost: 385784.53 | Val Max P-Miss: 1.8460 | Max Q-Miss: 1.0334 | Val Max Gen Viol: 0.0000 | Val Max Thermal: 0.2117
Epoch 7500 | Val Loss: 448.4529 | Val Cost: 382201.88 | Val Max P-Miss: 1.9168 | Max Q-Miss: 3.1924 | Val Max Gen Viol: 0.0000 | Val Max Thermal: 0.2065
Epoch 7600 | Val Loss: 332.7450 | Val Cost: 385048.34 | Val Max P-Miss: 1.9268 | Max Q-Miss: 1.0306 | Val Max Gen Viol: 0.0000 | Val Max Thermal: 0.2118 [*SAVED BEST*]
Epoch 7700 | Val Loss: 343.1332 | Val Cost: 385504.41 | Val Max P-Miss: 1.9110 | Max Q-Miss: 1.0053 | Val Max Gen Viol: 0.0000 | Val Max Thermal: 0.2123
Epoch 7800 | Val Loss: 367.0192 | Val Cost: 382196.16 | Val Max P-Miss: 1.9008 | Max Q-Miss: 1.0549 | Val Max Gen Viol: 0.0000 | Val Max Thermal: 0.2139
Epoch 7900 | Val Loss: 447.9079 | Val Cost: 383897.38 | Val Max P-Miss: 2.6646 | Max Q-Miss: 3.1681 | Val Max Gen Viol: 0.0000 | Val Max Thermal: 0.2112
Epoch 8000 | Val Loss: 351.6451 | Val Cost: 384046.75 | Val Max P-Miss: 2.1256 | Max Q-Miss: 1.0081 | Val Max Gen Viol: 0.0000 | Val Max Thermal: 0.2131
Epoch 8100 | Val Loss: 340.3308 | Val Cost: 384874.25 | Val Max P-Miss: 1.9292 | Max Q-Miss: 1.1931 | Val Max Gen Viol: 0.0000 | Val Max Thermal: 0.2130
Epoch 8200 | Val Loss: 376.6575 | Val Cost: 382586.88 | Val Max P-Miss: 2.3270 | Max Q-Miss: 0.9843 | Val Max Gen Viol: 0.0000 | Val Max Thermal: 0.2074
Epoch 8300 | Val Loss: 335.4766 | Val Cost: 384709.38 | Val Max P-Miss: 1.8645 | Max Q-Miss: 1.0193 | Val Max Gen Viol: 0.0000 | Val Max Thermal: 0.2138
Epoch 8400 | Val Loss: 332.6255 | Val Cost: 383957.59 | Val Max P-Miss: 1.8757 | Max Q-Miss: 1.0588 | Val Max Gen Viol: 0.0000 | Val Max Thermal: 0.2327 [*SAVED BEST*]
Epoch 8500 | Val Loss: 361.7730 | Val Cost: 383220.66 | Val Max P-Miss: 1.8037 | Max Q-Miss: 1.4317 | Val Max Gen Viol: 0.0000 | Val Max Thermal: 0.4296
Epoch 8600 | Val Loss: 376.2584 | Val Cost: 383438.22 | Val Max P-Miss: 1.8031 | Max Q-Miss: 2.7066 | Val Max Gen Viol: 0.0000 | Val Max Thermal: 0.2104
Epoch 8700 | Val Loss: 353.5779 | Val Cost: 384715.50 | Val Max P-Miss: 2.2444 | Max Q-Miss: 1.2456 | Val Max Gen Viol: 0.0000 | Val Max Thermal: 0.2139
Epoch 8800 | Val Loss: 383.3814 | Val Cost: 382877.28 | Val Max P-Miss: 1.9031 | Max Q-Miss: 2.6844 | Val Max Gen Viol: 0.0000 | Val Max Thermal: 0.2153
Epoch 8900 | Val Loss: 372.7511 | Val Cost: 382099.25 | Val Max P-Miss: 2.8515 | Max Q-Miss: 1.5506 | Val Max Gen Viol: 0.0000 | Val Max Thermal: 0.2630
Epoch 9000 | Val Loss: 331.2666 | Val Cost: 384446.94 | Val Max P-Miss: 1.8637 | Max Q-Miss: 1.0457 | Val Max Gen Viol: 0.0000 | Val Max Thermal: 0.2146 [*SAVED BEST*]
Epoch 9100 | Val Loss: 590.0139 | Val Cost: 383565.91 | Val Max P-Miss: 2.8293 | Max Q-Miss: 3.2306 | Val Max Gen Viol: 0.0000 | Val Max Thermal: 0.2038
Epoch 9200 | Val Loss: 355.7410 | Val Cost: 380525.72 | Val Max P-Miss: 2.1384 | Max Q-Miss: 0.9948 | Val Max Gen Viol: 0.0000 | Val Max Thermal: 0.2115
Epoch 9300 | Val Loss: 367.2502 | Val Cost: 382487.69 | Val Max P-Miss: 1.9068 | Max Q-Miss: 1.8230 | Val Max Gen Viol: 0.0000 | Val Max Thermal: 0.2124
Epoch 9400 | Val Loss: 331.5443 | Val Cost: 384295.50 | Val Max P-Miss: 1.8721 | Max Q-Miss: 1.0087 | Val Max Gen Viol: 0.0000 | Val Max Thermal: 0.2150
Epoch 9500 | Val Loss: 349.3567 | Val Cost: 384169.38 | Val Max P-Miss: 2.3622 | Max Q-Miss: 0.9779 | Val Max Gen Viol: 0.0000 | Val Max Thermal: 0.2150
Epoch 9600 | Val Loss: 345.4053 | Val Cost: 383639.81 | Val Max P-Miss: 1.8526 | Max Q-Miss: 1.6071 | Val Max Gen Viol: 0.0000 | Val Max Thermal: 0.2143
Epoch 9700 | Val Loss: 342.1980 | Val Cost: 383103.38 | Val Max P-Miss: 1.8541 | Max Q-Miss: 1.1254 | Val Max Gen Viol: 0.0000 | Val Max Thermal: 0.2137
Epoch 9800 | Val Loss: 332.6568 | Val Cost: 383996.94 | Val Max P-Miss: 1.8504 | Max Q-Miss: 1.1976 | Val Max Gen Viol: 0.0000 | Val Max Thermal: 0.2151
Epoch 9900 | Val Loss: 337.7896 | Val Cost: 383559.56 | Val Max P-Miss: 1.8714 | Max Q-Miss: 0.9738 | Val Max Gen Viol: 0.0000 | Val Max Thermal: 0.2147

==================================================
Training Complete!
Total Training Time: 00h 07m 28.19s
Best model weights saved to: ./model/best_controlled_full_physics_pglib_opf_case300_ieee_10000epochs_seed2_20260922_203147.pth
==================================================

