Random seed     : 2
CUDA Hardware Acceleration Active: NVIDIA GeForce RTX 4090
Problem Geometry Linked -> Matrix Samples: 10000
======================================================================
CONTROLLED ABLATION
Case            : pglib_opf_case14_ieee
Projection      : full
Weight strategy : nominal
Weights         : {'eq_p': 1000.0, 'eq_q': 1000.0, 'thermal': 1.0, 'ang': 1.0, 'v': 1.0, 'obj': 0.0005}
======================================================================

Beginning execution of parallelized training matrix loops...
Epoch    0 | Val Loss: 161.7392 | Val Cost: 1714.33 | Val Max P-Miss: 1.0114 | Max Q-Miss: 0.6868 | Val Max Gen Viol: 0.0000 | Val Max Thermal: 0.0000 [*SAVED BEST*]
Epoch  100 | Val Loss: 20.8749 | Val Cost: 2045.58 | Val Max P-Miss: 0.2870 | Max Q-Miss: 0.1638 | Val Max Gen Viol: 0.0000 | Val Max Thermal: 0.0000 [*SAVED BEST*]
Epoch  200 | Val Loss: 13.0567 | Val Cost: 2161.29 | Val Max P-Miss: 0.2398 | Max Q-Miss: 0.0832 | Val Max Gen Viol: 0.0000 | Val Max Thermal: 0.0000 [*SAVED BEST*]
Epoch  300 | Val Loss: 13.5963 | Val Cost: 2184.17 | Val Max P-Miss: 0.2293 | Max Q-Miss: 0.0908 | Val Max Gen Viol: 0.0000 | Val Max Thermal: 0.0000
Epoch  400 | Val Loss: 10.5919 | Val Cost: 2245.29 | Val Max P-Miss: 0.2081 | Max Q-Miss: 0.0757 | Val Max Gen Viol: 0.0000 | Val Max Thermal: 0.0000 [*SAVED BEST*]
Epoch  500 | Val Loss: 10.0230 | Val Cost: 2200.68 | Val Max P-Miss: 0.1545 | Max Q-Miss: 0.1233 | Val Max Gen Viol: 0.0000 | Val Max Thermal: 0.0000 [*SAVED BEST*]
Epoch  600 | Val Loss: 9.1404 | Val Cost: 2291.01 | Val Max P-Miss: 0.1846 | Max Q-Miss: 0.0742 | Val Max Gen Viol: 0.0000 | Val Max Thermal: 0.0000 [*SAVED BEST*]
Epoch  700 | Val Loss: 10.2048 | Val Cost: 2263.28 | Val Max P-Miss: 0.1683 | Max Q-Miss: 0.0807 | Val Max Gen Viol: 0.0000 | Val Max Thermal: 0.0000
Epoch  800 | Val Loss: 8.9326 | Val Cost: 2308.84 | Val Max P-Miss: 0.1872 | Max Q-Miss: 0.0691 | Val Max Gen Viol: 0.0000 | Val Max Thermal: 0.0000 [*SAVED BEST*]
Epoch  900 | Val Loss: 11.2692 | Val Cost: 2271.49 | Val Max P-Miss: 0.2010 | Max Q-Miss: 0.0837 | Val Max Gen Viol: 0.0000 | Val Max Thermal: 0.0000
Epoch 1000 | Val Loss: 8.0620 | Val Cost: 2324.60 | Val Max P-Miss: 0.1661 | Max Q-Miss: 0.0677 | Val Max Gen Viol: 0.0000 | Val Max Thermal: 0.0000 [*SAVED BEST*]
Epoch 1100 | Val Loss: 7.7046 | Val Cost: 2337.68 | Val Max P-Miss: 0.1547 | Max Q-Miss: 0.0661 | Val Max Gen Viol: 0.0000 | Val Max Thermal: 0.0000 [*SAVED BEST*]
Epoch 1200 | Val Loss: 8.0812 | Val Cost: 2337.03 | Val Max P-Miss: 0.1686 | Max Q-Miss: 0.0704 | Val Max Gen Viol: 0.0000 | Val Max Thermal: 0.0000
Epoch 1300 | Val Loss: 10.1165 | Val Cost: 2323.07 | Val Max P-Miss: 0.2357 | Max Q-Miss: 0.0750 | Val Max Gen Viol: 0.0000 | Val Max Thermal: 0.0000
Epoch 1400 | Val Loss: 7.4760 | Val Cost: 2350.57 | Val Max P-Miss: 0.1507 | Max Q-Miss: 0.0658 | Val Max Gen Viol: 0.0000 | Val Max Thermal: 0.0000 [*SAVED BEST*]
Epoch 1500 | Val Loss: 7.9193 | Val Cost: 2343.17 | Val Max P-Miss: 0.1409 | Max Q-Miss: 0.0725 | Val Max Gen Viol: 0.0000 | Val Max Thermal: 0.0000
Epoch 1600 | Val Loss: 7.3204 | Val Cost: 2352.15 | Val Max P-Miss: 0.1470 | Max Q-Miss: 0.0714 | Val Max Gen Viol: 0.0000 | Val Max Thermal: 0.0000 [*SAVED BEST*]
Epoch 1700 | Val Loss: 7.2401 | Val Cost: 2353.78 | Val Max P-Miss: 0.1510 | Max Q-Miss: 0.0686 | Val Max Gen Viol: 0.0000 | Val Max Thermal: 0.0000 [*SAVED BEST*]
Epoch 1800 | Val Loss: 7.1936 | Val Cost: 2347.00 | Val Max P-Miss: 0.1344 | Max Q-Miss: 0.0732 | Val Max Gen Viol: 0.0000 | Val Max Thermal: 0.0000 [*SAVED BEST*]
Epoch 1900 | Val Loss: 7.1859 | Val Cost: 2350.62 | Val Max P-Miss: 0.1531 | Max Q-Miss: 0.0699 | Val Max Gen Viol: 0.0000 | Val Max Thermal: 0.0000 [*SAVED BEST*]
Epoch 2000 | Val Loss: 6.9914 | Val Cost: 2353.55 | Val Max P-Miss: 0.1402 | Max Q-Miss: 0.0672 | Val Max Gen Viol: 0.0000 | Val Max Thermal: 0.0000 [*SAVED BEST*]
Epoch 2100 | Val Loss: 7.2568 | Val Cost: 2354.30 | Val Max P-Miss: 0.1448 | Max Q-Miss: 0.0836 | Val Max Gen Viol: 0.0000 | Val Max Thermal: 0.0000
Epoch 2200 | Val Loss: 7.0170 | Val Cost: 2354.58 | Val Max P-Miss: 0.1431 | Max Q-Miss: 0.0676 | Val Max Gen Viol: 0.0000 | Val Max Thermal: 0.0000
Epoch 2300 | Val Loss: 7.8665 | Val Cost: 2353.81 | Val Max P-Miss: 0.1425 | Max Q-Miss: 0.0963 | Val Max Gen Viol: 0.0000 | Val Max Thermal: 0.0000
Epoch 2400 | Val Loss: 6.8032 | Val Cost: 2354.18 | Val Max P-Miss: 0.1204 | Max Q-Miss: 0.0651 | Val Max Gen Viol: 0.0000 | Val Max Thermal: 0.0000 [*SAVED BEST*]
Epoch 2500 | Val Loss: 6.8912 | Val Cost: 2354.38 | Val Max P-Miss: 0.1350 | Max Q-Miss: 0.0674 | Val Max Gen Viol: 0.0000 | Val Max Thermal: 0.0000
Epoch 2600 | Val Loss: 6.9542 | Val Cost: 2357.73 | Val Max P-Miss: 0.1264 | Max Q-Miss: 0.0701 | Val Max Gen Viol: 0.0000 | Val Max Thermal: 0.0000
Epoch 2700 | Val Loss: 6.6755 | Val Cost: 2353.17 | Val Max P-Miss: 0.1216 | Max Q-Miss: 0.0642 | Val Max Gen Viol: 0.0000 | Val Max Thermal: 0.0000 [*SAVED BEST*]
Epoch 2800 | Val Loss: 6.7474 | Val Cost: 2353.76 | Val Max P-Miss: 0.1122 | Max Q-Miss: 0.0687 | Val Max Gen Viol: 0.0000 | Val Max Thermal: 0.0000
Epoch 2900 | Val Loss: 6.9194 | Val Cost: 2354.08 | Val Max P-Miss: 0.1125 | Max Q-Miss: 0.0752 | Val Max Gen Viol: 0.0000 | Val Max Thermal: 0.0000
Epoch 3000 | Val Loss: 6.6580 | Val Cost: 2353.32 | Val Max P-Miss: 0.1144 | Max Q-Miss: 0.0669 | Val Max Gen Viol: 0.0000 | Val Max Thermal: 0.0000 [*SAVED BEST*]
Epoch 3100 | Val Loss: 6.8546 | Val Cost: 2354.94 | Val Max P-Miss: 0.1224 | Max Q-Miss: 0.0696 | Val Max Gen Viol: 0.0000 | Val Max Thermal: 0.0000
Epoch 3200 | Val Loss: 6.9780 | Val Cost: 2352.13 | Val Max P-Miss: 0.1091 | Max Q-Miss: 0.0881 | Val Max Gen Viol: 0.0000 | Val Max Thermal: 0.0000
Epoch 3300 | Val Loss: 6.5812 | Val Cost: 2353.45 | Val Max P-Miss: 0.1090 | Max Q-Miss: 0.0666 | Val Max Gen Viol: 0.0000 | Val Max Thermal: 0.0000 [*SAVED BEST*]
Epoch 3400 | Val Loss: 6.6623 | Val Cost: 2354.26 | Val Max P-Miss: 0.1239 | Max Q-Miss: 0.0653 | Val Max Gen Viol: 0.0000 | Val Max Thermal: 0.0000
Epoch 3500 | Val Loss: 6.7809 | Val Cost: 2354.21 | Val Max P-Miss: 0.1081 | Max Q-Miss: 0.0689 | Val Max Gen Viol: 0.0000 | Val Max Thermal: 0.0000
Epoch 3600 | Val Loss: 6.5928 | Val Cost: 2353.75 | Val Max P-Miss: 0.1119 | Max Q-Miss: 0.0682 | Val Max Gen Viol: 0.0000 | Val Max Thermal: 0.0000
Epoch 3700 | Val Loss: 6.5551 | Val Cost: 2353.34 | Val Max P-Miss: 0.1080 | Max Q-Miss: 0.0643 | Val Max Gen Viol: 0.0000 | Val Max Thermal: 0.0000 [*SAVED BEST*]
Epoch 3800 | Val Loss: 6.8668 | Val Cost: 2352.28 | Val Max P-Miss: 0.1070 | Max Q-Miss: 0.0900 | Val Max Gen Viol: 0.0000 | Val Max Thermal: 0.0000
Epoch 3900 | Val Loss: 6.5929 | Val Cost: 2353.16 | Val Max P-Miss: 0.1064 | Max Q-Miss: 0.0658 | Val Max Gen Viol: 0.0000 | Val Max Thermal: 0.0000
Epoch 4000 | Val Loss: 6.6024 | Val Cost: 2354.53 | Val Max P-Miss: 0.1106 | Max Q-Miss: 0.0637 | Val Max Gen Viol: 0.0000 | Val Max Thermal: 0.0000
Epoch 4100 | Val Loss: 7.0008 | Val Cost: 2354.89 | Val Max P-Miss: 0.1526 | Max Q-Miss: 0.0656 | Val Max Gen Viol: 0.0000 | Val Max Thermal: 0.0000
Epoch 4200 | Val Loss: 6.5258 | Val Cost: 2353.57 | Val Max P-Miss: 0.1083 | Max Q-Miss: 0.0618 | Val Max Gen Viol: 0.0000 | Val Max Thermal: 0.0000 [*SAVED BEST*]
Epoch 4300 | Val Loss: 6.5888 | Val Cost: 2354.01 | Val Max P-Miss: 0.1156 | Max Q-Miss: 0.0641 | Val Max Gen Viol: 0.0000 | Val Max Thermal: 0.0000
Epoch 4400 | Val Loss: 6.5921 | Val Cost: 2353.49 | Val Max P-Miss: 0.1109 | Max Q-Miss: 0.0670 | Val Max Gen Viol: 0.0000 | Val Max Thermal: 0.0000
Epoch 4500 | Val Loss: 6.8289 | Val Cost: 2354.00 | Val Max P-Miss: 0.1326 | Max Q-Miss: 0.0656 | Val Max Gen Viol: 0.0000 | Val Max Thermal: 0.0000
Epoch 4600 | Val Loss: 6.5515 | Val Cost: 2353.83 | Val Max P-Miss: 0.1115 | Max Q-Miss: 0.0646 | Val Max Gen Viol: 0.0000 | Val Max Thermal: 0.0000
Epoch 4700 | Val Loss: 6.6321 | Val Cost: 2353.51 | Val Max P-Miss: 0.1167 | Max Q-Miss: 0.0657 | Val Max Gen Viol: 0.0000 | Val Max Thermal: 0.0000
Epoch 4800 | Val Loss: 6.5444 | Val Cost: 2353.77 | Val Max P-Miss: 0.1081 | Max Q-Miss: 0.0642 | Val Max Gen Viol: 0.0000 | Val Max Thermal: 0.0000
Epoch 4900 | Val Loss: 6.7154 | Val Cost: 2353.35 | Val Max P-Miss: 0.1115 | Max Q-Miss: 0.0740 | Val Max Gen Viol: 0.0000 | Val Max Thermal: 0.0000
Epoch 5000 | Val Loss: 6.4928 | Val Cost: 2352.58 | Val Max P-Miss: 0.1075 | Max Q-Miss: 0.0733 | Val Max Gen Viol: 0.0000 | Val Max Thermal: 0.0000 [*SAVED BEST*]
Epoch 5100 | Val Loss: 6.5423 | Val Cost: 2353.80 | Val Max P-Miss: 0.1095 | Max Q-Miss: 0.0639 | Val Max Gen Viol: 0.0000 | Val Max Thermal: 0.0000
Epoch 5200 | Val Loss: 6.5126 | Val Cost: 2353.74 | Val Max P-Miss: 0.1064 | Max Q-Miss: 0.0635 | Val Max Gen Viol: 0.0000 | Val Max Thermal: 0.0000
Epoch 5300 | Val Loss: 6.6880 | Val Cost: 2354.41 | Val Max P-Miss: 0.1318 | Max Q-Miss: 0.0672 | Val Max Gen Viol: 0.0000 | Val Max Thermal: 0.0000
Epoch 5400 | Val Loss: 6.4600 | Val Cost: 2353.47 | Val Max P-Miss: 0.1039 | Max Q-Miss: 0.0637 | Val Max Gen Viol: 0.0000 | Val Max Thermal: 0.0000 [*SAVED BEST*]
Epoch 5500 | Val Loss: 6.4925 | Val Cost: 2353.36 | Val Max P-Miss: 0.1058 | Max Q-Miss: 0.0676 | Val Max Gen Viol: 0.0000 | Val Max Thermal: 0.0000
Epoch 5600 | Val Loss: 6.5805 | Val Cost: 2353.77 | Val Max P-Miss: 0.1170 | Max Q-Miss: 0.0636 | Val Max Gen Viol: 0.0000 | Val Max Thermal: 0.0000
Epoch 5700 | Val Loss: 6.4599 | Val Cost: 2352.99 | Val Max P-Miss: 0.1029 | Max Q-Miss: 0.0677 | Val Max Gen Viol: 0.0000 | Val Max Thermal: 0.0000 [*SAVED BEST*]
Epoch 5800 | Val Loss: 6.9803 | Val Cost: 2351.72 | Val Max P-Miss: 0.1119 | Max Q-Miss: 0.0723 | Val Max Gen Viol: 0.0000 | Val Max Thermal: 0.0000
Epoch 5900 | Val Loss: 6.5834 | Val Cost: 2353.77 | Val Max P-Miss: 0.1214 | Max Q-Miss: 0.0630 | Val Max Gen Viol: 0.0000 | Val Max Thermal: 0.0000
Epoch 6000 | Val Loss: 6.4957 | Val Cost: 2352.86 | Val Max P-Miss: 0.1011 | Max Q-Miss: 0.0633 | Val Max Gen Viol: 0.0000 | Val Max Thermal: 0.0000
Epoch 6100 | Val Loss: 6.5081 | Val Cost: 2353.31 | Val Max P-Miss: 0.1052 | Max Q-Miss: 0.0649 | Val Max Gen Viol: 0.0000 | Val Max Thermal: 0.0000
Epoch 6200 | Val Loss: 6.4655 | Val Cost: 2354.39 | Val Max P-Miss: 0.1082 | Max Q-Miss: 0.0646 | Val Max Gen Viol: 0.0000 | Val Max Thermal: 0.0000
Epoch 6300 | Val Loss: 6.6095 | Val Cost: 2350.04 | Val Max P-Miss: 0.1182 | Max Q-Miss: 0.0646 | Val Max Gen Viol: 0.0000 | Val Max Thermal: 0.0000
Epoch 6400 | Val Loss: 7.1146 | Val Cost: 2350.84 | Val Max P-Miss: 0.1053 | Max Q-Miss: 0.0996 | Val Max Gen Viol: 0.0000 | Val Max Thermal: 0.0000
Epoch 6500 | Val Loss: 6.5271 | Val Cost: 2352.69 | Val Max P-Miss: 0.1022 | Max Q-Miss: 0.0794 | Val Max Gen Viol: 0.0000 | Val Max Thermal: 0.0000
Epoch 6600 | Val Loss: 6.4563 | Val Cost: 2353.58 | Val Max P-Miss: 0.1060 | Max Q-Miss: 0.0641 | Val Max Gen Viol: 0.0000 | Val Max Thermal: 0.0000 [*SAVED BEST*]
Epoch 6700 | Val Loss: 6.7597 | Val Cost: 2354.51 | Val Max P-Miss: 0.1179 | Max Q-Miss: 0.0688 | Val Max Gen Viol: 0.0000 | Val Max Thermal: 0.0000
Epoch 6800 | Val Loss: 6.4510 | Val Cost: 2353.36 | Val Max P-Miss: 0.1014 | Max Q-Miss: 0.0632 | Val Max Gen Viol: 0.0000 | Val Max Thermal: 0.0000 [*SAVED BEST*]
Epoch 6900 | Val Loss: 6.7879 | Val Cost: 2352.37 | Val Max P-Miss: 0.1222 | Max Q-Miss: 0.0633 | Val Max Gen Viol: 0.0000 | Val Max Thermal: 0.0000
Epoch 7000 | Val Loss: 6.8077 | Val Cost: 2360.27 | Val Max P-Miss: 0.1230 | Max Q-Miss: 0.0494 | Val Max Gen Viol: 0.0000 | Val Max Thermal: 0.0000
Epoch 7100 | Val Loss: 6.4866 | Val Cost: 2353.36 | Val Max P-Miss: 0.1038 | Max Q-Miss: 0.0651 | Val Max Gen Viol: 0.0000 | Val Max Thermal: 0.0000
Epoch 7200 | Val Loss: 6.4896 | Val Cost: 2353.74 | Val Max P-Miss: 0.1057 | Max Q-Miss: 0.0576 | Val Max Gen Viol: 0.0000 | Val Max Thermal: 0.0000
Epoch 7300 | Val Loss: 6.4742 | Val Cost: 2352.97 | Val Max P-Miss: 0.1028 | Max Q-Miss: 0.0635 | Val Max Gen Viol: 0.0000 | Val Max Thermal: 0.0000
Epoch 7400 | Val Loss: 6.4388 | Val Cost: 2352.92 | Val Max P-Miss: 0.1022 | Max Q-Miss: 0.0647 | Val Max Gen Viol: 0.0000 | Val Max Thermal: 0.0000 [*SAVED BEST*]
Epoch 7500 | Val Loss: 6.4595 | Val Cost: 2353.15 | Val Max P-Miss: 0.1033 | Max Q-Miss: 0.0660 | Val Max Gen Viol: 0.0000 | Val Max Thermal: 0.0000
Epoch 7600 | Val Loss: 6.4520 | Val Cost: 2352.89 | Val Max P-Miss: 0.1032 | Max Q-Miss: 0.0637 | Val Max Gen Viol: 0.0000 | Val Max Thermal: 0.0000
Epoch 7700 | Val Loss: 6.5849 | Val Cost: 2353.75 | Val Max P-Miss: 0.1082 | Max Q-Miss: 0.0633 | Val Max Gen Viol: 0.0000 | Val Max Thermal: 0.0000
Epoch 7800 | Val Loss: 6.4609 | Val Cost: 2352.98 | Val Max P-Miss: 0.1045 | Max Q-Miss: 0.0612 | Val Max Gen Viol: 0.0000 | Val Max Thermal: 0.0000
Epoch 7900 | Val Loss: 6.4862 | Val Cost: 2353.30 | Val Max P-Miss: 0.1016 | Max Q-Miss: 0.0647 | Val Max Gen Viol: 0.0000 | Val Max Thermal: 0.0000
Epoch 8000 | Val Loss: 6.4569 | Val Cost: 2353.23 | Val Max P-Miss: 0.1029 | Max Q-Miss: 0.0644 | Val Max Gen Viol: 0.0000 | Val Max Thermal: 0.0000
Epoch 8100 | Val Loss: 6.4609 | Val Cost: 2352.41 | Val Max P-Miss: 0.1017 | Max Q-Miss: 0.0638 | Val Max Gen Viol: 0.0000 | Val Max Thermal: 0.0000
Epoch 8200 | Val Loss: 6.6048 | Val Cost: 2355.16 | Val Max P-Miss: 0.1360 | Max Q-Miss: 0.0649 | Val Max Gen Viol: 0.0000 | Val Max Thermal: 0.0000
Epoch 8300 | Val Loss: 6.4373 | Val Cost: 2353.00 | Val Max P-Miss: 0.1024 | Max Q-Miss: 0.0632 | Val Max Gen Viol: 0.0000 | Val Max Thermal: 0.0000 [*SAVED BEST*]
Epoch 8400 | Val Loss: 6.4601 | Val Cost: 2353.00 | Val Max P-Miss: 0.1038 | Max Q-Miss: 0.0673 | Val Max Gen Viol: 0.0000 | Val Max Thermal: 0.0000
Epoch 8500 | Val Loss: 6.4487 | Val Cost: 2353.23 | Val Max P-Miss: 0.1042 | Max Q-Miss: 0.0649 | Val Max Gen Viol: 0.0000 | Val Max Thermal: 0.0000
Epoch 8600 | Val Loss: 6.9505 | Val Cost: 2351.98 | Val Max P-Miss: 0.1408 | Max Q-Miss: 0.0598 | Val Max Gen Viol: 0.0000 | Val Max Thermal: 0.0000
Epoch 8700 | Val Loss: 6.4521 | Val Cost: 2352.90 | Val Max P-Miss: 0.0998 | Max Q-Miss: 0.0678 | Val Max Gen Viol: 0.0000 | Val Max Thermal: 0.0000
Epoch 8800 | Val Loss: 6.4846 | Val Cost: 2356.59 | Val Max P-Miss: 0.1048 | Max Q-Miss: 0.0608 | Val Max Gen Viol: 0.0000 | Val Max Thermal: 0.0000
Epoch 8900 | Val Loss: 6.4253 | Val Cost: 2353.11 | Val Max P-Miss: 0.1019 | Max Q-Miss: 0.0646 | Val Max Gen Viol: 0.0000 | Val Max Thermal: 0.0000 [*SAVED BEST*]
Epoch 9000 | Val Loss: 6.4319 | Val Cost: 2353.11 | Val Max P-Miss: 0.1042 | Max Q-Miss: 0.0639 | Val Max Gen Viol: 0.0000 | Val Max Thermal: 0.0000
Epoch 9100 | Val Loss: 6.4580 | Val Cost: 2353.96 | Val Max P-Miss: 0.1011 | Max Q-Miss: 0.0596 | Val Max Gen Viol: 0.0000 | Val Max Thermal: 0.0000
Epoch 9200 | Val Loss: 6.4377 | Val Cost: 2352.59 | Val Max P-Miss: 0.1007 | Max Q-Miss: 0.0642 | Val Max Gen Viol: 0.0000 | Val Max Thermal: 0.0000
Epoch 9300 | Val Loss: 6.5804 | Val Cost: 2352.48 | Val Max P-Miss: 0.1060 | Max Q-Miss: 0.0665 | Val Max Gen Viol: 0.0000 | Val Max Thermal: 0.0000
Epoch 9400 | Val Loss: 6.4210 | Val Cost: 2353.40 | Val Max P-Miss: 0.1051 | Max Q-Miss: 0.0648 | Val Max Gen Viol: 0.0000 | Val Max Thermal: 0.0000 [*SAVED BEST*]
Epoch 9500 | Val Loss: 6.4314 | Val Cost: 2353.39 | Val Max P-Miss: 0.1051 | Max Q-Miss: 0.0657 | Val Max Gen Viol: 0.0000 | Val Max Thermal: 0.0000
Epoch 9600 | Val Loss: 6.4375 | Val Cost: 2353.53 | Val Max P-Miss: 0.1089 | Max Q-Miss: 0.0605 | Val Max Gen Viol: 0.0000 | Val Max Thermal: 0.0000
Epoch 9700 | Val Loss: 6.4640 | Val Cost: 2352.72 | Val Max P-Miss: 0.1049 | Max Q-Miss: 0.0631 | Val Max Gen Viol: 0.0000 | Val Max Thermal: 0.0000
Epoch 9800 | Val Loss: 6.4476 | Val Cost: 2352.83 | Val Max P-Miss: 0.1011 | Max Q-Miss: 0.0716 | Val Max Gen Viol: 0.0000 | Val Max Thermal: 0.0000
Epoch 9900 | Val Loss: 6.4405 | Val Cost: 2355.36 | Val Max P-Miss: 0.1072 | Max Q-Miss: 0.0695 | Val Max Gen Viol: 0.0000 | Val Max Thermal: 0.0000

==================================================
Training Complete!
Total Training Time: 00h 12m 25.92s
Best model weights saved to: ./model/best_controlled_full_nominal_pglib_opf_case14_ieee_10000epochs_seed2_20260924_073545.pth
==================================================

