Random seed     : 3
CUDA Hardware Acceleration Active: NVIDIA GeForce RTX 4090
Problem Geometry Linked -> Matrix Samples: 10000
======================================================================
CONTROLLED ABLATION
Case            : pglib_opf_case162_ieee_dtc
Projection      : generation
Weight strategy : nominal
Weights         : {'eq_p': 1000.0, 'eq_q': 1000.0, 'thermal': 1.0, 'ang': 1.0, 'v': 1.0, 'obj': 0.0005}
======================================================================

Beginning execution of parallelized training matrix loops...
Epoch    0 | Val Loss: 2893.5254 | Val Cost: 81688.42 | Val Max P-Miss: 9.6471 | Max Q-Miss: 2.3546 | Val Max Gen Viol: 0.0000 | Val Max Thermal: 0.0000 [*SAVED BEST*]
Epoch  100 | Val Loss: 218.2807 | Val Cost: 51370.29 | Val Max P-Miss: 2.5089 | Max Q-Miss: 1.2665 | Val Max Gen Viol: 0.0000 | Val Max Thermal: 1.6469 [*SAVED BEST*]
Epoch  200 | Val Loss: 164.5162 | Val Cost: 57494.95 | Val Max P-Miss: 1.8921 | Max Q-Miss: 1.4075 | Val Max Gen Viol: 0.0000 | Val Max Thermal: 3.6963 [*SAVED BEST*]
Epoch  300 | Val Loss: 247.2171 | Val Cost: 61477.45 | Val Max P-Miss: 3.2032 | Max Q-Miss: 1.2186 | Val Max Gen Viol: 0.0000 | Val Max Thermal: 7.0476
Epoch  400 | Val Loss: 161.4001 | Val Cost: 60310.16 | Val Max P-Miss: 1.8886 | Max Q-Miss: 1.0906 | Val Max Gen Viol: 0.0000 | Val Max Thermal: 3.1028 [*SAVED BEST*]
Epoch  500 | Val Loss: 125.5153 | Val Cost: 64962.19 | Val Max P-Miss: 1.3097 | Max Q-Miss: 0.9528 | Val Max Gen Viol: 0.0000 | Val Max Thermal: 10.9736 [*SAVED BEST*]
Epoch  600 | Val Loss: 155.1220 | Val Cost: 64698.91 | Val Max P-Miss: 1.4092 | Max Q-Miss: 0.9115 | Val Max Gen Viol: 0.0000 | Val Max Thermal: 12.6014
Epoch  700 | Val Loss: 135.8312 | Val Cost: 65174.19 | Val Max P-Miss: 1.8659 | Max Q-Miss: 1.1427 | Val Max Gen Viol: 0.0000 | Val Max Thermal: 9.4714
Epoch  800 | Val Loss: 118.4862 | Val Cost: 68147.33 | Val Max P-Miss: 0.9428 | Max Q-Miss: 1.2595 | Val Max Gen Viol: 0.0000 | Val Max Thermal: 17.5249 [*SAVED BEST*]
Epoch  900 | Val Loss: 119.6085 | Val Cost: 68166.16 | Val Max P-Miss: 1.5274 | Max Q-Miss: 0.8775 | Val Max Gen Viol: 0.0000 | Val Max Thermal: 15.3033
Epoch 1000 | Val Loss: 104.7363 | Val Cost: 69339.72 | Val Max P-Miss: 1.1787 | Max Q-Miss: 0.8479 | Val Max Gen Viol: 0.0000 | Val Max Thermal: 18.3939 [*SAVED BEST*]
Epoch 1100 | Val Loss: 112.3537 | Val Cost: 69906.52 | Val Max P-Miss: 1.5728 | Max Q-Miss: 0.6593 | Val Max Gen Viol: 0.0000 | Val Max Thermal: 18.0585
Epoch 1200 | Val Loss: 107.7744 | Val Cost: 70691.22 | Val Max P-Miss: 1.2443 | Max Q-Miss: 0.8438 | Val Max Gen Viol: 0.0000 | Val Max Thermal: 20.0328
Epoch 1300 | Val Loss: 117.0149 | Val Cost: 69426.44 | Val Max P-Miss: 1.2598 | Max Q-Miss: 0.8282 | Val Max Gen Viol: 0.0000 | Val Max Thermal: 15.2998
Epoch 1400 | Val Loss: 107.8642 | Val Cost: 71350.71 | Val Max P-Miss: 0.9289 | Max Q-Miss: 0.9327 | Val Max Gen Viol: 0.0000 | Val Max Thermal: 20.8442
Epoch 1500 | Val Loss: 123.4035 | Val Cost: 69321.60 | Val Max P-Miss: 1.1586 | Max Q-Miss: 0.9771 | Val Max Gen Viol: 0.0000 | Val Max Thermal: 13.0591
Epoch 1600 | Val Loss: 148.6642 | Val Cost: 69680.23 | Val Max P-Miss: 1.0133 | Max Q-Miss: 1.2724 | Val Max Gen Viol: 0.0000 | Val Max Thermal: 15.2471
Epoch 1700 | Val Loss: 110.5095 | Val Cost: 69145.05 | Val Max P-Miss: 1.6115 | Max Q-Miss: 0.7502 | Val Max Gen Viol: 0.0000 | Val Max Thermal: 16.8200
Epoch 1800 | Val Loss: 104.4978 | Val Cost: 70583.49 | Val Max P-Miss: 0.9492 | Max Q-Miss: 0.7068 | Val Max Gen Viol: 0.0000 | Val Max Thermal: 21.7617 [*SAVED BEST*]
Epoch 1900 | Val Loss: 101.3972 | Val Cost: 71654.91 | Val Max P-Miss: 0.8459 | Max Q-Miss: 0.7745 | Val Max Gen Viol: 0.0000 | Val Max Thermal: 23.3829 [*SAVED BEST*]
Epoch 2000 | Val Loss: 104.3371 | Val Cost: 70383.30 | Val Max P-Miss: 1.3087 | Max Q-Miss: 0.9231 | Val Max Gen Viol: 0.0000 | Val Max Thermal: 21.9139
Epoch 2100 | Val Loss: 98.5321 | Val Cost: 71596.45 | Val Max P-Miss: 0.9361 | Max Q-Miss: 0.8235 | Val Max Gen Viol: 0.0000 | Val Max Thermal: 24.2004 [*SAVED BEST*]
Epoch 2200 | Val Loss: 104.1268 | Val Cost: 70133.02 | Val Max P-Miss: 0.8963 | Max Q-Miss: 0.8175 | Val Max Gen Viol: 0.0000 | Val Max Thermal: 19.4924
Epoch 2300 | Val Loss: 98.3162 | Val Cost: 71382.40 | Val Max P-Miss: 0.9463 | Max Q-Miss: 0.6765 | Val Max Gen Viol: 0.0000 | Val Max Thermal: 25.1348 [*SAVED BEST*]
Epoch 2400 | Val Loss: 98.7716 | Val Cost: 71332.73 | Val Max P-Miss: 0.9486 | Max Q-Miss: 0.8037 | Val Max Gen Viol: 0.0000 | Val Max Thermal: 24.8433
Epoch 2500 | Val Loss: 98.5400 | Val Cost: 71359.41 | Val Max P-Miss: 0.8348 | Max Q-Miss: 0.7024 | Val Max Gen Viol: 0.0000 | Val Max Thermal: 24.5683
Epoch 2600 | Val Loss: 96.2423 | Val Cost: 71067.55 | Val Max P-Miss: 0.9040 | Max Q-Miss: 0.6615 | Val Max Gen Viol: 0.0000 | Val Max Thermal: 26.1086 [*SAVED BEST*]
Epoch 2700 | Val Loss: 94.3086 | Val Cost: 71330.44 | Val Max P-Miss: 0.8494 | Max Q-Miss: 0.6513 | Val Max Gen Viol: 0.0000 | Val Max Thermal: 25.6471 [*SAVED BEST*]
Epoch 2800 | Val Loss: 113.8861 | Val Cost: 68671.50 | Val Max P-Miss: 1.0041 | Max Q-Miss: 0.9470 | Val Max Gen Viol: 0.0000 | Val Max Thermal: 14.8621
Epoch 2900 | Val Loss: 97.5898 | Val Cost: 71167.62 | Val Max P-Miss: 0.8290 | Max Q-Miss: 0.7525 | Val Max Gen Viol: 0.0000 | Val Max Thermal: 26.0185
Epoch 3000 | Val Loss: 94.9213 | Val Cost: 71099.48 | Val Max P-Miss: 0.7567 | Max Q-Miss: 0.6302 | Val Max Gen Viol: 0.0000 | Val Max Thermal: 25.9648
Epoch 3100 | Val Loss: 95.8663 | Val Cost: 71080.90 | Val Max P-Miss: 0.7843 | Max Q-Miss: 0.6465 | Val Max Gen Viol: 0.0000 | Val Max Thermal: 26.6245
Epoch 3200 | Val Loss: 118.0626 | Val Cost: 69727.15 | Val Max P-Miss: 1.1077 | Max Q-Miss: 0.8259 | Val Max Gen Viol: 0.0000 | Val Max Thermal: 19.4110
Epoch 3300 | Val Loss: 111.9341 | Val Cost: 69872.02 | Val Max P-Miss: 0.8925 | Max Q-Miss: 0.6664 | Val Max Gen Viol: 0.0000 | Val Max Thermal: 21.8025
Epoch 3400 | Val Loss: 93.7695 | Val Cost: 70933.96 | Val Max P-Miss: 0.8028 | Max Q-Miss: 0.6330 | Val Max Gen Viol: 0.0000 | Val Max Thermal: 26.7770 [*SAVED BEST*]
Epoch 3500 | Val Loss: 94.3848 | Val Cost: 70564.89 | Val Max P-Miss: 0.7721 | Max Q-Miss: 0.6384 | Val Max Gen Viol: 0.0000 | Val Max Thermal: 26.6151
Epoch 3600 | Val Loss: 92.9697 | Val Cost: 70869.89 | Val Max P-Miss: 0.7935 | Max Q-Miss: 0.6242 | Val Max Gen Viol: 0.0000 | Val Max Thermal: 27.1496 [*SAVED BEST*]
Epoch 3700 | Val Loss: 100.9618 | Val Cost: 70355.73 | Val Max P-Miss: 0.7193 | Max Q-Miss: 0.7057 | Val Max Gen Viol: 0.0000 | Val Max Thermal: 24.7195
Epoch 3800 | Val Loss: 92.5005 | Val Cost: 70680.28 | Val Max P-Miss: 0.8728 | Max Q-Miss: 0.7147 | Val Max Gen Viol: 0.0000 | Val Max Thermal: 26.1939 [*SAVED BEST*]
Epoch 3900 | Val Loss: 123.6920 | Val Cost: 70065.27 | Val Max P-Miss: 1.5449 | Max Q-Miss: 0.6800 | Val Max Gen Viol: 0.0000 | Val Max Thermal: 25.0569
Epoch 4000 | Val Loss: 92.1722 | Val Cost: 70520.82 | Val Max P-Miss: 0.8067 | Max Q-Miss: 0.6485 | Val Max Gen Viol: 0.0000 | Val Max Thermal: 27.4166 [*SAVED BEST*]
Epoch 4100 | Val Loss: 93.0331 | Val Cost: 70536.10 | Val Max P-Miss: 0.8014 | Max Q-Miss: 0.6129 | Val Max Gen Viol: 0.0000 | Val Max Thermal: 27.4918
Epoch 4200 | Val Loss: 95.4958 | Val Cost: 70379.28 | Val Max P-Miss: 0.7614 | Max Q-Miss: 0.8263 | Val Max Gen Viol: 0.0000 | Val Max Thermal: 27.7438
Epoch 4300 | Val Loss: 92.3190 | Val Cost: 70367.91 | Val Max P-Miss: 0.8178 | Max Q-Miss: 0.6699 | Val Max Gen Viol: 0.0000 | Val Max Thermal: 26.9356
Epoch 4400 | Val Loss: 93.6362 | Val Cost: 70236.77 | Val Max P-Miss: 0.8670 | Max Q-Miss: 0.6259 | Val Max Gen Viol: 0.0000 | Val Max Thermal: 27.5267
Epoch 4500 | Val Loss: 93.4729 | Val Cost: 70083.54 | Val Max P-Miss: 0.7597 | Max Q-Miss: 0.6749 | Val Max Gen Viol: 0.0000 | Val Max Thermal: 26.1690
Epoch 4600 | Val Loss: 90.5667 | Val Cost: 70184.61 | Val Max P-Miss: 0.9027 | Max Q-Miss: 0.6181 | Val Max Gen Viol: 0.0000 | Val Max Thermal: 27.2809 [*SAVED BEST*]
Epoch 4700 | Val Loss: 90.9880 | Val Cost: 70261.06 | Val Max P-Miss: 0.9737 | Max Q-Miss: 0.7124 | Val Max Gen Viol: 0.0000 | Val Max Thermal: 27.6531
Epoch 4800 | Val Loss: 89.3997 | Val Cost: 70220.18 | Val Max P-Miss: 0.9004 | Max Q-Miss: 0.5943 | Val Max Gen Viol: 0.0000 | Val Max Thermal: 27.9512 [*SAVED BEST*]
Epoch 4900 | Val Loss: 91.2584 | Val Cost: 70143.61 | Val Max P-Miss: 0.9270 | Max Q-Miss: 0.6148 | Val Max Gen Viol: 0.0000 | Val Max Thermal: 27.3766
Epoch 5000 | Val Loss: 108.8458 | Val Cost: 69284.91 | Val Max P-Miss: 0.9352 | Max Q-Miss: 0.8034 | Val Max Gen Viol: 0.0000 | Val Max Thermal: 22.1530
Epoch 5100 | Val Loss: 97.4226 | Val Cost: 69382.62 | Val Max P-Miss: 0.8512 | Max Q-Miss: 0.8162 | Val Max Gen Viol: 0.0000 | Val Max Thermal: 20.4715
Epoch 5200 | Val Loss: 88.5209 | Val Cost: 69996.55 | Val Max P-Miss: 0.8611 | Max Q-Miss: 0.5890 | Val Max Gen Viol: 0.0000 | Val Max Thermal: 28.0877 [*SAVED BEST*]
Epoch 5300 | Val Loss: 92.7322 | Val Cost: 69896.87 | Val Max P-Miss: 0.9078 | Max Q-Miss: 0.6293 | Val Max Gen Viol: 0.0000 | Val Max Thermal: 27.2859
Epoch 5400 | Val Loss: 100.9379 | Val Cost: 69060.76 | Val Max P-Miss: 0.9616 | Max Q-Miss: 0.6819 | Val Max Gen Viol: 0.0000 | Val Max Thermal: 22.1571
Epoch 5500 | Val Loss: 89.3086 | Val Cost: 69894.09 | Val Max P-Miss: 0.9059 | Max Q-Miss: 0.5666 | Val Max Gen Viol: 0.0000 | Val Max Thermal: 27.3348
Epoch 5600 | Val Loss: 113.5179 | Val Cost: 69233.16 | Val Max P-Miss: 1.2300 | Max Q-Miss: 0.6151 | Val Max Gen Viol: 0.0000 | Val Max Thermal: 21.5069
Epoch 5700 | Val Loss: 90.9411 | Val Cost: 69645.95 | Val Max P-Miss: 0.8151 | Max Q-Miss: 0.6044 | Val Max Gen Viol: 0.0000 | Val Max Thermal: 26.1964
Epoch 5800 | Val Loss: 88.3372 | Val Cost: 69681.91 | Val Max P-Miss: 0.9089 | Max Q-Miss: 0.5870 | Val Max Gen Viol: 0.0000 | Val Max Thermal: 26.7561 [*SAVED BEST*]
Epoch 5900 | Val Loss: 88.5870 | Val Cost: 69664.07 | Val Max P-Miss: 0.8650 | Max Q-Miss: 0.5951 | Val Max Gen Viol: 0.0000 | Val Max Thermal: 27.0859
Epoch 6000 | Val Loss: 89.7811 | Val Cost: 69605.66 | Val Max P-Miss: 0.8890 | Max Q-Miss: 0.5862 | Val Max Gen Viol: 0.0000 | Val Max Thermal: 26.7313
Epoch 6100 | Val Loss: 95.2520 | Val Cost: 68869.80 | Val Max P-Miss: 0.8104 | Max Q-Miss: 0.6392 | Val Max Gen Viol: 0.0000 | Val Max Thermal: 22.8034
Epoch 6200 | Val Loss: 89.4989 | Val Cost: 69514.84 | Val Max P-Miss: 0.8448 | Max Q-Miss: 0.5851 | Val Max Gen Viol: 0.0000 | Val Max Thermal: 26.7469
Epoch 6300 | Val Loss: 88.4909 | Val Cost: 69526.35 | Val Max P-Miss: 0.9174 | Max Q-Miss: 0.5734 | Val Max Gen Viol: 0.0000 | Val Max Thermal: 26.2948
Epoch 6400 | Val Loss: 87.9748 | Val Cost: 69420.85 | Val Max P-Miss: 0.9723 | Max Q-Miss: 0.5842 | Val Max Gen Viol: 0.0000 | Val Max Thermal: 26.5622 [*SAVED BEST*]
Epoch 6500 | Val Loss: 88.8704 | Val Cost: 69357.88 | Val Max P-Miss: 0.9282 | Max Q-Miss: 0.5833 | Val Max Gen Viol: 0.0000 | Val Max Thermal: 26.1468
Epoch 6600 | Val Loss: 88.6209 | Val Cost: 69428.05 | Val Max P-Miss: 0.8872 | Max Q-Miss: 0.5792 | Val Max Gen Viol: 0.0000 | Val Max Thermal: 26.3710
Epoch 6700 | Val Loss: 88.5913 | Val Cost: 69304.71 | Val Max P-Miss: 0.8682 | Max Q-Miss: 0.5816 | Val Max Gen Viol: 0.0000 | Val Max Thermal: 25.8808
Epoch 6800 | Val Loss: 87.4315 | Val Cost: 69359.88 | Val Max P-Miss: 0.8920 | Max Q-Miss: 0.5540 | Val Max Gen Viol: 0.0000 | Val Max Thermal: 25.8911 [*SAVED BEST*]
Epoch 6900 | Val Loss: 88.3920 | Val Cost: 69188.74 | Val Max P-Miss: 1.2986 | Max Q-Miss: 0.5064 | Val Max Gen Viol: 0.0000 | Val Max Thermal: 25.1616
Epoch 7000 | Val Loss: 88.4442 | Val Cost: 69321.95 | Val Max P-Miss: 1.1989 | Max Q-Miss: 0.5365 | Val Max Gen Viol: 0.0000 | Val Max Thermal: 25.1207
Epoch 7100 | Val Loss: 93.8532 | Val Cost: 68892.66 | Val Max P-Miss: 1.2112 | Max Q-Miss: 0.5897 | Val Max Gen Viol: 0.0000 | Val Max Thermal: 21.3139
Epoch 7200 | Val Loss: 89.6834 | Val Cost: 69200.80 | Val Max P-Miss: 0.9571 | Max Q-Miss: 0.6132 | Val Max Gen Viol: 0.0000 | Val Max Thermal: 25.5408
Epoch 7300 | Val Loss: 88.5337 | Val Cost: 69202.65 | Val Max P-Miss: 1.0185 | Max Q-Miss: 0.5397 | Val Max Gen Viol: 0.0000 | Val Max Thermal: 25.1599
Epoch 7400 | Val Loss: 89.9143 | Val Cost: 69138.73 | Val Max P-Miss: 1.0605 | Max Q-Miss: 0.5999 | Val Max Gen Viol: 0.0000 | Val Max Thermal: 25.2927
Epoch 7500 | Val Loss: 87.8373 | Val Cost: 69067.84 | Val Max P-Miss: 1.0787 | Max Q-Miss: 0.5816 | Val Max Gen Viol: 0.0000 | Val Max Thermal: 25.1159
Epoch 7600 | Val Loss: 85.9278 | Val Cost: 69068.34 | Val Max P-Miss: 1.0868 | Max Q-Miss: 0.5698 | Val Max Gen Viol: 0.0000 | Val Max Thermal: 25.1465 [*SAVED BEST*]
Epoch 7700 | Val Loss: 87.3411 | Val Cost: 69036.52 | Val Max P-Miss: 1.1568 | Max Q-Miss: 0.5766 | Val Max Gen Viol: 0.0000 | Val Max Thermal: 25.0479
Epoch 7800 | Val Loss: 86.9260 | Val Cost: 69097.94 | Val Max P-Miss: 1.1217 | Max Q-Miss: 0.5384 | Val Max Gen Viol: 0.0000 | Val Max Thermal: 24.9340
Epoch 7900 | Val Loss: 87.3974 | Val Cost: 68982.19 | Val Max P-Miss: 1.1217 | Max Q-Miss: 0.5605 | Val Max Gen Viol: 0.0000 | Val Max Thermal: 25.0070
Epoch 8000 | Val Loss: 89.7577 | Val Cost: 68860.89 | Val Max P-Miss: 1.1358 | Max Q-Miss: 0.5916 | Val Max Gen Viol: 0.0000 | Val Max Thermal: 23.9805
Epoch 8100 | Val Loss: 88.2448 | Val Cost: 68940.13 | Val Max P-Miss: 1.1166 | Max Q-Miss: 0.5685 | Val Max Gen Viol: 0.0000 | Val Max Thermal: 24.6481
Epoch 8200 | Val Loss: 86.5017 | Val Cost: 68900.93 | Val Max P-Miss: 1.1532 | Max Q-Miss: 0.5529 | Val Max Gen Viol: 0.0000 | Val Max Thermal: 24.6543
Epoch 8300 | Val Loss: 88.6743 | Val Cost: 68915.59 | Val Max P-Miss: 1.1337 | Max Q-Miss: 0.5610 | Val Max Gen Viol: 0.0000 | Val Max Thermal: 24.8504
Epoch 8400 | Val Loss: 91.0404 | Val Cost: 68556.32 | Val Max P-Miss: 1.1670 | Max Q-Miss: 0.5661 | Val Max Gen Viol: 0.0000 | Val Max Thermal: 21.2792
Epoch 8500 | Val Loss: 90.8655 | Val Cost: 68740.24 | Val Max P-Miss: 1.1470 | Max Q-Miss: 0.6079 | Val Max Gen Viol: 0.0000 | Val Max Thermal: 22.5133
Epoch 8600 | Val Loss: 87.1857 | Val Cost: 68807.73 | Val Max P-Miss: 1.1437 | Max Q-Miss: 0.5467 | Val Max Gen Viol: 0.0000 | Val Max Thermal: 24.2030
Epoch 8700 | Val Loss: 86.1291 | Val Cost: 68872.53 | Val Max P-Miss: 1.1356 | Max Q-Miss: 0.5382 | Val Max Gen Viol: 0.0000 | Val Max Thermal: 24.0187
Epoch 8800 | Val Loss: 87.2622 | Val Cost: 68677.54 | Val Max P-Miss: 1.1614 | Max Q-Miss: 0.5566 | Val Max Gen Viol: 0.0000 | Val Max Thermal: 23.0973
Epoch 8900 | Val Loss: 93.6239 | Val Cost: 68217.29 | Val Max P-Miss: 1.1890 | Max Q-Miss: 0.7375 | Val Max Gen Viol: 0.0000 | Val Max Thermal: 20.6784
Epoch 9000 | Val Loss: 86.8571 | Val Cost: 68801.39 | Val Max P-Miss: 1.1174 | Max Q-Miss: 0.5189 | Val Max Gen Viol: 0.0000 | Val Max Thermal: 23.1275
Epoch 9100 | Val Loss: 86.2746 | Val Cost: 68739.66 | Val Max P-Miss: 1.1312 | Max Q-Miss: 0.5184 | Val Max Gen Viol: 0.0000 | Val Max Thermal: 23.2495
Epoch 9200 | Val Loss: 85.8079 | Val Cost: 68629.41 | Val Max P-Miss: 1.1409 | Max Q-Miss: 0.5272 | Val Max Gen Viol: 0.0000 | Val Max Thermal: 23.7982 [*SAVED BEST*]
Epoch 9300 | Val Loss: 84.9096 | Val Cost: 68613.84 | Val Max P-Miss: 1.1330 | Max Q-Miss: 0.5416 | Val Max Gen Viol: 0.0000 | Val Max Thermal: 23.9072 [*SAVED BEST*]
Epoch 9400 | Val Loss: 85.9778 | Val Cost: 68589.99 | Val Max P-Miss: 1.1789 | Max Q-Miss: 0.5345 | Val Max Gen Viol: 0.0000 | Val Max Thermal: 23.6997
Epoch 9500 | Val Loss: 93.3971 | Val Cost: 67930.15 | Val Max P-Miss: 1.1128 | Max Q-Miss: 0.7675 | Val Max Gen Viol: 0.0000 | Val Max Thermal: 19.7383
Epoch 9600 | Val Loss: 86.6339 | Val Cost: 68574.95 | Val Max P-Miss: 1.1254 | Max Q-Miss: 0.5277 | Val Max Gen Viol: 0.0000 | Val Max Thermal: 23.7005
Epoch 9700 | Val Loss: 90.7910 | Val Cost: 68314.32 | Val Max P-Miss: 1.1307 | Max Q-Miss: 0.5748 | Val Max Gen Viol: 0.0000 | Val Max Thermal: 22.0502
Epoch 9800 | Val Loss: 86.4240 | Val Cost: 68496.73 | Val Max P-Miss: 1.1462 | Max Q-Miss: 0.5268 | Val Max Gen Viol: 0.0000 | Val Max Thermal: 23.3535
Epoch 9900 | Val Loss: 85.5117 | Val Cost: 68476.66 | Val Max P-Miss: 1.1524 | Max Q-Miss: 0.5348 | Val Max Gen Viol: 0.0000 | Val Max Thermal: 23.4327

==================================================
Training Complete!
Total Training Time: 00h 06m 43.74s
Best model weights saved to: ./model/best_controlled_generation_nominal_pglib_opf_case162_ieee_dtc_10000epochs_seed3_20260922_230630.pth
==================================================

