Random seed     : 1
CUDA Hardware Acceleration Active: NVIDIA GeForce RTX 4090
Problem Geometry Linked -> Matrix Samples: 10000
======================================================================
CONTROLLED ABLATION
Case            : pglib_opf_case300_ieee
Projection      : full
Weight strategy : objective
Weights         : {'eq_p': 1000.0, 'eq_q': 1000.0, 'thermal': 1.0, 'ang': 1.0, 'v': 1.0, 'obj': 0.005}
======================================================================

Beginning execution of parallelized training matrix loops...
Epoch    0 | Val Loss: 7983.2310 | Val Cost: 501797.47 | Val Max P-Miss: 11.8248 | Max Q-Miss: 7.4539 | Val Max Gen Viol: 0.0000 | Val Max Thermal: 0.0000 [*SAVED BEST*]
Epoch  100 | Val Loss: 1375.0022 | Val Cost: 63284.15 | Val Max P-Miss: 4.2850 | Max Q-Miss: 2.5256 | Val Max Gen Viol: 0.0000 | Val Max Thermal: 16.5135 [*SAVED BEST*]
Epoch  200 | Val Loss: 1241.4956 | Val Cost: 56920.82 | Val Max P-Miss: 3.7516 | Max Q-Miss: 3.4785 | Val Max Gen Viol: 0.0000 | Val Max Thermal: 13.5545 [*SAVED BEST*]
Epoch  300 | Val Loss: 1069.2755 | Val Cost: 53597.11 | Val Max P-Miss: 3.6383 | Max Q-Miss: 2.8198 | Val Max Gen Viol: 0.0000 | Val Max Thermal: 15.8010 [*SAVED BEST*]
Epoch  400 | Val Loss: 1104.9965 | Val Cost: 52608.87 | Val Max P-Miss: 3.7990 | Max Q-Miss: 2.8862 | Val Max Gen Viol: 0.0000 | Val Max Thermal: 12.0804
Epoch  500 | Val Loss: 983.9743 | Val Cost: 49549.14 | Val Max P-Miss: 3.5504 | Max Q-Miss: 2.9121 | Val Max Gen Viol: 0.0000 | Val Max Thermal: 13.1689 [*SAVED BEST*]
Epoch  600 | Val Loss: 965.1611 | Val Cost: 49476.25 | Val Max P-Miss: 3.6012 | Max Q-Miss: 1.8417 | Val Max Gen Viol: 0.0000 | Val Max Thermal: 13.6873 [*SAVED BEST*]
Epoch  700 | Val Loss: 950.2213 | Val Cost: 46911.78 | Val Max P-Miss: 3.6503 | Max Q-Miss: 2.2858 | Val Max Gen Viol: 0.0000 | Val Max Thermal: 11.0857 [*SAVED BEST*]
Epoch  800 | Val Loss: 938.0209 | Val Cost: 46830.46 | Val Max P-Miss: 3.5743 | Max Q-Miss: 1.8651 | Val Max Gen Viol: 0.0000 | Val Max Thermal: 10.2148 [*SAVED BEST*]
Epoch  900 | Val Loss: 1149.6210 | Val Cost: 45892.68 | Val Max P-Miss: 3.8196 | Max Q-Miss: 2.6013 | Val Max Gen Viol: 0.0000 | Val Max Thermal: 6.1772
Epoch 1000 | Val Loss: 904.7131 | Val Cost: 43331.11 | Val Max P-Miss: 3.5179 | Max Q-Miss: 1.6460 | Val Max Gen Viol: 0.0000 | Val Max Thermal: 4.1380 [*SAVED BEST*]
Epoch 1100 | Val Loss: 955.1780 | Val Cost: 44753.38 | Val Max P-Miss: 3.5852 | Max Q-Miss: 2.1526 | Val Max Gen Viol: 0.0000 | Val Max Thermal: 8.2635
Epoch 1200 | Val Loss: 910.0220 | Val Cost: 43957.66 | Val Max P-Miss: 3.5341 | Max Q-Miss: 2.0981 | Val Max Gen Viol: 0.0000 | Val Max Thermal: 4.7137
Epoch 1300 | Val Loss: 889.7699 | Val Cost: 42037.25 | Val Max P-Miss: 3.5525 | Max Q-Miss: 1.6110 | Val Max Gen Viol: 0.0000 | Val Max Thermal: 4.8399 [*SAVED BEST*]
Epoch 1400 | Val Loss: 882.1145 | Val Cost: 41448.98 | Val Max P-Miss: 3.4805 | Max Q-Miss: 1.6041 | Val Max Gen Viol: 0.0000 | Val Max Thermal: 5.1372 [*SAVED BEST*]
Epoch 1500 | Val Loss: 885.7704 | Val Cost: 41717.76 | Val Max P-Miss: 3.4655 | Max Q-Miss: 1.5884 | Val Max Gen Viol: 0.0000 | Val Max Thermal: 5.0058
Epoch 1600 | Val Loss: 878.7037 | Val Cost: 40424.88 | Val Max P-Miss: 3.4993 | Max Q-Miss: 1.7360 | Val Max Gen Viol: 0.0000 | Val Max Thermal: 5.5498 [*SAVED BEST*]
Epoch 1700 | Val Loss: 890.2706 | Val Cost: 40781.91 | Val Max P-Miss: 3.8558 | Max Q-Miss: 1.8803 | Val Max Gen Viol: 0.0000 | Val Max Thermal: 5.4872
Epoch 1800 | Val Loss: 873.5687 | Val Cost: 39764.42 | Val Max P-Miss: 3.4589 | Max Q-Miss: 1.5344 | Val Max Gen Viol: 0.0000 | Val Max Thermal: 5.6614 [*SAVED BEST*]
Epoch 1900 | Val Loss: 871.7896 | Val Cost: 39098.29 | Val Max P-Miss: 3.6398 | Max Q-Miss: 1.7816 | Val Max Gen Viol: 0.0000 | Val Max Thermal: 6.0430 [*SAVED BEST*]
Epoch 2000 | Val Loss: 868.7692 | Val Cost: 39368.11 | Val Max P-Miss: 3.4261 | Max Q-Miss: 1.5259 | Val Max Gen Viol: 0.0000 | Val Max Thermal: 6.1924 [*SAVED BEST*]
Epoch 2100 | Val Loss: 1074.7893 | Val Cost: 39370.55 | Val Max P-Miss: 7.8643 | Max Q-Miss: 2.7645 | Val Max Gen Viol: 0.0000 | Val Max Thermal: 6.0917
Epoch 2200 | Val Loss: 852.9426 | Val Cost: 38363.91 | Val Max P-Miss: 3.3388 | Max Q-Miss: 1.5009 | Val Max Gen Viol: 0.0000 | Val Max Thermal: 6.8379 [*SAVED BEST*]
Epoch 2300 | Val Loss: 939.7775 | Val Cost: 39494.70 | Val Max P-Miss: 5.1625 | Max Q-Miss: 2.2701 | Val Max Gen Viol: 0.0000 | Val Max Thermal: 5.6814
Epoch 2400 | Val Loss: 859.1525 | Val Cost: 38271.22 | Val Max P-Miss: 3.6954 | Max Q-Miss: 1.7435 | Val Max Gen Viol: 0.0000 | Val Max Thermal: 7.0754
Epoch 2500 | Val Loss: 884.6921 | Val Cost: 38407.40 | Val Max P-Miss: 3.3842 | Max Q-Miss: 1.5948 | Val Max Gen Viol: 0.0000 | Val Max Thermal: 6.1021
Epoch 2600 | Val Loss: 1050.2891 | Val Cost: 39856.71 | Val Max P-Miss: 3.5672 | Max Q-Miss: 3.6792 | Val Max Gen Viol: 0.0000 | Val Max Thermal: 5.6457
Epoch 2700 | Val Loss: 856.0396 | Val Cost: 40162.82 | Val Max P-Miss: 3.6682 | Max Q-Miss: 1.5849 | Val Max Gen Viol: 0.0000 | Val Max Thermal: 6.4897
Epoch 2800 | Val Loss: 1087.9990 | Val Cost: 37098.62 | Val Max P-Miss: 5.6221 | Max Q-Miss: 3.1992 | Val Max Gen Viol: 0.0000 | Val Max Thermal: 7.1091
Epoch 2900 | Val Loss: 836.0663 | Val Cost: 36162.00 | Val Max P-Miss: 3.3817 | Max Q-Miss: 1.4437 | Val Max Gen Viol: 0.0000 | Val Max Thermal: 8.2919 [*SAVED BEST*]
Epoch 3000 | Val Loss: 839.7640 | Val Cost: 37678.61 | Val Max P-Miss: 3.4459 | Max Q-Miss: 1.4810 | Val Max Gen Viol: 0.0000 | Val Max Thermal: 7.8590
Epoch 3100 | Val Loss: 842.1959 | Val Cost: 37726.76 | Val Max P-Miss: 3.4867 | Max Q-Miss: 1.5836 | Val Max Gen Viol: 0.0000 | Val Max Thermal: 7.8059
Epoch 3200 | Val Loss: 832.5676 | Val Cost: 36087.60 | Val Max P-Miss: 3.6365 | Max Q-Miss: 1.4270 | Val Max Gen Viol: 0.0000 | Val Max Thermal: 8.5411 [*SAVED BEST*]
Epoch 3300 | Val Loss: 836.5468 | Val Cost: 36994.46 | Val Max P-Miss: 3.5766 | Max Q-Miss: 1.5008 | Val Max Gen Viol: 0.0000 | Val Max Thermal: 8.3189
Epoch 3400 | Val Loss: 841.5184 | Val Cost: 36921.40 | Val Max P-Miss: 4.1118 | Max Q-Miss: 1.4969 | Val Max Gen Viol: 0.0000 | Val Max Thermal: 7.9126
Epoch 3500 | Val Loss: 821.1201 | Val Cost: 36017.56 | Val Max P-Miss: 3.2878 | Max Q-Miss: 1.4272 | Val Max Gen Viol: 0.0000 | Val Max Thermal: 8.9084 [*SAVED BEST*]
Epoch 3600 | Val Loss: 1000.7032 | Val Cost: 37723.77 | Val Max P-Miss: 3.9969 | Max Q-Miss: 1.9604 | Val Max Gen Viol: 0.0000 | Val Max Thermal: 6.3553
Epoch 3700 | Val Loss: 863.2325 | Val Cost: 37721.36 | Val Max P-Miss: 3.3690 | Max Q-Miss: 1.6275 | Val Max Gen Viol: 0.0000 | Val Max Thermal: 6.8835
Epoch 3800 | Val Loss: 824.7947 | Val Cost: 36381.79 | Val Max P-Miss: 3.2852 | Max Q-Miss: 1.4561 | Val Max Gen Viol: 0.0000 | Val Max Thermal: 8.6468
Epoch 3900 | Val Loss: 904.6906 | Val Cost: 37005.14 | Val Max P-Miss: 3.3095 | Max Q-Miss: 2.0651 | Val Max Gen Viol: 0.0000 | Val Max Thermal: 6.5487
Epoch 4000 | Val Loss: 832.2124 | Val Cost: 38060.18 | Val Max P-Miss: 3.3301 | Max Q-Miss: 1.5681 | Val Max Gen Viol: 0.0000 | Val Max Thermal: 7.4081
Epoch 4100 | Val Loss: 825.6567 | Val Cost: 36301.29 | Val Max P-Miss: 3.3534 | Max Q-Miss: 1.5081 | Val Max Gen Viol: 0.0000 | Val Max Thermal: 8.2084
Epoch 4200 | Val Loss: 876.4589 | Val Cost: 37934.40 | Val Max P-Miss: 3.5780 | Max Q-Miss: 1.7893 | Val Max Gen Viol: 0.0000 | Val Max Thermal: 6.0504
Epoch 4300 | Val Loss: 819.9212 | Val Cost: 35805.43 | Val Max P-Miss: 3.3281 | Max Q-Miss: 1.4467 | Val Max Gen Viol: 0.0000 | Val Max Thermal: 9.2934 [*SAVED BEST*]
Epoch 4400 | Val Loss: 970.6232 | Val Cost: 35847.46 | Val Max P-Miss: 4.1662 | Max Q-Miss: 1.5698 | Val Max Gen Viol: 0.0000 | Val Max Thermal: 7.2914
Epoch 4500 | Val Loss: 830.6659 | Val Cost: 35396.28 | Val Max P-Miss: 3.6177 | Max Q-Miss: 1.5341 | Val Max Gen Viol: 0.0000 | Val Max Thermal: 9.3309
Epoch 4600 | Val Loss: 926.0288 | Val Cost: 35751.76 | Val Max P-Miss: 3.2898 | Max Q-Miss: 3.4437 | Val Max Gen Viol: 0.0000 | Val Max Thermal: 7.9417
Epoch 4700 | Val Loss: 844.8831 | Val Cost: 35429.88 | Val Max P-Miss: 3.2016 | Max Q-Miss: 1.7272 | Val Max Gen Viol: 0.0000 | Val Max Thermal: 9.1603
Epoch 4800 | Val Loss: 808.8329 | Val Cost: 35089.24 | Val Max P-Miss: 3.4548 | Max Q-Miss: 1.4169 | Val Max Gen Viol: 0.0000 | Val Max Thermal: 10.0328 [*SAVED BEST*]
Epoch 4900 | Val Loss: 799.6733 | Val Cost: 35212.64 | Val Max P-Miss: 3.1302 | Max Q-Miss: 1.4036 | Val Max Gen Viol: 0.0000 | Val Max Thermal: 10.1147 [*SAVED BEST*]
Epoch 5000 | Val Loss: 808.9010 | Val Cost: 35236.42 | Val Max P-Miss: 3.2336 | Max Q-Miss: 1.4225 | Val Max Gen Viol: 0.0000 | Val Max Thermal: 9.8426
Epoch 5100 | Val Loss: 1163.8275 | Val Cost: 35164.17 | Val Max P-Miss: 3.2241 | Max Q-Miss: 7.3676 | Val Max Gen Viol: 0.0000 | Val Max Thermal: 9.9156
Epoch 5200 | Val Loss: 837.3894 | Val Cost: 35142.38 | Val Max P-Miss: 4.0927 | Max Q-Miss: 1.4317 | Val Max Gen Viol: 0.0000 | Val Max Thermal: 10.3185
Epoch 5300 | Val Loss: 808.7823 | Val Cost: 34906.45 | Val Max P-Miss: 3.3629 | Max Q-Miss: 1.4079 | Val Max Gen Viol: 0.0000 | Val Max Thermal: 10.3727
Epoch 5400 | Val Loss: 810.8019 | Val Cost: 35357.22 | Val Max P-Miss: 3.1835 | Max Q-Miss: 1.4555 | Val Max Gen Viol: 0.0000 | Val Max Thermal: 9.7121
Epoch 5500 | Val Loss: 819.6559 | Val Cost: 35529.73 | Val Max P-Miss: 3.1624 | Max Q-Miss: 1.4697 | Val Max Gen Viol: 0.0000 | Val Max Thermal: 9.4919
Epoch 5600 | Val Loss: 839.7953 | Val Cost: 35960.61 | Val Max P-Miss: 3.7073 | Max Q-Miss: 1.5539 | Val Max Gen Viol: 0.0000 | Val Max Thermal: 8.0863
Epoch 5700 | Val Loss: 795.2791 | Val Cost: 34712.27 | Val Max P-Miss: 3.1573 | Max Q-Miss: 1.3880 | Val Max Gen Viol: 0.0000 | Val Max Thermal: 10.7166 [*SAVED BEST*]
Epoch 5800 | Val Loss: 807.4047 | Val Cost: 35166.95 | Val Max P-Miss: 3.9407 | Max Q-Miss: 1.4304 | Val Max Gen Viol: 0.0000 | Val Max Thermal: 10.1050
Epoch 5900 | Val Loss: 866.6056 | Val Cost: 36198.38 | Val Max P-Miss: 3.4467 | Max Q-Miss: 1.6940 | Val Max Gen Viol: 0.0000 | Val Max Thermal: 7.3395
Epoch 6000 | Val Loss: 1075.8694 | Val Cost: 34605.61 | Val Max P-Miss: 5.3557 | Max Q-Miss: 3.6304 | Val Max Gen Viol: 0.0000 | Val Max Thermal: 10.6020
Epoch 6100 | Val Loss: 947.9791 | Val Cost: 35205.93 | Val Max P-Miss: 5.2961 | Max Q-Miss: 2.2172 | Val Max Gen Viol: 0.0000 | Val Max Thermal: 9.4657
Epoch 6200 | Val Loss: 808.9193 | Val Cost: 34753.72 | Val Max P-Miss: 3.6467 | Max Q-Miss: 1.4011 | Val Max Gen Viol: 0.0000 | Val Max Thermal: 10.8021
Epoch 6300 | Val Loss: 800.3382 | Val Cost: 34596.98 | Val Max P-Miss: 3.4969 | Max Q-Miss: 1.3838 | Val Max Gen Viol: 0.0000 | Val Max Thermal: 10.9232
Epoch 6400 | Val Loss: 798.9430 | Val Cost: 34669.57 | Val Max P-Miss: 3.4589 | Max Q-Miss: 1.3924 | Val Max Gen Viol: 0.0000 | Val Max Thermal: 10.9339
Epoch 6500 | Val Loss: 825.3046 | Val Cost: 34985.10 | Val Max P-Miss: 3.1097 | Max Q-Miss: 1.4391 | Val Max Gen Viol: 0.0000 | Val Max Thermal: 10.3554
Epoch 6600 | Val Loss: 850.0681 | Val Cost: 34822.06 | Val Max P-Miss: 3.1365 | Max Q-Miss: 2.0937 | Val Max Gen Viol: 0.0000 | Val Max Thermal: 10.6166
Epoch 6700 | Val Loss: 786.0228 | Val Cost: 34362.18 | Val Max P-Miss: 3.2558 | Max Q-Miss: 1.3652 | Val Max Gen Viol: 0.0000 | Val Max Thermal: 11.4731 [*SAVED BEST*]
Epoch 6800 | Val Loss: 787.4673 | Val Cost: 34670.28 | Val Max P-Miss: 3.1368 | Max Q-Miss: 1.3870 | Val Max Gen Viol: 0.0000 | Val Max Thermal: 11.1815
Epoch 6900 | Val Loss: 800.2773 | Val Cost: 34452.88 | Val Max P-Miss: 3.4832 | Max Q-Miss: 1.3798 | Val Max Gen Viol: 0.0000 | Val Max Thermal: 11.0545
Epoch 7000 | Val Loss: 836.7263 | Val Cost: 34780.02 | Val Max P-Miss: 4.7843 | Max Q-Miss: 1.7105 | Val Max Gen Viol: 0.0000 | Val Max Thermal: 10.3303
Epoch 7100 | Val Loss: 810.1494 | Val Cost: 35101.29 | Val Max P-Miss: 3.1942 | Max Q-Miss: 1.4798 | Val Max Gen Viol: 0.0000 | Val Max Thermal: 10.2446
Epoch 7200 | Val Loss: 795.7574 | Val Cost: 34534.95 | Val Max P-Miss: 3.1135 | Max Q-Miss: 1.3325 | Val Max Gen Viol: 0.0000 | Val Max Thermal: 10.9985
Epoch 7300 | Val Loss: 833.9139 | Val Cost: 34648.34 | Val Max P-Miss: 3.2053 | Max Q-Miss: 1.8245 | Val Max Gen Viol: 0.0000 | Val Max Thermal: 10.4875
Epoch 7400 | Val Loss: 841.1407 | Val Cost: 35160.48 | Val Max P-Miss: 3.1812 | Max Q-Miss: 2.7175 | Val Max Gen Viol: 0.0000 | Val Max Thermal: 9.4336
Epoch 7500 | Val Loss: 797.7067 | Val Cost: 34321.79 | Val Max P-Miss: 3.0370 | Max Q-Miss: 1.9623 | Val Max Gen Viol: 0.0000 | Val Max Thermal: 11.5134
Epoch 7600 | Val Loss: 1008.9745 | Val Cost: 34269.91 | Val Max P-Miss: 3.0644 | Max Q-Miss: 4.6898 | Val Max Gen Viol: 0.0000 | Val Max Thermal: 10.8042
Epoch 7700 | Val Loss: 801.8357 | Val Cost: 34559.49 | Val Max P-Miss: 3.4010 | Max Q-Miss: 1.4101 | Val Max Gen Viol: 0.0000 | Val Max Thermal: 11.4205
Epoch 7800 | Val Loss: 786.0771 | Val Cost: 34169.54 | Val Max P-Miss: 3.3674 | Max Q-Miss: 1.3836 | Val Max Gen Viol: 0.0000 | Val Max Thermal: 11.6229
Epoch 7900 | Val Loss: 1024.7059 | Val Cost: 34854.06 | Val Max P-Miss: 4.3205 | Max Q-Miss: 4.2500 | Val Max Gen Viol: 0.0000 | Val Max Thermal: 11.0330
Epoch 8000 | Val Loss: 804.4050 | Val Cost: 35030.54 | Val Max P-Miss: 3.2360 | Max Q-Miss: 1.4995 | Val Max Gen Viol: 0.0000 | Val Max Thermal: 10.0861
Epoch 8100 | Val Loss: 793.4341 | Val Cost: 34614.17 | Val Max P-Miss: 3.1184 | Max Q-Miss: 1.4281 | Val Max Gen Viol: 0.0000 | Val Max Thermal: 11.0976
Epoch 8200 | Val Loss: 785.3448 | Val Cost: 34411.97 | Val Max P-Miss: 3.0756 | Max Q-Miss: 1.4068 | Val Max Gen Viol: 0.0000 | Val Max Thermal: 11.2046 [*SAVED BEST*]
Epoch 8300 | Val Loss: 834.0280 | Val Cost: 34700.14 | Val Max P-Miss: 3.1140 | Max Q-Miss: 1.8332 | Val Max Gen Viol: 0.0000 | Val Max Thermal: 10.9094
Epoch 8400 | Val Loss: 781.9237 | Val Cost: 34019.19 | Val Max P-Miss: 3.2455 | Max Q-Miss: 1.3692 | Val Max Gen Viol: 0.0000 | Val Max Thermal: 11.9378 [*SAVED BEST*]
Epoch 8500 | Val Loss: 778.8956 | Val Cost: 33992.04 | Val Max P-Miss: 3.0473 | Max Q-Miss: 1.3477 | Val Max Gen Viol: 0.0000 | Val Max Thermal: 12.2341 [*SAVED BEST*]
Epoch 8600 | Val Loss: 797.6010 | Val Cost: 34691.94 | Val Max P-Miss: 3.5563 | Max Q-Miss: 1.4612 | Val Max Gen Viol: 0.0000 | Val Max Thermal: 11.3300
Epoch 8700 | Val Loss: 800.7097 | Val Cost: 34373.41 | Val Max P-Miss: 3.5410 | Max Q-Miss: 1.4152 | Val Max Gen Viol: 0.0000 | Val Max Thermal: 11.5978
Epoch 8800 | Val Loss: 793.7667 | Val Cost: 34695.59 | Val Max P-Miss: 3.1889 | Max Q-Miss: 1.5077 | Val Max Gen Viol: 0.0000 | Val Max Thermal: 10.3945
Epoch 8900 | Val Loss: 780.1746 | Val Cost: 33897.08 | Val Max P-Miss: 3.1675 | Max Q-Miss: 1.3503 | Val Max Gen Viol: 0.0000 | Val Max Thermal: 12.8802
Epoch 9000 | Val Loss: 790.5228 | Val Cost: 33919.79 | Val Max P-Miss: 3.6495 | Max Q-Miss: 1.3495 | Val Max Gen Viol: 0.0000 | Val Max Thermal: 12.2323
Epoch 9100 | Val Loss: 772.4413 | Val Cost: 33933.59 | Val Max P-Miss: 3.0074 | Max Q-Miss: 1.3418 | Val Max Gen Viol: 0.0000 | Val Max Thermal: 12.4608 [*SAVED BEST*]
Epoch 9200 | Val Loss: 788.7144 | Val Cost: 34028.93 | Val Max P-Miss: 3.9771 | Max Q-Miss: 1.3749 | Val Max Gen Viol: 0.0000 | Val Max Thermal: 12.2924
Epoch 9300 | Val Loss: 774.8893 | Val Cost: 33939.74 | Val Max P-Miss: 2.9758 | Max Q-Miss: 1.3621 | Val Max Gen Viol: 0.0000 | Val Max Thermal: 12.1152
Epoch 9400 | Val Loss: 786.3915 | Val Cost: 34389.95 | Val Max P-Miss: 3.0663 | Max Q-Miss: 1.4346 | Val Max Gen Viol: 0.0000 | Val Max Thermal: 11.7163
Epoch 9500 | Val Loss: 775.5004 | Val Cost: 33853.98 | Val Max P-Miss: 3.2242 | Max Q-Miss: 1.3430 | Val Max Gen Viol: 0.0000 | Val Max Thermal: 12.6952
Epoch 9600 | Val Loss: 796.8464 | Val Cost: 34344.70 | Val Max P-Miss: 3.1782 | Max Q-Miss: 1.4061 | Val Max Gen Viol: 0.0000 | Val Max Thermal: 11.5883
Epoch 9700 | Val Loss: 779.0205 | Val Cost: 34142.47 | Val Max P-Miss: 3.0254 | Max Q-Miss: 1.4062 | Val Max Gen Viol: 0.0000 | Val Max Thermal: 12.2023
Epoch 9800 | Val Loss: 772.5371 | Val Cost: 33817.83 | Val Max P-Miss: 3.0144 | Max Q-Miss: 1.3332 | Val Max Gen Viol: 0.0000 | Val Max Thermal: 12.7705
Epoch 9900 | Val Loss: 788.0408 | Val Cost: 34008.10 | Val Max P-Miss: 3.0192 | Max Q-Miss: 1.3623 | Val Max Gen Viol: 0.0000 | Val Max Thermal: 12.5968

==================================================
Training Complete!
Total Training Time: 00h 07m 32.27s
Best model weights saved to: ./model/best_controlled_full_objective_pglib_opf_case300_ieee_10000epochs_seed1_20260922_210204.pth
==================================================

