Random seed     : 3
CUDA Hardware Acceleration Active: NVIDIA GeForce RTX 4090
Problem Geometry Linked -> Matrix Samples: 10000
======================================================================
CONTROLLED ABLATION
Case            : pglib_opf_case300_ieee
Projection      : full
Weight strategy : equal
Weights         : {'eq_p': 1.0, 'eq_q': 1.0, 'thermal': 1.0, 'ang': 1.0, 'v': 1.0, 'obj': 1.0}
======================================================================

Beginning execution of parallelized training matrix loops...
Epoch    0 | Val Loss: 345471424.0000 | Val Cost: 213004.30 | Val Max P-Miss: 386.1367 | Max Q-Miss: 702.7177 | Val Max Gen Viol: 0.0000 | Val Max Thermal: 415584.7188 [*SAVED BEST*]
Epoch  100 | Val Loss: 2.9069 | Val Cost:    0.11 | Val Max P-Miss: 9.3013 | Max Q-Miss: 4.0214 | Val Max Gen Viol: 0.0000 | Val Max Thermal: 0.6327 [*SAVED BEST*]
Epoch  200 | Val Loss: 2.4006 | Val Cost:    0.02 | Val Max P-Miss: 7.1316 | Max Q-Miss: 3.1480 | Val Max Gen Viol: 0.0000 | Val Max Thermal: 0.4795 [*SAVED BEST*]
Epoch  300 | Val Loss: 2.2203 | Val Cost:    0.02 | Val Max P-Miss: 6.6883 | Max Q-Miss: 2.5378 | Val Max Gen Viol: 0.0000 | Val Max Thermal: 0.7106 [*SAVED BEST*]
Epoch  400 | Val Loss: 2.1369 | Val Cost:    0.01 | Val Max P-Miss: 6.8378 | Max Q-Miss: 2.8197 | Val Max Gen Viol: 0.0000 | Val Max Thermal: 0.6657 [*SAVED BEST*]
Epoch  500 | Val Loss: 1.7704 | Val Cost:    0.00 | Val Max P-Miss: 6.4928 | Max Q-Miss: 3.7695 | Val Max Gen Viol: 0.0000 | Val Max Thermal: 0.5852 [*SAVED BEST*]
Epoch  600 | Val Loss: 1.9318 | Val Cost:    0.01 | Val Max P-Miss: 6.6419 | Max Q-Miss: 3.0789 | Val Max Gen Viol: 0.0000 | Val Max Thermal: 0.3042
Epoch  700 | Val Loss: 1.9033 | Val Cost:    0.02 | Val Max P-Miss: 6.3361 | Max Q-Miss: 3.2468 | Val Max Gen Viol: 0.0000 | Val Max Thermal: 0.3713
Epoch  800 | Val Loss: 1.6766 | Val Cost:    0.01 | Val Max P-Miss: 6.5610 | Max Q-Miss: 3.5162 | Val Max Gen Viol: 0.0000 | Val Max Thermal: 0.4352 [*SAVED BEST*]
Epoch  900 | Val Loss: 1.4892 | Val Cost:    0.00 | Val Max P-Miss: 6.0285 | Max Q-Miss: 3.1097 | Val Max Gen Viol: 0.0000 | Val Max Thermal: 0.3574 [*SAVED BEST*]
Epoch 1000 | Val Loss: 1.3820 | Val Cost:    0.00 | Val Max P-Miss: 6.1277 | Max Q-Miss: 3.2502 | Val Max Gen Viol: 0.0000 | Val Max Thermal: 0.9140 [*SAVED BEST*]
Epoch 1100 | Val Loss: 1.4330 | Val Cost:    0.00 | Val Max P-Miss: 5.9946 | Max Q-Miss: 2.3564 | Val Max Gen Viol: 0.0000 | Val Max Thermal: 0.7489
Epoch 1200 | Val Loss: 1.3863 | Val Cost:    0.00 | Val Max P-Miss: 5.8691 | Max Q-Miss: 2.8118 | Val Max Gen Viol: 0.0000 | Val Max Thermal: 1.2837
Epoch 1300 | Val Loss: 1.3476 | Val Cost:    0.00 | Val Max P-Miss: 6.0214 | Max Q-Miss: 2.0573 | Val Max Gen Viol: 0.0000 | Val Max Thermal: 0.2577 [*SAVED BEST*]
Epoch 1400 | Val Loss: 1.2872 | Val Cost:    0.00 | Val Max P-Miss: 5.9043 | Max Q-Miss: 3.0328 | Val Max Gen Viol: 0.0000 | Val Max Thermal: 0.9080 [*SAVED BEST*]
Epoch 1500 | Val Loss: 1.5592 | Val Cost:    0.01 | Val Max P-Miss: 6.3262 | Max Q-Miss: 3.9864 | Val Max Gen Viol: 0.0000 | Val Max Thermal: 0.2697
Epoch 1600 | Val Loss: 1.2387 | Val Cost:    0.00 | Val Max P-Miss: 5.7977 | Max Q-Miss: 2.7703 | Val Max Gen Viol: 0.0000 | Val Max Thermal: 0.8096 [*SAVED BEST*]
Epoch 1700 | Val Loss: 1.4761 | Val Cost:    0.00 | Val Max P-Miss: 6.8215 | Max Q-Miss: 2.1732 | Val Max Gen Viol: 0.0000 | Val Max Thermal: 0.4284
Epoch 1800 | Val Loss: 1.2036 | Val Cost:    0.00 | Val Max P-Miss: 5.7131 | Max Q-Miss: 2.6873 | Val Max Gen Viol: 0.0000 | Val Max Thermal: 0.7475 [*SAVED BEST*]
Epoch 1900 | Val Loss: 1.2046 | Val Cost:    0.00 | Val Max P-Miss: 5.7573 | Max Q-Miss: 3.2599 | Val Max Gen Viol: 0.0000 | Val Max Thermal: 0.8543
Epoch 2000 | Val Loss: 1.1858 | Val Cost:    0.00 | Val Max P-Miss: 5.6918 | Max Q-Miss: 2.9578 | Val Max Gen Viol: 0.0000 | Val Max Thermal: 0.8386 [*SAVED BEST*]
Epoch 2100 | Val Loss: 1.1625 | Val Cost:    0.00 | Val Max P-Miss: 5.6991 | Max Q-Miss: 1.7774 | Val Max Gen Viol: 0.0000 | Val Max Thermal: 0.7626 [*SAVED BEST*]
Epoch 2200 | Val Loss: 1.1651 | Val Cost:    0.00 | Val Max P-Miss: 5.6531 | Max Q-Miss: 3.4441 | Val Max Gen Viol: 0.0000 | Val Max Thermal: 0.9704
Epoch 2300 | Val Loss: 1.1288 | Val Cost:    0.00 | Val Max P-Miss: 5.6385 | Max Q-Miss: 2.0710 | Val Max Gen Viol: 0.0000 | Val Max Thermal: 0.7281 [*SAVED BEST*]
Epoch 2400 | Val Loss: 1.1491 | Val Cost:    0.00 | Val Max P-Miss: 5.6082 | Max Q-Miss: 2.8796 | Val Max Gen Viol: 0.0000 | Val Max Thermal: 0.6309
Epoch 2500 | Val Loss: 1.1213 | Val Cost:    0.00 | Val Max P-Miss: 5.5723 | Max Q-Miss: 2.7290 | Val Max Gen Viol: 0.0000 | Val Max Thermal: 0.7505 [*SAVED BEST*]
Epoch 2600 | Val Loss: 1.1276 | Val Cost:    0.00 | Val Max P-Miss: 5.6618 | Max Q-Miss: 2.8308 | Val Max Gen Viol: 0.0000 | Val Max Thermal: 0.6516
Epoch 2700 | Val Loss: 1.1465 | Val Cost:    0.00 | Val Max P-Miss: 5.6008 | Max Q-Miss: 2.6862 | Val Max Gen Viol: 0.0000 | Val Max Thermal: 0.6664
Epoch 2800 | Val Loss: 1.1120 | Val Cost:    0.00 | Val Max P-Miss: 5.5966 | Max Q-Miss: 2.8173 | Val Max Gen Viol: 0.0000 | Val Max Thermal: 0.5861 [*SAVED BEST*]
Epoch 2900 | Val Loss: 1.1108 | Val Cost:    0.00 | Val Max P-Miss: 5.5724 | Max Q-Miss: 3.1698 | Val Max Gen Viol: 0.0000 | Val Max Thermal: 0.6447 [*SAVED BEST*]
Epoch 3000 | Val Loss: 1.1189 | Val Cost:    0.00 | Val Max P-Miss: 5.5969 | Max Q-Miss: 2.7356 | Val Max Gen Viol: 0.0000 | Val Max Thermal: 0.5222
Epoch 3100 | Val Loss: 1.0916 | Val Cost:    0.00 | Val Max P-Miss: 5.5956 | Max Q-Miss: 2.0652 | Val Max Gen Viol: 0.0000 | Val Max Thermal: 0.5574 [*SAVED BEST*]
Epoch 3200 | Val Loss: 1.1085 | Val Cost:    0.00 | Val Max P-Miss: 5.5575 | Max Q-Miss: 2.7077 | Val Max Gen Viol: 0.0000 | Val Max Thermal: 0.5052
Epoch 3300 | Val Loss: 1.1414 | Val Cost:    0.00 | Val Max P-Miss: 5.5768 | Max Q-Miss: 2.9911 | Val Max Gen Viol: 0.0000 | Val Max Thermal: 0.4444
Epoch 3400 | Val Loss: 1.0758 | Val Cost:    0.00 | Val Max P-Miss: 5.5433 | Max Q-Miss: 2.6713 | Val Max Gen Viol: 0.0000 | Val Max Thermal: 0.5445 [*SAVED BEST*]
Epoch 3500 | Val Loss: 1.0384 | Val Cost:    0.00 | Val Max P-Miss: 5.5876 | Max Q-Miss: 1.7756 | Val Max Gen Viol: 0.0000 | Val Max Thermal: 0.5255 [*SAVED BEST*]
Epoch 3600 | Val Loss: 1.0648 | Val Cost:    0.00 | Val Max P-Miss: 5.5203 | Max Q-Miss: 1.9201 | Val Max Gen Viol: 0.0000 | Val Max Thermal: 0.5044
Epoch 3700 | Val Loss: 1.1023 | Val Cost:    0.00 | Val Max P-Miss: 5.5023 | Max Q-Miss: 2.8886 | Val Max Gen Viol: 0.0000 | Val Max Thermal: 0.4704
Epoch 3800 | Val Loss: 1.1153 | Val Cost:    0.00 | Val Max P-Miss: 5.5780 | Max Q-Miss: 1.8451 | Val Max Gen Viol: 0.0000 | Val Max Thermal: 0.4354
Epoch 3900 | Val Loss: 1.0439 | Val Cost:    0.00 | Val Max P-Miss: 5.6946 | Max Q-Miss: 1.6595 | Val Max Gen Viol: 0.0000 | Val Max Thermal: 0.4372
Epoch 4000 | Val Loss: 1.0365 | Val Cost:    0.00 | Val Max P-Miss: 5.4606 | Max Q-Miss: 2.4521 | Val Max Gen Viol: 0.0000 | Val Max Thermal: 0.4656 [*SAVED BEST*]
Epoch 4100 | Val Loss: 1.5401 | Val Cost:    0.00 | Val Max P-Miss: 5.9418 | Max Q-Miss: 4.8110 | Val Max Gen Viol: 0.0000 | Val Max Thermal: 0.3519
Epoch 4200 | Val Loss: 1.0812 | Val Cost:    0.00 | Val Max P-Miss: 5.5356 | Max Q-Miss: 1.9153 | Val Max Gen Viol: 0.0000 | Val Max Thermal: 0.3924
Epoch 4300 | Val Loss: 1.0313 | Val Cost:    0.00 | Val Max P-Miss: 5.4957 | Max Q-Miss: 2.2198 | Val Max Gen Viol: 0.0000 | Val Max Thermal: 0.4224 [*SAVED BEST*]
Epoch 4400 | Val Loss: 1.0543 | Val Cost:    0.00 | Val Max P-Miss: 5.6356 | Max Q-Miss: 2.2862 | Val Max Gen Viol: 0.0000 | Val Max Thermal: 0.4036
Epoch 4500 | Val Loss: 1.0593 | Val Cost:    0.00 | Val Max P-Miss: 5.4629 | Max Q-Miss: 2.8141 | Val Max Gen Viol: 0.0000 | Val Max Thermal: 0.4233
Epoch 4600 | Val Loss: 1.2083 | Val Cost:    0.00 | Val Max P-Miss: 5.5838 | Max Q-Miss: 3.3610 | Val Max Gen Viol: 0.0000 | Val Max Thermal: 0.2652
Epoch 4700 | Val Loss: 1.0440 | Val Cost:    0.00 | Val Max P-Miss: 5.5220 | Max Q-Miss: 1.7018 | Val Max Gen Viol: 0.0000 | Val Max Thermal: 0.3941
Epoch 4800 | Val Loss: 1.0593 | Val Cost:    0.00 | Val Max P-Miss: 5.5462 | Max Q-Miss: 2.9589 | Val Max Gen Viol: 0.0000 | Val Max Thermal: 0.3874
Epoch 4900 | Val Loss: 0.9862 | Val Cost:    0.00 | Val Max P-Miss: 5.4788 | Max Q-Miss: 1.0388 | Val Max Gen Viol: 0.0000 | Val Max Thermal: 0.3791 [*SAVED BEST*]
Epoch 5000 | Val Loss: 1.0456 | Val Cost:    0.00 | Val Max P-Miss: 5.4824 | Max Q-Miss: 2.4778 | Val Max Gen Viol: 0.0000 | Val Max Thermal: 0.3538
Epoch 5100 | Val Loss: 1.0102 | Val Cost:    0.00 | Val Max P-Miss: 5.4870 | Max Q-Miss: 2.1247 | Val Max Gen Viol: 0.0000 | Val Max Thermal: 0.4159
Epoch 5200 | Val Loss: 1.1182 | Val Cost:    0.00 | Val Max P-Miss: 5.7107 | Max Q-Miss: 2.4579 | Val Max Gen Viol: 0.0000 | Val Max Thermal: 0.6277
Epoch 5300 | Val Loss: 1.7804 | Val Cost:    0.00 | Val Max P-Miss: 9.9542 | Max Q-Miss: 3.0823 | Val Max Gen Viol: 0.0000 | Val Max Thermal: 0.2634
Epoch 5400 | Val Loss: 1.0361 | Val Cost:    0.00 | Val Max P-Miss: 5.5175 | Max Q-Miss: 2.2788 | Val Max Gen Viol: 0.0000 | Val Max Thermal: 0.4883
Epoch 5500 | Val Loss: 1.0302 | Val Cost:    0.00 | Val Max P-Miss: 5.5551 | Max Q-Miss: 1.8872 | Val Max Gen Viol: 0.0000 | Val Max Thermal: 0.4002
Epoch 5600 | Val Loss: 2.2880 | Val Cost:    0.00 | Val Max P-Miss: 7.6303 | Max Q-Miss: 8.5865 | Val Max Gen Viol: 0.0000 | Val Max Thermal: 0.5313
Epoch 5700 | Val Loss: 1.2230 | Val Cost:    0.00 | Val Max P-Miss: 5.3760 | Max Q-Miss: 4.0215 | Val Max Gen Viol: 0.0000 | Val Max Thermal: 0.3943
Epoch 5800 | Val Loss: 0.9983 | Val Cost:    0.00 | Val Max P-Miss: 5.5198 | Max Q-Miss: 2.1759 | Val Max Gen Viol: 0.0000 | Val Max Thermal: 0.4368
Epoch 5900 | Val Loss: 1.0469 | Val Cost:    0.00 | Val Max P-Miss: 5.3089 | Max Q-Miss: 1.7061 | Val Max Gen Viol: 0.0000 | Val Max Thermal: 0.4103
Epoch 6000 | Val Loss: 1.0427 | Val Cost:    0.00 | Val Max P-Miss: 5.5109 | Max Q-Miss: 1.8309 | Val Max Gen Viol: 0.0000 | Val Max Thermal: 0.3778
Epoch 6100 | Val Loss: 0.9880 | Val Cost:    0.00 | Val Max P-Miss: 5.5041 | Max Q-Miss: 1.3708 | Val Max Gen Viol: 0.0000 | Val Max Thermal: 0.6116
Epoch 6200 | Val Loss: 1.1068 | Val Cost:    0.00 | Val Max P-Miss: 5.6337 | Max Q-Miss: 2.6800 | Val Max Gen Viol: 0.0000 | Val Max Thermal: 0.5721
Epoch 6300 | Val Loss: 1.0243 | Val Cost:    0.00 | Val Max P-Miss: 5.2929 | Max Q-Miss: 1.5778 | Val Max Gen Viol: 0.0000 | Val Max Thermal: 0.6660
Epoch 6400 | Val Loss: 0.9701 | Val Cost:    0.00 | Val Max P-Miss: 5.4445 | Max Q-Miss: 1.1069 | Val Max Gen Viol: 0.0000 | Val Max Thermal: 0.6491 [*SAVED BEST*]
Epoch 6500 | Val Loss: 0.9919 | Val Cost:    0.00 | Val Max P-Miss: 5.4546 | Max Q-Miss: 1.5864 | Val Max Gen Viol: 0.0000 | Val Max Thermal: 0.5134
Epoch 6600 | Val Loss: 0.9779 | Val Cost:    0.00 | Val Max P-Miss: 5.5212 | Max Q-Miss: 1.7150 | Val Max Gen Viol: 0.0000 | Val Max Thermal: 0.6536
Epoch 6700 | Val Loss: 1.0090 | Val Cost:    0.00 | Val Max P-Miss: 5.6588 | Max Q-Miss: 2.7478 | Val Max Gen Viol: 0.0000 | Val Max Thermal: 0.6907
Epoch 6800 | Val Loss: 1.0328 | Val Cost:    0.00 | Val Max P-Miss: 5.5475 | Max Q-Miss: 1.9789 | Val Max Gen Viol: 0.0000 | Val Max Thermal: 0.5928
Epoch 6900 | Val Loss: 1.0149 | Val Cost:    0.00 | Val Max P-Miss: 5.4563 | Max Q-Miss: 2.6134 | Val Max Gen Viol: 0.0000 | Val Max Thermal: 0.7239
Epoch 7000 | Val Loss: 1.1138 | Val Cost:    0.00 | Val Max P-Miss: 5.4656 | Max Q-Miss: 2.7811 | Val Max Gen Viol: 0.0000 | Val Max Thermal: 0.6350
Epoch 7100 | Val Loss: 1.0105 | Val Cost:    0.00 | Val Max P-Miss: 5.4694 | Max Q-Miss: 1.2671 | Val Max Gen Viol: 0.0000 | Val Max Thermal: 0.6836
Epoch 7200 | Val Loss: 0.9748 | Val Cost:    0.00 | Val Max P-Miss: 5.4035 | Max Q-Miss: 1.5927 | Val Max Gen Viol: 0.0000 | Val Max Thermal: 0.7161
Epoch 7300 | Val Loss: 0.9975 | Val Cost:    0.00 | Val Max P-Miss: 5.5350 | Max Q-Miss: 1.4282 | Val Max Gen Viol: 0.0000 | Val Max Thermal: 0.6712
Epoch 7400 | Val Loss: 1.2868 | Val Cost:    0.00 | Val Max P-Miss: 5.2606 | Max Q-Miss: 3.9935 | Val Max Gen Viol: 0.0000 | Val Max Thermal: 0.4915
Epoch 7500 | Val Loss: 1.0151 | Val Cost:    0.00 | Val Max P-Miss: 5.5047 | Max Q-Miss: 1.4831 | Val Max Gen Viol: 0.0000 | Val Max Thermal: 0.6274
Epoch 7600 | Val Loss: 0.9706 | Val Cost:    0.00 | Val Max P-Miss: 5.4730 | Max Q-Miss: 1.2074 | Val Max Gen Viol: 0.0000 | Val Max Thermal: 0.6301
Epoch 7700 | Val Loss: 1.0203 | Val Cost:    0.00 | Val Max P-Miss: 5.5143 | Max Q-Miss: 2.4632 | Val Max Gen Viol: 0.0000 | Val Max Thermal: 0.6260
Epoch 7800 | Val Loss: 1.0046 | Val Cost:    0.00 | Val Max P-Miss: 5.8400 | Max Q-Miss: 1.2910 | Val Max Gen Viol: 0.0000 | Val Max Thermal: 0.6473
Epoch 7900 | Val Loss: 0.9736 | Val Cost:    0.00 | Val Max P-Miss: 5.4948 | Max Q-Miss: 1.6538 | Val Max Gen Viol: 0.0000 | Val Max Thermal: 0.6439
Epoch 8000 | Val Loss: 0.9644 | Val Cost:    0.00 | Val Max P-Miss: 5.3858 | Max Q-Miss: 1.3403 | Val Max Gen Viol: 0.0000 | Val Max Thermal: 0.5171 [*SAVED BEST*]
Epoch 8100 | Val Loss: 0.9920 | Val Cost:    0.00 | Val Max P-Miss: 5.5530 | Max Q-Miss: 1.9497 | Val Max Gen Viol: 0.0000 | Val Max Thermal: 0.6416
Epoch 8200 | Val Loss: 0.9520 | Val Cost:    0.00 | Val Max P-Miss: 5.5027 | Max Q-Miss: 1.3001 | Val Max Gen Viol: 0.0000 | Val Max Thermal: 0.6233 [*SAVED BEST*]
Epoch 8300 | Val Loss: 0.9744 | Val Cost:    0.00 | Val Max P-Miss: 5.6088 | Max Q-Miss: 1.2562 | Val Max Gen Viol: 0.0000 | Val Max Thermal: 0.6250
Epoch 8400 | Val Loss: 0.9703 | Val Cost:    0.00 | Val Max P-Miss: 5.3727 | Max Q-Miss: 1.3313 | Val Max Gen Viol: 0.0000 | Val Max Thermal: 0.6353
Epoch 8500 | Val Loss: 1.0056 | Val Cost:    0.00 | Val Max P-Miss: 5.3867 | Max Q-Miss: 1.4578 | Val Max Gen Viol: 0.0000 | Val Max Thermal: 0.6010
Epoch 8600 | Val Loss: 1.0060 | Val Cost:    0.00 | Val Max P-Miss: 5.5015 | Max Q-Miss: 1.2614 | Val Max Gen Viol: 0.0000 | Val Max Thermal: 0.6418
Epoch 8700 | Val Loss: 1.2057 | Val Cost:    0.00 | Val Max P-Miss: 5.7471 | Max Q-Miss: 3.6467 | Val Max Gen Viol: 0.0000 | Val Max Thermal: 0.5549
Epoch 8800 | Val Loss: 1.0219 | Val Cost:    0.00 | Val Max P-Miss: 5.4844 | Max Q-Miss: 3.0044 | Val Max Gen Viol: 0.0000 | Val Max Thermal: 0.6389
Epoch 8900 | Val Loss: 1.0284 | Val Cost:    0.00 | Val Max P-Miss: 5.4413 | Max Q-Miss: 2.2478 | Val Max Gen Viol: 0.0000 | Val Max Thermal: 0.4187
Epoch 9000 | Val Loss: 1.0053 | Val Cost:    0.00 | Val Max P-Miss: 5.4546 | Max Q-Miss: 2.5386 | Val Max Gen Viol: 0.0000 | Val Max Thermal: 0.6452
Epoch 9100 | Val Loss: 1.0324 | Val Cost:    0.00 | Val Max P-Miss: 5.4716 | Max Q-Miss: 1.9333 | Val Max Gen Viol: 0.0000 | Val Max Thermal: 0.6317
Epoch 9200 | Val Loss: 0.9769 | Val Cost:    0.00 | Val Max P-Miss: 5.4644 | Max Q-Miss: 1.3244 | Val Max Gen Viol: 0.0000 | Val Max Thermal: 0.5819
Epoch 9300 | Val Loss: 0.9908 | Val Cost:    0.00 | Val Max P-Miss: 5.5431 | Max Q-Miss: 1.9602 | Val Max Gen Viol: 0.0000 | Val Max Thermal: 0.6027
Epoch 9400 | Val Loss: 0.9644 | Val Cost:    0.00 | Val Max P-Miss: 5.4051 | Max Q-Miss: 1.3610 | Val Max Gen Viol: 0.0000 | Val Max Thermal: 0.6469
Epoch 9500 | Val Loss: 0.9777 | Val Cost:    0.00 | Val Max P-Miss: 5.5932 | Max Q-Miss: 1.5976 | Val Max Gen Viol: 0.0000 | Val Max Thermal: 0.6301
Epoch 9600 | Val Loss: 0.9868 | Val Cost:    0.00 | Val Max P-Miss: 5.4586 | Max Q-Miss: 2.0545 | Val Max Gen Viol: 0.0000 | Val Max Thermal: 0.6255
Epoch 9700 | Val Loss: 0.9830 | Val Cost:    0.00 | Val Max P-Miss: 5.4878 | Max Q-Miss: 1.8509 | Val Max Gen Viol: 0.0000 | Val Max Thermal: 0.6143
Epoch 9800 | Val Loss: 0.9731 | Val Cost:    0.00 | Val Max P-Miss: 5.3052 | Max Q-Miss: 1.0346 | Val Max Gen Viol: 0.0000 | Val Max Thermal: 0.6451
Epoch 9900 | Val Loss: 0.9661 | Val Cost:    0.00 | Val Max P-Miss: 5.4823 | Max Q-Miss: 1.5187 | Val Max Gen Viol: 0.0000 | Val Max Thermal: 0.6381

==================================================
Training Complete!
Total Training Time: 00h 07m 29.83s
Best model weights saved to: ./model/best_controlled_full_equal_pglib_opf_case300_ieee_10000epochs_seed3_20260922_191658.pth
==================================================

