Random seed     : 2
CUDA Hardware Acceleration Active: NVIDIA GeForce RTX 4090
Problem Geometry Linked -> Matrix Samples: 10000
======================================================================
CONTROLLED ABLATION
Case            : pglib_opf_case162_ieee_dtc
Projection      : full
Weight strategy : inequality
Weights         : {'eq_p': 1.0, 'eq_q': 1.0, 'thermal': 1000.0, 'ang': 1000.0, 'v': 1000.0, 'obj': 0.0005}
======================================================================

Beginning execution of parallelized training matrix loops...
Epoch    0 | Val Loss: 1169.3561 | Val Cost: 80675.16 | Val Max P-Miss: 11.7844 | Max Q-Miss: 9.8334 | Val Max Gen Viol: 0.0000 | Val Max Thermal: 20.6526 [*SAVED BEST*]
Epoch  100 | Val Loss: 368.6467 | Val Cost: 6099.48 | Val Max P-Miss: 17.9941 | Max Q-Miss: 8.8066 | Val Max Gen Viol: 0.0000 | Val Max Thermal: 2.5925 [*SAVED BEST*]
Epoch  200 | Val Loss: 254.5025 | Val Cost: 2547.58 | Val Max P-Miss: 18.9784 | Max Q-Miss: 9.2141 | Val Max Gen Viol: 0.0000 | Val Max Thermal: 2.2998 [*SAVED BEST*]
Epoch  300 | Val Loss: 162.2991 | Val Cost:  832.11 | Val Max P-Miss: 18.1237 | Max Q-Miss: 7.9214 | Val Max Gen Viol: 0.0000 | Val Max Thermal: 0.6942 [*SAVED BEST*]
Epoch  400 | Val Loss: 213.6147 | Val Cost:  598.07 | Val Max P-Miss: 17.9109 | Max Q-Miss: 11.9130 | Val Max Gen Viol: 0.0000 | Val Max Thermal: 3.5303
Epoch  500 | Val Loss: 94.8720 | Val Cost:  454.37 | Val Max P-Miss: 17.6310 | Max Q-Miss: 7.0046 | Val Max Gen Viol: 0.0000 | Val Max Thermal: 0.5422 [*SAVED BEST*]
Epoch  600 | Val Loss: 66.3936 | Val Cost:   97.17 | Val Max P-Miss: 17.2551 | Max Q-Miss: 6.8998 | Val Max Gen Viol: 0.0000 | Val Max Thermal: 1.7254 [*SAVED BEST*]
Epoch  700 | Val Loss: 379.9842 | Val Cost:   34.47 | Val Max P-Miss: 17.4539 | Max Q-Miss: 6.1905 | Val Max Gen Viol: 0.0000 | Val Max Thermal: 6.1895
Epoch  800 | Val Loss: 12.8777 | Val Cost:   23.44 | Val Max P-Miss: 17.3554 | Max Q-Miss: 4.3854 | Val Max Gen Viol: 0.0000 | Val Max Thermal: 2.0116 [*SAVED BEST*]
Epoch  900 | Val Loss: 3.3269 | Val Cost:   10.76 | Val Max P-Miss: 16.1137 | Max Q-Miss: 1.2788 | Val Max Gen Viol: 0.0000 | Val Max Thermal: 0.1015 [*SAVED BEST*]
Epoch 1000 | Val Loss: 736.1501 | Val Cost:    3.40 | Val Max P-Miss: 15.7951 | Max Q-Miss: 8.6562 | Val Max Gen Viol: 0.0000 | Val Max Thermal: 8.8380
Epoch 1100 | Val Loss: 13.0768 | Val Cost:    2.19 | Val Max P-Miss: 15.4767 | Max Q-Miss: 4.2761 | Val Max Gen Viol: 0.0000 | Val Max Thermal: 1.3999
Epoch 1200 | Val Loss: 2.3570 | Val Cost:    1.04 | Val Max P-Miss: 14.4164 | Max Q-Miss: 3.4270 | Val Max Gen Viol: 0.0000 | Val Max Thermal: 0.0502 [*SAVED BEST*]
Epoch 1300 | Val Loss: 2.3366 | Val Cost:    0.64 | Val Max P-Miss: 15.4554 | Max Q-Miss: 2.6908 | Val Max Gen Viol: 0.0000 | Val Max Thermal: 0.1318 [*SAVED BEST*]
Epoch 1400 | Val Loss: 4.8106 | Val Cost:    0.52 | Val Max P-Miss: 15.0091 | Max Q-Miss: 3.6066 | Val Max Gen Viol: 0.0000 | Val Max Thermal: 0.7302
Epoch 1500 | Val Loss: 1.6215 | Val Cost:    0.20 | Val Max P-Miss: 14.0036 | Max Q-Miss: 2.1706 | Val Max Gen Viol: 0.0000 | Val Max Thermal: 0.0279 [*SAVED BEST*]
Epoch 1600 | Val Loss: 1.7478 | Val Cost:    0.08 | Val Max P-Miss: 13.8286 | Max Q-Miss: 3.1259 | Val Max Gen Viol: 0.0000 | Val Max Thermal: 0.0267
Epoch 1700 | Val Loss: 1.4542 | Val Cost:    0.08 | Val Max P-Miss: 13.9913 | Max Q-Miss: 2.0303 | Val Max Gen Viol: 0.0000 | Val Max Thermal: 0.0193 [*SAVED BEST*]
Epoch 1800 | Val Loss: 1.3584 | Val Cost:    0.04 | Val Max P-Miss: 13.6270 | Max Q-Miss: 2.5353 | Val Max Gen Viol: 0.0000 | Val Max Thermal: 0.0184 [*SAVED BEST*]
Epoch 1900 | Val Loss: 1.7242 | Val Cost:    0.02 | Val Max P-Miss: 13.1256 | Max Q-Miss: 3.4262 | Val Max Gen Viol: 0.0000 | Val Max Thermal: 0.0184
Epoch 2000 | Val Loss: 1.1961 | Val Cost:    0.01 | Val Max P-Miss: 13.2003 | Max Q-Miss: 1.8588 | Val Max Gen Viol: 0.0000 | Val Max Thermal: 0.0136 [*SAVED BEST*]
Epoch 2100 | Val Loss: 1.1284 | Val Cost:    0.01 | Val Max P-Miss: 12.8063 | Max Q-Miss: 1.7969 | Val Max Gen Viol: 0.0000 | Val Max Thermal: 0.0184 [*SAVED BEST*]
Epoch 2200 | Val Loss: 1.0779 | Val Cost:    0.00 | Val Max P-Miss: 12.5438 | Max Q-Miss: 0.9891 | Val Max Gen Viol: 0.0000 | Val Max Thermal: 0.0203 [*SAVED BEST*]
Epoch 2300 | Val Loss: 1.0925 | Val Cost:    0.00 | Val Max P-Miss: 12.5035 | Max Q-Miss: 2.5938 | Val Max Gen Viol: 0.0000 | Val Max Thermal: 0.0204
Epoch 2400 | Val Loss: 1.0765 | Val Cost:    0.00 | Val Max P-Miss: 12.4718 | Max Q-Miss: 1.2643 | Val Max Gen Viol: 0.0000 | Val Max Thermal: 0.0185 [*SAVED BEST*]
Epoch 2500 | Val Loss: 1.0041 | Val Cost:    0.00 | Val Max P-Miss: 12.2355 | Max Q-Miss: 0.8854 | Val Max Gen Viol: 0.0000 | Val Max Thermal: 0.0220 [*SAVED BEST*]
Epoch 2600 | Val Loss: 1.8468 | Val Cost:    0.00 | Val Max P-Miss: 12.5835 | Max Q-Miss: 2.3557 | Val Max Gen Viol: 0.0000 | Val Max Thermal: 0.0438
Epoch 2700 | Val Loss: 1.0014 | Val Cost:    0.00 | Val Max P-Miss: 12.1920 | Max Q-Miss: 1.6563 | Val Max Gen Viol: 0.0000 | Val Max Thermal: 0.0244 [*SAVED BEST*]
Epoch 2800 | Val Loss: 0.9745 | Val Cost:    0.00 | Val Max P-Miss: 12.1246 | Max Q-Miss: 0.9609 | Val Max Gen Viol: 0.0000 | Val Max Thermal: 0.0214 [*SAVED BEST*]
Epoch 2900 | Val Loss: 0.9891 | Val Cost:    0.00 | Val Max P-Miss: 12.3073 | Max Q-Miss: 0.8995 | Val Max Gen Viol: 0.0000 | Val Max Thermal: 0.0188
Epoch 3000 | Val Loss: 0.9325 | Val Cost:    0.00 | Val Max P-Miss: 12.0585 | Max Q-Miss: 0.7737 | Val Max Gen Viol: 0.0000 | Val Max Thermal: 0.0268 [*SAVED BEST*]
Epoch 3100 | Val Loss: 0.9304 | Val Cost:    0.00 | Val Max P-Miss: 12.1420 | Max Q-Miss: 1.0248 | Val Max Gen Viol: 0.0000 | Val Max Thermal: 0.0226 [*SAVED BEST*]
Epoch 3200 | Val Loss: 1.5489 | Val Cost:    0.00 | Val Max P-Miss: 11.8888 | Max Q-Miss: 1.0416 | Val Max Gen Viol: 0.0000 | Val Max Thermal: 0.2420
Epoch 3300 | Val Loss: 0.8910 | Val Cost:    0.00 | Val Max P-Miss: 11.8364 | Max Q-Miss: 0.5335 | Val Max Gen Viol: 0.0000 | Val Max Thermal: 0.0271 [*SAVED BEST*]
Epoch 3400 | Val Loss: 11.5599 | Val Cost:    0.00 | Val Max P-Miss: 12.0861 | Max Q-Miss: 1.4660 | Val Max Gen Viol: 0.0000 | Val Max Thermal: 1.2531
Epoch 3500 | Val Loss: 0.8671 | Val Cost:    0.00 | Val Max P-Miss: 11.7389 | Max Q-Miss: 0.9573 | Val Max Gen Viol: 0.0000 | Val Max Thermal: 0.0315 [*SAVED BEST*]
Epoch 3600 | Val Loss: 1.2731 | Val Cost:    0.00 | Val Max P-Miss: 11.7902 | Max Q-Miss: 1.3394 | Val Max Gen Viol: 0.0000 | Val Max Thermal: 0.0177
Epoch 3700 | Val Loss: 0.9164 | Val Cost:    0.00 | Val Max P-Miss: 11.6822 | Max Q-Miss: 1.1160 | Val Max Gen Viol: 0.0000 | Val Max Thermal: 0.0344
Epoch 3800 | Val Loss: 0.8494 | Val Cost:    0.00 | Val Max P-Miss: 11.6994 | Max Q-Miss: 0.5372 | Val Max Gen Viol: 0.0000 | Val Max Thermal: 0.0342 [*SAVED BEST*]
Epoch 3900 | Val Loss: 1.2155 | Val Cost:    0.00 | Val Max P-Miss: 11.9284 | Max Q-Miss: 0.9684 | Val Max Gen Viol: 0.0000 | Val Max Thermal: 0.0224
Epoch 4000 | Val Loss: 0.9029 | Val Cost:    0.00 | Val Max P-Miss: 11.6165 | Max Q-Miss: 0.6214 | Val Max Gen Viol: 0.0000 | Val Max Thermal: 0.0303
Epoch 4100 | Val Loss: 0.8313 | Val Cost:    0.00 | Val Max P-Miss: 11.7960 | Max Q-Miss: 0.4648 | Val Max Gen Viol: 0.0000 | Val Max Thermal: 0.0263 [*SAVED BEST*]
Epoch 4200 | Val Loss: 0.8402 | Val Cost:    0.00 | Val Max P-Miss: 11.5288 | Max Q-Miss: 0.5973 | Val Max Gen Viol: 0.0000 | Val Max Thermal: 0.0306
Epoch 4300 | Val Loss: 3.7431 | Val Cost:    0.00 | Val Max P-Miss: 12.1729 | Max Q-Miss: 1.7228 | Val Max Gen Viol: 0.0000 | Val Max Thermal: 0.6352
Epoch 4400 | Val Loss: 0.8130 | Val Cost:    0.00 | Val Max P-Miss: 11.4779 | Max Q-Miss: 0.4590 | Val Max Gen Viol: 0.0000 | Val Max Thermal: 0.0316 [*SAVED BEST*]
Epoch 4500 | Val Loss: 0.7934 | Val Cost:    0.00 | Val Max P-Miss: 11.4491 | Max Q-Miss: 0.4857 | Val Max Gen Viol: 0.0000 | Val Max Thermal: 0.0326 [*SAVED BEST*]
Epoch 4600 | Val Loss: 1.0268 | Val Cost:    0.00 | Val Max P-Miss: 11.3763 | Max Q-Miss: 0.7686 | Val Max Gen Viol: 0.0000 | Val Max Thermal: 0.0417
Epoch 4700 | Val Loss: 0.8264 | Val Cost:    0.00 | Val Max P-Miss: 11.4353 | Max Q-Miss: 0.4705 | Val Max Gen Viol: 0.0000 | Val Max Thermal: 0.0347
Epoch 4800 | Val Loss: 0.7929 | Val Cost:    0.00 | Val Max P-Miss: 11.4349 | Max Q-Miss: 0.4650 | Val Max Gen Viol: 0.0000 | Val Max Thermal: 0.0314 [*SAVED BEST*]
Epoch 4900 | Val Loss: 0.7850 | Val Cost:    0.00 | Val Max P-Miss: 11.3386 | Max Q-Miss: 0.4598 | Val Max Gen Viol: 0.0000 | Val Max Thermal: 0.0332 [*SAVED BEST*]
Epoch 5000 | Val Loss: 0.7795 | Val Cost:    0.00 | Val Max P-Miss: 11.2794 | Max Q-Miss: 0.4655 | Val Max Gen Viol: 0.0000 | Val Max Thermal: 0.0332 [*SAVED BEST*]
Epoch 5100 | Val Loss: 0.7975 | Val Cost:    0.00 | Val Max P-Miss: 11.2765 | Max Q-Miss: 0.4599 | Val Max Gen Viol: 0.0000 | Val Max Thermal: 0.0333
Epoch 5200 | Val Loss: 0.8652 | Val Cost:    0.00 | Val Max P-Miss: 11.5452 | Max Q-Miss: 1.5269 | Val Max Gen Viol: 0.0000 | Val Max Thermal: 0.0375
Epoch 5300 | Val Loss: 0.7736 | Val Cost:    0.00 | Val Max P-Miss: 11.2541 | Max Q-Miss: 0.4480 | Val Max Gen Viol: 0.0000 | Val Max Thermal: 0.0327 [*SAVED BEST*]
Epoch 5400 | Val Loss: 0.8842 | Val Cost:    0.00 | Val Max P-Miss: 11.5574 | Max Q-Miss: 0.4346 | Val Max Gen Viol: 0.0000 | Val Max Thermal: 0.0326
Epoch 5500 | Val Loss: 1.3045 | Val Cost:    0.00 | Val Max P-Miss: 11.1079 | Max Q-Miss: 3.2477 | Val Max Gen Viol: 0.0000 | Val Max Thermal: 0.0983
Epoch 5600 | Val Loss: 0.8232 | Val Cost:    0.00 | Val Max P-Miss: 11.2603 | Max Q-Miss: 0.6707 | Val Max Gen Viol: 0.0000 | Val Max Thermal: 0.0353
Epoch 5700 | Val Loss: 0.7885 | Val Cost:    0.00 | Val Max P-Miss: 11.3067 | Max Q-Miss: 1.3330 | Val Max Gen Viol: 0.0000 | Val Max Thermal: 0.0373
Epoch 5800 | Val Loss: 0.8187 | Val Cost:    0.00 | Val Max P-Miss: 11.2274 | Max Q-Miss: 0.4491 | Val Max Gen Viol: 0.0000 | Val Max Thermal: 0.0326
Epoch 5900 | Val Loss: 0.8312 | Val Cost:    0.00 | Val Max P-Miss: 11.2347 | Max Q-Miss: 0.4513 | Val Max Gen Viol: 0.0000 | Val Max Thermal: 0.0317
Epoch 6000 | Val Loss: 0.8007 | Val Cost:    0.00 | Val Max P-Miss: 11.1728 | Max Q-Miss: 0.4593 | Val Max Gen Viol: 0.0000 | Val Max Thermal: 0.0352
Epoch 6100 | Val Loss: 0.9885 | Val Cost:    0.00 | Val Max P-Miss: 11.2176 | Max Q-Miss: 0.5430 | Val Max Gen Viol: 0.0000 | Val Max Thermal: 0.0416
Epoch 6200 | Val Loss: 0.8513 | Val Cost:    0.00 | Val Max P-Miss: 11.3374 | Max Q-Miss: 0.5566 | Val Max Gen Viol: 0.0000 | Val Max Thermal: 0.0289
Epoch 6300 | Val Loss: 0.7642 | Val Cost:    0.00 | Val Max P-Miss: 11.1362 | Max Q-Miss: 0.4747 | Val Max Gen Viol: 0.0000 | Val Max Thermal: 0.0333 [*SAVED BEST*]
Epoch 6400 | Val Loss: 0.7574 | Val Cost:    0.00 | Val Max P-Miss: 11.0886 | Max Q-Miss: 0.4607 | Val Max Gen Viol: 0.0000 | Val Max Thermal: 0.0344 [*SAVED BEST*]
Epoch 6500 | Val Loss: 0.7664 | Val Cost:    0.00 | Val Max P-Miss: 11.0831 | Max Q-Miss: 0.4777 | Val Max Gen Viol: 0.0000 | Val Max Thermal: 0.0355
Epoch 6600 | Val Loss: 0.7458 | Val Cost:    0.00 | Val Max P-Miss: 11.0394 | Max Q-Miss: 0.4340 | Val Max Gen Viol: 0.0000 | Val Max Thermal: 0.0344 [*SAVED BEST*]
Epoch 6700 | Val Loss: 0.7569 | Val Cost:    0.00 | Val Max P-Miss: 11.0265 | Max Q-Miss: 0.4529 | Val Max Gen Viol: 0.0000 | Val Max Thermal: 0.0363
Epoch 6800 | Val Loss: 0.7563 | Val Cost:    0.00 | Val Max P-Miss: 11.0044 | Max Q-Miss: 0.4636 | Val Max Gen Viol: 0.0000 | Val Max Thermal: 0.0361
Epoch 6900 | Val Loss: 0.7731 | Val Cost:    0.00 | Val Max P-Miss: 11.0236 | Max Q-Miss: 0.4631 | Val Max Gen Viol: 0.0000 | Val Max Thermal: 0.0350
Epoch 7000 | Val Loss: 0.7410 | Val Cost:    0.00 | Val Max P-Miss: 11.0182 | Max Q-Miss: 0.4351 | Val Max Gen Viol: 0.0000 | Val Max Thermal: 0.0352 [*SAVED BEST*]
Epoch 7100 | Val Loss: 0.7612 | Val Cost:    0.00 | Val Max P-Miss: 11.0098 | Max Q-Miss: 0.4406 | Val Max Gen Viol: 0.0000 | Val Max Thermal: 0.0344
Epoch 7200 | Val Loss: 0.7545 | Val Cost:    0.00 | Val Max P-Miss: 11.0729 | Max Q-Miss: 0.4543 | Val Max Gen Viol: 0.0000 | Val Max Thermal: 0.0332
Epoch 7300 | Val Loss: 0.8791 | Val Cost:    0.00 | Val Max P-Miss: 11.8168 | Max Q-Miss: 0.8508 | Val Max Gen Viol: 0.0000 | Val Max Thermal: 0.0232
Epoch 7400 | Val Loss: 0.7548 | Val Cost:    0.00 | Val Max P-Miss: 11.0006 | Max Q-Miss: 0.4440 | Val Max Gen Viol: 0.0000 | Val Max Thermal: 0.0353
Epoch 7500 | Val Loss: 0.7458 | Val Cost:    0.00 | Val Max P-Miss: 10.9570 | Max Q-Miss: 0.4472 | Val Max Gen Viol: 0.0000 | Val Max Thermal: 0.0367
Epoch 7600 | Val Loss: 0.7688 | Val Cost:    0.00 | Val Max P-Miss: 10.9659 | Max Q-Miss: 0.4386 | Val Max Gen Viol: 0.0000 | Val Max Thermal: 0.0414
Epoch 7700 | Val Loss: 0.7379 | Val Cost:    0.00 | Val Max P-Miss: 10.9544 | Max Q-Miss: 0.4462 | Val Max Gen Viol: 0.0000 | Val Max Thermal: 0.0359 [*SAVED BEST*]
Epoch 7800 | Val Loss: 0.7571 | Val Cost:    0.00 | Val Max P-Miss: 11.0172 | Max Q-Miss: 0.4444 | Val Max Gen Viol: 0.0000 | Val Max Thermal: 0.0342
Epoch 7900 | Val Loss: 0.7379 | Val Cost:    0.00 | Val Max P-Miss: 10.9341 | Max Q-Miss: 0.4358 | Val Max Gen Viol: 0.0000 | Val Max Thermal: 0.0360
Epoch 8000 | Val Loss: 0.7437 | Val Cost:    0.00 | Val Max P-Miss: 10.9932 | Max Q-Miss: 0.4418 | Val Max Gen Viol: 0.0000 | Val Max Thermal: 0.0369
Epoch 8100 | Val Loss: 0.7678 | Val Cost:    0.00 | Val Max P-Miss: 10.9464 | Max Q-Miss: 0.4283 | Val Max Gen Viol: 0.0000 | Val Max Thermal: 0.0359
Epoch 8200 | Val Loss: 0.7440 | Val Cost:    0.00 | Val Max P-Miss: 10.9743 | Max Q-Miss: 0.4617 | Val Max Gen Viol: 0.0000 | Val Max Thermal: 0.0360
Epoch 8300 | Val Loss: 0.7383 | Val Cost:    0.00 | Val Max P-Miss: 10.9012 | Max Q-Miss: 0.4407 | Val Max Gen Viol: 0.0000 | Val Max Thermal: 0.0371
Epoch 8400 | Val Loss: 0.7388 | Val Cost:    0.00 | Val Max P-Miss: 10.9288 | Max Q-Miss: 0.4562 | Val Max Gen Viol: 0.0000 | Val Max Thermal: 0.0363
Epoch 8500 | Val Loss: 0.8213 | Val Cost:    0.00 | Val Max P-Miss: 10.9561 | Max Q-Miss: 0.4668 | Val Max Gen Viol: 0.0000 | Val Max Thermal: 0.0333
Epoch 8600 | Val Loss: 0.7808 | Val Cost:    0.00 | Val Max P-Miss: 11.0193 | Max Q-Miss: 0.4748 | Val Max Gen Viol: 0.0000 | Val Max Thermal: 0.0292
Epoch 8700 | Val Loss: 0.7346 | Val Cost:    0.00 | Val Max P-Miss: 10.9179 | Max Q-Miss: 0.4449 | Val Max Gen Viol: 0.0000 | Val Max Thermal: 0.0364 [*SAVED BEST*]
Epoch 8800 | Val Loss: 0.7349 | Val Cost:    0.00 | Val Max P-Miss: 10.9314 | Max Q-Miss: 0.4556 | Val Max Gen Viol: 0.0000 | Val Max Thermal: 0.0369
Epoch 8900 | Val Loss: 0.7353 | Val Cost:    0.00 | Val Max P-Miss: 10.9207 | Max Q-Miss: 0.4377 | Val Max Gen Viol: 0.0000 | Val Max Thermal: 0.0366
Epoch 9000 | Val Loss: 0.7450 | Val Cost:    0.00 | Val Max P-Miss: 10.9364 | Max Q-Miss: 0.4655 | Val Max Gen Viol: 0.0000 | Val Max Thermal: 0.0371
Epoch 9100 | Val Loss: 0.7488 | Val Cost:    0.00 | Val Max P-Miss: 10.9193 | Max Q-Miss: 0.4807 | Val Max Gen Viol: 0.0000 | Val Max Thermal: 0.0346
Epoch 9200 | Val Loss: 0.7648 | Val Cost:    0.00 | Val Max P-Miss: 11.0125 | Max Q-Miss: 0.4671 | Val Max Gen Viol: 0.0000 | Val Max Thermal: 0.0350
Epoch 9300 | Val Loss: 0.7665 | Val Cost:    0.00 | Val Max P-Miss: 11.1263 | Max Q-Miss: 0.4903 | Val Max Gen Viol: 0.0000 | Val Max Thermal: 0.0335
Epoch 9400 | Val Loss: 0.7531 | Val Cost:    0.00 | Val Max P-Miss: 10.9586 | Max Q-Miss: 0.3860 | Val Max Gen Viol: 0.0000 | Val Max Thermal: 0.0387
Epoch 9500 | Val Loss: 0.7424 | Val Cost:    0.00 | Val Max P-Miss: 10.8998 | Max Q-Miss: 0.4528 | Val Max Gen Viol: 0.0000 | Val Max Thermal: 0.0417
Epoch 9600 | Val Loss: 0.7530 | Val Cost:    0.00 | Val Max P-Miss: 10.9131 | Max Q-Miss: 0.4432 | Val Max Gen Viol: 0.0000 | Val Max Thermal: 0.0370
Epoch 9700 | Val Loss: 0.7321 | Val Cost:    0.00 | Val Max P-Miss: 10.8971 | Max Q-Miss: 0.4434 | Val Max Gen Viol: 0.0000 | Val Max Thermal: 0.0373 [*SAVED BEST*]
Epoch 9800 | Val Loss: 0.7489 | Val Cost:    0.00 | Val Max P-Miss: 10.9187 | Max Q-Miss: 0.4802 | Val Max Gen Viol: 0.0000 | Val Max Thermal: 0.0379
Epoch 9900 | Val Loss: 0.7691 | Val Cost:    0.00 | Val Max P-Miss: 10.9463 | Max Q-Miss: 0.4478 | Val Max Gen Viol: 0.0000 | Val Max Thermal: 0.0367

==================================================
Training Complete!
Total Training Time: 00h 06m 26.85s
Best model weights saved to: ./model/best_controlled_full_inequality_pglib_opf_case162_ieee_dtc_10000epochs_seed2_20260923_003902.pth
==================================================

