Random seed     : 5
CUDA Hardware Acceleration Active: NVIDIA GeForce RTX 4090
Problem Geometry Linked -> Matrix Samples: 10000
======================================================================
CONTROLLED ABLATION
Case            : pglib_opf_case162_ieee_dtc
Projection      : generation
Weight strategy : nominal
Weights         : {'eq_p': 1000.0, 'eq_q': 1000.0, 'thermal': 1.0, 'ang': 1.0, 'v': 1.0, 'obj': 0.0005}
======================================================================

Beginning execution of parallelized training matrix loops...
Epoch    0 | Val Loss: 2863.4993 | Val Cost: 82000.20 | Val Max P-Miss: 9.6956 | Max Q-Miss: 3.2594 | Val Max Gen Viol: 0.0000 | Val Max Thermal: 0.0000 [*SAVED BEST*]
Epoch  100 | Val Loss: 210.9725 | Val Cost: 53074.27 | Val Max P-Miss: 2.7498 | Max Q-Miss: 1.4296 | Val Max Gen Viol: 0.0000 | Val Max Thermal: 13.8611 [*SAVED BEST*]
Epoch  200 | Val Loss: 149.0235 | Val Cost: 57022.95 | Val Max P-Miss: 1.8563 | Max Q-Miss: 1.0708 | Val Max Gen Viol: 0.0000 | Val Max Thermal: 19.0064 [*SAVED BEST*]
Epoch  300 | Val Loss: 158.9314 | Val Cost: 57277.45 | Val Max P-Miss: 1.6280 | Max Q-Miss: 1.2737 | Val Max Gen Viol: 0.0000 | Val Max Thermal: 15.4930
Epoch  400 | Val Loss: 138.9817 | Val Cost: 60032.33 | Val Max P-Miss: 1.4081 | Max Q-Miss: 1.1105 | Val Max Gen Viol: 0.0000 | Val Max Thermal: 16.6370 [*SAVED BEST*]
Epoch  500 | Val Loss: 146.2351 | Val Cost: 61048.40 | Val Max P-Miss: 1.3750 | Max Q-Miss: 1.0757 | Val Max Gen Viol: 0.0000 | Val Max Thermal: 14.1762
Epoch  600 | Val Loss: 110.9944 | Val Cost: 63026.48 | Val Max P-Miss: 1.3958 | Max Q-Miss: 0.7681 | Val Max Gen Viol: 0.0000 | Val Max Thermal: 16.6528 [*SAVED BEST*]
Epoch  700 | Val Loss: 106.9277 | Val Cost: 63856.70 | Val Max P-Miss: 1.0654 | Max Q-Miss: 0.8289 | Val Max Gen Viol: 0.0000 | Val Max Thermal: 16.4135 [*SAVED BEST*]
Epoch  800 | Val Loss: 179.9162 | Val Cost: 61793.25 | Val Max P-Miss: 2.0475 | Max Q-Miss: 0.9068 | Val Max Gen Viol: 0.0000 | Val Max Thermal: 12.1647
Epoch  900 | Val Loss: 104.0081 | Val Cost: 63954.34 | Val Max P-Miss: 1.6142 | Max Q-Miss: 1.1022 | Val Max Gen Viol: 0.0000 | Val Max Thermal: 15.5254 [*SAVED BEST*]
Epoch 1000 | Val Loss: 171.7182 | Val Cost: 64507.80 | Val Max P-Miss: 1.6848 | Max Q-Miss: 1.7504 | Val Max Gen Viol: 0.0000 | Val Max Thermal: 13.9541
Epoch 1100 | Val Loss: 100.4699 | Val Cost: 64222.26 | Val Max P-Miss: 0.9541 | Max Q-Miss: 0.8044 | Val Max Gen Viol: 0.0000 | Val Max Thermal: 16.8168 [*SAVED BEST*]
Epoch 1200 | Val Loss: 108.1621 | Val Cost: 63226.41 | Val Max P-Miss: 1.1701 | Max Q-Miss: 1.0131 | Val Max Gen Viol: 0.0000 | Val Max Thermal: 16.5665
Epoch 1300 | Val Loss: 98.6385 | Val Cost: 64610.38 | Val Max P-Miss: 0.8004 | Max Q-Miss: 1.0081 | Val Max Gen Viol: 0.0000 | Val Max Thermal: 18.4649 [*SAVED BEST*]
Epoch 1400 | Val Loss: 131.6348 | Val Cost: 64023.05 | Val Max P-Miss: 1.0242 | Max Q-Miss: 0.8239 | Val Max Gen Viol: 0.0000 | Val Max Thermal: 11.9824
Epoch 1500 | Val Loss: 94.1049 | Val Cost: 64531.58 | Val Max P-Miss: 0.9097 | Max Q-Miss: 0.7840 | Val Max Gen Viol: 0.0000 | Val Max Thermal: 17.6763 [*SAVED BEST*]
Epoch 1600 | Val Loss: 92.8380 | Val Cost: 64733.99 | Val Max P-Miss: 0.8308 | Max Q-Miss: 0.7572 | Val Max Gen Viol: 0.0000 | Val Max Thermal: 17.1727 [*SAVED BEST*]
Epoch 1700 | Val Loss: 97.2240 | Val Cost: 64767.75 | Val Max P-Miss: 0.9830 | Max Q-Miss: 0.9096 | Val Max Gen Viol: 0.0000 | Val Max Thermal: 18.0780
Epoch 1800 | Val Loss: 91.8140 | Val Cost: 64400.62 | Val Max P-Miss: 0.8164 | Max Q-Miss: 0.9996 | Val Max Gen Viol: 0.0000 | Val Max Thermal: 17.3572 [*SAVED BEST*]
Epoch 1900 | Val Loss: 92.6636 | Val Cost: 64732.73 | Val Max P-Miss: 0.8335 | Max Q-Miss: 0.6963 | Val Max Gen Viol: 0.0000 | Val Max Thermal: 17.3223
Epoch 2000 | Val Loss: 110.9211 | Val Cost: 63440.60 | Val Max P-Miss: 1.1374 | Max Q-Miss: 0.8553 | Val Max Gen Viol: 0.0000 | Val Max Thermal: 13.9898
Epoch 2100 | Val Loss: 93.2334 | Val Cost: 64657.80 | Val Max P-Miss: 0.7514 | Max Q-Miss: 0.9574 | Val Max Gen Viol: 0.0000 | Val Max Thermal: 16.5683
Epoch 2200 | Val Loss: 93.7877 | Val Cost: 64486.57 | Val Max P-Miss: 1.0220 | Max Q-Miss: 0.7425 | Val Max Gen Viol: 0.0000 | Val Max Thermal: 15.5051
Epoch 2300 | Val Loss: 88.6866 | Val Cost: 64869.00 | Val Max P-Miss: 0.7196 | Max Q-Miss: 0.7442 | Val Max Gen Viol: 0.0000 | Val Max Thermal: 19.5600 [*SAVED BEST*]
Epoch 2400 | Val Loss: 97.8210 | Val Cost: 63777.20 | Val Max P-Miss: 1.1399 | Max Q-Miss: 1.0895 | Val Max Gen Viol: 0.0000 | Val Max Thermal: 12.3890
Epoch 2500 | Val Loss: 85.9958 | Val Cost: 64922.17 | Val Max P-Miss: 0.8035 | Max Q-Miss: 0.6931 | Val Max Gen Viol: 0.0000 | Val Max Thermal: 17.5841 [*SAVED BEST*]
Epoch 2600 | Val Loss: 87.2694 | Val Cost: 64943.13 | Val Max P-Miss: 0.7687 | Max Q-Miss: 0.6467 | Val Max Gen Viol: 0.0000 | Val Max Thermal: 20.3016
Epoch 2700 | Val Loss: 82.6910 | Val Cost: 64878.32 | Val Max P-Miss: 0.7594 | Max Q-Miss: 0.6081 | Val Max Gen Viol: 0.0000 | Val Max Thermal: 18.2023 [*SAVED BEST*]
Epoch 2800 | Val Loss: 84.0051 | Val Cost: 64975.55 | Val Max P-Miss: 0.7184 | Max Q-Miss: 0.6357 | Val Max Gen Viol: 0.0000 | Val Max Thermal: 20.5397
Epoch 2900 | Val Loss: 83.4650 | Val Cost: 64952.79 | Val Max P-Miss: 0.7957 | Max Q-Miss: 0.6046 | Val Max Gen Viol: 0.0000 | Val Max Thermal: 20.8001
Epoch 3000 | Val Loss: 85.0967 | Val Cost: 64846.49 | Val Max P-Miss: 0.7140 | Max Q-Miss: 0.6327 | Val Max Gen Viol: 0.0000 | Val Max Thermal: 18.4898
Epoch 3100 | Val Loss: 83.7656 | Val Cost: 64918.61 | Val Max P-Miss: 0.8099 | Max Q-Miss: 0.6127 | Val Max Gen Viol: 0.0000 | Val Max Thermal: 20.1326
Epoch 3200 | Val Loss: 84.0283 | Val Cost: 65140.59 | Val Max P-Miss: 0.7833 | Max Q-Miss: 0.6432 | Val Max Gen Viol: 0.0000 | Val Max Thermal: 17.9403
Epoch 3300 | Val Loss: 84.0276 | Val Cost: 64987.47 | Val Max P-Miss: 0.7741 | Max Q-Miss: 0.5934 | Val Max Gen Viol: 0.0000 | Val Max Thermal: 18.7361
Epoch 3400 | Val Loss: 82.4496 | Val Cost: 65157.02 | Val Max P-Miss: 0.7693 | Max Q-Miss: 0.6072 | Val Max Gen Viol: 0.0000 | Val Max Thermal: 18.1134 [*SAVED BEST*]
Epoch 3500 | Val Loss: 84.1912 | Val Cost: 65305.10 | Val Max P-Miss: 0.9843 | Max Q-Miss: 0.6589 | Val Max Gen Viol: 0.0000 | Val Max Thermal: 18.9752
Epoch 3600 | Val Loss: 81.6157 | Val Cost: 64927.74 | Val Max P-Miss: 0.8443 | Max Q-Miss: 0.6267 | Val Max Gen Viol: 0.0000 | Val Max Thermal: 16.1992 [*SAVED BEST*]
Epoch 3700 | Val Loss: 81.9719 | Val Cost: 65016.54 | Val Max P-Miss: 0.9129 | Max Q-Miss: 0.5592 | Val Max Gen Viol: 0.0000 | Val Max Thermal: 17.6818
Epoch 3800 | Val Loss: 114.1248 | Val Cost: 64343.75 | Val Max P-Miss: 1.4994 | Max Q-Miss: 0.7123 | Val Max Gen Viol: 0.0000 | Val Max Thermal: 9.6875
Epoch 3900 | Val Loss: 89.4978 | Val Cost: 64447.44 | Val Max P-Miss: 1.2042 | Max Q-Miss: 0.6936 | Val Max Gen Viol: 0.0000 | Val Max Thermal: 13.2203
Epoch 4000 | Val Loss: 79.9167 | Val Cost: 65220.77 | Val Max P-Miss: 0.7780 | Max Q-Miss: 0.5824 | Val Max Gen Viol: 0.0000 | Val Max Thermal: 19.8244 [*SAVED BEST*]
Epoch 4100 | Val Loss: 80.5382 | Val Cost: 65337.22 | Val Max P-Miss: 0.8256 | Max Q-Miss: 0.5297 | Val Max Gen Viol: 0.0000 | Val Max Thermal: 18.0178
Epoch 4200 | Val Loss: 82.8149 | Val Cost: 65268.20 | Val Max P-Miss: 0.7551 | Max Q-Miss: 0.6706 | Val Max Gen Viol: 0.0000 | Val Max Thermal: 17.4888
Epoch 4300 | Val Loss: 84.4596 | Val Cost: 65058.88 | Val Max P-Miss: 0.8548 | Max Q-Miss: 0.6013 | Val Max Gen Viol: 0.0000 | Val Max Thermal: 17.3075
Epoch 4400 | Val Loss: 80.4777 | Val Cost: 65517.35 | Val Max P-Miss: 0.8409 | Max Q-Miss: 0.6777 | Val Max Gen Viol: 0.0000 | Val Max Thermal: 18.4382
Epoch 4500 | Val Loss: 89.0889 | Val Cost: 65257.51 | Val Max P-Miss: 0.8661 | Max Q-Miss: 0.6113 | Val Max Gen Viol: 0.0000 | Val Max Thermal: 14.5849
Epoch 4600 | Val Loss: 82.2526 | Val Cost: 65749.61 | Val Max P-Miss: 0.8031 | Max Q-Miss: 0.5789 | Val Max Gen Viol: 0.0000 | Val Max Thermal: 16.2330
Epoch 4700 | Val Loss: 76.4752 | Val Cost: 65410.36 | Val Max P-Miss: 0.8013 | Max Q-Miss: 0.5535 | Val Max Gen Viol: 0.0000 | Val Max Thermal: 19.1637 [*SAVED BEST*]
Epoch 4800 | Val Loss: 79.5353 | Val Cost: 65640.68 | Val Max P-Miss: 0.8038 | Max Q-Miss: 0.7358 | Val Max Gen Viol: 0.0000 | Val Max Thermal: 17.8491
Epoch 4900 | Val Loss: 85.1336 | Val Cost: 65778.51 | Val Max P-Miss: 0.7973 | Max Q-Miss: 0.6253 | Val Max Gen Viol: 0.0000 | Val Max Thermal: 16.6287
Epoch 5000 | Val Loss: 76.1511 | Val Cost: 65817.80 | Val Max P-Miss: 0.8003 | Max Q-Miss: 0.5120 | Val Max Gen Viol: 0.0000 | Val Max Thermal: 19.1387 [*SAVED BEST*]
Epoch 5100 | Val Loss: 76.0650 | Val Cost: 65933.77 | Val Max P-Miss: 0.8074 | Max Q-Miss: 0.5101 | Val Max Gen Viol: 0.0000 | Val Max Thermal: 19.0600 [*SAVED BEST*]
Epoch 5200 | Val Loss: 80.6700 | Val Cost: 65966.69 | Val Max P-Miss: 0.8231 | Max Q-Miss: 0.6316 | Val Max Gen Viol: 0.0000 | Val Max Thermal: 15.7055
Epoch 5300 | Val Loss: 83.8752 | Val Cost: 65424.76 | Val Max P-Miss: 0.8038 | Max Q-Miss: 0.6902 | Val Max Gen Viol: 0.0000 | Val Max Thermal: 13.3702
Epoch 5400 | Val Loss: 73.2941 | Val Cost: 65966.48 | Val Max P-Miss: 0.7986 | Max Q-Miss: 0.4842 | Val Max Gen Viol: 0.0000 | Val Max Thermal: 18.0677 [*SAVED BEST*]
Epoch 5500 | Val Loss: 74.9659 | Val Cost: 66384.60 | Val Max P-Miss: 0.8065 | Max Q-Miss: 0.4828 | Val Max Gen Viol: 0.0000 | Val Max Thermal: 18.4404
Epoch 5600 | Val Loss: 75.8274 | Val Cost: 66265.44 | Val Max P-Miss: 0.7920 | Max Q-Miss: 0.6339 | Val Max Gen Viol: 0.0000 | Val Max Thermal: 17.4848
Epoch 5700 | Val Loss: 75.4286 | Val Cost: 66192.05 | Val Max P-Miss: 0.8170 | Max Q-Miss: 0.4681 | Val Max Gen Viol: 0.0000 | Val Max Thermal: 17.1246
Epoch 5800 | Val Loss: 74.8026 | Val Cost: 66142.86 | Val Max P-Miss: 0.7888 | Max Q-Miss: 0.4832 | Val Max Gen Viol: 0.0000 | Val Max Thermal: 17.0418
Epoch 5900 | Val Loss: 76.3221 | Val Cost: 66357.61 | Val Max P-Miss: 0.8236 | Max Q-Miss: 0.5462 | Val Max Gen Viol: 0.0000 | Val Max Thermal: 16.5410
Epoch 6000 | Val Loss: 74.1502 | Val Cost: 66497.12 | Val Max P-Miss: 0.7741 | Max Q-Miss: 0.5694 | Val Max Gen Viol: 0.0000 | Val Max Thermal: 16.1130
Epoch 6100 | Val Loss: 74.5479 | Val Cost: 66508.80 | Val Max P-Miss: 0.7719 | Max Q-Miss: 0.4809 | Val Max Gen Viol: 0.0000 | Val Max Thermal: 18.7880
Epoch 6200 | Val Loss: 78.1650 | Val Cost: 66747.09 | Val Max P-Miss: 0.7712 | Max Q-Miss: 0.5798 | Val Max Gen Viol: 0.0000 | Val Max Thermal: 14.4424
Epoch 6300 | Val Loss: 80.5271 | Val Cost: 66510.81 | Val Max P-Miss: 0.9201 | Max Q-Miss: 0.5557 | Val Max Gen Viol: 0.0000 | Val Max Thermal: 16.7184
Epoch 6400 | Val Loss: 73.4272 | Val Cost: 66889.29 | Val Max P-Miss: 0.8097 | Max Q-Miss: 0.4551 | Val Max Gen Viol: 0.0000 | Val Max Thermal: 17.6038
Epoch 6500 | Val Loss: 82.9533 | Val Cost: 66705.23 | Val Max P-Miss: 0.7928 | Max Q-Miss: 0.7559 | Val Max Gen Viol: 0.0000 | Val Max Thermal: 16.0294
Epoch 6600 | Val Loss: 70.8674 | Val Cost: 66969.60 | Val Max P-Miss: 0.7920 | Max Q-Miss: 0.4485 | Val Max Gen Viol: 0.0000 | Val Max Thermal: 18.0582 [*SAVED BEST*]
Epoch 6700 | Val Loss: 72.6976 | Val Cost: 67108.88 | Val Max P-Miss: 0.8510 | Max Q-Miss: 0.4992 | Val Max Gen Viol: 0.0000 | Val Max Thermal: 17.3537
Epoch 6800 | Val Loss: 82.9828 | Val Cost: 67141.95 | Val Max P-Miss: 0.8291 | Max Q-Miss: 0.7028 | Val Max Gen Viol: 0.0000 | Val Max Thermal: 13.9499
Epoch 6900 | Val Loss: 81.3091 | Val Cost: 67185.40 | Val Max P-Miss: 0.8215 | Max Q-Miss: 0.5563 | Val Max Gen Viol: 0.0000 | Val Max Thermal: 15.3799
Epoch 7000 | Val Loss: 71.1275 | Val Cost: 67342.80 | Val Max P-Miss: 0.8068 | Max Q-Miss: 0.4096 | Val Max Gen Viol: 0.0000 | Val Max Thermal: 17.4013
Epoch 7100 | Val Loss: 85.1999 | Val Cost: 67347.95 | Val Max P-Miss: 0.9491 | Max Q-Miss: 0.5861 | Val Max Gen Viol: 0.0000 | Val Max Thermal: 13.2291
Epoch 7200 | Val Loss: 71.4829 | Val Cost: 67524.85 | Val Max P-Miss: 0.8107 | Max Q-Miss: 0.4448 | Val Max Gen Viol: 0.0000 | Val Max Thermal: 17.1884
Epoch 7300 | Val Loss: 81.5980 | Val Cost: 67747.54 | Val Max P-Miss: 0.8091 | Max Q-Miss: 0.5379 | Val Max Gen Viol: 0.0000 | Val Max Thermal: 13.9902
Epoch 7400 | Val Loss: 72.5265 | Val Cost: 67743.73 | Val Max P-Miss: 0.7740 | Max Q-Miss: 0.5808 | Val Max Gen Viol: 0.0000 | Val Max Thermal: 15.5991
Epoch 7500 | Val Loss: 69.9616 | Val Cost: 67634.80 | Val Max P-Miss: 0.8248 | Max Q-Miss: 0.4271 | Val Max Gen Viol: 0.0000 | Val Max Thermal: 17.3584 [*SAVED BEST*]
Epoch 7600 | Val Loss: 71.7785 | Val Cost: 67752.13 | Val Max P-Miss: 0.8294 | Max Q-Miss: 0.6753 | Val Max Gen Viol: 0.0000 | Val Max Thermal: 13.2783
Epoch 7700 | Val Loss: 88.1696 | Val Cost: 67728.07 | Val Max P-Miss: 0.9192 | Max Q-Miss: 0.5762 | Val Max Gen Viol: 0.0000 | Val Max Thermal: 13.4493
Epoch 7800 | Val Loss: 106.7981 | Val Cost: 67190.48 | Val Max P-Miss: 1.0668 | Max Q-Miss: 0.5301 | Val Max Gen Viol: 0.0000 | Val Max Thermal: 11.3329
Epoch 7900 | Val Loss: 69.6012 | Val Cost: 68149.63 | Val Max P-Miss: 0.7949 | Max Q-Miss: 0.5848 | Val Max Gen Viol: 0.0000 | Val Max Thermal: 16.1811 [*SAVED BEST*]
Epoch 8000 | Val Loss: 70.1618 | Val Cost: 68105.72 | Val Max P-Miss: 0.7913 | Max Q-Miss: 0.5094 | Val Max Gen Viol: 0.0000 | Val Max Thermal: 14.6210
Epoch 8100 | Val Loss: 88.4294 | Val Cost: 68184.29 | Val Max P-Miss: 0.8931 | Max Q-Miss: 0.5623 | Val Max Gen Viol: 0.0000 | Val Max Thermal: 16.7147
Epoch 8200 | Val Loss: 76.1926 | Val Cost: 68145.22 | Val Max P-Miss: 1.0256 | Max Q-Miss: 0.4762 | Val Max Gen Viol: 0.0000 | Val Max Thermal: 17.4266
Epoch 8300 | Val Loss: 69.1593 | Val Cost: 68162.08 | Val Max P-Miss: 0.8055 | Max Q-Miss: 0.3787 | Val Max Gen Viol: 0.0000 | Val Max Thermal: 17.0612 [*SAVED BEST*]
Epoch 8400 | Val Loss: 70.0036 | Val Cost: 68456.83 | Val Max P-Miss: 0.8255 | Max Q-Miss: 0.4568 | Val Max Gen Viol: 0.0000 | Val Max Thermal: 15.0922
Epoch 8500 | Val Loss: 83.8167 | Val Cost: 68064.74 | Val Max P-Miss: 0.8330 | Max Q-Miss: 0.6904 | Val Max Gen Viol: 0.0000 | Val Max Thermal: 12.8136
Epoch 8600 | Val Loss: 89.9231 | Val Cost: 68376.48 | Val Max P-Miss: 1.1687 | Max Q-Miss: 0.4945 | Val Max Gen Viol: 0.0000 | Val Max Thermal: 14.9451
Epoch 8700 | Val Loss: 91.2716 | Val Cost: 68157.40 | Val Max P-Miss: 0.8004 | Max Q-Miss: 0.7084 | Val Max Gen Viol: 0.0000 | Val Max Thermal: 15.2785
Epoch 8800 | Val Loss: 67.1581 | Val Cost: 68480.00 | Val Max P-Miss: 0.7825 | Max Q-Miss: 0.3584 | Val Max Gen Viol: 0.0000 | Val Max Thermal: 16.9342 [*SAVED BEST*]
Epoch 8900 | Val Loss: 67.3849 | Val Cost: 68568.09 | Val Max P-Miss: 0.7929 | Max Q-Miss: 0.3638 | Val Max Gen Viol: 0.0000 | Val Max Thermal: 15.8465
Epoch 9000 | Val Loss: 71.5589 | Val Cost: 68487.62 | Val Max P-Miss: 0.7975 | Max Q-Miss: 0.5227 | Val Max Gen Viol: 0.0000 | Val Max Thermal: 12.4422
Epoch 9100 | Val Loss: 66.9515 | Val Cost: 68567.95 | Val Max P-Miss: 0.8177 | Max Q-Miss: 0.3743 | Val Max Gen Viol: 0.0000 | Val Max Thermal: 17.0886 [*SAVED BEST*]
Epoch 9200 | Val Loss: 69.3414 | Val Cost: 68616.73 | Val Max P-Miss: 0.8029 | Max Q-Miss: 0.3736 | Val Max Gen Viol: 0.0000 | Val Max Thermal: 16.4434
Epoch 9300 | Val Loss: 69.7080 | Val Cost: 68647.68 | Val Max P-Miss: 0.7947 | Max Q-Miss: 0.5447 | Val Max Gen Viol: 0.0000 | Val Max Thermal: 16.8339
Epoch 9400 | Val Loss: 69.1828 | Val Cost: 68608.05 | Val Max P-Miss: 0.7811 | Max Q-Miss: 0.4154 | Val Max Gen Viol: 0.0000 | Val Max Thermal: 16.4215
Epoch 9500 | Val Loss: 85.0397 | Val Cost: 68780.45 | Val Max P-Miss: 1.0031 | Max Q-Miss: 0.4969 | Val Max Gen Viol: 0.0000 | Val Max Thermal: 14.6848
Epoch 9600 | Val Loss: 68.4287 | Val Cost: 68809.61 | Val Max P-Miss: 0.8295 | Max Q-Miss: 0.6601 | Val Max Gen Viol: 0.0000 | Val Max Thermal: 17.2539
Epoch 9700 | Val Loss: 77.5662 | Val Cost: 68762.32 | Val Max P-Miss: 0.8635 | Max Q-Miss: 0.4893 | Val Max Gen Viol: 0.0000 | Val Max Thermal: 12.1878
Epoch 9800 | Val Loss: 73.3291 | Val Cost: 68857.84 | Val Max P-Miss: 0.8839 | Max Q-Miss: 0.4700 | Val Max Gen Viol: 0.0000 | Val Max Thermal: 14.0835
Epoch 9900 | Val Loss: 68.0816 | Val Cost: 68958.91 | Val Max P-Miss: 0.8113 | Max Q-Miss: 0.3588 | Val Max Gen Viol: 0.0000 | Val Max Thermal: 13.8498

==================================================
Training Complete!
Total Training Time: 00h 06m 23.71s
Best model weights saved to: ./model/best_controlled_generation_nominal_pglib_opf_case162_ieee_dtc_10000epochs_seed5_20260922_232003.pth
==================================================

