Random seed     : 5
CUDA Hardware Acceleration Active: NVIDIA GeForce RTX 4090
Problem Geometry Linked -> Matrix Samples: 10000
======================================================================
CONTROLLED ABLATION
Case            : pglib_opf_case162_ieee_dtc
Projection      : full
Weight strategy : nominal
Weights         : {'eq_p': 1000.0, 'eq_q': 1000.0, 'thermal': 1.0, 'ang': 1.0, 'v': 1.0, 'obj': 0.0005}
======================================================================

Beginning execution of parallelized training matrix loops...
Epoch    0 | Val Loss: 2955.0476 | Val Cost: 82437.60 | Val Max P-Miss: 9.6633 | Max Q-Miss: 4.0801 | Val Max Gen Viol: 0.0000 | Val Max Thermal: 0.0000 [*SAVED BEST*]
Epoch  100 | Val Loss: 188.6088 | Val Cost: 51929.68 | Val Max P-Miss: 2.4974 | Max Q-Miss: 1.9686 | Val Max Gen Viol: 0.0000 | Val Max Thermal: 20.6550 [*SAVED BEST*]
Epoch  200 | Val Loss: 157.0932 | Val Cost: 57188.64 | Val Max P-Miss: 1.9806 | Max Q-Miss: 1.1641 | Val Max Gen Viol: 0.0000 | Val Max Thermal: 16.2164 [*SAVED BEST*]
Epoch  300 | Val Loss: 125.3998 | Val Cost: 60080.59 | Val Max P-Miss: 1.6732 | Max Q-Miss: 0.9091 | Val Max Gen Viol: 0.0000 | Val Max Thermal: 18.2490 [*SAVED BEST*]
Epoch  400 | Val Loss: 121.9435 | Val Cost: 60585.01 | Val Max P-Miss: 1.4574 | Max Q-Miss: 1.0674 | Val Max Gen Viol: 0.0000 | Val Max Thermal: 17.7587 [*SAVED BEST*]
Epoch  500 | Val Loss: 144.4980 | Val Cost: 63133.49 | Val Max P-Miss: 1.8300 | Max Q-Miss: 0.9993 | Val Max Gen Viol: 0.0000 | Val Max Thermal: 14.0327
Epoch  600 | Val Loss: 153.8828 | Val Cost: 60335.86 | Val Max P-Miss: 1.9629 | Max Q-Miss: 1.1831 | Val Max Gen Viol: 0.0000 | Val Max Thermal: 9.4833
Epoch  700 | Val Loss: 134.1066 | Val Cost: 62542.29 | Val Max P-Miss: 1.8177 | Max Q-Miss: 1.0056 | Val Max Gen Viol: 0.0000 | Val Max Thermal: 8.9266
Epoch  800 | Val Loss: 105.9882 | Val Cost: 63543.63 | Val Max P-Miss: 1.1250 | Max Q-Miss: 0.8192 | Val Max Gen Viol: 0.0000 | Val Max Thermal: 17.3384 [*SAVED BEST*]
Epoch  900 | Val Loss: 96.3690 | Val Cost: 64091.15 | Val Max P-Miss: 1.0251 | Max Q-Miss: 0.8582 | Val Max Gen Viol: 0.0000 | Val Max Thermal: 17.7303 [*SAVED BEST*]
Epoch 1000 | Val Loss: 132.2661 | Val Cost: 64248.99 | Val Max P-Miss: 1.7456 | Max Q-Miss: 0.8317 | Val Max Gen Viol: 0.0000 | Val Max Thermal: 15.4090
Epoch 1100 | Val Loss: 106.9322 | Val Cost: 63660.90 | Val Max P-Miss: 1.0921 | Max Q-Miss: 0.8814 | Val Max Gen Viol: 0.0000 | Val Max Thermal: 15.1597
Epoch 1200 | Val Loss: 93.3789 | Val Cost: 64409.75 | Val Max P-Miss: 0.8093 | Max Q-Miss: 0.7112 | Val Max Gen Viol: 0.0000 | Val Max Thermal: 17.7746 [*SAVED BEST*]
Epoch 1300 | Val Loss: 92.8291 | Val Cost: 64755.35 | Val Max P-Miss: 0.7960 | Max Q-Miss: 0.7195 | Val Max Gen Viol: 0.0000 | Val Max Thermal: 18.8746 [*SAVED BEST*]
Epoch 1400 | Val Loss: 96.1641 | Val Cost: 64717.93 | Val Max P-Miss: 0.8617 | Max Q-Miss: 0.9536 | Val Max Gen Viol: 0.0000 | Val Max Thermal: 17.6792
Epoch 1500 | Val Loss: 94.1721 | Val Cost: 64622.42 | Val Max P-Miss: 0.8677 | Max Q-Miss: 0.6783 | Val Max Gen Viol: 0.0000 | Val Max Thermal: 18.4609
Epoch 1600 | Val Loss: 92.6575 | Val Cost: 64820.34 | Val Max P-Miss: 0.8898 | Max Q-Miss: 0.7192 | Val Max Gen Viol: 0.0000 | Val Max Thermal: 19.2828 [*SAVED BEST*]
Epoch 1700 | Val Loss: 90.4299 | Val Cost: 64872.79 | Val Max P-Miss: 0.7671 | Max Q-Miss: 0.8738 | Val Max Gen Viol: 0.0000 | Val Max Thermal: 19.7054 [*SAVED BEST*]
Epoch 1800 | Val Loss: 89.9167 | Val Cost: 64874.32 | Val Max P-Miss: 0.8566 | Max Q-Miss: 0.7068 | Val Max Gen Viol: 0.0000 | Val Max Thermal: 20.6620 [*SAVED BEST*]
Epoch 1900 | Val Loss: 86.8528 | Val Cost: 64773.30 | Val Max P-Miss: 0.7685 | Max Q-Miss: 0.7113 | Val Max Gen Viol: 0.0000 | Val Max Thermal: 20.5945 [*SAVED BEST*]
Epoch 2000 | Val Loss: 92.4410 | Val Cost: 64491.52 | Val Max P-Miss: 0.8825 | Max Q-Miss: 0.6829 | Val Max Gen Viol: 0.0000 | Val Max Thermal: 16.8055
Epoch 2100 | Val Loss: 86.9225 | Val Cost: 64707.39 | Val Max P-Miss: 0.7584 | Max Q-Miss: 0.7048 | Val Max Gen Viol: 0.0000 | Val Max Thermal: 19.7925
Epoch 2200 | Val Loss: 99.7097 | Val Cost: 64446.26 | Val Max P-Miss: 1.2047 | Max Q-Miss: 0.7892 | Val Max Gen Viol: 0.0000 | Val Max Thermal: 17.7600
Epoch 2300 | Val Loss: 86.0083 | Val Cost: 64616.95 | Val Max P-Miss: 0.7530 | Max Q-Miss: 0.7751 | Val Max Gen Viol: 0.0000 | Val Max Thermal: 19.1977 [*SAVED BEST*]
Epoch 2400 | Val Loss: 85.5030 | Val Cost: 64638.14 | Val Max P-Miss: 0.7293 | Max Q-Miss: 0.5832 | Val Max Gen Viol: 0.0000 | Val Max Thermal: 19.9464 [*SAVED BEST*]
Epoch 2500 | Val Loss: 99.5603 | Val Cost: 64210.45 | Val Max P-Miss: 0.7860 | Max Q-Miss: 0.8024 | Val Max Gen Viol: 0.0000 | Val Max Thermal: 15.9928
Epoch 2600 | Val Loss: 100.2714 | Val Cost: 64302.14 | Val Max P-Miss: 1.2384 | Max Q-Miss: 0.7768 | Val Max Gen Viol: 0.0000 | Val Max Thermal: 15.4952
Epoch 2700 | Val Loss: 85.5782 | Val Cost: 64336.72 | Val Max P-Miss: 0.8081 | Max Q-Miss: 0.6769 | Val Max Gen Viol: 0.0000 | Val Max Thermal: 17.0088
Epoch 2800 | Val Loss: 83.8639 | Val Cost: 64597.36 | Val Max P-Miss: 0.8474 | Max Q-Miss: 0.5801 | Val Max Gen Viol: 0.0000 | Val Max Thermal: 20.7555 [*SAVED BEST*]
Epoch 2900 | Val Loss: 82.3318 | Val Cost: 64552.84 | Val Max P-Miss: 0.8146 | Max Q-Miss: 0.5378 | Val Max Gen Viol: 0.0000 | Val Max Thermal: 19.1381 [*SAVED BEST*]
Epoch 3000 | Val Loss: 82.3322 | Val Cost: 64585.04 | Val Max P-Miss: 0.8271 | Max Q-Miss: 0.5640 | Val Max Gen Viol: 0.0000 | Val Max Thermal: 21.1581
Epoch 3100 | Val Loss: 86.9503 | Val Cost: 64411.96 | Val Max P-Miss: 0.7792 | Max Q-Miss: 0.5481 | Val Max Gen Viol: 0.0000 | Val Max Thermal: 19.1083
Epoch 3200 | Val Loss: 92.5852 | Val Cost: 64380.61 | Val Max P-Miss: 1.0624 | Max Q-Miss: 0.6276 | Val Max Gen Viol: 0.0000 | Val Max Thermal: 20.1863
Epoch 3300 | Val Loss: 92.9042 | Val Cost: 64265.29 | Val Max P-Miss: 0.9926 | Max Q-Miss: 0.7691 | Val Max Gen Viol: 0.0000 | Val Max Thermal: 19.1718
Epoch 3400 | Val Loss: 79.8542 | Val Cost: 64596.18 | Val Max P-Miss: 0.8058 | Max Q-Miss: 0.5284 | Val Max Gen Viol: 0.0000 | Val Max Thermal: 20.7314 [*SAVED BEST*]
Epoch 3500 | Val Loss: 84.7967 | Val Cost: 64351.90 | Val Max P-Miss: 0.7974 | Max Q-Miss: 0.6408 | Val Max Gen Viol: 0.0000 | Val Max Thermal: 17.5943
Epoch 3600 | Val Loss: 103.7768 | Val Cost: 64521.43 | Val Max P-Miss: 1.6358 | Max Q-Miss: 0.5464 | Val Max Gen Viol: 0.0000 | Val Max Thermal: 20.8893
Epoch 3700 | Val Loss: 79.1698 | Val Cost: 64371.91 | Val Max P-Miss: 0.7894 | Max Q-Miss: 0.5458 | Val Max Gen Viol: 0.0000 | Val Max Thermal: 19.4993 [*SAVED BEST*]
Epoch 3800 | Val Loss: 81.5420 | Val Cost: 64534.58 | Val Max P-Miss: 0.7858 | Max Q-Miss: 0.5584 | Val Max Gen Viol: 0.0000 | Val Max Thermal: 19.8739
Epoch 3900 | Val Loss: 79.7144 | Val Cost: 64513.67 | Val Max P-Miss: 0.8268 | Max Q-Miss: 0.5260 | Val Max Gen Viol: 0.0000 | Val Max Thermal: 20.4122
Epoch 4000 | Val Loss: 81.4677 | Val Cost: 64303.69 | Val Max P-Miss: 0.8270 | Max Q-Miss: 0.5522 | Val Max Gen Viol: 0.0000 | Val Max Thermal: 19.3325
Epoch 4100 | Val Loss: 79.8117 | Val Cost: 64489.95 | Val Max P-Miss: 0.8056 | Max Q-Miss: 0.6240 | Val Max Gen Viol: 0.0000 | Val Max Thermal: 16.8625
Epoch 4200 | Val Loss: 87.7595 | Val Cost: 64536.34 | Val Max P-Miss: 0.8495 | Max Q-Miss: 0.7795 | Val Max Gen Viol: 0.0000 | Val Max Thermal: 16.3843
Epoch 4300 | Val Loss: 81.2729 | Val Cost: 64599.23 | Val Max P-Miss: 0.8010 | Max Q-Miss: 0.5866 | Val Max Gen Viol: 0.0000 | Val Max Thermal: 18.6548
Epoch 4400 | Val Loss: 78.8854 | Val Cost: 64451.82 | Val Max P-Miss: 0.7740 | Max Q-Miss: 0.5280 | Val Max Gen Viol: 0.0000 | Val Max Thermal: 19.8240 [*SAVED BEST*]
Epoch 4500 | Val Loss: 78.7121 | Val Cost: 64649.63 | Val Max P-Miss: 0.7837 | Max Q-Miss: 0.5268 | Val Max Gen Viol: 0.0000 | Val Max Thermal: 19.1184 [*SAVED BEST*]
Epoch 4600 | Val Loss: 80.1374 | Val Cost: 64553.67 | Val Max P-Miss: 0.7831 | Max Q-Miss: 0.5470 | Val Max Gen Viol: 0.0000 | Val Max Thermal: 18.8987
Epoch 4700 | Val Loss: 77.3071 | Val Cost: 64765.18 | Val Max P-Miss: 0.7885 | Max Q-Miss: 0.5167 | Val Max Gen Viol: 0.0000 | Val Max Thermal: 19.0978 [*SAVED BEST*]
Epoch 4800 | Val Loss: 77.2143 | Val Cost: 65087.71 | Val Max P-Miss: 0.8107 | Max Q-Miss: 0.5065 | Val Max Gen Viol: 0.0000 | Val Max Thermal: 18.5419 [*SAVED BEST*]
Epoch 4900 | Val Loss: 76.2734 | Val Cost: 64919.23 | Val Max P-Miss: 0.8152 | Max Q-Miss: 0.4735 | Val Max Gen Viol: 0.0000 | Val Max Thermal: 19.2054 [*SAVED BEST*]
Epoch 5000 | Val Loss: 77.0815 | Val Cost: 64725.29 | Val Max P-Miss: 0.7917 | Max Q-Miss: 0.4995 | Val Max Gen Viol: 0.0000 | Val Max Thermal: 18.9256
Epoch 5100 | Val Loss: 77.8844 | Val Cost: 64727.26 | Val Max P-Miss: 0.8210 | Max Q-Miss: 0.5197 | Val Max Gen Viol: 0.0000 | Val Max Thermal: 18.2639
Epoch 5200 | Val Loss: 78.7906 | Val Cost: 65096.73 | Val Max P-Miss: 0.8589 | Max Q-Miss: 0.6074 | Val Max Gen Viol: 0.0000 | Val Max Thermal: 18.3343
Epoch 5300 | Val Loss: 76.6803 | Val Cost: 64969.54 | Val Max P-Miss: 0.8092 | Max Q-Miss: 0.6039 | Val Max Gen Viol: 0.0000 | Val Max Thermal: 19.6578
Epoch 5400 | Val Loss: 79.2089 | Val Cost: 65014.15 | Val Max P-Miss: 0.8660 | Max Q-Miss: 0.6829 | Val Max Gen Viol: 0.0000 | Val Max Thermal: 16.8877
Epoch 5500 | Val Loss: 74.7691 | Val Cost: 65027.92 | Val Max P-Miss: 0.8150 | Max Q-Miss: 0.4937 | Val Max Gen Viol: 0.0000 | Val Max Thermal: 19.1989 [*SAVED BEST*]
Epoch 5600 | Val Loss: 99.5731 | Val Cost: 64932.44 | Val Max P-Miss: 1.0874 | Max Q-Miss: 0.6572 | Val Max Gen Viol: 0.0000 | Val Max Thermal: 15.3019
Epoch 5700 | Val Loss: 78.6515 | Val Cost: 65446.63 | Val Max P-Miss: 0.8934 | Max Q-Miss: 0.4886 | Val Max Gen Viol: 0.0000 | Val Max Thermal: 17.6387
Epoch 5800 | Val Loss: 77.1661 | Val Cost: 65378.00 | Val Max P-Miss: 0.8371 | Max Q-Miss: 0.4715 | Val Max Gen Viol: 0.0000 | Val Max Thermal: 18.8187
Epoch 5900 | Val Loss: 74.0989 | Val Cost: 65356.84 | Val Max P-Miss: 0.8289 | Max Q-Miss: 0.4798 | Val Max Gen Viol: 0.0000 | Val Max Thermal: 19.0236 [*SAVED BEST*]
Epoch 6000 | Val Loss: 74.8638 | Val Cost: 65372.68 | Val Max P-Miss: 0.8447 | Max Q-Miss: 0.5031 | Val Max Gen Viol: 0.0000 | Val Max Thermal: 19.1082
Epoch 6100 | Val Loss: 72.4886 | Val Cost: 65569.14 | Val Max P-Miss: 0.8294 | Max Q-Miss: 0.5231 | Val Max Gen Viol: 0.0000 | Val Max Thermal: 18.9613 [*SAVED BEST*]
Epoch 6200 | Val Loss: 86.9013 | Val Cost: 66033.62 | Val Max P-Miss: 0.8677 | Max Q-Miss: 0.5452 | Val Max Gen Viol: 0.0000 | Val Max Thermal: 17.3963
Epoch 6300 | Val Loss: 73.6193 | Val Cost: 65772.28 | Val Max P-Miss: 0.8596 | Max Q-Miss: 0.5250 | Val Max Gen Viol: 0.0000 | Val Max Thermal: 18.4257
Epoch 6400 | Val Loss: 74.2318 | Val Cost: 65905.94 | Val Max P-Miss: 0.8574 | Max Q-Miss: 0.5378 | Val Max Gen Viol: 0.0000 | Val Max Thermal: 18.1412
Epoch 6500 | Val Loss: 72.2390 | Val Cost: 65988.50 | Val Max P-Miss: 0.9141 | Max Q-Miss: 0.5252 | Val Max Gen Viol: 0.0000 | Val Max Thermal: 18.1188 [*SAVED BEST*]
Epoch 6600 | Val Loss: 74.5765 | Val Cost: 66433.01 | Val Max P-Miss: 0.8969 | Max Q-Miss: 0.5726 | Val Max Gen Viol: 0.0000 | Val Max Thermal: 17.1179
Epoch 6700 | Val Loss: 71.9946 | Val Cost: 66125.16 | Val Max P-Miss: 0.8323 | Max Q-Miss: 0.5392 | Val Max Gen Viol: 0.0000 | Val Max Thermal: 17.8778 [*SAVED BEST*]
Epoch 6800 | Val Loss: 73.5303 | Val Cost: 66270.74 | Val Max P-Miss: 0.8146 | Max Q-Miss: 0.6649 | Val Max Gen Viol: 0.0000 | Val Max Thermal: 18.7685
Epoch 6900 | Val Loss: 77.6865 | Val Cost: 66216.75 | Val Max P-Miss: 0.8712 | Max Q-Miss: 0.6180 | Val Max Gen Viol: 0.0000 | Val Max Thermal: 18.0841
Epoch 7000 | Val Loss: 71.9753 | Val Cost: 66417.08 | Val Max P-Miss: 0.9229 | Max Q-Miss: 0.5628 | Val Max Gen Viol: 0.0000 | Val Max Thermal: 18.9032 [*SAVED BEST*]
Epoch 7100 | Val Loss: 79.0718 | Val Cost: 66819.96 | Val Max P-Miss: 1.0042 | Max Q-Miss: 0.4508 | Val Max Gen Viol: 0.0000 | Val Max Thermal: 14.4795
Epoch 7200 | Val Loss: 80.3149 | Val Cost: 66440.39 | Val Max P-Miss: 1.3977 | Max Q-Miss: 0.7122 | Val Max Gen Viol: 0.0000 | Val Max Thermal: 12.1491
Epoch 7300 | Val Loss: 79.5242 | Val Cost: 66724.93 | Val Max P-Miss: 0.9047 | Max Q-Miss: 0.6259 | Val Max Gen Viol: 0.0000 | Val Max Thermal: 16.7639
Epoch 7400 | Val Loss: 71.6751 | Val Cost: 66687.84 | Val Max P-Miss: 0.8323 | Max Q-Miss: 0.5482 | Val Max Gen Viol: 0.0000 | Val Max Thermal: 18.3498 [*SAVED BEST*]
Epoch 7500 | Val Loss: 72.1572 | Val Cost: 66713.07 | Val Max P-Miss: 0.8608 | Max Q-Miss: 0.5685 | Val Max Gen Viol: 0.0000 | Val Max Thermal: 17.0281
Epoch 7600 | Val Loss: 76.0236 | Val Cost: 66629.97 | Val Max P-Miss: 0.8110 | Max Q-Miss: 0.5190 | Val Max Gen Viol: 0.0000 | Val Max Thermal: 17.3480
Epoch 7700 | Val Loss: 87.5804 | Val Cost: 66538.53 | Val Max P-Miss: 0.9240 | Max Q-Miss: 0.5894 | Val Max Gen Viol: 0.0000 | Val Max Thermal: 14.7287
Epoch 7800 | Val Loss: 72.9134 | Val Cost: 66541.21 | Val Max P-Miss: 0.8558 | Max Q-Miss: 0.5052 | Val Max Gen Viol: 0.0000 | Val Max Thermal: 17.4524
Epoch 7900 | Val Loss: 70.8635 | Val Cost: 66534.02 | Val Max P-Miss: 0.8162 | Max Q-Miss: 0.4817 | Val Max Gen Viol: 0.0000 | Val Max Thermal: 16.2418 [*SAVED BEST*]
Epoch 8000 | Val Loss: 72.5637 | Val Cost: 66570.45 | Val Max P-Miss: 0.8513 | Max Q-Miss: 0.5179 | Val Max Gen Viol: 0.0000 | Val Max Thermal: 16.4012
Epoch 8100 | Val Loss: 70.3566 | Val Cost: 66583.34 | Val Max P-Miss: 0.8625 | Max Q-Miss: 0.4848 | Val Max Gen Viol: 0.0000 | Val Max Thermal: 17.2915 [*SAVED BEST*]
Epoch 8200 | Val Loss: 72.5902 | Val Cost: 66524.40 | Val Max P-Miss: 0.8410 | Max Q-Miss: 0.5136 | Val Max Gen Viol: 0.0000 | Val Max Thermal: 16.5588
Epoch 8300 | Val Loss: 71.8455 | Val Cost: 66637.00 | Val Max P-Miss: 0.8272 | Max Q-Miss: 0.5663 | Val Max Gen Viol: 0.0000 | Val Max Thermal: 17.8957
Epoch 8400 | Val Loss: 69.7590 | Val Cost: 66636.38 | Val Max P-Miss: 0.9220 | Max Q-Miss: 0.4946 | Val Max Gen Viol: 0.0000 | Val Max Thermal: 17.6534 [*SAVED BEST*]
Epoch 8500 | Val Loss: 69.4254 | Val Cost: 66658.80 | Val Max P-Miss: 0.8918 | Max Q-Miss: 0.4791 | Val Max Gen Viol: 0.0000 | Val Max Thermal: 16.6484 [*SAVED BEST*]
Epoch 8600 | Val Loss: 75.7297 | Val Cost: 67020.45 | Val Max P-Miss: 0.8643 | Max Q-Miss: 0.4949 | Val Max Gen Viol: 0.0000 | Val Max Thermal: 14.9911
Epoch 8700 | Val Loss: 73.3336 | Val Cost: 66869.93 | Val Max P-Miss: 0.8211 | Max Q-Miss: 0.5531 | Val Max Gen Viol: 0.0000 | Val Max Thermal: 15.0186
Epoch 8800 | Val Loss: 75.2696 | Val Cost: 66707.46 | Val Max P-Miss: 0.7905 | Max Q-Miss: 0.4790 | Val Max Gen Viol: 0.0000 | Val Max Thermal: 17.7140
Epoch 8900 | Val Loss: 71.0012 | Val Cost: 66987.98 | Val Max P-Miss: 0.8598 | Max Q-Miss: 0.5146 | Val Max Gen Viol: 0.0000 | Val Max Thermal: 14.8926
Epoch 9000 | Val Loss: 69.3354 | Val Cost: 66802.03 | Val Max P-Miss: 0.8907 | Max Q-Miss: 0.4808 | Val Max Gen Viol: 0.0000 | Val Max Thermal: 17.8981 [*SAVED BEST*]
Epoch 9100 | Val Loss: 68.4857 | Val Cost: 66868.95 | Val Max P-Miss: 0.8700 | Max Q-Miss: 0.4648 | Val Max Gen Viol: 0.0000 | Val Max Thermal: 17.9399 [*SAVED BEST*]
Epoch 9200 | Val Loss: 69.4837 | Val Cost: 66807.66 | Val Max P-Miss: 0.8508 | Max Q-Miss: 0.4679 | Val Max Gen Viol: 0.0000 | Val Max Thermal: 15.9562
Epoch 9300 | Val Loss: 69.6417 | Val Cost: 66922.28 | Val Max P-Miss: 0.9031 | Max Q-Miss: 0.4809 | Val Max Gen Viol: 0.0000 | Val Max Thermal: 17.9544
Epoch 9400 | Val Loss: 70.0003 | Val Cost: 66916.27 | Val Max P-Miss: 0.9353 | Max Q-Miss: 0.4750 | Val Max Gen Viol: 0.0000 | Val Max Thermal: 17.1733
Epoch 9500 | Val Loss: 77.7925 | Val Cost: 67197.45 | Val Max P-Miss: 0.9888 | Max Q-Miss: 0.5675 | Val Max Gen Viol: 0.0000 | Val Max Thermal: 15.3402
Epoch 9600 | Val Loss: 76.3346 | Val Cost: 66890.38 | Val Max P-Miss: 0.8280 | Max Q-Miss: 0.7376 | Val Max Gen Viol: 0.0000 | Val Max Thermal: 15.8890
Epoch 9700 | Val Loss: 69.2090 | Val Cost: 67010.44 | Val Max P-Miss: 0.8877 | Max Q-Miss: 0.4677 | Val Max Gen Viol: 0.0000 | Val Max Thermal: 18.0514
Epoch 9800 | Val Loss: 68.2008 | Val Cost: 67095.85 | Val Max P-Miss: 0.8470 | Max Q-Miss: 0.4593 | Val Max Gen Viol: 0.0000 | Val Max Thermal: 17.5471 [*SAVED BEST*]
Epoch 9900 | Val Loss: 69.0523 | Val Cost: 67052.33 | Val Max P-Miss: 0.8227 | Max Q-Miss: 0.4633 | Val Max Gen Viol: 0.0000 | Val Max Thermal: 16.0497

==================================================
Training Complete!
Total Training Time: 00h 06m 30.97s
Best model weights saved to: ./model/best_controlled_full_nominal_pglib_opf_case162_ieee_dtc_10000epochs_seed5_20260922_235253.pth
==================================================

