Random seed     : 4
CUDA Hardware Acceleration Active: NVIDIA GeForce RTX 4090
Problem Geometry Linked -> Matrix Samples: 10000
======================================================================
CONTROLLED ABLATION
Case            : pglib_opf_case162_ieee_dtc
Projection      : full
Weight strategy : equal
Weights         : {'eq_p': 1.0, 'eq_q': 1.0, 'thermal': 1.0, 'ang': 1.0, 'v': 1.0, 'obj': 1.0}
======================================================================

Beginning execution of parallelized training matrix loops...
Epoch    0 | Val Loss: 1861226.8750 | Val Cost: 4835.94 | Val Max P-Miss: 158.8434 | Max Q-Miss: 143.0150 | Val Max Gen Viol: 0.0000 | Val Max Thermal: 18600.7617 [*SAVED BEST*]
Epoch  100 | Val Loss: 1.8451 | Val Cost:    0.03 | Val Max P-Miss: 10.2662 | Max Q-Miss: 2.5793 | Val Max Gen Viol: 0.0000 | Val Max Thermal: 10.0318 [*SAVED BEST*]
Epoch  200 | Val Loss: 1.4765 | Val Cost:    0.01 | Val Max P-Miss: 10.3567 | Max Q-Miss: 2.7804 | Val Max Gen Viol: 0.0000 | Val Max Thermal: 3.7877 [*SAVED BEST*]
Epoch  300 | Val Loss: 1.2704 | Val Cost:    0.01 | Val Max P-Miss: 10.0592 | Max Q-Miss: 1.4191 | Val Max Gen Viol: 0.0000 | Val Max Thermal: 3.5740 [*SAVED BEST*]
Epoch  400 | Val Loss: 1.2699 | Val Cost:    0.01 | Val Max P-Miss: 9.9211 | Max Q-Miss: 2.0158 | Val Max Gen Viol: 0.0000 | Val Max Thermal: 3.4883 [*SAVED BEST*]
Epoch  500 | Val Loss: 1.1608 | Val Cost:    0.00 | Val Max P-Miss: 9.1267 | Max Q-Miss: 1.7500 | Val Max Gen Viol: 0.0000 | Val Max Thermal: 3.9745 [*SAVED BEST*]
Epoch  600 | Val Loss: 0.8902 | Val Cost:    0.00 | Val Max P-Miss: 9.2431 | Max Q-Miss: 1.2492 | Val Max Gen Viol: 0.0000 | Val Max Thermal: 1.9048 [*SAVED BEST*]
Epoch  700 | Val Loss: 1.0875 | Val Cost:    0.02 | Val Max P-Miss: 9.6512 | Max Q-Miss: 1.4845 | Val Max Gen Viol: 0.0000 | Val Max Thermal: 1.8943
Epoch  800 | Val Loss: 0.9168 | Val Cost:    0.00 | Val Max P-Miss: 8.7348 | Max Q-Miss: 0.9134 | Val Max Gen Viol: 0.0000 | Val Max Thermal: 3.1058
Epoch  900 | Val Loss: 0.8590 | Val Cost:    0.00 | Val Max P-Miss: 9.3375 | Max Q-Miss: 1.2538 | Val Max Gen Viol: 0.0000 | Val Max Thermal: 1.3536 [*SAVED BEST*]
Epoch 1000 | Val Loss: 0.8132 | Val Cost:    0.00 | Val Max P-Miss: 9.0153 | Max Q-Miss: 1.9850 | Val Max Gen Viol: 0.0000 | Val Max Thermal: 1.9988 [*SAVED BEST*]
Epoch 1100 | Val Loss: 0.7870 | Val Cost:    0.00 | Val Max P-Miss: 9.0047 | Max Q-Miss: 2.2600 | Val Max Gen Viol: 0.0000 | Val Max Thermal: 2.0419 [*SAVED BEST*]
Epoch 1200 | Val Loss: 0.7176 | Val Cost:    0.00 | Val Max P-Miss: 9.1923 | Max Q-Miss: 1.4741 | Val Max Gen Viol: 0.0000 | Val Max Thermal: 1.2146 [*SAVED BEST*]
Epoch 1300 | Val Loss: 0.7230 | Val Cost:    0.00 | Val Max P-Miss: 8.9861 | Max Q-Miss: 0.9671 | Val Max Gen Viol: 0.0000 | Val Max Thermal: 1.7088
Epoch 1400 | Val Loss: 0.7632 | Val Cost:    0.00 | Val Max P-Miss: 9.1049 | Max Q-Miss: 1.0881 | Val Max Gen Viol: 0.0000 | Val Max Thermal: 1.2534
Epoch 1500 | Val Loss: 0.7196 | Val Cost:    0.00 | Val Max P-Miss: 9.0313 | Max Q-Miss: 1.0788 | Val Max Gen Viol: 0.0000 | Val Max Thermal: 1.3495
Epoch 1600 | Val Loss: 0.7169 | Val Cost:    0.00 | Val Max P-Miss: 9.0078 | Max Q-Miss: 1.1747 | Val Max Gen Viol: 0.0000 | Val Max Thermal: 1.3140 [*SAVED BEST*]
Epoch 1700 | Val Loss: 0.7082 | Val Cost:    0.00 | Val Max P-Miss: 9.0223 | Max Q-Miss: 1.4348 | Val Max Gen Viol: 0.0000 | Val Max Thermal: 1.2924 [*SAVED BEST*]
Epoch 1800 | Val Loss: 0.6758 | Val Cost:    0.00 | Val Max P-Miss: 9.0385 | Max Q-Miss: 1.1517 | Val Max Gen Viol: 0.0000 | Val Max Thermal: 1.2807 [*SAVED BEST*]
Epoch 1900 | Val Loss: 0.7740 | Val Cost:    0.00 | Val Max P-Miss: 9.3921 | Max Q-Miss: 1.4822 | Val Max Gen Viol: 0.0000 | Val Max Thermal: 1.0484
Epoch 2000 | Val Loss: 0.8082 | Val Cost:    0.00 | Val Max P-Miss: 9.3761 | Max Q-Miss: 1.2530 | Val Max Gen Viol: 0.0000 | Val Max Thermal: 0.8741
Epoch 2100 | Val Loss: 0.6219 | Val Cost:    0.00 | Val Max P-Miss: 9.0169 | Max Q-Miss: 1.1592 | Val Max Gen Viol: 0.0000 | Val Max Thermal: 1.2558 [*SAVED BEST*]
Epoch 2200 | Val Loss: 0.6323 | Val Cost:    0.00 | Val Max P-Miss: 9.0051 | Max Q-Miss: 0.7592 | Val Max Gen Viol: 0.0000 | Val Max Thermal: 1.3067
Epoch 2300 | Val Loss: 0.6920 | Val Cost:    0.00 | Val Max P-Miss: 8.9277 | Max Q-Miss: 1.0238 | Val Max Gen Viol: 0.0000 | Val Max Thermal: 1.5345
Epoch 2400 | Val Loss: 0.6111 | Val Cost:    0.00 | Val Max P-Miss: 9.0655 | Max Q-Miss: 0.7634 | Val Max Gen Viol: 0.0000 | Val Max Thermal: 1.1800 [*SAVED BEST*]
Epoch 2500 | Val Loss: 0.7300 | Val Cost:    0.00 | Val Max P-Miss: 9.0341 | Max Q-Miss: 0.9048 | Val Max Gen Viol: 0.0000 | Val Max Thermal: 1.3229
Epoch 2600 | Val Loss: 0.6838 | Val Cost:    0.00 | Val Max P-Miss: 8.9041 | Max Q-Miss: 1.1972 | Val Max Gen Viol: 0.0000 | Val Max Thermal: 1.2790
Epoch 2700 | Val Loss: 0.6962 | Val Cost:    0.00 | Val Max P-Miss: 8.9611 | Max Q-Miss: 0.9700 | Val Max Gen Viol: 0.0000 | Val Max Thermal: 1.5632
Epoch 2800 | Val Loss: 0.7206 | Val Cost:    0.00 | Val Max P-Miss: 8.9102 | Max Q-Miss: 1.4227 | Val Max Gen Viol: 0.0000 | Val Max Thermal: 1.2523
Epoch 2900 | Val Loss: 0.6593 | Val Cost:    0.00 | Val Max P-Miss: 9.1026 | Max Q-Miss: 0.7744 | Val Max Gen Viol: 0.0000 | Val Max Thermal: 1.2123
Epoch 3000 | Val Loss: 0.6156 | Val Cost:    0.00 | Val Max P-Miss: 9.1775 | Max Q-Miss: 1.0973 | Val Max Gen Viol: 0.0000 | Val Max Thermal: 1.0693
Epoch 3100 | Val Loss: 0.6467 | Val Cost:    0.00 | Val Max P-Miss: 9.1504 | Max Q-Miss: 1.0985 | Val Max Gen Viol: 0.0000 | Val Max Thermal: 1.6700
Epoch 3200 | Val Loss: 0.7395 | Val Cost:    0.00 | Val Max P-Miss: 9.1341 | Max Q-Miss: 1.6243 | Val Max Gen Viol: 0.0000 | Val Max Thermal: 2.9321
Epoch 3300 | Val Loss: 0.6254 | Val Cost:    0.00 | Val Max P-Miss: 9.1220 | Max Q-Miss: 1.0772 | Val Max Gen Viol: 0.0000 | Val Max Thermal: 1.1309
Epoch 3400 | Val Loss: 0.6114 | Val Cost:    0.00 | Val Max P-Miss: 9.0327 | Max Q-Miss: 1.2097 | Val Max Gen Viol: 0.0000 | Val Max Thermal: 1.1741
Epoch 3500 | Val Loss: 0.6251 | Val Cost:    0.00 | Val Max P-Miss: 9.0148 | Max Q-Miss: 1.1084 | Val Max Gen Viol: 0.0000 | Val Max Thermal: 1.2495
Epoch 3600 | Val Loss: 0.6304 | Val Cost:    0.00 | Val Max P-Miss: 9.1032 | Max Q-Miss: 1.3124 | Val Max Gen Viol: 0.0000 | Val Max Thermal: 1.1243
Epoch 3700 | Val Loss: 0.7019 | Val Cost:    0.00 | Val Max P-Miss: 9.1137 | Max Q-Miss: 1.6558 | Val Max Gen Viol: 0.0000 | Val Max Thermal: 1.3389
Epoch 3800 | Val Loss: 0.6084 | Val Cost:    0.00 | Val Max P-Miss: 9.0474 | Max Q-Miss: 1.5181 | Val Max Gen Viol: 0.0000 | Val Max Thermal: 1.1563 [*SAVED BEST*]
Epoch 3900 | Val Loss: 0.6460 | Val Cost:    0.00 | Val Max P-Miss: 9.1065 | Max Q-Miss: 1.4347 | Val Max Gen Viol: 0.0000 | Val Max Thermal: 1.1755
Epoch 4000 | Val Loss: 0.6236 | Val Cost:    0.00 | Val Max P-Miss: 9.1175 | Max Q-Miss: 1.4127 | Val Max Gen Viol: 0.0000 | Val Max Thermal: 1.1358
Epoch 4100 | Val Loss: 0.6144 | Val Cost:    0.00 | Val Max P-Miss: 9.0787 | Max Q-Miss: 1.5927 | Val Max Gen Viol: 0.0000 | Val Max Thermal: 1.1301
Epoch 4200 | Val Loss: 0.7023 | Val Cost:    0.00 | Val Max P-Miss: 9.0932 | Max Q-Miss: 1.7475 | Val Max Gen Viol: 0.0000 | Val Max Thermal: 1.1276
Epoch 4300 | Val Loss: 0.6435 | Val Cost:    0.00 | Val Max P-Miss: 9.1229 | Max Q-Miss: 1.7073 | Val Max Gen Viol: 0.0000 | Val Max Thermal: 1.1346
Epoch 4400 | Val Loss: 0.5548 | Val Cost:    0.00 | Val Max P-Miss: 8.9336 | Max Q-Miss: 1.1696 | Val Max Gen Viol: 0.0000 | Val Max Thermal: 1.1043 [*SAVED BEST*]
Epoch 4500 | Val Loss: 0.6419 | Val Cost:    0.00 | Val Max P-Miss: 8.8764 | Max Q-Miss: 1.9190 | Val Max Gen Viol: 0.0000 | Val Max Thermal: 1.1350
Epoch 4600 | Val Loss: 0.5155 | Val Cost:    0.00 | Val Max P-Miss: 8.9119 | Max Q-Miss: 1.2484 | Val Max Gen Viol: 0.0000 | Val Max Thermal: 1.1146 [*SAVED BEST*]
Epoch 4700 | Val Loss: 0.6589 | Val Cost:    0.00 | Val Max P-Miss: 8.8800 | Max Q-Miss: 1.1134 | Val Max Gen Viol: 0.0000 | Val Max Thermal: 1.4736
Epoch 4800 | Val Loss: 0.5015 | Val Cost:    0.00 | Val Max P-Miss: 8.9221 | Max Q-Miss: 0.7714 | Val Max Gen Viol: 0.0000 | Val Max Thermal: 1.1071 [*SAVED BEST*]
Epoch 4900 | Val Loss: 0.5086 | Val Cost:    0.00 | Val Max P-Miss: 8.9085 | Max Q-Miss: 1.3157 | Val Max Gen Viol: 0.0000 | Val Max Thermal: 1.1202
Epoch 5000 | Val Loss: 0.5112 | Val Cost:    0.00 | Val Max P-Miss: 9.0036 | Max Q-Miss: 0.4705 | Val Max Gen Viol: 0.0000 | Val Max Thermal: 1.1078
Epoch 5100 | Val Loss: 0.5049 | Val Cost:    0.00 | Val Max P-Miss: 8.9382 | Max Q-Miss: 0.7770 | Val Max Gen Viol: 0.0000 | Val Max Thermal: 1.1085
Epoch 5200 | Val Loss: 0.5987 | Val Cost:    0.00 | Val Max P-Miss: 8.9787 | Max Q-Miss: 1.8611 | Val Max Gen Viol: 0.0000 | Val Max Thermal: 1.1710
Epoch 5300 | Val Loss: 0.4983 | Val Cost:    0.00 | Val Max P-Miss: 8.9409 | Max Q-Miss: 0.8076 | Val Max Gen Viol: 0.0000 | Val Max Thermal: 1.0812 [*SAVED BEST*]
Epoch 5400 | Val Loss: 0.5974 | Val Cost:    0.00 | Val Max P-Miss: 8.9496 | Max Q-Miss: 1.7660 | Val Max Gen Viol: 0.0000 | Val Max Thermal: 1.3135
Epoch 5500 | Val Loss: 0.5362 | Val Cost:    0.00 | Val Max P-Miss: 8.9830 | Max Q-Miss: 0.5674 | Val Max Gen Viol: 0.0000 | Val Max Thermal: 1.1478
Epoch 5600 | Val Loss: 0.4922 | Val Cost:    0.00 | Val Max P-Miss: 8.9362 | Max Q-Miss: 0.4508 | Val Max Gen Viol: 0.0000 | Val Max Thermal: 1.1076 [*SAVED BEST*]
Epoch 5700 | Val Loss: 0.5093 | Val Cost:    0.00 | Val Max P-Miss: 8.9391 | Max Q-Miss: 1.0729 | Val Max Gen Viol: 0.0000 | Val Max Thermal: 1.1020
Epoch 5800 | Val Loss: 0.6146 | Val Cost:    0.00 | Val Max P-Miss: 8.9508 | Max Q-Miss: 1.1196 | Val Max Gen Viol: 0.0000 | Val Max Thermal: 1.1678
Epoch 5900 | Val Loss: 0.4870 | Val Cost:    0.00 | Val Max P-Miss: 8.9419 | Max Q-Miss: 0.4503 | Val Max Gen Viol: 0.0000 | Val Max Thermal: 1.1007 [*SAVED BEST*]
Epoch 6000 | Val Loss: 0.4896 | Val Cost:    0.00 | Val Max P-Miss: 8.9350 | Max Q-Miss: 0.4498 | Val Max Gen Viol: 0.0000 | Val Max Thermal: 1.0999
Epoch 6100 | Val Loss: 0.4922 | Val Cost:    0.00 | Val Max P-Miss: 8.9407 | Max Q-Miss: 0.6514 | Val Max Gen Viol: 0.0000 | Val Max Thermal: 1.1028
Epoch 6200 | Val Loss: 0.5304 | Val Cost:    0.00 | Val Max P-Miss: 9.0727 | Max Q-Miss: 0.6838 | Val Max Gen Viol: 0.0000 | Val Max Thermal: 1.1408
Epoch 6300 | Val Loss: 0.4895 | Val Cost:    0.00 | Val Max P-Miss: 8.9365 | Max Q-Miss: 0.6012 | Val Max Gen Viol: 0.0000 | Val Max Thermal: 1.1075
Epoch 6400 | Val Loss: 0.4863 | Val Cost:    0.00 | Val Max P-Miss: 8.9505 | Max Q-Miss: 0.4676 | Val Max Gen Viol: 0.0000 | Val Max Thermal: 1.0999 [*SAVED BEST*]
Epoch 6500 | Val Loss: 0.5702 | Val Cost:    0.00 | Val Max P-Miss: 9.0338 | Max Q-Miss: 1.1804 | Val Max Gen Viol: 0.0000 | Val Max Thermal: 1.1977
Epoch 6600 | Val Loss: 0.7378 | Val Cost:    0.00 | Val Max P-Miss: 8.9920 | Max Q-Miss: 3.6803 | Val Max Gen Viol: 0.0000 | Val Max Thermal: 1.1734
Epoch 6700 | Val Loss: 0.4964 | Val Cost:    0.00 | Val Max P-Miss: 8.9531 | Max Q-Miss: 0.8586 | Val Max Gen Viol: 0.0000 | Val Max Thermal: 1.1161
Epoch 6800 | Val Loss: 0.4924 | Val Cost:    0.00 | Val Max P-Miss: 8.9504 | Max Q-Miss: 0.4464 | Val Max Gen Viol: 0.0000 | Val Max Thermal: 1.1377
Epoch 6900 | Val Loss: 0.5003 | Val Cost:    0.00 | Val Max P-Miss: 8.9774 | Max Q-Miss: 0.4687 | Val Max Gen Viol: 0.0000 | Val Max Thermal: 1.1121
Epoch 7000 | Val Loss: 0.4877 | Val Cost:    0.00 | Val Max P-Miss: 8.9428 | Max Q-Miss: 0.6478 | Val Max Gen Viol: 0.0000 | Val Max Thermal: 1.1062
Epoch 7100 | Val Loss: 0.4847 | Val Cost:    0.00 | Val Max P-Miss: 8.9365 | Max Q-Miss: 0.4398 | Val Max Gen Viol: 0.0000 | Val Max Thermal: 1.1109 [*SAVED BEST*]
Epoch 7200 | Val Loss: 0.4850 | Val Cost:    0.00 | Val Max P-Miss: 8.9305 | Max Q-Miss: 0.6860 | Val Max Gen Viol: 0.0000 | Val Max Thermal: 1.1127
Epoch 7300 | Val Loss: 0.5491 | Val Cost:    0.00 | Val Max P-Miss: 8.9584 | Max Q-Miss: 1.3141 | Val Max Gen Viol: 0.0000 | Val Max Thermal: 1.9379
Epoch 7400 | Val Loss: 0.5023 | Val Cost:    0.00 | Val Max P-Miss: 8.9517 | Max Q-Miss: 1.2716 | Val Max Gen Viol: 0.0000 | Val Max Thermal: 1.1068
Epoch 7500 | Val Loss: 0.4981 | Val Cost:    0.00 | Val Max P-Miss: 9.0542 | Max Q-Miss: 0.8353 | Val Max Gen Viol: 0.0000 | Val Max Thermal: 1.0881
Epoch 7600 | Val Loss: 0.4949 | Val Cost:    0.00 | Val Max P-Miss: 8.9344 | Max Q-Miss: 0.6870 | Val Max Gen Viol: 0.0000 | Val Max Thermal: 1.1250
Epoch 7700 | Val Loss: 0.4821 | Val Cost:    0.00 | Val Max P-Miss: 8.9137 | Max Q-Miss: 0.4381 | Val Max Gen Viol: 0.0000 | Val Max Thermal: 1.1053 [*SAVED BEST*]
Epoch 7800 | Val Loss: 0.4865 | Val Cost:    0.00 | Val Max P-Miss: 8.9161 | Max Q-Miss: 0.5469 | Val Max Gen Viol: 0.0000 | Val Max Thermal: 1.0996
Epoch 7900 | Val Loss: 0.4840 | Val Cost:    0.00 | Val Max P-Miss: 8.9190 | Max Q-Miss: 0.5029 | Val Max Gen Viol: 0.0000 | Val Max Thermal: 1.0984
Epoch 8000 | Val Loss: 0.4844 | Val Cost:    0.00 | Val Max P-Miss: 8.9257 | Max Q-Miss: 0.4444 | Val Max Gen Viol: 0.0000 | Val Max Thermal: 1.1032
Epoch 8100 | Val Loss: 0.4808 | Val Cost:    0.00 | Val Max P-Miss: 8.9199 | Max Q-Miss: 0.4401 | Val Max Gen Viol: 0.0000 | Val Max Thermal: 1.0903 [*SAVED BEST*]
Epoch 8200 | Val Loss: 0.6752 | Val Cost:    0.00 | Val Max P-Miss: 8.8687 | Max Q-Miss: 1.3124 | Val Max Gen Viol: 0.0000 | Val Max Thermal: 1.9709
Epoch 8300 | Val Loss: 0.4858 | Val Cost:    0.00 | Val Max P-Miss: 8.9391 | Max Q-Miss: 0.5820 | Val Max Gen Viol: 0.0000 | Val Max Thermal: 1.0779
Epoch 8400 | Val Loss: 0.5472 | Val Cost:    0.00 | Val Max P-Miss: 8.9920 | Max Q-Miss: 1.6443 | Val Max Gen Viol: 0.0000 | Val Max Thermal: 1.1100
Epoch 8500 | Val Loss: 0.4813 | Val Cost:    0.00 | Val Max P-Miss: 8.9323 | Max Q-Miss: 0.4397 | Val Max Gen Viol: 0.0000 | Val Max Thermal: 1.0974
Epoch 8600 | Val Loss: 0.4802 | Val Cost:    0.00 | Val Max P-Miss: 8.9120 | Max Q-Miss: 0.4620 | Val Max Gen Viol: 0.0000 | Val Max Thermal: 1.0922 [*SAVED BEST*]
Epoch 8700 | Val Loss: 0.5262 | Val Cost:    0.00 | Val Max P-Miss: 8.9863 | Max Q-Miss: 1.2547 | Val Max Gen Viol: 0.0000 | Val Max Thermal: 1.0989
Epoch 8800 | Val Loss: 0.4782 | Val Cost:    0.00 | Val Max P-Miss: 8.9178 | Max Q-Miss: 0.4357 | Val Max Gen Viol: 0.0000 | Val Max Thermal: 1.0909 [*SAVED BEST*]
Epoch 8900 | Val Loss: 0.4789 | Val Cost:    0.00 | Val Max P-Miss: 8.9065 | Max Q-Miss: 0.4385 | Val Max Gen Viol: 0.0000 | Val Max Thermal: 1.0979
Epoch 9000 | Val Loss: 0.4788 | Val Cost:    0.00 | Val Max P-Miss: 8.9044 | Max Q-Miss: 0.5440 | Val Max Gen Viol: 0.0000 | Val Max Thermal: 1.1026
Epoch 9100 | Val Loss: 0.4877 | Val Cost:    0.00 | Val Max P-Miss: 8.9137 | Max Q-Miss: 0.6145 | Val Max Gen Viol: 0.0000 | Val Max Thermal: 1.1001
Epoch 9200 | Val Loss: 0.4807 | Val Cost:    0.00 | Val Max P-Miss: 8.9074 | Max Q-Miss: 0.4370 | Val Max Gen Viol: 0.0000 | Val Max Thermal: 1.1019
Epoch 9300 | Val Loss: 0.4813 | Val Cost:    0.00 | Val Max P-Miss: 8.9170 | Max Q-Miss: 0.4371 | Val Max Gen Viol: 0.0000 | Val Max Thermal: 1.0994
Epoch 9400 | Val Loss: 0.4847 | Val Cost:    0.00 | Val Max P-Miss: 8.9356 | Max Q-Miss: 0.4429 | Val Max Gen Viol: 0.0000 | Val Max Thermal: 1.0866
Epoch 9500 | Val Loss: 0.4792 | Val Cost:    0.00 | Val Max P-Miss: 8.8913 | Max Q-Miss: 0.5034 | Val Max Gen Viol: 0.0000 | Val Max Thermal: 1.0914
Epoch 9600 | Val Loss: 0.4790 | Val Cost:    0.00 | Val Max P-Miss: 8.8876 | Max Q-Miss: 0.6281 | Val Max Gen Viol: 0.0000 | Val Max Thermal: 1.0925
Epoch 9700 | Val Loss: 0.4775 | Val Cost:    0.00 | Val Max P-Miss: 8.8938 | Max Q-Miss: 0.4417 | Val Max Gen Viol: 0.0000 | Val Max Thermal: 1.0934 [*SAVED BEST*]
Epoch 9800 | Val Loss: 0.4786 | Val Cost:    0.00 | Val Max P-Miss: 8.8932 | Max Q-Miss: 0.5168 | Val Max Gen Viol: 0.0000 | Val Max Thermal: 1.0912
Epoch 9900 | Val Loss: 0.4768 | Val Cost:    0.00 | Val Max P-Miss: 8.8752 | Max Q-Miss: 0.4282 | Val Max Gen Viol: 0.0000 | Val Max Thermal: 1.0920 [*SAVED BEST*]

==================================================
Training Complete!
Total Training Time: 00h 06m 23.38s
Best model weights saved to: ./model/best_controlled_full_equal_pglib_opf_case162_ieee_dtc_10000epochs_seed4_20260923_001924.pth
==================================================

