Random seed     : 4
CUDA Hardware Acceleration Active: NVIDIA GeForce RTX 4090
Problem Geometry Linked -> Matrix Samples: 10000
======================================================================
CONTROLLED ABLATION
Case            : pglib_opf_case300_ieee
Projection      : full
Weight strategy : equal
Weights         : {'eq_p': 1.0, 'eq_q': 1.0, 'thermal': 1.0, 'ang': 1.0, 'v': 1.0, 'obj': 1.0}
======================================================================

Beginning execution of parallelized training matrix loops...
Epoch    0 | Val Loss: 9217222.0000 | Val Cost: 199722.03 | Val Max P-Miss: 187.9198 | Max Q-Miss: 206.2545 | Val Max Gen Viol: 0.0000 | Val Max Thermal: 60916.5156 [*SAVED BEST*]
Epoch  100 | Val Loss: 3.1413 | Val Cost:    0.05 | Val Max P-Miss: 6.8599 | Max Q-Miss: 5.3192 | Val Max Gen Viol: 0.0000 | Val Max Thermal: 0.8951 [*SAVED BEST*]
Epoch  200 | Val Loss: 2.3458 | Val Cost:    0.03 | Val Max P-Miss: 7.1231 | Max Q-Miss: 2.6148 | Val Max Gen Viol: 0.0000 | Val Max Thermal: 0.8594 [*SAVED BEST*]
Epoch  300 | Val Loss: 2.2943 | Val Cost:    0.03 | Val Max P-Miss: 7.2533 | Max Q-Miss: 2.7607 | Val Max Gen Viol: 0.0000 | Val Max Thermal: 1.4315 [*SAVED BEST*]
Epoch  400 | Val Loss: 2.1257 | Val Cost:    0.02 | Val Max P-Miss: 7.2714 | Max Q-Miss: 2.6378 | Val Max Gen Viol: 0.0000 | Val Max Thermal: 0.3679 [*SAVED BEST*]
Epoch  500 | Val Loss: 2.0627 | Val Cost:    0.06 | Val Max P-Miss: 6.7530 | Max Q-Miss: 2.5247 | Val Max Gen Viol: 0.0000 | Val Max Thermal: 0.4142 [*SAVED BEST*]
Epoch  600 | Val Loss: 1.8542 | Val Cost:    0.01 | Val Max P-Miss: 6.3550 | Max Q-Miss: 3.2740 | Val Max Gen Viol: 0.0000 | Val Max Thermal: 0.4585 [*SAVED BEST*]
Epoch  700 | Val Loss: 2.1805 | Val Cost:    0.05 | Val Max P-Miss: 6.5197 | Max Q-Miss: 5.8706 | Val Max Gen Viol: 0.0000 | Val Max Thermal: 0.4021
Epoch  800 | Val Loss: 1.4927 | Val Cost:    0.00 | Val Max P-Miss: 6.2986 | Max Q-Miss: 2.5871 | Val Max Gen Viol: 0.0000 | Val Max Thermal: 0.4303 [*SAVED BEST*]
Epoch  900 | Val Loss: 1.4751 | Val Cost:    0.00 | Val Max P-Miss: 6.1483 | Max Q-Miss: 2.5154 | Val Max Gen Viol: 0.0000 | Val Max Thermal: 0.9902 [*SAVED BEST*]
Epoch 1000 | Val Loss: 1.3849 | Val Cost:    0.00 | Val Max P-Miss: 6.1800 | Max Q-Miss: 3.8369 | Val Max Gen Viol: 0.0000 | Val Max Thermal: 0.7409 [*SAVED BEST*]
Epoch 1100 | Val Loss: 1.3687 | Val Cost:    0.00 | Val Max P-Miss: 6.1119 | Max Q-Miss: 3.0435 | Val Max Gen Viol: 0.0000 | Val Max Thermal: 0.6483 [*SAVED BEST*]
Epoch 1200 | Val Loss: 1.4225 | Val Cost:    0.00 | Val Max P-Miss: 6.0601 | Max Q-Miss: 2.6152 | Val Max Gen Viol: 0.0000 | Val Max Thermal: 0.4727
Epoch 1300 | Val Loss: 1.3300 | Val Cost:    0.00 | Val Max P-Miss: 5.9203 | Max Q-Miss: 3.1553 | Val Max Gen Viol: 0.0000 | Val Max Thermal: 0.7342 [*SAVED BEST*]
Epoch 1400 | Val Loss: 1.2911 | Val Cost:    0.00 | Val Max P-Miss: 5.9285 | Max Q-Miss: 2.1093 | Val Max Gen Viol: 0.0000 | Val Max Thermal: 0.7543 [*SAVED BEST*]
Epoch 1500 | Val Loss: 1.2543 | Val Cost:    0.00 | Val Max P-Miss: 5.9113 | Max Q-Miss: 3.6502 | Val Max Gen Viol: 0.0000 | Val Max Thermal: 0.8567 [*SAVED BEST*]
Epoch 1600 | Val Loss: 1.2290 | Val Cost:    0.00 | Val Max P-Miss: 5.8656 | Max Q-Miss: 1.9038 | Val Max Gen Viol: 0.0000 | Val Max Thermal: 0.8856 [*SAVED BEST*]
Epoch 1700 | Val Loss: 1.2181 | Val Cost:    0.00 | Val Max P-Miss: 5.8517 | Max Q-Miss: 1.8662 | Val Max Gen Viol: 0.0000 | Val Max Thermal: 0.7328 [*SAVED BEST*]
Epoch 1800 | Val Loss: 1.2983 | Val Cost:    0.00 | Val Max P-Miss: 6.0328 | Max Q-Miss: 2.4811 | Val Max Gen Viol: 0.0000 | Val Max Thermal: 0.9331
Epoch 1900 | Val Loss: 1.1955 | Val Cost:    0.00 | Val Max P-Miss: 5.7199 | Max Q-Miss: 1.6285 | Val Max Gen Viol: 0.0000 | Val Max Thermal: 0.9235 [*SAVED BEST*]
Epoch 2000 | Val Loss: 1.2064 | Val Cost:    0.00 | Val Max P-Miss: 5.7435 | Max Q-Miss: 1.5937 | Val Max Gen Viol: 0.0000 | Val Max Thermal: 0.9472
Epoch 2100 | Val Loss: 1.1825 | Val Cost:    0.00 | Val Max P-Miss: 5.7164 | Max Q-Miss: 1.5075 | Val Max Gen Viol: 0.0000 | Val Max Thermal: 0.8772 [*SAVED BEST*]
Epoch 2200 | Val Loss: 1.2405 | Val Cost:    0.00 | Val Max P-Miss: 5.7634 | Max Q-Miss: 1.8507 | Val Max Gen Viol: 0.0000 | Val Max Thermal: 0.6837
Epoch 2300 | Val Loss: 1.1427 | Val Cost:    0.00 | Val Max P-Miss: 5.7118 | Max Q-Miss: 1.4486 | Val Max Gen Viol: 0.0000 | Val Max Thermal: 0.8509 [*SAVED BEST*]
Epoch 2400 | Val Loss: 1.3312 | Val Cost:    0.00 | Val Max P-Miss: 6.1444 | Max Q-Miss: 1.5021 | Val Max Gen Viol: 0.0000 | Val Max Thermal: 0.1763
Epoch 2500 | Val Loss: 1.1550 | Val Cost:    0.00 | Val Max P-Miss: 5.6014 | Max Q-Miss: 1.2842 | Val Max Gen Viol: 0.0000 | Val Max Thermal: 0.8647
Epoch 2600 | Val Loss: 1.3433 | Val Cost:    0.00 | Val Max P-Miss: 5.5878 | Max Q-Miss: 2.6856 | Val Max Gen Viol: 0.0000 | Val Max Thermal: 1.2535
Epoch 2700 | Val Loss: 1.1258 | Val Cost:    0.00 | Val Max P-Miss: 5.5952 | Max Q-Miss: 1.1113 | Val Max Gen Viol: 0.0000 | Val Max Thermal: 0.8273 [*SAVED BEST*]
Epoch 2800 | Val Loss: 1.1131 | Val Cost:    0.00 | Val Max P-Miss: 5.6048 | Max Q-Miss: 2.8482 | Val Max Gen Viol: 0.0000 | Val Max Thermal: 0.7663 [*SAVED BEST*]
Epoch 2900 | Val Loss: 1.1452 | Val Cost:    0.00 | Val Max P-Miss: 5.6017 | Max Q-Miss: 2.0595 | Val Max Gen Viol: 0.0000 | Val Max Thermal: 0.7926
Epoch 3000 | Val Loss: 1.2281 | Val Cost:    0.00 | Val Max P-Miss: 6.1599 | Max Q-Miss: 2.6807 | Val Max Gen Viol: 0.0000 | Val Max Thermal: 0.2858
Epoch 3100 | Val Loss: 1.0965 | Val Cost:    0.00 | Val Max P-Miss: 5.5851 | Max Q-Miss: 2.8688 | Val Max Gen Viol: 0.0000 | Val Max Thermal: 0.6567 [*SAVED BEST*]
Epoch 3200 | Val Loss: 1.1097 | Val Cost:    0.00 | Val Max P-Miss: 5.5405 | Max Q-Miss: 1.0708 | Val Max Gen Viol: 0.0000 | Val Max Thermal: 0.6372
Epoch 3300 | Val Loss: 1.1652 | Val Cost:    0.00 | Val Max P-Miss: 5.4623 | Max Q-Miss: 2.2743 | Val Max Gen Viol: 0.0000 | Val Max Thermal: 0.5193
Epoch 3400 | Val Loss: 1.0825 | Val Cost:    0.00 | Val Max P-Miss: 5.4543 | Max Q-Miss: 2.1085 | Val Max Gen Viol: 0.0000 | Val Max Thermal: 0.5629 [*SAVED BEST*]
Epoch 3500 | Val Loss: 1.2484 | Val Cost:    0.00 | Val Max P-Miss: 5.9262 | Max Q-Miss: 1.6010 | Val Max Gen Viol: 0.0000 | Val Max Thermal: 0.6290
Epoch 3600 | Val Loss: 1.0865 | Val Cost:    0.00 | Val Max P-Miss: 5.5789 | Max Q-Miss: 1.5561 | Val Max Gen Viol: 0.0000 | Val Max Thermal: 0.5781
Epoch 3700 | Val Loss: 1.3292 | Val Cost:    0.00 | Val Max P-Miss: 5.9633 | Max Q-Miss: 3.5491 | Val Max Gen Viol: 0.0000 | Val Max Thermal: 0.4299
Epoch 3800 | Val Loss: 1.0851 | Val Cost:    0.00 | Val Max P-Miss: 5.5225 | Max Q-Miss: 1.0401 | Val Max Gen Viol: 0.0000 | Val Max Thermal: 0.5148
Epoch 3900 | Val Loss: 1.0960 | Val Cost:    0.00 | Val Max P-Miss: 5.5789 | Max Q-Miss: 1.0640 | Val Max Gen Viol: 0.0000 | Val Max Thermal: 0.6173
Epoch 4000 | Val Loss: 1.1090 | Val Cost:    0.00 | Val Max P-Miss: 5.4955 | Max Q-Miss: 2.7706 | Val Max Gen Viol: 0.0000 | Val Max Thermal: 0.5351
Epoch 4100 | Val Loss: 1.0755 | Val Cost:    0.00 | Val Max P-Miss: 5.5311 | Max Q-Miss: 2.8885 | Val Max Gen Viol: 0.0000 | Val Max Thermal: 0.5385 [*SAVED BEST*]
Epoch 4200 | Val Loss: 1.1051 | Val Cost:    0.00 | Val Max P-Miss: 5.3438 | Max Q-Miss: 2.1586 | Val Max Gen Viol: 0.0000 | Val Max Thermal: 0.3469
Epoch 4300 | Val Loss: 1.0747 | Val Cost:    0.00 | Val Max P-Miss: 5.5207 | Max Q-Miss: 1.2385 | Val Max Gen Viol: 0.0000 | Val Max Thermal: 0.5086 [*SAVED BEST*]
Epoch 4400 | Val Loss: 1.1950 | Val Cost:    0.00 | Val Max P-Miss: 5.7086 | Max Q-Miss: 2.4825 | Val Max Gen Viol: 0.0000 | Val Max Thermal: 0.3243
Epoch 4500 | Val Loss: 1.0533 | Val Cost:    0.00 | Val Max P-Miss: 5.4847 | Max Q-Miss: 1.6118 | Val Max Gen Viol: 0.0000 | Val Max Thermal: 0.4776 [*SAVED BEST*]
Epoch 4600 | Val Loss: 1.0897 | Val Cost:    0.00 | Val Max P-Miss: 5.4864 | Max Q-Miss: 2.2497 | Val Max Gen Viol: 0.0000 | Val Max Thermal: 0.6052
Epoch 4700 | Val Loss: 1.0418 | Val Cost:    0.00 | Val Max P-Miss: 5.4858 | Max Q-Miss: 1.2300 | Val Max Gen Viol: 0.0000 | Val Max Thermal: 0.5218 [*SAVED BEST*]
Epoch 4800 | Val Loss: 1.0677 | Val Cost:    0.00 | Val Max P-Miss: 5.5629 | Max Q-Miss: 1.3620 | Val Max Gen Viol: 0.0000 | Val Max Thermal: 0.5103
Epoch 4900 | Val Loss: 1.0352 | Val Cost:    0.00 | Val Max P-Miss: 5.4610 | Max Q-Miss: 1.0508 | Val Max Gen Viol: 0.0000 | Val Max Thermal: 0.5374 [*SAVED BEST*]
Epoch 5000 | Val Loss: 1.0938 | Val Cost:    0.00 | Val Max P-Miss: 5.4654 | Max Q-Miss: 1.0299 | Val Max Gen Viol: 0.0000 | Val Max Thermal: 0.5939
Epoch 5100 | Val Loss: 1.0434 | Val Cost:    0.00 | Val Max P-Miss: 5.4313 | Max Q-Miss: 1.5627 | Val Max Gen Viol: 0.0000 | Val Max Thermal: 0.5150
Epoch 5200 | Val Loss: 1.0674 | Val Cost:    0.00 | Val Max P-Miss: 5.5334 | Max Q-Miss: 1.6634 | Val Max Gen Viol: 0.0000 | Val Max Thermal: 0.4812
Epoch 5300 | Val Loss: 1.2847 | Val Cost:    0.00 | Val Max P-Miss: 5.5042 | Max Q-Miss: 2.4863 | Val Max Gen Viol: 0.0000 | Val Max Thermal: 0.6437
Epoch 5400 | Val Loss: 1.0813 | Val Cost:    0.00 | Val Max P-Miss: 5.5167 | Max Q-Miss: 2.2549 | Val Max Gen Viol: 0.0000 | Val Max Thermal: 0.3362
Epoch 5500 | Val Loss: 1.0451 | Val Cost:    0.00 | Val Max P-Miss: 5.4947 | Max Q-Miss: 1.0529 | Val Max Gen Viol: 0.0000 | Val Max Thermal: 0.3603
Epoch 5600 | Val Loss: 1.0334 | Val Cost:    0.00 | Val Max P-Miss: 5.4904 | Max Q-Miss: 2.0321 | Val Max Gen Viol: 0.0000 | Val Max Thermal: 0.5546 [*SAVED BEST*]
Epoch 5700 | Val Loss: 1.0321 | Val Cost:    0.00 | Val Max P-Miss: 5.4905 | Max Q-Miss: 1.0999 | Val Max Gen Viol: 0.0000 | Val Max Thermal: 0.4165 [*SAVED BEST*]
Epoch 5800 | Val Loss: 1.0568 | Val Cost:    0.00 | Val Max P-Miss: 5.4359 | Max Q-Miss: 1.7105 | Val Max Gen Viol: 0.0000 | Val Max Thermal: 0.3988
Epoch 5900 | Val Loss: 1.0634 | Val Cost:    0.00 | Val Max P-Miss: 5.2632 | Max Q-Miss: 1.4520 | Val Max Gen Viol: 0.0000 | Val Max Thermal: 0.5177
Epoch 6000 | Val Loss: 1.0540 | Val Cost:    0.00 | Val Max P-Miss: 5.3607 | Max Q-Miss: 2.3388 | Val Max Gen Viol: 0.0000 | Val Max Thermal: 0.3914
Epoch 6100 | Val Loss: 1.0547 | Val Cost:    0.00 | Val Max P-Miss: 5.4378 | Max Q-Miss: 1.0236 | Val Max Gen Viol: 0.0000 | Val Max Thermal: 0.5509
Epoch 6200 | Val Loss: 1.0483 | Val Cost:    0.00 | Val Max P-Miss: 5.5225 | Max Q-Miss: 2.2602 | Val Max Gen Viol: 0.0000 | Val Max Thermal: 0.4030
Epoch 6300 | Val Loss: 1.0123 | Val Cost:    0.00 | Val Max P-Miss: 5.4636 | Max Q-Miss: 1.1010 | Val Max Gen Viol: 0.0000 | Val Max Thermal: 0.5279 [*SAVED BEST*]
Epoch 6400 | Val Loss: 1.0520 | Val Cost:    0.00 | Val Max P-Miss: 5.5073 | Max Q-Miss: 1.6307 | Val Max Gen Viol: 0.0000 | Val Max Thermal: 0.3517
Epoch 6500 | Val Loss: 1.0108 | Val Cost:    0.00 | Val Max P-Miss: 5.4767 | Max Q-Miss: 1.1632 | Val Max Gen Viol: 0.0000 | Val Max Thermal: 0.4618 [*SAVED BEST*]
Epoch 6600 | Val Loss: 1.0309 | Val Cost:    0.00 | Val Max P-Miss: 5.4949 | Max Q-Miss: 1.2388 | Val Max Gen Viol: 0.0000 | Val Max Thermal: 0.4294
Epoch 6700 | Val Loss: 1.0340 | Val Cost:    0.00 | Val Max P-Miss: 5.4622 | Max Q-Miss: 1.3778 | Val Max Gen Viol: 0.0000 | Val Max Thermal: 0.3698
Epoch 6800 | Val Loss: 1.0382 | Val Cost:    0.00 | Val Max P-Miss: 5.4757 | Max Q-Miss: 1.8431 | Val Max Gen Viol: 0.0000 | Val Max Thermal: 0.4928
Epoch 6900 | Val Loss: 1.0280 | Val Cost:    0.00 | Val Max P-Miss: 5.4997 | Max Q-Miss: 1.0886 | Val Max Gen Viol: 0.0000 | Val Max Thermal: 0.3938
Epoch 7000 | Val Loss: 1.0262 | Val Cost:    0.00 | Val Max P-Miss: 5.5446 | Max Q-Miss: 2.1299 | Val Max Gen Viol: 0.0000 | Val Max Thermal: 0.4860
Epoch 7100 | Val Loss: 1.0631 | Val Cost:    0.00 | Val Max P-Miss: 5.4513 | Max Q-Miss: 2.1581 | Val Max Gen Viol: 0.0000 | Val Max Thermal: 0.3404
Epoch 7200 | Val Loss: 1.0367 | Val Cost:    0.00 | Val Max P-Miss: 5.5811 | Max Q-Miss: 1.8146 | Val Max Gen Viol: 0.0000 | Val Max Thermal: 0.4220
Epoch 7300 | Val Loss: 1.0733 | Val Cost:    0.00 | Val Max P-Miss: 5.3935 | Max Q-Miss: 2.1008 | Val Max Gen Viol: 0.0000 | Val Max Thermal: 0.5304
Epoch 7400 | Val Loss: 1.0423 | Val Cost:    0.00 | Val Max P-Miss: 5.4193 | Max Q-Miss: 1.2240 | Val Max Gen Viol: 0.0000 | Val Max Thermal: 0.3340
Epoch 7500 | Val Loss: 1.1931 | Val Cost:    0.00 | Val Max P-Miss: 5.9418 | Max Q-Miss: 3.9996 | Val Max Gen Viol: 0.0000 | Val Max Thermal: 0.4994
Epoch 7600 | Val Loss: 1.0265 | Val Cost:    0.00 | Val Max P-Miss: 5.5069 | Max Q-Miss: 2.2661 | Val Max Gen Viol: 0.0000 | Val Max Thermal: 0.5511
Epoch 7700 | Val Loss: 1.0810 | Val Cost:    0.00 | Val Max P-Miss: 5.4547 | Max Q-Miss: 2.0195 | Val Max Gen Viol: 0.0000 | Val Max Thermal: 0.3637
Epoch 7800 | Val Loss: 1.0363 | Val Cost:    0.00 | Val Max P-Miss: 5.2957 | Max Q-Miss: 1.8199 | Val Max Gen Viol: 0.0000 | Val Max Thermal: 0.4715
Epoch 7900 | Val Loss: 1.0189 | Val Cost:    0.00 | Val Max P-Miss: 5.4608 | Max Q-Miss: 1.1824 | Val Max Gen Viol: 0.0000 | Val Max Thermal: 0.4456
Epoch 8000 | Val Loss: 1.0295 | Val Cost:    0.00 | Val Max P-Miss: 5.4548 | Max Q-Miss: 1.7370 | Val Max Gen Viol: 0.0000 | Val Max Thermal: 0.4660
Epoch 8100 | Val Loss: 1.0157 | Val Cost:    0.00 | Val Max P-Miss: 5.4774 | Max Q-Miss: 1.5578 | Val Max Gen Viol: 0.0000 | Val Max Thermal: 0.4919
Epoch 8200 | Val Loss: 1.0202 | Val Cost:    0.00 | Val Max P-Miss: 5.4092 | Max Q-Miss: 1.4258 | Val Max Gen Viol: 0.0000 | Val Max Thermal: 0.4021
Epoch 8300 | Val Loss: 1.0322 | Val Cost:    0.00 | Val Max P-Miss: 5.3653 | Max Q-Miss: 1.7958 | Val Max Gen Viol: 0.0000 | Val Max Thermal: 0.4678
Epoch 8400 | Val Loss: 1.0137 | Val Cost:    0.00 | Val Max P-Miss: 5.4988 | Max Q-Miss: 1.3849 | Val Max Gen Viol: 0.0000 | Val Max Thermal: 0.5085
Epoch 8500 | Val Loss: 1.0198 | Val Cost:    0.00 | Val Max P-Miss: 5.5162 | Max Q-Miss: 1.8888 | Val Max Gen Viol: 0.0000 | Val Max Thermal: 0.5095
Epoch 8600 | Val Loss: 1.0668 | Val Cost:    0.00 | Val Max P-Miss: 5.4695 | Max Q-Miss: 2.1116 | Val Max Gen Viol: 0.0000 | Val Max Thermal: 0.4177
Epoch 8700 | Val Loss: 1.0538 | Val Cost:    0.00 | Val Max P-Miss: 5.6026 | Max Q-Miss: 1.9377 | Val Max Gen Viol: 0.0000 | Val Max Thermal: 0.3953
Epoch 8800 | Val Loss: 1.0438 | Val Cost:    0.00 | Val Max P-Miss: 5.3770 | Max Q-Miss: 1.9109 | Val Max Gen Viol: 0.0000 | Val Max Thermal: 0.4671
Epoch 8900 | Val Loss: 1.1341 | Val Cost:    0.00 | Val Max P-Miss: 5.2094 | Max Q-Miss: 3.2867 | Val Max Gen Viol: 0.0000 | Val Max Thermal: 0.5385
Epoch 9000 | Val Loss: 1.0351 | Val Cost:    0.00 | Val Max P-Miss: 5.4736 | Max Q-Miss: 1.7313 | Val Max Gen Viol: 0.0000 | Val Max Thermal: 0.3553
Epoch 9100 | Val Loss: 1.0155 | Val Cost:    0.00 | Val Max P-Miss: 5.4012 | Max Q-Miss: 1.0592 | Val Max Gen Viol: 0.0000 | Val Max Thermal: 0.5196
Epoch 9200 | Val Loss: 1.0234 | Val Cost:    0.00 | Val Max P-Miss: 5.4870 | Max Q-Miss: 1.3803 | Val Max Gen Viol: 0.0000 | Val Max Thermal: 0.4960
Epoch 9300 | Val Loss: 1.0274 | Val Cost:    0.00 | Val Max P-Miss: 5.5171 | Max Q-Miss: 1.4203 | Val Max Gen Viol: 0.0000 | Val Max Thermal: 0.5197
Epoch 9400 | Val Loss: 1.0120 | Val Cost:    0.00 | Val Max P-Miss: 5.4452 | Max Q-Miss: 1.3270 | Val Max Gen Viol: 0.0000 | Val Max Thermal: 0.5057
Epoch 9500 | Val Loss: 1.0294 | Val Cost:    0.00 | Val Max P-Miss: 5.4549 | Max Q-Miss: 1.3788 | Val Max Gen Viol: 0.0000 | Val Max Thermal: 0.3798
Epoch 9600 | Val Loss: 1.0488 | Val Cost:    0.00 | Val Max P-Miss: 5.4959 | Max Q-Miss: 1.3824 | Val Max Gen Viol: 0.0000 | Val Max Thermal: 0.4940
Epoch 9700 | Val Loss: 1.1521 | Val Cost:    0.00 | Val Max P-Miss: 5.2552 | Max Q-Miss: 2.2656 | Val Max Gen Viol: 0.0000 | Val Max Thermal: 0.4900
Epoch 9800 | Val Loss: 1.0481 | Val Cost:    0.00 | Val Max P-Miss: 5.3105 | Max Q-Miss: 1.4747 | Val Max Gen Viol: 0.0000 | Val Max Thermal: 0.4593
Epoch 9900 | Val Loss: 1.0115 | Val Cost:    0.00 | Val Max P-Miss: 5.4485 | Max Q-Miss: 1.4319 | Val Max Gen Viol: 0.0000 | Val Max Thermal: 0.4346

==================================================
Training Complete!
Total Training Time: 00h 07m 55.96s
Best model weights saved to: ./model/best_controlled_full_equal_pglib_opf_case300_ieee_10000epochs_seed4_20260922_192434.pth
==================================================

