Job: acopf_ISS
Executing: ACOPF_pinn_baseline.py --case_name pglib_opf_case14_ieee --epochs 10000
Node: issnode2
GPU Allocated: 0
CUDA Hardware Acceleration Active: NVIDIA GeForce RTX 4090
Problem Geometry Linked -> Matrix Samples: 10000

Beginning execution of parallelized training matrix loops...
Epoch    0 | Val Loss: 130.1262 | Val Cost: 1586.28 | Val Max P-Miss: 0.8340 | Max Q-Miss: 0.5398 | Val Max Gen Viol: 0.0000 | Val Max Thermal: 0.0000 [*SAVED BEST*]
Epoch   10 | Val Loss: 21.3503 | Val Cost: 1754.68 | Val Max P-Miss: 0.2908 | Max Q-Miss: 0.1895 | Val Max Gen Viol: 0.0000 | Val Max Thermal: 0.0000 [*SAVED BEST*]
Epoch   20 | Val Loss: 13.3956 | Val Cost: 2117.44 | Val Max P-Miss: 0.2286 | Max Q-Miss: 0.1559 | Val Max Gen Viol: 0.0000 | Val Max Thermal: 0.0000 [*SAVED BEST*]
Epoch   30 | Val Loss: 13.3786 | Val Cost: 2242.80 | Val Max P-Miss: 0.2194 | Max Q-Miss: 0.2057 | Val Max Gen Viol: 0.0000 | Val Max Thermal: 0.0000 [*SAVED BEST*]
Epoch   40 | Val Loss: 11.8561 | Val Cost: 2433.90 | Val Max P-Miss: 0.1937 | Max Q-Miss: 0.2043 | Val Max Gen Viol: 0.0000 | Val Max Thermal: 0.0000 [*SAVED BEST*]
Epoch   50 | Val Loss: 10.0487 | Val Cost: 2547.51 | Val Max P-Miss: 0.1748 | Max Q-Miss: 0.1763 | Val Max Gen Viol: 0.0000 | Val Max Thermal: 0.0000 [*SAVED BEST*]
Epoch   60 | Val Loss: 9.3988 | Val Cost: 2583.17 | Val Max P-Miss: 0.1752 | Max Q-Miss: 0.1412 | Val Max Gen Viol: 0.0000 | Val Max Thermal: 0.0000 [*SAVED BEST*]
Epoch   70 | Val Loss: 8.1909 | Val Cost: 2655.71 | Val Max P-Miss: 0.1723 | Max Q-Miss: 0.1798 | Val Max Gen Viol: 0.0000 | Val Max Thermal: 0.0000 [*SAVED BEST*]
Epoch   80 | Val Loss: 6.0877 | Val Cost: 2803.75 | Val Max P-Miss: 0.1367 | Max Q-Miss: 0.1405 | Val Max Gen Viol: 0.0000 | Val Max Thermal: 0.0000 [*SAVED BEST*]
Epoch   90 | Val Loss: 26.3516 | Val Cost: 2551.27 | Val Max P-Miss: 0.2587 | Max Q-Miss: 0.1864 | Val Max Gen Viol: 0.0000 | Val Max Thermal: 0.0000
Epoch  100 | Val Loss: 9.6777 | Val Cost: 2669.17 | Val Max P-Miss: 0.2202 | Max Q-Miss: 0.1484 | Val Max Gen Viol: 0.0000 | Val Max Thermal: 0.0000
Epoch  110 | Val Loss: 5.9831 | Val Cost: 2756.11 | Val Max P-Miss: 0.1848 | Max Q-Miss: 0.1001 | Val Max Gen Viol: 0.0000 | Val Max Thermal: 0.0000 [*SAVED BEST*]
Epoch  120 | Val Loss: 5.1988 | Val Cost: 2806.59 | Val Max P-Miss: 0.1699 | Max Q-Miss: 0.0921 | Val Max Gen Viol: 0.0000 | Val Max Thermal: 0.0000 [*SAVED BEST*]
Epoch  130 | Val Loss: 4.9987 | Val Cost: 2834.29 | Val Max P-Miss: 0.1667 | Max Q-Miss: 0.0903 | Val Max Gen Viol: 0.0000 | Val Max Thermal: 0.0000 [*SAVED BEST*]
Epoch  140 | Val Loss: 5.4572 | Val Cost: 2845.89 | Val Max P-Miss: 0.1798 | Max Q-Miss: 0.0945 | Val Max Gen Viol: 0.0000 | Val Max Thermal: 0.0000
Epoch  150 | Val Loss: 5.1387 | Val Cost: 2860.48 | Val Max P-Miss: 0.1818 | Max Q-Miss: 0.0864 | Val Max Gen Viol: 0.0000 | Val Max Thermal: 0.0000
Epoch  160 | Val Loss: 5.2798 | Val Cost: 2874.26 | Val Max P-Miss: 0.1883 | Max Q-Miss: 0.0838 | Val Max Gen Viol: 0.0000 | Val Max Thermal: 0.0000
Epoch  170 | Val Loss: 5.5744 | Val Cost: 2716.15 | Val Max P-Miss: 0.1384 | Max Q-Miss: 0.1487 | Val Max Gen Viol: 0.0000 | Val Max Thermal: 0.0000
Epoch  180 | Val Loss: 7.4142 | Val Cost: 2753.65 | Val Max P-Miss: 0.1472 | Max Q-Miss: 0.1078 | Val Max Gen Viol: 0.0000 | Val Max Thermal: 0.0000
Epoch  190 | Val Loss: 5.9207 | Val Cost: 2791.22 | Val Max P-Miss: 0.1352 | Max Q-Miss: 0.1203 | Val Max Gen Viol: 0.0000 | Val Max Thermal: 0.0000
Epoch  200 | Val Loss: 4.2697 | Val Cost: 2865.67 | Val Max P-Miss: 0.1059 | Max Q-Miss: 0.1115 | Val Max Gen Viol: 0.0000 | Val Max Thermal: 0.0000 [*SAVED BEST*]
Epoch  210 | Val Loss: 7.6591 | Val Cost: 2817.88 | Val Max P-Miss: 0.1383 | Max Q-Miss: 0.1351 | Val Max Gen Viol: 0.0000 | Val Max Thermal: 0.0000
Epoch  220 | Val Loss: 5.0532 | Val Cost: 2826.69 | Val Max P-Miss: 0.1025 | Max Q-Miss: 0.1205 | Val Max Gen Viol: 0.0000 | Val Max Thermal: 0.0000
Epoch  230 | Val Loss: 4.2535 | Val Cost: 2880.10 | Val Max P-Miss: 0.0981 | Max Q-Miss: 0.1047 | Val Max Gen Viol: 0.0000 | Val Max Thermal: 0.0000 [*SAVED BEST*]
Epoch  240 | Val Loss: 3.8284 | Val Cost: 2916.84 | Val Max P-Miss: 0.0901 | Max Q-Miss: 0.1058 | Val Max Gen Viol: 0.0000 | Val Max Thermal: 0.0000 [*SAVED BEST*]
Epoch  250 | Val Loss: 6.4606 | Val Cost: 2826.62 | Val Max P-Miss: 0.1355 | Max Q-Miss: 0.1651 | Val Max Gen Viol: 0.0000 | Val Max Thermal: 0.0000
Epoch  260 | Val Loss: 4.1359 | Val Cost: 2908.71 | Val Max P-Miss: 0.1375 | Max Q-Miss: 0.1071 | Val Max Gen Viol: 0.0000 | Val Max Thermal: 0.0000
Epoch  270 | Val Loss: 3.6178 | Val Cost: 2921.08 | Val Max P-Miss: 0.1233 | Max Q-Miss: 0.0921 | Val Max Gen Viol: 0.0000 | Val Max Thermal: 0.0000 [*SAVED BEST*]
Epoch  280 | Val Loss: 3.3618 | Val Cost: 2931.85 | Val Max P-Miss: 0.1143 | Max Q-Miss: 0.0888 | Val Max Gen Viol: 0.0000 | Val Max Thermal: 0.0000 [*SAVED BEST*]
Epoch  290 | Val Loss: 3.5081 | Val Cost: 2936.05 | Val Max P-Miss: 0.1083 | Max Q-Miss: 0.1037 | Val Max Gen Viol: 0.0000 | Val Max Thermal: 0.0000
Epoch  300 | Val Loss: 3.6449 | Val Cost: 2939.81 | Val Max P-Miss: 0.1139 | Max Q-Miss: 0.1049 | Val Max Gen Viol: 0.0000 | Val Max Thermal: 0.0000
Epoch  310 | Val Loss: 3.3085 | Val Cost: 2945.46 | Val Max P-Miss: 0.1057 | Max Q-Miss: 0.0933 | Val Max Gen Viol: 0.0000 | Val Max Thermal: 0.0000 [*SAVED BEST*]
Epoch  320 | Val Loss: 3.0494 | Val Cost: 2889.68 | Val Max P-Miss: 0.0956 | Max Q-Miss: 0.0696 | Val Max Gen Viol: 0.0000 | Val Max Thermal: 0.0000 [*SAVED BEST*]
Epoch  330 | Val Loss: 3.2335 | Val Cost: 2933.72 | Val Max P-Miss: 0.1262 | Max Q-Miss: 0.0750 | Val Max Gen Viol: 0.0000 | Val Max Thermal: 0.0000
