Job ID: 12019
Executing: ACOPF_ablation.py --case_name pglib_opf_case14_ieee --epochs 10000
Node: issnode1
GPU Allocated: 0
CUDA Hardware Acceleration Active: NVIDIA GeForce RTX 4090
Problem Geometry Linked -> Matrix Samples: 10000

Beginning execution of parallelized training matrix loops...
Epoch    0 | Val Loss: 23.9352 | Val Cost:  738.52 | Val Max P-Miss: 0.4082 | Max Q-Miss: 0.1825 | Val Max Gen Viol: 1.0357 | Val Max Thermal: 0.0000 [*SAVED BEST*]
Epoch  100 | Val Loss: 1.3390 | Val Cost: -692.45 | Val Max P-Miss: 0.1021 | Max Q-Miss: 0.0639 | Val Max Gen Viol: 1.5891 | Val Max Thermal: 0.0000 [*SAVED BEST*]
Epoch  200 | Val Loss: 0.4349 | Val Cost: -1962.56 | Val Max P-Miss: 0.0850 | Max Q-Miss: 0.0587 | Val Max Gen Viol: 2.0679 | Val Max Thermal: 0.0000 [*SAVED BEST*]
Epoch  300 | Val Loss: 0.1908 | Val Cost: -3248.40 | Val Max P-Miss: 0.0864 | Max Q-Miss: 0.0667 | Val Max Gen Viol: 2.4795 | Val Max Thermal: 0.0000 [*SAVED BEST*]
Epoch  400 | Val Loss: -1.1646 | Val Cost: -5372.78 | Val Max P-Miss: 0.0923 | Max Q-Miss: 0.0607 | Val Max Gen Viol: 3.1032 | Val Max Thermal: 0.2903 [*SAVED BEST*]
Epoch  500 | Val Loss: -2.3237 | Val Cost: -7999.19 | Val Max P-Miss: 0.0833 | Max Q-Miss: 0.0623 | Val Max Gen Viol: 4.4470 | Val Max Thermal: 1.6709 [*SAVED BEST*]
Epoch  600 | Val Loss: -1.9970 | Val Cost: -7924.36 | Val Max P-Miss: 0.0626 | Max Q-Miss: 0.0812 | Val Max Gen Viol: 4.4157 | Val Max Thermal: 1.3399
Epoch  700 | Val Loss: -2.2222 | Val Cost: -9540.47 | Val Max P-Miss: 0.1115 | Max Q-Miss: 0.0736 | Val Max Gen Viol: 5.2492 | Val Max Thermal: 1.7157
Epoch  800 | Val Loss: -3.4869 | Val Cost: -11076.81 | Val Max P-Miss: 0.0802 | Max Q-Miss: 0.0816 | Val Max Gen Viol: 6.0391 | Val Max Thermal: 1.9736 [*SAVED BEST*]
Epoch  900 | Val Loss: -3.3229 | Val Cost: -10111.78 | Val Max P-Miss: 0.0422 | Max Q-Miss: 0.1221 | Val Max Gen Viol: 5.6262 | Val Max Thermal: 1.3330
Epoch 1000 | Val Loss: -3.8365 | Val Cost: -11833.47 | Val Max P-Miss: 0.1014 | Max Q-Miss: 0.0870 | Val Max Gen Viol: 6.5162 | Val Max Thermal: 2.0695 [*SAVED BEST*]
Epoch 1100 | Val Loss: -4.4013 | Val Cost: -12577.39 | Val Max P-Miss: 0.0751 | Max Q-Miss: 0.0731 | Val Max Gen Viol: 6.8811 | Val Max Thermal: 2.1273 [*SAVED BEST*]
Epoch 1200 | Val Loss: -3.6663 | Val Cost: -11905.63 | Val Max P-Miss: 0.1114 | Max Q-Miss: 0.0734 | Val Max Gen Viol: 6.5401 | Val Max Thermal: 1.7052
Epoch 1300 | Val Loss: -4.9149 | Val Cost: -13009.04 | Val Max P-Miss: 0.0567 | Max Q-Miss: 0.0817 | Val Max Gen Viol: 7.0672 | Val Max Thermal: 2.2398 [*SAVED BEST*]
Epoch 1400 | Val Loss: -4.9591 | Val Cost: -12953.85 | Val Max P-Miss: 0.0794 | Max Q-Miss: 0.0678 | Val Max Gen Viol: 7.0471 | Val Max Thermal: 2.1490 [*SAVED BEST*]
Epoch 1500 | Val Loss: -3.8962 | Val Cost: -12172.30 | Val Max P-Miss: 0.1205 | Max Q-Miss: 0.0837 | Val Max Gen Viol: 6.6513 | Val Max Thermal: 1.9102
Epoch 1600 | Val Loss: -4.5597 | Val Cost: -13196.24 | Val Max P-Miss: 0.0885 | Max Q-Miss: 0.0833 | Val Max Gen Viol: 7.1323 | Val Max Thermal: 2.2599
Epoch 1700 | Val Loss: -4.7845 | Val Cost: -13372.63 | Val Max P-Miss: 0.0539 | Max Q-Miss: 0.0923 | Val Max Gen Viol: 7.2082 | Val Max Thermal: 2.2648
Epoch 1800 | Val Loss: -5.0573 | Val Cost: -13503.25 | Val Max P-Miss: 0.0745 | Max Q-Miss: 0.0719 | Val Max Gen Viol: 7.2664 | Val Max Thermal: 2.3322 [*SAVED BEST*]
Epoch 1900 | Val Loss: -3.6646 | Val Cost: -13517.95 | Val Max P-Miss: 0.0956 | Max Q-Miss: 0.0923 | Val Max Gen Viol: 7.2704 | Val Max Thermal: 2.2798
Epoch 2000 | Val Loss: -5.1098 | Val Cost: -13469.49 | Val Max P-Miss: 0.0675 | Max Q-Miss: 0.0774 | Val Max Gen Viol: 7.2315 | Val Max Thermal: 2.0535 [*SAVED BEST*]
Epoch 2100 | Val Loss: -5.2663 | Val Cost: -13868.43 | Val Max P-Miss: 0.0748 | Max Q-Miss: 0.0637 | Val Max Gen Viol: 7.4340 | Val Max Thermal: 2.3945 [*SAVED BEST*]
Epoch 2200 | Val Loss: -2.3439 | Val Cost: -12753.73 | Val Max P-Miss: 0.1039 | Max Q-Miss: 0.0972 | Val Max Gen Viol: 6.8664 | Val Max Thermal: 1.6305
Epoch 2300 | Val Loss: -4.9493 | Val Cost: -13709.82 | Val Max P-Miss: 0.0931 | Max Q-Miss: 0.0620 | Val Max Gen Viol: 7.3521 | Val Max Thermal: 2.2033
Epoch 2400 | Val Loss: -5.5125 | Val Cost: -14126.57 | Val Max P-Miss: 0.0689 | Max Q-Miss: 0.0541 | Val Max Gen Viol: 7.5414 | Val Max Thermal: 2.4193 [*SAVED BEST*]
Epoch 2500 | Val Loss: -4.9292 | Val Cost: -13065.52 | Val Max P-Miss: 0.0454 | Max Q-Miss: 0.1142 | Val Max Gen Viol: 7.0693 | Val Max Thermal: 1.7322
Epoch 2600 | Val Loss: -5.7101 | Val Cost: -14217.69 | Val Max P-Miss: 0.0653 | Max Q-Miss: 0.0586 | Val Max Gen Viol: 7.5901 | Val Max Thermal: 2.3176 [*SAVED BEST*]
Epoch 2700 | Val Loss: -5.6878 | Val Cost: -14235.26 | Val Max P-Miss: 0.0608 | Max Q-Miss: 0.0527 | Val Max Gen Viol: 7.5936 | Val Max Thermal: 2.3678
Epoch 2800 | Val Loss: -5.6360 | Val Cost: -14246.54 | Val Max P-Miss: 0.0721 | Max Q-Miss: 0.0640 | Val Max Gen Viol: 7.6041 | Val Max Thermal: 2.3228
Epoch 2900 | Val Loss: -5.6616 | Val Cost: -14466.51 | Val Max P-Miss: 0.0666 | Max Q-Miss: 0.0595 | Val Max Gen Viol: 7.7060 | Val Max Thermal: 2.4118
Epoch 3000 | Val Loss: -5.2550 | Val Cost: -13594.79 | Val Max P-Miss: 0.0573 | Max Q-Miss: 0.0671 | Val Max Gen Viol: 7.2880 | Val Max Thermal: 1.9376
Epoch 3100 | Val Loss: -5.8423 | Val Cost: -14477.80 | Val Max P-Miss: 0.0758 | Max Q-Miss: 0.0592 | Val Max Gen Viol: 7.7168 | Val Max Thermal: 2.3916 [*SAVED BEST*]
Epoch 3200 | Val Loss: -5.7416 | Val Cost: -14492.11 | Val Max P-Miss: 0.0680 | Max Q-Miss: 0.0581 | Val Max Gen Viol: 7.7276 | Val Max Thermal: 2.3861
Epoch 3300 | Val Loss: -5.8148 | Val Cost: -14430.54 | Val Max P-Miss: 0.0673 | Max Q-Miss: 0.0607 | Val Max Gen Viol: 7.7065 | Val Max Thermal: 2.2793
Epoch 3400 | Val Loss: -5.6526 | Val Cost: -14307.63 | Val Max P-Miss: 0.0614 | Max Q-Miss: 0.0542 | Val Max Gen Viol: 7.6490 | Val Max Thermal: 2.2273
Epoch 3500 | Val Loss: -5.9726 | Val Cost: -14705.73 | Val Max P-Miss: 0.0607 | Max Q-Miss: 0.0569 | Val Max Gen Viol: 7.8263 | Val Max Thermal: 2.4409 [*SAVED BEST*]
Epoch 3600 | Val Loss: -5.9859 | Val Cost: -14626.95 | Val Max P-Miss: 0.0686 | Max Q-Miss: 0.0581 | Val Max Gen Viol: 7.8090 | Val Max Thermal: 2.3219 [*SAVED BEST*]
Epoch 3700 | Val Loss: -6.1124 | Val Cost: -14639.47 | Val Max P-Miss: 0.0590 | Max Q-Miss: 0.0526 | Val Max Gen Viol: 7.8056 | Val Max Thermal: 2.3217 [*SAVED BEST*]
Epoch 3800 | Val Loss: -6.3134 | Val Cost: -14617.56 | Val Max P-Miss: 0.0265 | Max Q-Miss: 0.0705 | Val Max Gen Viol: 7.7971 | Val Max Thermal: 2.2985 [*SAVED BEST*]
Epoch 3900 | Val Loss: -6.3220 | Val Cost: -14766.89 | Val Max P-Miss: 0.0528 | Max Q-Miss: 0.0462 | Val Max Gen Viol: 7.8554 | Val Max Thermal: 2.3924 [*SAVED BEST*]
Epoch 4000 | Val Loss: -5.6851 | Val Cost: -14509.16 | Val Max P-Miss: 0.0586 | Max Q-Miss: 0.0726 | Val Max Gen Viol: 7.7433 | Val Max Thermal: 2.2030
Epoch 4100 | Val Loss: -6.1395 | Val Cost: -14790.91 | Val Max P-Miss: 0.0695 | Max Q-Miss: 0.0605 | Val Max Gen Viol: 7.8737 | Val Max Thermal: 2.3691
Epoch 4200 | Val Loss: -5.9720 | Val Cost: -14846.67 | Val Max P-Miss: 0.0694 | Max Q-Miss: 0.0629 | Val Max Gen Viol: 7.9027 | Val Max Thermal: 2.4001
Epoch 4300 | Val Loss: -5.5643 | Val Cost: -14660.13 | Val Max P-Miss: 0.0657 | Max Q-Miss: 0.0580 | Val Max Gen Viol: 7.8300 | Val Max Thermal: 2.2213
Epoch 4400 | Val Loss: -5.6120 | Val Cost: -14597.21 | Val Max P-Miss: 0.0640 | Max Q-Miss: 0.0764 | Val Max Gen Viol: 7.7924 | Val Max Thermal: 2.1307
Epoch 4500 | Val Loss: -3.8062 | Val Cost: -14928.44 | Val Max P-Miss: 0.1022 | Max Q-Miss: 0.0969 | Val Max Gen Viol: 7.9320 | Val Max Thermal: 2.2655
Epoch 4600 | Val Loss: -6.1356 | Val Cost: -14954.53 | Val Max P-Miss: 0.0630 | Max Q-Miss: 0.0589 | Val Max Gen Viol: 7.9567 | Val Max Thermal: 2.3697
Epoch 4700 | Val Loss: -6.0774 | Val Cost: -14811.04 | Val Max P-Miss: 0.0367 | Max Q-Miss: 0.0715 | Val Max Gen Viol: 7.8964 | Val Max Thermal: 2.3189
Epoch 4800 | Val Loss: -6.2713 | Val Cost: -15034.18 | Val Max P-Miss: 0.0568 | Max Q-Miss: 0.0567 | Val Max Gen Viol: 8.0020 | Val Max Thermal: 2.3962
Epoch 4900 | Val Loss: -6.2180 | Val Cost: -14932.44 | Val Max P-Miss: 0.0657 | Max Q-Miss: 0.0513 | Val Max Gen Viol: 7.9531 | Val Max Thermal: 2.3675
Epoch 5000 | Val Loss: -5.9389 | Val Cost: -14824.90 | Val Max P-Miss: 0.0834 | Max Q-Miss: 0.0360 | Val Max Gen Viol: 7.9056 | Val Max Thermal: 2.2566
Epoch 5100 | Val Loss: -6.0032 | Val Cost: -15084.25 | Val Max P-Miss: 0.0647 | Max Q-Miss: 0.0622 | Val Max Gen Viol: 8.0278 | Val Max Thermal: 2.3740
Epoch 5200 | Val Loss: -6.2005 | Val Cost: -14926.33 | Val Max P-Miss: 0.0503 | Max Q-Miss: 0.0679 | Val Max Gen Viol: 7.9601 | Val Max Thermal: 2.3305
Epoch 5300 | Val Loss: -6.1144 | Val Cost: -15000.60 | Val Max P-Miss: 0.0687 | Max Q-Miss: 0.0571 | Val Max Gen Viol: 7.9942 | Val Max Thermal: 2.3926
Epoch 5400 | Val Loss: -6.3104 | Val Cost: -15007.29 | Val Max P-Miss: 0.0608 | Max Q-Miss: 0.0517 | Val Max Gen Viol: 7.9968 | Val Max Thermal: 2.3553
Epoch 5500 | Val Loss: -6.0761 | Val Cost: -14877.16 | Val Max P-Miss: 0.0757 | Max Q-Miss: 0.0586 | Val Max Gen Viol: 7.9407 | Val Max Thermal: 2.1928
Epoch 5600 | Val Loss: -5.8234 | Val Cost: -15038.15 | Val Max P-Miss: 0.0508 | Max Q-Miss: 0.0689 | Val Max Gen Viol: 8.0083 | Val Max Thermal: 2.4280
Epoch 5700 | Val Loss: -6.1535 | Val Cost: -15048.87 | Val Max P-Miss: 0.0590 | Max Q-Miss: 0.0600 | Val Max Gen Viol: 8.0140 | Val Max Thermal: 2.3859
Epoch 5800 | Val Loss: -6.2855 | Val Cost: -15057.50 | Val Max P-Miss: 0.0632 | Max Q-Miss: 0.0514 | Val Max Gen Viol: 8.0205 | Val Max Thermal: 2.3605
Epoch 5900 | Val Loss: -6.5643 | Val Cost: -15116.40 | Val Max P-Miss: 0.0480 | Max Q-Miss: 0.0398 | Val Max Gen Viol: 8.0410 | Val Max Thermal: 2.3744 [*SAVED BEST*]
Epoch 6000 | Val Loss: -6.2460 | Val Cost: -15156.49 | Val Max P-Miss: 0.0587 | Max Q-Miss: 0.0448 | Val Max Gen Viol: 8.0630 | Val Max Thermal: 2.3829
Epoch 6100 | Val Loss: -6.4578 | Val Cost: -15165.01 | Val Max P-Miss: 0.0523 | Max Q-Miss: 0.0435 | Val Max Gen Viol: 8.0684 | Val Max Thermal: 2.3947
Epoch 6200 | Val Loss: -6.3995 | Val Cost: -15128.62 | Val Max P-Miss: 0.0587 | Max Q-Miss: 0.0498 | Val Max Gen Viol: 8.0553 | Val Max Thermal: 2.3572
Epoch 6300 | Val Loss: -5.3557 | Val Cost: -14775.43 | Val Max P-Miss: 0.0731 | Max Q-Miss: 0.0703 | Val Max Gen Viol: 7.8941 | Val Max Thermal: 2.1232
Epoch 6400 | Val Loss: -6.4021 | Val Cost: -15186.94 | Val Max P-Miss: 0.0591 | Max Q-Miss: 0.0423 | Val Max Gen Viol: 8.0750 | Val Max Thermal: 2.3668
Epoch 6500 | Val Loss: -6.3466 | Val Cost: -15169.65 | Val Max P-Miss: 0.0534 | Max Q-Miss: 0.0470 | Val Max Gen Viol: 8.0673 | Val Max Thermal: 2.3875
Epoch 6600 | Val Loss: -6.3741 | Val Cost: -15158.55 | Val Max P-Miss: 0.0564 | Max Q-Miss: 0.0451 | Val Max Gen Viol: 8.0634 | Val Max Thermal: 2.3646
Epoch 6700 | Val Loss: -6.3831 | Val Cost: -15074.85 | Val Max P-Miss: 0.0588 | Max Q-Miss: 0.0493 | Val Max Gen Viol: 8.0275 | Val Max Thermal: 2.3657
Epoch 6800 | Val Loss: -6.4697 | Val Cost: -15219.38 | Val Max P-Miss: 0.0537 | Max Q-Miss: 0.0408 | Val Max Gen Viol: 8.0920 | Val Max Thermal: 2.4312
Epoch 6900 | Val Loss: -6.4103 | Val Cost: -15047.34 | Val Max P-Miss: 0.0569 | Max Q-Miss: 0.0489 | Val Max Gen Viol: 8.0259 | Val Max Thermal: 2.2652
Epoch 7000 | Val Loss: -6.3706 | Val Cost: -15226.91 | Val Max P-Miss: 0.0469 | Max Q-Miss: 0.0537 | Val Max Gen Viol: 8.0992 | Val Max Thermal: 2.4084
Epoch 7100 | Val Loss: -6.5061 | Val Cost: -15214.08 | Val Max P-Miss: 0.0525 | Max Q-Miss: 0.0465 | Val Max Gen Viol: 8.0918 | Val Max Thermal: 2.3832
Epoch 7200 | Val Loss: -6.2563 | Val Cost: -15176.88 | Val Max P-Miss: 0.0581 | Max Q-Miss: 0.0521 | Val Max Gen Viol: 8.0748 | Val Max Thermal: 2.3567
Epoch 7300 | Val Loss: -5.9779 | Val Cost: -14997.26 | Val Max P-Miss: 0.0589 | Max Q-Miss: 0.0757 | Val Max Gen Viol: 7.9932 | Val Max Thermal: 2.2239
Epoch 7400 | Val Loss: -6.2093 | Val Cost: -15258.61 | Val Max P-Miss: 0.0590 | Max Q-Miss: 0.0418 | Val Max Gen Viol: 8.1179 | Val Max Thermal: 2.4486
Epoch 7500 | Val Loss: -6.4395 | Val Cost: -15182.16 | Val Max P-Miss: 0.0429 | Max Q-Miss: 0.0684 | Val Max Gen Viol: 8.0779 | Val Max Thermal: 2.3184
Epoch 7600 | Val Loss: -6.4929 | Val Cost: -15234.76 | Val Max P-Miss: 0.0497 | Max Q-Miss: 0.0409 | Val Max Gen Viol: 8.1052 | Val Max Thermal: 2.3811
Epoch 7700 | Val Loss: -6.4420 | Val Cost: -15268.53 | Val Max P-Miss: 0.0552 | Max Q-Miss: 0.0447 | Val Max Gen Viol: 8.1259 | Val Max Thermal: 2.3829
Epoch 7800 | Val Loss: -6.4480 | Val Cost: -15199.67 | Val Max P-Miss: 0.0560 | Max Q-Miss: 0.0423 | Val Max Gen Viol: 8.0947 | Val Max Thermal: 2.3485
Epoch 7900 | Val Loss: -6.2421 | Val Cost: -15128.60 | Val Max P-Miss: 0.0606 | Max Q-Miss: 0.0502 | Val Max Gen Viol: 8.0548 | Val Max Thermal: 2.2439
Epoch 8000 | Val Loss: -6.4848 | Val Cost: -15251.77 | Val Max P-Miss: 0.0486 | Max Q-Miss: 0.0419 | Val Max Gen Viol: 8.1177 | Val Max Thermal: 2.3699
Epoch 8100 | Val Loss: -6.4775 | Val Cost: -15251.84 | Val Max P-Miss: 0.0569 | Max Q-Miss: 0.0409 | Val Max Gen Viol: 8.1200 | Val Max Thermal: 2.4146
Epoch 8200 | Val Loss: -6.2627 | Val Cost: -15202.51 | Val Max P-Miss: 0.0448 | Max Q-Miss: 0.0530 | Val Max Gen Viol: 8.0904 | Val Max Thermal: 2.3270
Epoch 8300 | Val Loss: -6.1990 | Val Cost: -15259.30 | Val Max P-Miss: 0.0422 | Max Q-Miss: 0.0721 | Val Max Gen Viol: 8.1172 | Val Max Thermal: 2.3611
Epoch 8400 | Val Loss: -5.3138 | Val Cost: -14967.37 | Val Max P-Miss: 0.0742 | Max Q-Miss: 0.0849 | Val Max Gen Viol: 7.9758 | Val Max Thermal: 2.2901
Epoch 8500 | Val Loss: -6.4226 | Val Cost: -15295.63 | Val Max P-Miss: 0.0614 | Max Q-Miss: 0.0408 | Val Max Gen Viol: 8.1348 | Val Max Thermal: 2.3888
Epoch 8600 | Val Loss: -6.3449 | Val Cost: -15312.23 | Val Max P-Miss: 0.0427 | Max Q-Miss: 0.0661 | Val Max Gen Viol: 8.1462 | Val Max Thermal: 2.3707
Epoch 8700 | Val Loss: -6.1598 | Val Cost: -15078.42 | Val Max P-Miss: 0.0390 | Max Q-Miss: 0.0550 | Val Max Gen Viol: 8.0245 | Val Max Thermal: 2.2415
Epoch 8800 | Val Loss: -6.3465 | Val Cost: -15273.97 | Val Max P-Miss: 0.0535 | Max Q-Miss: 0.0435 | Val Max Gen Viol: 8.1259 | Val Max Thermal: 2.3742
Epoch 8900 | Val Loss: -6.6100 | Val Cost: -15252.71 | Val Max P-Miss: 0.0485 | Max Q-Miss: 0.0422 | Val Max Gen Viol: 8.1229 | Val Max Thermal: 2.3468 [*SAVED BEST*]
Epoch 9000 | Val Loss: -6.5493 | Val Cost: -15288.44 | Val Max P-Miss: 0.0479 | Max Q-Miss: 0.0411 | Val Max Gen Viol: 8.1369 | Val Max Thermal: 2.3916
Epoch 9100 | Val Loss: -6.5487 | Val Cost: -15321.82 | Val Max P-Miss: 0.0534 | Max Q-Miss: 0.0399 | Val Max Gen Viol: 8.1529 | Val Max Thermal: 2.4222
Epoch 9200 | Val Loss: -6.5299 | Val Cost: -15305.24 | Val Max P-Miss: 0.0325 | Max Q-Miss: 0.0478 | Val Max Gen Viol: 8.1478 | Val Max Thermal: 2.3957
Epoch 9300 | Val Loss: -6.3986 | Val Cost: -15297.01 | Val Max P-Miss: 0.0533 | Max Q-Miss: 0.0518 | Val Max Gen Viol: 8.1378 | Val Max Thermal: 2.3878
Epoch 9400 | Val Loss: -5.9334 | Val Cost: -15256.78 | Val Max P-Miss: 0.0853 | Max Q-Miss: 0.0459 | Val Max Gen Viol: 8.1181 | Val Max Thermal: 2.3447
Epoch 9500 | Val Loss: -6.6903 | Val Cost: -15305.79 | Val Max P-Miss: 0.0460 | Max Q-Miss: 0.0311 | Val Max Gen Viol: 8.1450 | Val Max Thermal: 2.3570 [*SAVED BEST*]
Epoch 9600 | Val Loss: -6.6960 | Val Cost: -15324.05 | Val Max P-Miss: 0.0448 | Max Q-Miss: 0.0330 | Val Max Gen Viol: 8.1535 | Val Max Thermal: 2.3876 [*SAVED BEST*]
Epoch 9700 | Val Loss: -6.6138 | Val Cost: -15270.05 | Val Max P-Miss: 0.0514 | Max Q-Miss: 0.0283 | Val Max Gen Viol: 8.1204 | Val Max Thermal: 2.4020
Epoch 9800 | Val Loss: -6.5345 | Val Cost: -15316.58 | Val Max P-Miss: 0.0501 | Max Q-Miss: 0.0403 | Val Max Gen Viol: 8.1499 | Val Max Thermal: 2.3652
Epoch 9900 | Val Loss: -6.4958 | Val Cost: -14932.34 | Val Max P-Miss: 0.0586 | Max Q-Miss: 0.0440 | Val Max Gen Viol: 7.9675 | Val Max Thermal: 2.1863

==================================================
Training Complete!
Total Training Time: 00h 06m 29.05s
Best model weights saved to: ./model/best_ablation_model_pglib_opf_case14_ieee_10000epochs_20260918_092930.pth
==================================================

