============================================================
CONTROLLED ABLATION - 162 BUS
============================================================
Job ID             : 2332107
Job Name           : 162_f_inequality_s2
Node               : gpu0004
CUDA_VISIBLE_DEVICES: 0

Python executable  : /home/g202210120/.conda/envs/pytorch/bin/python
Python 3.11.15

Arguments          : --projection full --weights inequality --seed 2
============================================================
PyTorch version : 2.8.0+cu129
CUDA runtime    : 12.9
CUDA available  : True
GPU              : NVIDIA H100 PCIe
GPU count        : 1

============================================================
STARTING TRAINING
Start time: Wed Sep 23 11:51:44 +03 2026
============================================================
Random seed     : 2
CUDA Hardware Acceleration Active: NVIDIA H100 PCIe
Problem Geometry Linked -> Matrix Samples: 10000
======================================================================
CONTROLLED ABLATION
Case            : pglib_opf_case162_ieee_dtc
Projection      : full
Weight strategy : inequality
Weights         : {'eq_p': 1.0, 'eq_q': 1.0, 'thermal': 1000.0, 'ang': 1000.0, 'v': 1000.0, 'obj': 0.0005}
======================================================================

Beginning execution of parallelized training matrix loops...
Epoch    0 | Val Loss: 1404.5448 | Val Cost: 80367.36 | Val Max P-Miss: 11.8689 | Max Q-Miss: 10.8773 | Val Max Gen Viol: 0.0000 | Val Max Thermal: 24.5551 [*SAVED BEST*]
Epoch  100 | Val Loss: 308.0856 | Val Cost: 4595.62 | Val Max P-Miss: 23.9545 | Max Q-Miss: 8.1006 | Val Max Gen Viol: 0.0000 | Val Max Thermal: 1.5426 [*SAVED BEST*]
Epoch  200 | Val Loss: 308.8330 | Val Cost: 1518.95 | Val Max P-Miss: 22.6033 | Max Q-Miss: 6.9107 | Val Max Gen Viol: 0.0000 | Val Max Thermal: 4.3516
Epoch  300 | Val Loss: 203.3430 | Val Cost:  632.39 | Val Max P-Miss: 21.9557 | Max Q-Miss: 7.4487 | Val Max Gen Viol: 0.0000 | Val Max Thermal: 2.1611 [*SAVED BEST*]
Epoch  400 | Val Loss: 228.5292 | Val Cost:  338.47 | Val Max P-Miss: 22.2491 | Max Q-Miss: 8.2016 | Val Max Gen Viol: 0.0000 | Val Max Thermal: 7.7606
Epoch  500 | Val Loss: 276.5412 | Val Cost:  240.53 | Val Max P-Miss: 21.2550 | Max Q-Miss: 10.1351 | Val Max Gen Viol: 0.0000 | Val Max Thermal: 6.9070
Epoch  600 | Val Loss: 181.9460 | Val Cost:  146.26 | Val Max P-Miss: 15.1453 | Max Q-Miss: 10.4530 | Val Max Gen Viol: 0.0000 | Val Max Thermal: 4.2151 [*SAVED BEST*]
Epoch  700 | Val Loss: 113.3853 | Val Cost:   68.53 | Val Max P-Miss: 14.9371 | Max Q-Miss: 15.0411 | Val Max Gen Viol: 0.0000 | Val Max Thermal: 3.8976 [*SAVED BEST*]
Epoch  800 | Val Loss: 3.4330 | Val Cost:   10.62 | Val Max P-Miss: 13.0590 | Max Q-Miss: 2.6228 | Val Max Gen Viol: 0.0000 | Val Max Thermal: 1.0432 [*SAVED BEST*]
Epoch  900 | Val Loss: 1.6597 | Val Cost:    4.20 | Val Max P-Miss: 11.9751 | Max Q-Miss: 4.4879 | Val Max Gen Viol: 0.0000 | Val Max Thermal: 0.1524 [*SAVED BEST*]
Epoch 1000 | Val Loss: 14.3782 | Val Cost:    2.11 | Val Max P-Miss: 12.9047 | Max Q-Miss: 6.5428 | Val Max Gen Viol: 0.0000 | Val Max Thermal: 1.7642
Epoch 1100 | Val Loss: 2.0856 | Val Cost:    1.27 | Val Max P-Miss: 11.8389 | Max Q-Miss: 3.8882 | Val Max Gen Viol: 0.0000 | Val Max Thermal: 0.0699
Epoch 1200 | Val Loss: 1.1865 | Val Cost:    0.85 | Val Max P-Miss: 12.2687 | Max Q-Miss: 1.7071 | Val Max Gen Viol: 0.0000 | Val Max Thermal: 0.0536 [*SAVED BEST*]
Epoch 1300 | Val Loss: 1.1342 | Val Cost:    0.50 | Val Max P-Miss: 11.8249 | Max Q-Miss: 1.0376 | Val Max Gen Viol: 0.0000 | Val Max Thermal: 0.0662 [*SAVED BEST*]
Epoch 1400 | Val Loss: 1.2137 | Val Cost:    0.29 | Val Max P-Miss: 12.0348 | Max Q-Miss: 1.2034 | Val Max Gen Viol: 0.0000 | Val Max Thermal: 0.0671
Epoch 1500 | Val Loss: 1.0579 | Val Cost:    0.22 | Val Max P-Miss: 12.1355 | Max Q-Miss: 1.9745 | Val Max Gen Viol: 0.0000 | Val Max Thermal: 0.0427 [*SAVED BEST*]
Epoch 1600 | Val Loss: 1.2360 | Val Cost:    0.13 | Val Max P-Miss: 11.7379 | Max Q-Miss: 1.9341 | Val Max Gen Viol: 0.0000 | Val Max Thermal: 0.0704
Epoch 1700 | Val Loss: 1.1154 | Val Cost:    0.09 | Val Max P-Miss: 11.4407 | Max Q-Miss: 0.9963 | Val Max Gen Viol: 0.0000 | Val Max Thermal: 0.0784
Epoch 1800 | Val Loss: 0.9562 | Val Cost:    0.06 | Val Max P-Miss: 11.6796 | Max Q-Miss: 0.7895 | Val Max Gen Viol: 0.0000 | Val Max Thermal: 0.0531 [*SAVED BEST*]
Epoch 1900 | Val Loss: 1.1424 | Val Cost:    0.04 | Val Max P-Miss: 12.0309 | Max Q-Miss: 1.5172 | Val Max Gen Viol: 0.0000 | Val Max Thermal: 0.0497
Epoch 2000 | Val Loss: 1.1354 | Val Cost:    0.02 | Val Max P-Miss: 11.5634 | Max Q-Miss: 2.7899 | Val Max Gen Viol: 0.0000 | Val Max Thermal: 0.0596
Epoch 2100 | Val Loss: 1.0785 | Val Cost:    0.01 | Val Max P-Miss: 11.3604 | Max Q-Miss: 1.3716 | Val Max Gen Viol: 0.0000 | Val Max Thermal: 0.1833
Epoch 2200 | Val Loss: 0.9447 | Val Cost:    0.01 | Val Max P-Miss: 11.3241 | Max Q-Miss: 1.3184 | Val Max Gen Viol: 0.0000 | Val Max Thermal: 0.1265 [*SAVED BEST*]
Epoch 2300 | Val Loss: 0.9905 | Val Cost:    0.01 | Val Max P-Miss: 11.3307 | Max Q-Miss: 1.8897 | Val Max Gen Viol: 0.0000 | Val Max Thermal: 0.0692
Epoch 2400 | Val Loss: 18.9905 | Val Cost:    0.01 | Val Max P-Miss: 11.5460 | Max Q-Miss: 1.8464 | Val Max Gen Viol: 0.0000 | Val Max Thermal: 2.2056
Epoch 2500 | Val Loss: 102.4686 | Val Cost:    0.00 | Val Max P-Miss: 11.9532 | Max Q-Miss: 2.8508 | Val Max Gen Viol: 0.0000 | Val Max Thermal: 4.9182
Epoch 2600 | Val Loss: 1.1672 | Val Cost:    0.00 | Val Max P-Miss: 11.2803 | Max Q-Miss: 1.5206 | Val Max Gen Viol: 0.0000 | Val Max Thermal: 0.0758
Epoch 2700 | Val Loss: 0.9056 | Val Cost:    0.00 | Val Max P-Miss: 11.4126 | Max Q-Miss: 1.9642 | Val Max Gen Viol: 0.0000 | Val Max Thermal: 0.0545 [*SAVED BEST*]
Epoch 2800 | Val Loss: 25.1535 | Val Cost:    0.00 | Val Max P-Miss: 12.0046 | Max Q-Miss: 2.3913 | Val Max Gen Viol: 0.0000 | Val Max Thermal: 2.7767
Epoch 2900 | Val Loss: 13.2321 | Val Cost:    0.00 | Val Max P-Miss: 11.5482 | Max Q-Miss: 1.1575 | Val Max Gen Viol: 0.0000 | Val Max Thermal: 1.7533
Epoch 3000 | Val Loss: 1.1201 | Val Cost:    0.00 | Val Max P-Miss: 11.3292 | Max Q-Miss: 1.5195 | Val Max Gen Viol: 0.0000 | Val Max Thermal: 0.3694
Epoch 3100 | Val Loss: 0.8728 | Val Cost:    0.00 | Val Max P-Miss: 11.3771 | Max Q-Miss: 0.9147 | Val Max Gen Viol: 0.0000 | Val Max Thermal: 0.0547 [*SAVED BEST*]
Epoch 3200 | Val Loss: 0.8754 | Val Cost:    0.00 | Val Max P-Miss: 11.3025 | Max Q-Miss: 1.4972 | Val Max Gen Viol: 0.0000 | Val Max Thermal: 0.0553
Epoch 3300 | Val Loss: 0.9289 | Val Cost:    0.00 | Val Max P-Miss: 11.2832 | Max Q-Miss: 1.0666 | Val Max Gen Viol: 0.0000 | Val Max Thermal: 0.0470
Epoch 3400 | Val Loss: 0.8029 | Val Cost:    0.00 | Val Max P-Miss: 11.1287 | Max Q-Miss: 0.7720 | Val Max Gen Viol: 0.0000 | Val Max Thermal: 0.0505 [*SAVED BEST*]
Epoch 3500 | Val Loss: 0.8741 | Val Cost:    0.00 | Val Max P-Miss: 11.2512 | Max Q-Miss: 0.5100 | Val Max Gen Viol: 0.0000 | Val Max Thermal: 0.1002
Epoch 3600 | Val Loss: 0.7862 | Val Cost:    0.00 | Val Max P-Miss: 11.0781 | Max Q-Miss: 0.4607 | Val Max Gen Viol: 0.0000 | Val Max Thermal: 0.0499 [*SAVED BEST*]
Epoch 3700 | Val Loss: 0.8652 | Val Cost:    0.00 | Val Max P-Miss: 11.3510 | Max Q-Miss: 0.8925 | Val Max Gen Viol: 0.0000 | Val Max Thermal: 0.1000
Epoch 3800 | Val Loss: 0.8164 | Val Cost:    0.00 | Val Max P-Miss: 11.1621 | Max Q-Miss: 1.0228 | Val Max Gen Viol: 0.0000 | Val Max Thermal: 0.0458
Epoch 3900 | Val Loss: 0.8556 | Val Cost:    0.00 | Val Max P-Miss: 11.1441 | Max Q-Miss: 0.7422 | Val Max Gen Viol: 0.0000 | Val Max Thermal: 0.0506
Epoch 4000 | Val Loss: 0.8709 | Val Cost:    0.00 | Val Max P-Miss: 11.1324 | Max Q-Miss: 0.6628 | Val Max Gen Viol: 0.0000 | Val Max Thermal: 0.1907
Epoch 4100 | Val Loss: 0.7731 | Val Cost:    0.00 | Val Max P-Miss: 11.0166 | Max Q-Miss: 0.4962 | Val Max Gen Viol: 0.0000 | Val Max Thermal: 0.0467 [*SAVED BEST*]
Epoch 4200 | Val Loss: 0.8056 | Val Cost:    0.00 | Val Max P-Miss: 11.3430 | Max Q-Miss: 1.0977 | Val Max Gen Viol: 0.0000 | Val Max Thermal: 0.0407
Epoch 4300 | Val Loss: 0.7642 | Val Cost:    0.00 | Val Max P-Miss: 11.0128 | Max Q-Miss: 0.4398 | Val Max Gen Viol: 0.0000 | Val Max Thermal: 0.0463 [*SAVED BEST*]
Epoch 4400 | Val Loss: 0.8607 | Val Cost:    0.00 | Val Max P-Miss: 11.1901 | Max Q-Miss: 1.0934 | Val Max Gen Viol: 0.0000 | Val Max Thermal: 0.0448
Epoch 4500 | Val Loss: 0.7817 | Val Cost:    0.00 | Val Max P-Miss: 11.2466 | Max Q-Miss: 0.4751 | Val Max Gen Viol: 0.0000 | Val Max Thermal: 0.0412
Epoch 4600 | Val Loss: 0.8805 | Val Cost:    0.00 | Val Max P-Miss: 11.3252 | Max Q-Miss: 1.9842 | Val Max Gen Viol: 0.0000 | Val Max Thermal: 0.0485
Epoch 4700 | Val Loss: 0.8425 | Val Cost:    0.00 | Val Max P-Miss: 11.0454 | Max Q-Miss: 0.6534 | Val Max Gen Viol: 0.0000 | Val Max Thermal: 0.0495
Epoch 4800 | Val Loss: 0.7565 | Val Cost:    0.00 | Val Max P-Miss: 10.9546 | Max Q-Miss: 0.4355 | Val Max Gen Viol: 0.0000 | Val Max Thermal: 0.0442 [*SAVED BEST*]
Epoch 4900 | Val Loss: 0.7513 | Val Cost:    0.00 | Val Max P-Miss: 10.9815 | Max Q-Miss: 0.4008 | Val Max Gen Viol: 0.0000 | Val Max Thermal: 0.0442 [*SAVED BEST*]
Epoch 5000 | Val Loss: 0.7955 | Val Cost:    0.00 | Val Max P-Miss: 11.2246 | Max Q-Miss: 0.6116 | Val Max Gen Viol: 0.0000 | Val Max Thermal: 0.0508
Epoch 5100 | Val Loss: 0.7815 | Val Cost:    0.00 | Val Max P-Miss: 10.9461 | Max Q-Miss: 0.7375 | Val Max Gen Viol: 0.0000 | Val Max Thermal: 0.0433
Epoch 5200 | Val Loss: 0.7563 | Val Cost:    0.00 | Val Max P-Miss: 10.9759 | Max Q-Miss: 0.4568 | Val Max Gen Viol: 0.0000 | Val Max Thermal: 0.0443
Epoch 5300 | Val Loss: 0.8074 | Val Cost:    0.00 | Val Max P-Miss: 10.9422 | Max Q-Miss: 0.9783 | Val Max Gen Viol: 0.0000 | Val Max Thermal: 0.0427
Epoch 5400 | Val Loss: 0.7468 | Val Cost:    0.00 | Val Max P-Miss: 10.9508 | Max Q-Miss: 0.4712 | Val Max Gen Viol: 0.0000 | Val Max Thermal: 0.0431 [*SAVED BEST*]
Epoch 5500 | Val Loss: 0.7763 | Val Cost:    0.00 | Val Max P-Miss: 10.9446 | Max Q-Miss: 0.5288 | Val Max Gen Viol: 0.0000 | Val Max Thermal: 0.0420
Epoch 5600 | Val Loss: 0.7580 | Val Cost:    0.00 | Val Max P-Miss: 10.9462 | Max Q-Miss: 0.5015 | Val Max Gen Viol: 0.0000 | Val Max Thermal: 0.0426
Epoch 5700 | Val Loss: 0.7444 | Val Cost:    0.00 | Val Max P-Miss: 10.9224 | Max Q-Miss: 0.4389 | Val Max Gen Viol: 0.0000 | Val Max Thermal: 0.0433 [*SAVED BEST*]
Epoch 5800 | Val Loss: 0.7693 | Val Cost:    0.00 | Val Max P-Miss: 10.9985 | Max Q-Miss: 0.5241 | Val Max Gen Viol: 0.0000 | Val Max Thermal: 0.0418
Epoch 5900 | Val Loss: 0.7813 | Val Cost:    0.00 | Val Max P-Miss: 11.2664 | Max Q-Miss: 0.4260 | Val Max Gen Viol: 0.0000 | Val Max Thermal: 0.0425
Epoch 6000 | Val Loss: 0.7394 | Val Cost:    0.00 | Val Max P-Miss: 10.9659 | Max Q-Miss: 0.4287 | Val Max Gen Viol: 0.0000 | Val Max Thermal: 0.0406 [*SAVED BEST*]
Epoch 6100 | Val Loss: 0.7450 | Val Cost:    0.00 | Val Max P-Miss: 10.9651 | Max Q-Miss: 0.4315 | Val Max Gen Viol: 0.0000 | Val Max Thermal: 0.0397
Epoch 6200 | Val Loss: 0.7465 | Val Cost:    0.00 | Val Max P-Miss: 10.9437 | Max Q-Miss: 0.4413 | Val Max Gen Viol: 0.0000 | Val Max Thermal: 0.0416
Epoch 6300 | Val Loss: 0.7396 | Val Cost:    0.00 | Val Max P-Miss: 10.9258 | Max Q-Miss: 0.4241 | Val Max Gen Viol: 0.0000 | Val Max Thermal: 0.0406
Epoch 6400 | Val Loss: 0.7472 | Val Cost:    0.00 | Val Max P-Miss: 11.0327 | Max Q-Miss: 0.3616 | Val Max Gen Viol: 0.0000 | Val Max Thermal: 0.0400
Epoch 6500 | Val Loss: 0.7424 | Val Cost:    0.00 | Val Max P-Miss: 10.9284 | Max Q-Miss: 0.4083 | Val Max Gen Viol: 0.0000 | Val Max Thermal: 0.0407
Epoch 6600 | Val Loss: 0.7538 | Val Cost:    0.00 | Val Max P-Miss: 10.9663 | Max Q-Miss: 0.4372 | Val Max Gen Viol: 0.0000 | Val Max Thermal: 0.0394
Epoch 6700 | Val Loss: 0.7458 | Val Cost:    0.00 | Val Max P-Miss: 10.9318 | Max Q-Miss: 0.4295 | Val Max Gen Viol: 0.0000 | Val Max Thermal: 0.0418
Epoch 6800 | Val Loss: 21.6724 | Val Cost:    0.00 | Val Max P-Miss: 11.2141 | Max Q-Miss: 0.7149 | Val Max Gen Viol: 0.0000 | Val Max Thermal: 1.9621
Epoch 6900 | Val Loss: 0.7344 | Val Cost:    0.00 | Val Max P-Miss: 10.9408 | Max Q-Miss: 0.4096 | Val Max Gen Viol: 0.0000 | Val Max Thermal: 0.0396 [*SAVED BEST*]
Epoch 7000 | Val Loss: 0.7609 | Val Cost:    0.00 | Val Max P-Miss: 11.1157 | Max Q-Miss: 0.5228 | Val Max Gen Viol: 0.0000 | Val Max Thermal: 0.0390
Epoch 7100 | Val Loss: 0.7484 | Val Cost:    0.00 | Val Max P-Miss: 11.0600 | Max Q-Miss: 0.4360 | Val Max Gen Viol: 0.0000 | Val Max Thermal: 0.0344
Epoch 7200 | Val Loss: 0.7364 | Val Cost:    0.00 | Val Max P-Miss: 11.0238 | Max Q-Miss: 0.4081 | Val Max Gen Viol: 0.0000 | Val Max Thermal: 0.0384
Epoch 7300 | Val Loss: 1.0219 | Val Cost:    0.00 | Val Max P-Miss: 11.1140 | Max Q-Miss: 1.1425 | Val Max Gen Viol: 0.0000 | Val Max Thermal: 0.0444
Epoch 7400 | Val Loss: 0.7345 | Val Cost:    0.00 | Val Max P-Miss: 10.9310 | Max Q-Miss: 0.4227 | Val Max Gen Viol: 0.0000 | Val Max Thermal: 0.0392
Epoch 7500 | Val Loss: 0.7416 | Val Cost:    0.00 | Val Max P-Miss: 10.9061 | Max Q-Miss: 0.4150 | Val Max Gen Viol: 0.0000 | Val Max Thermal: 0.0423
Epoch 7600 | Val Loss: 0.7745 | Val Cost:    0.00 | Val Max P-Miss: 11.0347 | Max Q-Miss: 0.4221 | Val Max Gen Viol: 0.0000 | Val Max Thermal: 0.0378
Epoch 7700 | Val Loss: 1.0675 | Val Cost:    0.00 | Val Max P-Miss: 10.9311 | Max Q-Miss: 0.5436 | Val Max Gen Viol: 0.0000 | Val Max Thermal: 0.2978
Epoch 7800 | Val Loss: 6.4654 | Val Cost:    0.00 | Val Max P-Miss: 11.1459 | Max Q-Miss: 0.7192 | Val Max Gen Viol: 0.0000 | Val Max Thermal: 1.0872
Epoch 7900 | Val Loss: 0.7361 | Val Cost:    0.00 | Val Max P-Miss: 10.9228 | Max Q-Miss: 0.4342 | Val Max Gen Viol: 0.0000 | Val Max Thermal: 0.0388
Epoch 8000 | Val Loss: 0.7337 | Val Cost:    0.00 | Val Max P-Miss: 10.9390 | Max Q-Miss: 0.4285 | Val Max Gen Viol: 0.0000 | Val Max Thermal: 0.0383 [*SAVED BEST*]
Epoch 8100 | Val Loss: 0.7750 | Val Cost:    0.00 | Val Max P-Miss: 10.9988 | Max Q-Miss: 0.4274 | Val Max Gen Viol: 0.0000 | Val Max Thermal: 0.0374
Epoch 8200 | Val Loss: 0.8019 | Val Cost:    0.00 | Val Max P-Miss: 10.9227 | Max Q-Miss: 0.5190 | Val Max Gen Viol: 0.0000 | Val Max Thermal: 0.0385
Epoch 8300 | Val Loss: 0.7385 | Val Cost:    0.00 | Val Max P-Miss: 11.0285 | Max Q-Miss: 0.4130 | Val Max Gen Viol: 0.0000 | Val Max Thermal: 0.0365
Epoch 8400 | Val Loss: 0.7346 | Val Cost:    0.00 | Val Max P-Miss: 10.9381 | Max Q-Miss: 0.4284 | Val Max Gen Viol: 0.0000 | Val Max Thermal: 0.0387
Epoch 8500 | Val Loss: 0.7402 | Val Cost:    0.00 | Val Max P-Miss: 11.0198 | Max Q-Miss: 0.4014 | Val Max Gen Viol: 0.0000 | Val Max Thermal: 0.0382
Epoch 8600 | Val Loss: 0.7464 | Val Cost:    0.00 | Val Max P-Miss: 11.0211 | Max Q-Miss: 0.4410 | Val Max Gen Viol: 0.0000 | Val Max Thermal: 0.0395
Epoch 8700 | Val Loss: 0.7948 | Val Cost:    0.00 | Val Max P-Miss: 10.9769 | Max Q-Miss: 0.4174 | Val Max Gen Viol: 0.0000 | Val Max Thermal: 0.0382
Epoch 8800 | Val Loss: 0.7378 | Val Cost:    0.00 | Val Max P-Miss: 10.9500 | Max Q-Miss: 0.4327 | Val Max Gen Viol: 0.0000 | Val Max Thermal: 0.0377
Epoch 8900 | Val Loss: 0.7827 | Val Cost:    0.00 | Val Max P-Miss: 11.2472 | Max Q-Miss: 0.4015 | Val Max Gen Viol: 0.0000 | Val Max Thermal: 0.0404
Epoch 9000 | Val Loss: 0.7669 | Val Cost:    0.00 | Val Max P-Miss: 10.8781 | Max Q-Miss: 0.9537 | Val Max Gen Viol: 0.0000 | Val Max Thermal: 0.0404
Epoch 9100 | Val Loss: 0.7436 | Val Cost:    0.00 | Val Max P-Miss: 10.9255 | Max Q-Miss: 0.3940 | Val Max Gen Viol: 0.0000 | Val Max Thermal: 0.0404
Epoch 9200 | Val Loss: 0.7414 | Val Cost:    0.00 | Val Max P-Miss: 10.9097 | Max Q-Miss: 0.4385 | Val Max Gen Viol: 0.0000 | Val Max Thermal: 0.0384
Epoch 9300 | Val Loss: 0.7456 | Val Cost:    0.00 | Val Max P-Miss: 11.1309 | Max Q-Miss: 0.4303 | Val Max Gen Viol: 0.0000 | Val Max Thermal: 0.0373
Epoch 9400 | Val Loss: 0.7489 | Val Cost:    0.00 | Val Max P-Miss: 10.8922 | Max Q-Miss: 0.4275 | Val Max Gen Viol: 0.0000 | Val Max Thermal: 0.0395
Epoch 9500 | Val Loss: 0.7383 | Val Cost:    0.00 | Val Max P-Miss: 11.0467 | Max Q-Miss: 0.4160 | Val Max Gen Viol: 0.0000 | Val Max Thermal: 0.0366
Epoch 9600 | Val Loss: 0.7373 | Val Cost:    0.00 | Val Max P-Miss: 10.9028 | Max Q-Miss: 0.4330 | Val Max Gen Viol: 0.0000 | Val Max Thermal: 0.0386
Epoch 9700 | Val Loss: 0.7424 | Val Cost:    0.00 | Val Max P-Miss: 10.9063 | Max Q-Miss: 0.4235 | Val Max Gen Viol: 0.0000 | Val Max Thermal: 0.0396
Epoch 9800 | Val Loss: 0.9238 | Val Cost:    0.00 | Val Max P-Miss: 10.8731 | Max Q-Miss: 0.5215 | Val Max Gen Viol: 0.0000 | Val Max Thermal: 0.0509
Epoch 9900 | Val Loss: 0.7311 | Val Cost:    0.00 | Val Max P-Miss: 10.9350 | Max Q-Miss: 0.4232 | Val Max Gen Viol: 0.0000 | Val Max Thermal: 0.0381 [*SAVED BEST*]

==================================================
Training Complete!
Total Training Time: 00h 13m 03.57s
Best model weights saved to: ./model/best_controlled_full_inequality_pglib_opf_case162_ieee_dtc_10000epochs_seed2_20260923_115149.pth
==================================================


============================================================
TRAINING COMPLETED SUCCESSFULLY
End time: Wed Sep 23 12:04:55 +03 2026
============================================================
