Job: acopf_ISS
Executing: ACOPF_pinn_rahul.py --case_name pglib_opf_case14_ieee --epochs 10000
Node: issnode1
GPU Allocated: 0
CUDA Hardware Acceleration Active: NVIDIA GeForce RTX 4090
Problem Geometry Linked -> Matrix Samples: 10000

Beginning execution of parallelized training matrix loops for Rahul KKT PINN...
Epoch    0 | Val Loss: 1203208.7500 | Val Cost: 1455.78 | Val Max P-Miss: 0.4974 | Val Max Q-Miss: 0.2578 | Val Max Gen Viol: 0.7625 | Val Max Thermal: 0.0000 [*SAVED BEST*]
Epoch   10 | Val Loss: 991846.6250 | Val Cost: 2955.16 | Val Max P-Miss: 12.0473 | Val Max Q-Miss: 21.2294 | Val Max Gen Viol: 4.4068 | Val Max Thermal: 144.6290 [*SAVED BEST*]
Epoch   20 | Val Loss: 2455561.0000 | Val Cost: 1773.17 | Val Max P-Miss: 16.4384 | Val Max Q-Miss: 36.8489 | Val Max Gen Viol: 1.8729 | Val Max Thermal: 390.6565
Epoch   30 | Val Loss: 2276594.7500 | Val Cost:  602.15 | Val Max P-Miss: 17.9654 | Val Max Q-Miss: 26.8839 | Val Max Gen Viol: 13.5777 | Val Max Thermal: 297.7225
Epoch   40 | Val Loss: 1898360.6250 | Val Cost: 1182.64 | Val Max P-Miss: 11.8282 | Val Max Q-Miss: 44.1390 | Val Max Gen Viol: 15.2217 | Val Max Thermal: 535.3704
Epoch   50 | Val Loss: 992407.9375 | Val Cost: -309.99 | Val Max P-Miss: 12.3206 | Val Max Q-Miss: 32.6146 | Val Max Gen Viol: 3.6135 | Val Max Thermal: 600.6621
Epoch   60 | Val Loss: 1408413.7500 | Val Cost: -12394.58 | Val Max P-Miss: 33.1447 | Val Max Q-Miss: 53.0110 | Val Max Gen Viol: 6.8089 | Val Max Thermal: 1018.6639
Epoch   70 | Val Loss: 1568233.3750 | Val Cost: 3915.40 | Val Max P-Miss: 11.3787 | Val Max Q-Miss: 23.5184 | Val Max Gen Viol: 0.7818 | Val Max Thermal: 160.0491
Epoch   80 | Val Loss: 831836.1250 | Val Cost: 1424.48 | Val Max P-Miss: 5.1478 | Val Max Q-Miss: 19.2051 | Val Max Gen Viol: 3.8578 | Val Max Thermal: 117.6470 [*SAVED BEST*]
Epoch   90 | Val Loss: 3488777.7500 | Val Cost: -7140.05 | Val Max P-Miss: 20.7550 | Val Max Q-Miss: 62.9831 | Val Max Gen Viol: 13.7667 | Val Max Thermal: 1370.9247
Epoch  100 | Val Loss: 891744.3750 | Val Cost: 2070.61 | Val Max P-Miss: 18.0876 | Val Max Q-Miss: 23.3557 | Val Max Gen Viol: 7.9528 | Val Max Thermal: 220.7222
Epoch  110 | Val Loss: 847619.6250 | Val Cost: 1777.55 | Val Max P-Miss: 13.6217 | Val Max Q-Miss: 20.9867 | Val Max Gen Viol: 4.1425 | Val Max Thermal: 345.4814
Epoch  120 | Val Loss: 858966.1875 | Val Cost: 1767.75 | Val Max P-Miss: 5.0744 | Val Max Q-Miss: 26.2613 | Val Max Gen Viol: 4.8547 | Val Max Thermal: 103.2637
Epoch  130 | Val Loss: 893750.1250 | Val Cost: 6190.02 | Val Max P-Miss: 16.5144 | Val Max Q-Miss: 17.4698 | Val Max Gen Viol: 4.7121 | Val Max Thermal: 87.4402
Epoch  140 | Val Loss: 682798.0625 | Val Cost: 4912.14 | Val Max P-Miss: 6.5395 | Val Max Q-Miss: 24.4226 | Val Max Gen Viol: 2.0242 | Val Max Thermal: 57.6764 [*SAVED BEST*]
Epoch  150 | Val Loss: 988124.5000 | Val Cost: 1730.26 | Val Max P-Miss: 8.2000 | Val Max Q-Miss: 19.3641 | Val Max Gen Viol: 1.2846 | Val Max Thermal: 99.5398
Epoch  160 | Val Loss: 25452682.0000 | Val Cost: 2623.21 | Val Max P-Miss: 44.9905 | Val Max Q-Miss: 78.0964 | Val Max Gen Viol: 9.9866 | Val Max Thermal: 1457.1979
Epoch  170 | Val Loss: 1105928.7500 | Val Cost: 1347.68 | Val Max P-Miss: 17.7580 | Val Max Q-Miss: 25.9114 | Val Max Gen Viol: 8.5446 | Val Max Thermal: 282.9529
Epoch  180 | Val Loss: 511807.5000 | Val Cost: 1464.55 | Val Max P-Miss: 5.9072 | Val Max Q-Miss: 13.1237 | Val Max Gen Viol: 0.8012 | Val Max Thermal: 45.8480 [*SAVED BEST*]
Epoch  190 | Val Loss: 705237.0000 | Val Cost: 2491.31 | Val Max P-Miss: 7.5174 | Val Max Q-Miss: 31.0060 | Val Max Gen Viol: 4.4277 | Val Max Thermal: 179.0593
Epoch  200 | Val Loss: 372787.8125 | Val Cost: 2085.20 | Val Max P-Miss: 4.2514 | Val Max Q-Miss: 14.7603 | Val Max Gen Viol: 8.2952 | Val Max Thermal: 17.0135 [*SAVED BEST*]
Epoch  210 | Val Loss: 431598.9375 | Val Cost:  777.82 | Val Max P-Miss: 7.4566 | Val Max Q-Miss: 16.5811 | Val Max Gen Viol: 0.4299 | Val Max Thermal: 119.8391
Epoch  220 | Val Loss: 449786.1875 | Val Cost: 3732.14 | Val Max P-Miss: 7.9571 | Val Max Q-Miss: 20.5721 | Val Max Gen Viol: 1.0023 | Val Max Thermal: 148.7157
Epoch  230 | Val Loss: 369742.4062 | Val Cost: 2330.50 | Val Max P-Miss: 5.4354 | Val Max Q-Miss: 7.2807 | Val Max Gen Viol: 3.1412 | Val Max Thermal: 19.8618 [*SAVED BEST*]
Epoch  240 | Val Loss: 885363.1250 | Val Cost:  931.35 | Val Max P-Miss: 13.1247 | Val Max Q-Miss: 25.5252 | Val Max Gen Viol: 2.0403 | Val Max Thermal: 312.8362
Epoch  250 | Val Loss: 361740.3438 | Val Cost:  641.27 | Val Max P-Miss: 3.9702 | Val Max Q-Miss: 23.7739 | Val Max Gen Viol: 0.7714 | Val Max Thermal: 106.1456 [*SAVED BEST*]
Epoch  260 | Val Loss: 197073.6875 | Val Cost:  638.03 | Val Max P-Miss: 5.1239 | Val Max Q-Miss: 10.0676 | Val Max Gen Viol: 0.2933 | Val Max Thermal: 3.0146 [*SAVED BEST*]
Epoch  270 | Val Loss: 254263.6250 | Val Cost:  439.16 | Val Max P-Miss: 4.3279 | Val Max Q-Miss: 10.9597 | Val Max Gen Viol: 0.6581 | Val Max Thermal: 33.5229
Epoch  280 | Val Loss: 236991.6250 | Val Cost:  434.81 | Val Max P-Miss: 6.4288 | Val Max Q-Miss: 13.2725 | Val Max Gen Viol: 2.3072 | Val Max Thermal: 170.7069
Epoch  290 | Val Loss: 294955.6250 | Val Cost:  689.85 | Val Max P-Miss: 9.2608 | Val Max Q-Miss: 24.9139 | Val Max Gen Viol: 2.4532 | Val Max Thermal: 263.8402
Epoch  300 | Val Loss: 212616.1875 | Val Cost:  -95.63 | Val Max P-Miss: 7.3006 | Val Max Q-Miss: 28.2376 | Val Max Gen Viol: 2.6573 | Val Max Thermal: 280.6381
Epoch  310 | Val Loss: 149521.9375 | Val Cost:  848.82 | Val Max P-Miss: 11.1464 | Val Max Q-Miss: 19.7050 | Val Max Gen Viol: 2.1239 | Val Max Thermal: 61.8507 [*SAVED BEST*]
Epoch  320 | Val Loss: 299620.6875 | Val Cost:  850.95 | Val Max P-Miss: 14.9828 | Val Max Q-Miss: 13.9965 | Val Max Gen Viol: 0.5503 | Val Max Thermal: 122.6446
