Job: acopf_ISS
Executing: ACOPF_DC3.py --case_name pglib_opf_case57_ieee --epochs 10000
Node: issnode1
GPU Allocated: 0
CUDA Hardware Acceleration Active: NVIDIA GeForce RTX 4090
Problem Geometry Linked -> Matrix Samples: 10000

Beginning execution of parallelized training matrix loops for DC3...
Epoch    0 | Val Loss: 233.5390 | Val Cost: 29503.59 | Val Max P-Miss: 0.8796 | Val Max Q-Miss: 1.4686 | Val Max Gen Viol: 0.0000 | Val Max Thermal: 0.0000 [*SAVED BEST*]
Epoch   10 | Val Loss: 26.4603 | Val Cost: 29912.74 | Val Max P-Miss: 0.5058 | Val Max Q-Miss: 0.2645 | Val Max Gen Viol: 0.0000 | Val Max Thermal: 0.0000 [*SAVED BEST*]
Epoch   20 | Val Loss: 22.6770 | Val Cost: 30209.35 | Val Max P-Miss: 0.4762 | Val Max Q-Miss: 0.1962 | Val Max Gen Viol: 0.0000 | Val Max Thermal: 0.0000 [*SAVED BEST*]
Epoch   30 | Val Loss: 20.6296 | Val Cost: 30298.94 | Val Max P-Miss: 0.3808 | Val Max Q-Miss: 0.1695 | Val Max Gen Viol: 0.0000 | Val Max Thermal: 0.0000 [*SAVED BEST*]
Epoch   40 | Val Loss: 19.5399 | Val Cost: 30353.98 | Val Max P-Miss: 0.3941 | Val Max Q-Miss: 0.1687 | Val Max Gen Viol: 0.0000 | Val Max Thermal: 0.0000 [*SAVED BEST*]
Epoch   50 | Val Loss: 25.1248 | Val Cost: 30287.57 | Val Max P-Miss: 0.4095 | Val Max Q-Miss: 0.2006 | Val Max Gen Viol: 0.0000 | Val Max Thermal: 0.0000
Epoch   60 | Val Loss: 18.7085 | Val Cost: 30297.28 | Val Max P-Miss: 0.3111 | Val Max Q-Miss: 0.1480 | Val Max Gen Viol: 0.0000 | Val Max Thermal: 0.0000 [*SAVED BEST*]
Epoch   70 | Val Loss: 18.6084 | Val Cost: 30234.22 | Val Max P-Miss: 0.3280 | Val Max Q-Miss: 0.1443 | Val Max Gen Viol: 0.0000 | Val Max Thermal: 0.0000 [*SAVED BEST*]
Epoch   80 | Val Loss: 19.7619 | Val Cost: 30215.99 | Val Max P-Miss: 0.3371 | Val Max Q-Miss: 0.1525 | Val Max Gen Viol: 0.0000 | Val Max Thermal: 0.0000
Epoch   90 | Val Loss: 18.6588 | Val Cost: 30205.37 | Val Max P-Miss: 0.2358 | Val Max Q-Miss: 0.1682 | Val Max Gen Viol: 0.0000 | Val Max Thermal: 0.0000
Epoch  100 | Val Loss: 17.9483 | Val Cost: 30037.11 | Val Max P-Miss: 0.2935 | Val Max Q-Miss: 0.1516 | Val Max Gen Viol: 0.0000 | Val Max Thermal: 0.0000 [*SAVED BEST*]
Epoch  110 | Val Loss: 18.1853 | Val Cost: 29997.33 | Val Max P-Miss: 0.2782 | Val Max Q-Miss: 0.1496 | Val Max Gen Viol: 0.0000 | Val Max Thermal: 0.0000
Epoch  120 | Val Loss: 18.7441 | Val Cost: 29902.18 | Val Max P-Miss: 0.3156 | Val Max Q-Miss: 0.1602 | Val Max Gen Viol: 0.0000 | Val Max Thermal: 0.0000
Epoch  130 | Val Loss: 17.7406 | Val Cost: 29925.59 | Val Max P-Miss: 0.2194 | Val Max Q-Miss: 0.1455 | Val Max Gen Viol: 0.0000 | Val Max Thermal: 0.0000 [*SAVED BEST*]
Epoch  140 | Val Loss: 17.4071 | Val Cost: 29847.85 | Val Max P-Miss: 0.2627 | Val Max Q-Miss: 0.1477 | Val Max Gen Viol: 0.0000 | Val Max Thermal: 0.0000 [*SAVED BEST*]
Epoch  150 | Val Loss: 17.6032 | Val Cost: 29800.74 | Val Max P-Miss: 0.1589 | Val Max Q-Miss: 0.1458 | Val Max Gen Viol: 0.0000 | Val Max Thermal: 0.0000
Epoch  160 | Val Loss: 17.3223 | Val Cost: 29889.91 | Val Max P-Miss: 0.1455 | Val Max Q-Miss: 0.1413 | Val Max Gen Viol: 0.0000 | Val Max Thermal: 0.0000 [*SAVED BEST*]
Epoch  170 | Val Loss: 17.2580 | Val Cost: 29890.53 | Val Max P-Miss: 0.1459 | Val Max Q-Miss: 0.1405 | Val Max Gen Viol: 0.0000 | Val Max Thermal: 0.0000 [*SAVED BEST*]
Epoch  180 | Val Loss: 17.2164 | Val Cost: 29851.40 | Val Max P-Miss: 0.1555 | Val Max Q-Miss: 0.1431 | Val Max Gen Viol: 0.0000 | Val Max Thermal: 0.0000 [*SAVED BEST*]
Epoch  190 | Val Loss: 17.3513 | Val Cost: 29788.65 | Val Max P-Miss: 0.1528 | Val Max Q-Miss: 0.1477 | Val Max Gen Viol: 0.0000 | Val Max Thermal: 0.0000
Epoch  200 | Val Loss: 18.4468 | Val Cost: 29751.64 | Val Max P-Miss: 0.2006 | Val Max Q-Miss: 0.1556 | Val Max Gen Viol: 0.0000 | Val Max Thermal: 0.0000
Epoch  210 | Val Loss: 17.3528 | Val Cost: 29775.20 | Val Max P-Miss: 0.1392 | Val Max Q-Miss: 0.1412 | Val Max Gen Viol: 0.0000 | Val Max Thermal: 0.0000
Epoch  220 | Val Loss: 17.3242 | Val Cost: 29840.01 | Val Max P-Miss: 0.1531 | Val Max Q-Miss: 0.1472 | Val Max Gen Viol: 0.0000 | Val Max Thermal: 0.0000
Epoch  230 | Val Loss: 17.0603 | Val Cost: 29665.50 | Val Max P-Miss: 0.1737 | Val Max Q-Miss: 0.1404 | Val Max Gen Viol: 0.0000 | Val Max Thermal: 0.0000 [*SAVED BEST*]
Epoch  240 | Val Loss: 17.2501 | Val Cost: 29634.18 | Val Max P-Miss: 0.1872 | Val Max Q-Miss: 0.1401 | Val Max Gen Viol: 0.0000 | Val Max Thermal: 0.0000
Epoch  250 | Val Loss: 17.1848 | Val Cost: 29601.17 | Val Max P-Miss: 0.2062 | Val Max Q-Miss: 0.1537 | Val Max Gen Viol: 0.0000 | Val Max Thermal: 0.0000
Epoch  260 | Val Loss: 17.5715 | Val Cost: 29543.48 | Val Max P-Miss: 0.2677 | Val Max Q-Miss: 0.1321 | Val Max Gen Viol: 0.0000 | Val Max Thermal: 0.0000
Epoch  270 | Val Loss: 17.0507 | Val Cost: 29472.57 | Val Max P-Miss: 0.2197 | Val Max Q-Miss: 0.1347 | Val Max Gen Viol: 0.0000 | Val Max Thermal: 0.0000 [*SAVED BEST*]
Epoch  280 | Val Loss: 16.9241 | Val Cost: 29442.06 | Val Max P-Miss: 0.1896 | Val Max Q-Miss: 0.1291 | Val Max Gen Viol: 0.0000 | Val Max Thermal: 0.0000 [*SAVED BEST*]
Epoch  290 | Val Loss: 17.0050 | Val Cost: 29509.36 | Val Max P-Miss: 0.1341 | Val Max Q-Miss: 0.1406 | Val Max Gen Viol: 0.0000 | Val Max Thermal: 0.0000
Epoch  300 | Val Loss: 16.9653 | Val Cost: 29555.58 | Val Max P-Miss: 0.1275 | Val Max Q-Miss: 0.1322 | Val Max Gen Viol: 0.0000 | Val Max Thermal: 0.0000
Epoch  310 | Val Loss: 16.8906 | Val Cost: 29519.09 | Val Max P-Miss: 0.1271 | Val Max Q-Miss: 0.1277 | Val Max Gen Viol: 0.0000 | Val Max Thermal: 0.0000 [*SAVED BEST*]
Epoch  320 | Val Loss: 16.7923 | Val Cost: 29512.95 | Val Max P-Miss: 0.1372 | Val Max Q-Miss: 0.1122 | Val Max Gen Viol: 0.0000 | Val Max Thermal: 0.0000 [*SAVED BEST*]
Epoch  330 | Val Loss: 16.9548 | Val Cost: 29528.77 | Val Max P-Miss: 0.1293 | Val Max Q-Miss: 0.1092 | Val Max Gen Viol: 0.0000 | Val Max Thermal: 0.0000
Epoch  340 | Val Loss: 16.9000 | Val Cost: 29575.26 | Val Max P-Miss: 0.1160 | Val Max Q-Miss: 0.1055 | Val Max Gen Viol: 0.0000 | Val Max Thermal: 0.0000
Epoch  350 | Val Loss: 16.8884 | Val Cost: 29580.99 | Val Max P-Miss: 0.1130 | Val Max Q-Miss: 0.1006 | Val Max Gen Viol: 0.0000 | Val Max Thermal: 0.0000
Epoch  360 | Val Loss: 16.8921 | Val Cost: 29545.82 | Val Max P-Miss: 0.1268 | Val Max Q-Miss: 0.0965 | Val Max Gen Viol: 0.0000 | Val Max Thermal: 0.0000
Epoch  370 | Val Loss: 16.9185 | Val Cost: 29495.32 | Val Max P-Miss: 0.1536 | Val Max Q-Miss: 0.0995 | Val Max Gen Viol: 0.0000 | Val Max Thermal: 0.0000
Epoch  380 | Val Loss: 16.9122 | Val Cost: 29499.40 | Val Max P-Miss: 0.1288 | Val Max Q-Miss: 0.0908 | Val Max Gen Viol: 0.0000 | Val Max Thermal: 0.0000
Epoch  390 | Val Loss: 16.9988 | Val Cost: 29490.52 | Val Max P-Miss: 0.1455 | Val Max Q-Miss: 0.1130 | Val Max Gen Viol: 0.0000 | Val Max Thermal: 0.0000
Epoch  400 | Val Loss: 16.9123 | Val Cost: 29383.25 | Val Max P-Miss: 0.1757 | Val Max Q-Miss: 0.0959 | Val Max Gen Viol: 0.0000 | Val Max Thermal: 0.0000
Epoch  410 | Val Loss: 16.8028 | Val Cost: 29433.67 | Val Max P-Miss: 0.1319 | Val Max Q-Miss: 0.0931 | Val Max Gen Viol: 0.0000 | Val Max Thermal: 0.0000
Epoch  420 | Val Loss: 16.8029 | Val Cost: 29474.88 | Val Max P-Miss: 0.1181 | Val Max Q-Miss: 0.0840 | Val Max Gen Viol: 0.0000 | Val Max Thermal: 0.0000
Epoch  430 | Val Loss: 16.8121 | Val Cost: 29433.81 | Val Max P-Miss: 0.1234 | Val Max Q-Miss: 0.0856 | Val Max Gen Viol: 0.0000 | Val Max Thermal: 0.0000
Epoch  440 | Val Loss: 16.8629 | Val Cost: 29348.50 | Val Max P-Miss: 0.1235 | Val Max Q-Miss: 0.0872 | Val Max Gen Viol: 0.0000 | Val Max Thermal: 0.0000
Epoch  450 | Val Loss: 16.7862 | Val Cost: 29430.06 | Val Max P-Miss: 0.1400 | Val Max Q-Miss: 0.0711 | Val Max Gen Viol: 0.0000 | Val Max Thermal: 0.0000 [*SAVED BEST*]
Epoch  460 | Val Loss: 16.8412 | Val Cost: 29445.35 | Val Max P-Miss: 0.1142 | Val Max Q-Miss: 0.0836 | Val Max Gen Viol: 0.0000 | Val Max Thermal: 0.0000
Epoch  470 | Val Loss: 16.7849 | Val Cost: 29414.76 | Val Max P-Miss: 0.1268 | Val Max Q-Miss: 0.0707 | Val Max Gen Viol: 0.0000 | Val Max Thermal: 0.0000 [*SAVED BEST*]
Epoch  480 | Val Loss: 16.7790 | Val Cost: 29450.98 | Val Max P-Miss: 0.1107 | Val Max Q-Miss: 0.0685 | Val Max Gen Viol: 0.0000 | Val Max Thermal: 0.0000 [*SAVED BEST*]
Epoch  490 | Val Loss: 16.9516 | Val Cost: 29402.86 | Val Max P-Miss: 0.1236 | Val Max Q-Miss: 0.0812 | Val Max Gen Viol: 0.0000 | Val Max Thermal: 0.0000
Epoch  500 | Val Loss: 16.8315 | Val Cost: 29301.70 | Val Max P-Miss: 0.1458 | Val Max Q-Miss: 0.0840 | Val Max Gen Viol: 0.0000 | Val Max Thermal: 0.0000
Epoch  510 | Val Loss: 16.8284 | Val Cost: 29213.73 | Val Max P-Miss: 0.1460 | Val Max Q-Miss: 0.0893 | Val Max Gen Viol: 0.0000 | Val Max Thermal: 0.0000
Epoch  520 | Val Loss: 16.7456 | Val Cost: 29352.73 | Val Max P-Miss: 0.1130 | Val Max Q-Miss: 0.0854 | Val Max Gen Viol: 0.0000 | Val Max Thermal: 0.0000 [*SAVED BEST*]
Epoch  530 | Val Loss: 16.7418 | Val Cost: 29288.13 | Val Max P-Miss: 0.1345 | Val Max Q-Miss: 0.0645 | Val Max Gen Viol: 0.0000 | Val Max Thermal: 0.0000 [*SAVED BEST*]
Epoch  540 | Val Loss: 16.8011 | Val Cost: 29310.40 | Val Max P-Miss: 0.1133 | Val Max Q-Miss: 0.0872 | Val Max Gen Viol: 0.0000 | Val Max Thermal: 0.0000
Epoch  550 | Val Loss: 16.7469 | Val Cost: 29252.57 | Val Max P-Miss: 0.1344 | Val Max Q-Miss: 0.0646 | Val Max Gen Viol: 0.0000 | Val Max Thermal: 0.0000
Epoch  560 | Val Loss: 16.7337 | Val Cost: 29362.31 | Val Max P-Miss: 0.1048 | Val Max Q-Miss: 0.0676 | Val Max Gen Viol: 0.0000 | Val Max Thermal: 0.0000 [*SAVED BEST*]
Epoch  570 | Val Loss: 16.7252 | Val Cost: 29188.08 | Val Max P-Miss: 0.1573 | Val Max Q-Miss: 0.0587 | Val Max Gen Viol: 0.0000 | Val Max Thermal: 0.0000 [*SAVED BEST*]
Epoch  580 | Val Loss: 16.9133 | Val Cost: 29307.55 | Val Max P-Miss: 0.1200 | Val Max Q-Miss: 0.0833 | Val Max Gen Viol: 0.0000 | Val Max Thermal: 0.0000
Epoch  590 | Val Loss: 16.7150 | Val Cost: 29270.78 | Val Max P-Miss: 0.1347 | Val Max Q-Miss: 0.0542 | Val Max Gen Viol: 0.0000 | Val Max Thermal: 0.0000 [*SAVED BEST*]
Epoch  600 | Val Loss: 16.6887 | Val Cost: 29340.86 | Val Max P-Miss: 0.1371 | Val Max Q-Miss: 0.0482 | Val Max Gen Viol: 0.0000 | Val Max Thermal: 0.0000 [*SAVED BEST*]
Epoch  610 | Val Loss: 16.6554 | Val Cost: 29369.24 | Val Max P-Miss: 0.1134 | Val Max Q-Miss: 0.0538 | Val Max Gen Viol: 0.0000 | Val Max Thermal: 0.0000 [*SAVED BEST*]
Epoch  620 | Val Loss: 16.6853 | Val Cost: 29434.01 | Val Max P-Miss: 0.1075 | Val Max Q-Miss: 0.0783 | Val Max Gen Viol: 0.0000 | Val Max Thermal: 0.0000
Epoch  630 | Val Loss: 16.6641 | Val Cost: 29285.56 | Val Max P-Miss: 0.1078 | Val Max Q-Miss: 0.0551 | Val Max Gen Viol: 0.0000 | Val Max Thermal: 0.0000
Epoch  640 | Val Loss: 17.0190 | Val Cost: 29049.90 | Val Max P-Miss: 0.1922 | Val Max Q-Miss: 0.0643 | Val Max Gen Viol: 0.0000 | Val Max Thermal: 0.0000
Epoch  650 | Val Loss: 16.6839 | Val Cost: 29194.24 | Val Max P-Miss: 0.1550 | Val Max Q-Miss: 0.0540 | Val Max Gen Viol: 0.0000 | Val Max Thermal: 0.0000
Epoch  660 | Val Loss: 16.5659 | Val Cost: 29333.77 | Val Max P-Miss: 0.0955 | Val Max Q-Miss: 0.0561 | Val Max Gen Viol: 0.0000 | Val Max Thermal: 0.0000 [*SAVED BEST*]
Epoch  670 | Val Loss: 16.7694 | Val Cost: 29361.07 | Val Max P-Miss: 0.1252 | Val Max Q-Miss: 0.0599 | Val Max Gen Viol: 0.0000 | Val Max Thermal: 0.0000
Epoch  680 | Val Loss: 16.6720 | Val Cost: 29325.31 | Val Max P-Miss: 0.1041 | Val Max Q-Miss: 0.0541 | Val Max Gen Viol: 0.0000 | Val Max Thermal: 0.0000
Epoch  690 | Val Loss: 16.7085 | Val Cost: 29204.24 | Val Max P-Miss: 0.1205 | Val Max Q-Miss: 0.0478 | Val Max Gen Viol: 0.0000 | Val Max Thermal: 0.0000
Epoch  700 | Val Loss: 16.6665 | Val Cost: 29243.27 | Val Max P-Miss: 0.1020 | Val Max Q-Miss: 0.0491 | Val Max Gen Viol: 0.0000 | Val Max Thermal: 0.0000
Epoch  710 | Val Loss: 16.6831 | Val Cost: 29344.74 | Val Max P-Miss: 0.0967 | Val Max Q-Miss: 0.0530 | Val Max Gen Viol: 0.0000 | Val Max Thermal: 0.0000
Epoch  720 | Val Loss: 16.6722 | Val Cost: 29339.71 | Val Max P-Miss: 0.0921 | Val Max Q-Miss: 0.0517 | Val Max Gen Viol: 0.0000 | Val Max Thermal: 0.0000
Epoch  730 | Val Loss: 16.6452 | Val Cost: 29348.44 | Val Max P-Miss: 0.0942 | Val Max Q-Miss: 0.0488 | Val Max Gen Viol: 0.0000 | Val Max Thermal: 0.0000
Epoch  740 | Val Loss: 16.6907 | Val Cost: 29290.59 | Val Max P-Miss: 0.1214 | Val Max Q-Miss: 0.0491 | Val Max Gen Viol: 0.0000 | Val Max Thermal: 0.0000
Epoch  750 | Val Loss: 17.4264 | Val Cost: 29098.38 | Val Max P-Miss: 0.2724 | Val Max Q-Miss: 0.0859 | Val Max Gen Viol: 0.0000 | Val Max Thermal: 0.0000
Epoch  760 | Val Loss: 16.6943 | Val Cost: 29199.58 | Val Max P-Miss: 0.1188 | Val Max Q-Miss: 0.0611 | Val Max Gen Viol: 0.0000 | Val Max Thermal: 0.0000
Epoch  770 | Val Loss: 16.6956 | Val Cost: 29224.83 | Val Max P-Miss: 0.1176 | Val Max Q-Miss: 0.0562 | Val Max Gen Viol: 0.0000 | Val Max Thermal: 0.0000
Epoch  780 | Val Loss: 16.6580 | Val Cost: 29332.70 | Val Max P-Miss: 0.1107 | Val Max Q-Miss: 0.0499 | Val Max Gen Viol: 0.0000 | Val Max Thermal: 0.0000
Epoch  790 | Val Loss: 16.9535 | Val Cost: 29353.65 | Val Max P-Miss: 0.1575 | Val Max Q-Miss: 0.0951 | Val Max Gen Viol: 0.0000 | Val Max Thermal: 0.0000
Epoch  800 | Val Loss: 16.7310 | Val Cost: 29184.50 | Val Max P-Miss: 0.1612 | Val Max Q-Miss: 0.0696 | Val Max Gen Viol: 0.0000 | Val Max Thermal: 0.0000
Epoch  810 | Val Loss: 16.6522 | Val Cost: 29334.59 | Val Max P-Miss: 0.1126 | Val Max Q-Miss: 0.0572 | Val Max Gen Viol: 0.0000 | Val Max Thermal: 0.0000
Epoch  820 | Val Loss: 16.6397 | Val Cost: 29353.24 | Val Max P-Miss: 0.1084 | Val Max Q-Miss: 0.0691 | Val Max Gen Viol: 0.0000 | Val Max Thermal: 0.0000
Epoch  830 | Val Loss: 16.7066 | Val Cost: 29373.48 | Val Max P-Miss: 0.1208 | Val Max Q-Miss: 0.0622 | Val Max Gen Viol: 0.0000 | Val Max Thermal: 0.0000
Epoch  840 | Val Loss: 16.5926 | Val Cost: 29162.22 | Val Max P-Miss: 0.1090 | Val Max Q-Miss: 0.0452 | Val Max Gen Viol: 0.0000 | Val Max Thermal: 0.0000
Epoch  850 | Val Loss: 16.6270 | Val Cost: 29374.45 | Val Max P-Miss: 0.1069 | Val Max Q-Miss: 0.0542 | Val Max Gen Viol: 0.0000 | Val Max Thermal: 0.0000
Epoch  860 | Val Loss: 16.5936 | Val Cost: 29296.95 | Val Max P-Miss: 0.1072 | Val Max Q-Miss: 0.0502 | Val Max Gen Viol: 0.0000 | Val Max Thermal: 0.0000
Epoch  870 | Val Loss: 16.5966 | Val Cost: 29214.06 | Val Max P-Miss: 0.0972 | Val Max Q-Miss: 0.0393 | Val Max Gen Viol: 0.0000 | Val Max Thermal: 0.0000
Epoch  880 | Val Loss: 16.5806 | Val Cost: 29323.62 | Val Max P-Miss: 0.0885 | Val Max Q-Miss: 0.0462 | Val Max Gen Viol: 0.0000 | Val Max Thermal: 0.0000
Epoch  890 | Val Loss: 16.5951 | Val Cost: 29374.26 | Val Max P-Miss: 0.0943 | Val Max Q-Miss: 0.0444 | Val Max Gen Viol: 0.0000 | Val Max Thermal: 0.0000
Epoch  900 | Val Loss: 16.5580 | Val Cost: 29319.20 | Val Max P-Miss: 0.0882 | Val Max Q-Miss: 0.0437 | Val Max Gen Viol: 0.0000 | Val Max Thermal: 0.0000 [*SAVED BEST*]
Epoch  910 | Val Loss: 16.5964 | Val Cost: 29195.96 | Val Max P-Miss: 0.1012 | Val Max Q-Miss: 0.0398 | Val Max Gen Viol: 0.0000 | Val Max Thermal: 0.0000
Epoch  920 | Val Loss: 16.6337 | Val Cost: 29071.18 | Val Max P-Miss: 0.1630 | Val Max Q-Miss: 0.0503 | Val Max Gen Viol: 0.0000 | Val Max Thermal: 0.0000
Epoch  930 | Val Loss: 16.7112 | Val Cost: 29035.65 | Val Max P-Miss: 0.1358 | Val Max Q-Miss: 0.0485 | Val Max Gen Viol: 0.0000 | Val Max Thermal: 0.0000
Epoch  940 | Val Loss: 16.7462 | Val Cost: 29426.84 | Val Max P-Miss: 0.1171 | Val Max Q-Miss: 0.0562 | Val Max Gen Viol: 0.0000 | Val Max Thermal: 0.0000
Epoch  950 | Val Loss: 16.5888 | Val Cost: 29295.73 | Val Max P-Miss: 0.0995 | Val Max Q-Miss: 0.0618 | Val Max Gen Viol: 0.0000 | Val Max Thermal: 0.0000
Epoch  960 | Val Loss: 16.5614 | Val Cost: 29279.38 | Val Max P-Miss: 0.0859 | Val Max Q-Miss: 0.0599 | Val Max Gen Viol: 0.0000 | Val Max Thermal: 0.0000
Epoch  970 | Val Loss: 16.7417 | Val Cost: 29441.65 | Val Max P-Miss: 0.1314 | Val Max Q-Miss: 0.0503 | Val Max Gen Viol: 0.0000 | Val Max Thermal: 0.0000
Epoch  980 | Val Loss: 16.5712 | Val Cost: 29227.91 | Val Max P-Miss: 0.1260 | Val Max Q-Miss: 0.0499 | Val Max Gen Viol: 0.0000 | Val Max Thermal: 0.0000
Epoch  990 | Val Loss: 16.5640 | Val Cost: 29306.12 | Val Max P-Miss: 0.0877 | Val Max Q-Miss: 0.0565 | Val Max Gen Viol: 0.0000 | Val Max Thermal: 0.0000
Epoch 1000 | Val Loss: 16.5620 | Val Cost: 29230.93 | Val Max P-Miss: 0.0896 | Val Max Q-Miss: 0.0454 | Val Max Gen Viol: 0.0000 | Val Max Thermal: 0.0000
Epoch 1010 | Val Loss: 16.5501 | Val Cost: 29234.20 | Val Max P-Miss: 0.0896 | Val Max Q-Miss: 0.0391 | Val Max Gen Viol: 0.0000 | Val Max Thermal: 0.0000 [*SAVED BEST*]
Epoch 1020 | Val Loss: 16.5648 | Val Cost: 29189.89 | Val Max P-Miss: 0.0940 | Val Max Q-Miss: 0.0422 | Val Max Gen Viol: 0.0000 | Val Max Thermal: 0.0000
Epoch 1030 | Val Loss: 16.5742 | Val Cost: 29159.52 | Val Max P-Miss: 0.1016 | Val Max Q-Miss: 0.0403 | Val Max Gen Viol: 0.0000 | Val Max Thermal: 0.0000
Epoch 1040 | Val Loss: 16.5788 | Val Cost: 29159.29 | Val Max P-Miss: 0.1071 | Val Max Q-Miss: 0.0407 | Val Max Gen Viol: 0.0000 | Val Max Thermal: 0.0000
Epoch 1050 | Val Loss: 16.7421 | Val Cost: 28971.53 | Val Max P-Miss: 0.1320 | Val Max Q-Miss: 0.0630 | Val Max Gen Viol: 0.0000 | Val Max Thermal: 0.0000
Epoch 1060 | Val Loss: 16.5853 | Val Cost: 29120.85 | Val Max P-Miss: 0.1256 | Val Max Q-Miss: 0.0583 | Val Max Gen Viol: 0.0000 | Val Max Thermal: 0.0000
Epoch 1070 | Val Loss: 16.5669 | Val Cost: 29217.49 | Val Max P-Miss: 0.1045 | Val Max Q-Miss: 0.0628 | Val Max Gen Viol: 0.0000 | Val Max Thermal: 0.0000
Epoch 1080 | Val Loss: 16.5399 | Val Cost: 29286.68 | Val Max P-Miss: 0.0935 | Val Max Q-Miss: 0.0495 | Val Max Gen Viol: 0.0000 | Val Max Thermal: 0.0000 [*SAVED BEST*]
Epoch 1090 | Val Loss: 16.6508 | Val Cost: 29266.03 | Val Max P-Miss: 0.1061 | Val Max Q-Miss: 0.0543 | Val Max Gen Viol: 0.0000 | Val Max Thermal: 0.0000
Epoch 1100 | Val Loss: 16.5963 | Val Cost: 29098.35 | Val Max P-Miss: 0.1260 | Val Max Q-Miss: 0.0400 | Val Max Gen Viol: 0.0000 | Val Max Thermal: 0.0000
Epoch 1110 | Val Loss: 16.5572 | Val Cost: 29119.99 | Val Max P-Miss: 0.1126 | Val Max Q-Miss: 0.0392 | Val Max Gen Viol: 0.0000 | Val Max Thermal: 0.0000
Epoch 1120 | Val Loss: 16.7466 | Val Cost: 29233.51 | Val Max P-Miss: 0.1190 | Val Max Q-Miss: 0.0563 | Val Max Gen Viol: 0.0000 | Val Max Thermal: 0.0000
Epoch 1130 | Val Loss: 16.5583 | Val Cost: 29236.23 | Val Max P-Miss: 0.1057 | Val Max Q-Miss: 0.0396 | Val Max Gen Viol: 0.0000 | Val Max Thermal: 0.0000
Epoch 1140 | Val Loss: 16.5753 | Val Cost: 29367.91 | Val Max P-Miss: 0.0990 | Val Max Q-Miss: 0.0393 | Val Max Gen Viol: 0.0000 | Val Max Thermal: 0.0000
Epoch 1150 | Val Loss: 16.5242 | Val Cost: 29241.10 | Val Max P-Miss: 0.0880 | Val Max Q-Miss: 0.0347 | Val Max Gen Viol: 0.0000 | Val Max Thermal: 0.0000 [*SAVED BEST*]
Epoch 1160 | Val Loss: 16.5389 | Val Cost: 29153.32 | Val Max P-Miss: 0.1097 | Val Max Q-Miss: 0.0418 | Val Max Gen Viol: 0.0000 | Val Max Thermal: 0.0000
Epoch 1170 | Val Loss: 16.5777 | Val Cost: 29272.41 | Val Max P-Miss: 0.0969 | Val Max Q-Miss: 0.0368 | Val Max Gen Viol: 0.0000 | Val Max Thermal: 0.0000
Epoch 1180 | Val Loss: 16.5595 | Val Cost: 29119.81 | Val Max P-Miss: 0.1409 | Val Max Q-Miss: 0.0365 | Val Max Gen Viol: 0.0000 | Val Max Thermal: 0.0000
Epoch 1190 | Val Loss: 16.6036 | Val Cost: 29042.92 | Val Max P-Miss: 0.1300 | Val Max Q-Miss: 0.0443 | Val Max Gen Viol: 0.0000 | Val Max Thermal: 0.0000
Epoch 1200 | Val Loss: 16.5543 | Val Cost: 29024.91 | Val Max P-Miss: 0.1008 | Val Max Q-Miss: 0.0447 | Val Max Gen Viol: 0.0000 | Val Max Thermal: 0.0000
Epoch 1210 | Val Loss: 16.5788 | Val Cost: 29237.21 | Val Max P-Miss: 0.0871 | Val Max Q-Miss: 0.0497 | Val Max Gen Viol: 0.0000 | Val Max Thermal: 0.0000
Epoch 1220 | Val Loss: 16.5437 | Val Cost: 29261.00 | Val Max P-Miss: 0.0823 | Val Max Q-Miss: 0.0455 | Val Max Gen Viol: 0.0000 | Val Max Thermal: 0.0000
Epoch 1230 | Val Loss: 16.5345 | Val Cost: 29279.26 | Val Max P-Miss: 0.0998 | Val Max Q-Miss: 0.0375 | Val Max Gen Viol: 0.0000 | Val Max Thermal: 0.0000
Epoch 1240 | Val Loss: 16.6021 | Val Cost: 29146.78 | Val Max P-Miss: 0.1200 | Val Max Q-Miss: 0.0547 | Val Max Gen Viol: 0.0000 | Val Max Thermal: 0.0000
Epoch 1250 | Val Loss: 16.5422 | Val Cost: 29234.72 | Val Max P-Miss: 0.0991 | Val Max Q-Miss: 0.0472 | Val Max Gen Viol: 0.0000 | Val Max Thermal: 0.0000
Epoch 1260 | Val Loss: 16.5722 | Val Cost: 29310.38 | Val Max P-Miss: 0.0889 | Val Max Q-Miss: 0.0488 | Val Max Gen Viol: 0.0000 | Val Max Thermal: 0.0000
Epoch 1270 | Val Loss: 16.6343 | Val Cost: 29435.92 | Val Max P-Miss: 0.0885 | Val Max Q-Miss: 0.0621 | Val Max Gen Viol: 0.0000 | Val Max Thermal: 0.0000
Epoch 1280 | Val Loss: 16.5669 | Val Cost: 29355.99 | Val Max P-Miss: 0.0996 | Val Max Q-Miss: 0.0390 | Val Max Gen Viol: 0.0000 | Val Max Thermal: 0.0000
Epoch 1290 | Val Loss: 16.5027 | Val Cost: 29166.88 | Val Max P-Miss: 0.0883 | Val Max Q-Miss: 0.0347 | Val Max Gen Viol: 0.0000 | Val Max Thermal: 0.0000 [*SAVED BEST*]
Epoch 1300 | Val Loss: 16.5057 | Val Cost: 29162.17 | Val Max P-Miss: 0.0857 | Val Max Q-Miss: 0.0382 | Val Max Gen Viol: 0.0000 | Val Max Thermal: 0.0000
Epoch 1310 | Val Loss: 16.5243 | Val Cost: 29305.46 | Val Max P-Miss: 0.0893 | Val Max Q-Miss: 0.0354 | Val Max Gen Viol: 0.0000 | Val Max Thermal: 0.0000
Epoch 1320 | Val Loss: 16.5184 | Val Cost: 29373.30 | Val Max P-Miss: 0.0871 | Val Max Q-Miss: 0.0349 | Val Max Gen Viol: 0.0000 | Val Max Thermal: 0.0000
Epoch 1330 | Val Loss: 16.5106 | Val Cost: 29246.76 | Val Max P-Miss: 0.0823 | Val Max Q-Miss: 0.0357 | Val Max Gen Viol: 0.0000 | Val Max Thermal: 0.0000
Epoch 1340 | Val Loss: 16.6111 | Val Cost: 28979.03 | Val Max P-Miss: 0.1693 | Val Max Q-Miss: 0.0371 | Val Max Gen Viol: 0.0000 | Val Max Thermal: 0.0000
Epoch 1350 | Val Loss: 16.7950 | Val Cost: 28922.16 | Val Max P-Miss: 0.2051 | Val Max Q-Miss: 0.0433 | Val Max Gen Viol: 0.0000 | Val Max Thermal: 0.0000
Epoch 1360 | Val Loss: 16.5483 | Val Cost: 29054.11 | Val Max P-Miss: 0.1196 | Val Max Q-Miss: 0.0491 | Val Max Gen Viol: 0.0000 | Val Max Thermal: 0.0000
Epoch 1370 | Val Loss: 16.5839 | Val Cost: 28866.78 | Val Max P-Miss: 0.1525 | Val Max Q-Miss: 0.0554 | Val Max Gen Viol: 0.0000 | Val Max Thermal: 0.0000
Epoch 1380 | Val Loss: 16.5353 | Val Cost: 29205.53 | Val Max P-Miss: 0.0893 | Val Max Q-Miss: 0.0514 | Val Max Gen Viol: 0.0000 | Val Max Thermal: 0.0000
Epoch 1390 | Val Loss: 16.5431 | Val Cost: 29164.71 | Val Max P-Miss: 0.1257 | Val Max Q-Miss: 0.0411 | Val Max Gen Viol: 0.0000 | Val Max Thermal: 0.0000
Epoch 1400 | Val Loss: 16.5800 | Val Cost: 29213.27 | Val Max P-Miss: 0.1146 | Val Max Q-Miss: 0.0484 | Val Max Gen Viol: 0.0000 | Val Max Thermal: 0.0000
Epoch 1410 | Val Loss: 16.6340 | Val Cost: 29336.16 | Val Max P-Miss: 0.0916 | Val Max Q-Miss: 0.0413 | Val Max Gen Viol: 0.0000 | Val Max Thermal: 0.0000
Epoch 1420 | Val Loss: 16.5350 | Val Cost: 29213.77 | Val Max P-Miss: 0.0860 | Val Max Q-Miss: 0.0385 | Val Max Gen Viol: 0.0000 | Val Max Thermal: 0.0000
Epoch 1430 | Val Loss: 16.5055 | Val Cost: 29225.15 | Val Max P-Miss: 0.0986 | Val Max Q-Miss: 0.0306 | Val Max Gen Viol: 0.0000 | Val Max Thermal: 0.0000
Epoch 1440 | Val Loss: 16.5152 | Val Cost: 29315.76 | Val Max P-Miss: 0.1060 | Val Max Q-Miss: 0.0305 | Val Max Gen Viol: 0.0000 | Val Max Thermal: 0.0000
Epoch 1450 | Val Loss: 16.5882 | Val Cost: 29289.77 | Val Max P-Miss: 0.1070 | Val Max Q-Miss: 0.0427 | Val Max Gen Viol: 0.0000 | Val Max Thermal: 0.0000
Epoch 1460 | Val Loss: 16.5088 | Val Cost: 29181.50 | Val Max P-Miss: 0.1071 | Val Max Q-Miss: 0.0304 | Val Max Gen Viol: 0.0000 | Val Max Thermal: 0.0000
Epoch 1470 | Val Loss: 16.5295 | Val Cost: 29201.94 | Val Max P-Miss: 0.0920 | Val Max Q-Miss: 0.0372 | Val Max Gen Viol: 0.0000 | Val Max Thermal: 0.0000
Epoch 1480 | Val Loss: 16.4986 | Val Cost: 29195.20 | Val Max P-Miss: 0.0870 | Val Max Q-Miss: 0.0344 | Val Max Gen Viol: 0.0000 | Val Max Thermal: 0.0000 [*SAVED BEST*]
Epoch 1490 | Val Loss: 16.4828 | Val Cost: 29196.12 | Val Max P-Miss: 0.0809 | Val Max Q-Miss: 0.0316 | Val Max Gen Viol: 0.0000 | Val Max Thermal: 0.0000 [*SAVED BEST*]
Epoch 1500 | Val Loss: 16.4944 | Val Cost: 29189.53 | Val Max P-Miss: 0.0883 | Val Max Q-Miss: 0.0335 | Val Max Gen Viol: 0.0000 | Val Max Thermal: 0.0000
Epoch 1510 | Val Loss: 16.5181 | Val Cost: 29175.62 | Val Max P-Miss: 0.0907 | Val Max Q-Miss: 0.0361 | Val Max Gen Viol: 0.0000 | Val Max Thermal: 0.0000
Epoch 1520 | Val Loss: 16.5257 | Val Cost: 29311.20 | Val Max P-Miss: 0.0886 | Val Max Q-Miss: 0.0334 | Val Max Gen Viol: 0.0000 | Val Max Thermal: 0.0000
Epoch 1530 | Val Loss: 16.7612 | Val Cost: 29240.61 | Val Max P-Miss: 0.1390 | Val Max Q-Miss: 0.0640 | Val Max Gen Viol: 0.0000 | Val Max Thermal: 0.0000
Epoch 1540 | Val Loss: 16.5300 | Val Cost: 29166.62 | Val Max P-Miss: 0.1102 | Val Max Q-Miss: 0.0344 | Val Max Gen Viol: 0.0000 | Val Max Thermal: 0.0000
Epoch 1550 | Val Loss: 16.5886 | Val Cost: 29340.59 | Val Max P-Miss: 0.1084 | Val Max Q-Miss: 0.0404 | Val Max Gen Viol: 0.0000 | Val Max Thermal: 0.0000
Epoch 1560 | Val Loss: 16.4970 | Val Cost: 29155.80 | Val Max P-Miss: 0.1113 | Val Max Q-Miss: 0.0326 | Val Max Gen Viol: 0.0000 | Val Max Thermal: 0.0000
Epoch 1570 | Val Loss: 16.7459 | Val Cost: 29441.64 | Val Max P-Miss: 0.1015 | Val Max Q-Miss: 0.0470 | Val Max Gen Viol: 0.0000 | Val Max Thermal: 0.0000
Epoch 1580 | Val Loss: 16.5077 | Val Cost: 29214.61 | Val Max P-Miss: 0.0915 | Val Max Q-Miss: 0.0376 | Val Max Gen Viol: 0.0000 | Val Max Thermal: 0.0000
Epoch 1590 | Val Loss: 16.5329 | Val Cost: 29289.14 | Val Max P-Miss: 0.0813 | Val Max Q-Miss: 0.0343 | Val Max Gen Viol: 0.0000 | Val Max Thermal: 0.0000
Epoch 1600 | Val Loss: 16.5065 | Val Cost: 29147.56 | Val Max P-Miss: 0.0939 | Val Max Q-Miss: 0.0313 | Val Max Gen Viol: 0.0000 | Val Max Thermal: 0.0000
Epoch 1610 | Val Loss: 16.5138 | Val Cost: 29236.00 | Val Max P-Miss: 0.0958 | Val Max Q-Miss: 0.0307 | Val Max Gen Viol: 0.0000 | Val Max Thermal: 0.0000
Epoch 1620 | Val Loss: 16.5059 | Val Cost: 29128.00 | Val Max P-Miss: 0.0808 | Val Max Q-Miss: 0.0317 | Val Max Gen Viol: 0.0000 | Val Max Thermal: 0.0000
Epoch 1630 | Val Loss: 16.5740 | Val Cost: 29018.85 | Val Max P-Miss: 0.1272 | Val Max Q-Miss: 0.0447 | Val Max Gen Viol: 0.0000 | Val Max Thermal: 0.0000
Epoch 1640 | Val Loss: 16.5389 | Val Cost: 29191.61 | Val Max P-Miss: 0.0833 | Val Max Q-Miss: 0.0379 | Val Max Gen Viol: 0.0000 | Val Max Thermal: 0.0000
Epoch 1650 | Val Loss: 16.5155 | Val Cost: 29263.41 | Val Max P-Miss: 0.0919 | Val Max Q-Miss: 0.0411 | Val Max Gen Viol: 0.0000 | Val Max Thermal: 0.0000
Epoch 1660 | Val Loss: 16.4774 | Val Cost: 29182.21 | Val Max P-Miss: 0.0811 | Val Max Q-Miss: 0.0534 | Val Max Gen Viol: 0.0000 | Val Max Thermal: 0.0000 [*SAVED BEST*]
Epoch 1670 | Val Loss: 16.5947 | Val Cost: 29219.42 | Val Max P-Miss: 0.0991 | Val Max Q-Miss: 0.0381 | Val Max Gen Viol: 0.0000 | Val Max Thermal: 0.0000
Epoch 1680 | Val Loss: 16.4963 | Val Cost: 29272.09 | Val Max P-Miss: 0.0888 | Val Max Q-Miss: 0.0288 | Val Max Gen Viol: 0.0000 | Val Max Thermal: 0.0000
Epoch 1690 | Val Loss: 16.5005 | Val Cost: 29304.47 | Val Max P-Miss: 0.0918 | Val Max Q-Miss: 0.0304 | Val Max Gen Viol: 0.0000 | Val Max Thermal: 0.0000
Epoch 1700 | Val Loss: 16.5012 | Val Cost: 29035.88 | Val Max P-Miss: 0.1023 | Val Max Q-Miss: 0.0290 | Val Max Gen Viol: 0.0000 | Val Max Thermal: 0.0000
Epoch 1710 | Val Loss: 16.5315 | Val Cost: 29248.87 | Val Max P-Miss: 0.0830 | Val Max Q-Miss: 0.0309 | Val Max Gen Viol: 0.0000 | Val Max Thermal: 0.0000
Epoch 1720 | Val Loss: 16.5138 | Val Cost: 29257.57 | Val Max P-Miss: 0.0880 | Val Max Q-Miss: 0.0335 | Val Max Gen Viol: 0.0000 | Val Max Thermal: 0.0000
Epoch 1730 | Val Loss: 16.5047 | Val Cost: 29144.28 | Val Max P-Miss: 0.1016 | Val Max Q-Miss: 0.0278 | Val Max Gen Viol: 0.0000 | Val Max Thermal: 0.0000
Epoch 1740 | Val Loss: 16.5044 | Val Cost: 29217.11 | Val Max P-Miss: 0.0865 | Val Max Q-Miss: 0.0295 | Val Max Gen Viol: 0.0000 | Val Max Thermal: 0.0000
Epoch 1750 | Val Loss: 16.5302 | Val Cost: 29202.87 | Val Max P-Miss: 0.0931 | Val Max Q-Miss: 0.0416 | Val Max Gen Viol: 0.0000 | Val Max Thermal: 0.0000
Epoch 1760 | Val Loss: 16.5317 | Val Cost: 29242.81 | Val Max P-Miss: 0.0971 | Val Max Q-Miss: 0.0360 | Val Max Gen Viol: 0.0000 | Val Max Thermal: 0.0000
Epoch 1770 | Val Loss: 16.5384 | Val Cost: 29072.15 | Val Max P-Miss: 0.1276 | Val Max Q-Miss: 0.0371 | Val Max Gen Viol: 0.0000 | Val Max Thermal: 0.0000
Epoch 1780 | Val Loss: 16.5285 | Val Cost: 29264.45 | Val Max P-Miss: 0.0833 | Val Max Q-Miss: 0.0337 | Val Max Gen Viol: 0.0000 | Val Max Thermal: 0.0000
Epoch 1790 | Val Loss: 16.5399 | Val Cost: 29268.23 | Val Max P-Miss: 0.1052 | Val Max Q-Miss: 0.0397 | Val Max Gen Viol: 0.0000 | Val Max Thermal: 0.0000
Epoch 1800 | Val Loss: 16.5113 | Val Cost: 29258.33 | Val Max P-Miss: 0.0826 | Val Max Q-Miss: 0.0319 | Val Max Gen Viol: 0.0000 | Val Max Thermal: 0.0000
Epoch 1810 | Val Loss: 16.4727 | Val Cost: 29091.51 | Val Max P-Miss: 0.0866 | Val Max Q-Miss: 0.0303 | Val Max Gen Viol: 0.0000 | Val Max Thermal: 0.0000 [*SAVED BEST*]
Epoch 1820 | Val Loss: 16.5014 | Val Cost: 29199.70 | Val Max P-Miss: 0.0798 | Val Max Q-Miss: 0.0331 | Val Max Gen Viol: 0.0000 | Val Max Thermal: 0.0000
Epoch 1830 | Val Loss: 16.4943 | Val Cost: 29230.45 | Val Max P-Miss: 0.0781 | Val Max Q-Miss: 0.0271 | Val Max Gen Viol: 0.0000 | Val Max Thermal: 0.0000
Epoch 1840 | Val Loss: 16.4865 | Val Cost: 29066.47 | Val Max P-Miss: 0.0929 | Val Max Q-Miss: 0.0235 | Val Max Gen Viol: 0.0000 | Val Max Thermal: 0.0000
Epoch 1850 | Val Loss: 16.4949 | Val Cost: 29100.06 | Val Max P-Miss: 0.0990 | Val Max Q-Miss: 0.0310 | Val Max Gen Viol: 0.0000 | Val Max Thermal: 0.0000
Epoch 1860 | Val Loss: 16.5145 | Val Cost: 29022.48 | Val Max P-Miss: 0.1499 | Val Max Q-Miss: 0.0336 | Val Max Gen Viol: 0.0000 | Val Max Thermal: 0.0000
Epoch 1870 | Val Loss: 16.4870 | Val Cost: 29176.04 | Val Max P-Miss: 0.0894 | Val Max Q-Miss: 0.0320 | Val Max Gen Viol: 0.0000 | Val Max Thermal: 0.0000
Epoch 1880 | Val Loss: 16.4925 | Val Cost: 29183.18 | Val Max P-Miss: 0.0819 | Val Max Q-Miss: 0.0281 | Val Max Gen Viol: 0.0000 | Val Max Thermal: 0.0000
Epoch 1890 | Val Loss: 16.4872 | Val Cost: 29159.64 | Val Max P-Miss: 0.0758 | Val Max Q-Miss: 0.0299 | Val Max Gen Viol: 0.0000 | Val Max Thermal: 0.0000
Epoch 1900 | Val Loss: 16.4909 | Val Cost: 29063.58 | Val Max P-Miss: 0.0887 | Val Max Q-Miss: 0.0257 | Val Max Gen Viol: 0.0000 | Val Max Thermal: 0.0000
Epoch 1910 | Val Loss: 16.5589 | Val Cost: 29166.72 | Val Max P-Miss: 0.0973 | Val Max Q-Miss: 0.0510 | Val Max Gen Viol: 0.0000 | Val Max Thermal: 0.0000
Epoch 1920 | Val Loss: 16.6926 | Val Cost: 29138.37 | Val Max P-Miss: 0.1193 | Val Max Q-Miss: 0.0416 | Val Max Gen Viol: 0.0000 | Val Max Thermal: 0.0000
Epoch 1930 | Val Loss: 16.5562 | Val Cost: 29077.60 | Val Max P-Miss: 0.1253 | Val Max Q-Miss: 0.0415 | Val Max Gen Viol: 0.0000 | Val Max Thermal: 0.0000
Epoch 1940 | Val Loss: 16.4779 | Val Cost: 29132.44 | Val Max P-Miss: 0.1116 | Val Max Q-Miss: 0.0283 | Val Max Gen Viol: 0.0000 | Val Max Thermal: 0.0000
Epoch 1950 | Val Loss: 16.5144 | Val Cost: 29006.07 | Val Max P-Miss: 0.1374 | Val Max Q-Miss: 0.0320 | Val Max Gen Viol: 0.0000 | Val Max Thermal: 0.0000
Epoch 1960 | Val Loss: 16.4755 | Val Cost: 29193.25 | Val Max P-Miss: 0.0877 | Val Max Q-Miss: 0.0295 | Val Max Gen Viol: 0.0000 | Val Max Thermal: 0.0000
Epoch 1970 | Val Loss: 16.5014 | Val Cost: 29118.04 | Val Max P-Miss: 0.0848 | Val Max Q-Miss: 0.0278 | Val Max Gen Viol: 0.0000 | Val Max Thermal: 0.0000
Epoch 1980 | Val Loss: 16.4716 | Val Cost: 29193.04 | Val Max P-Miss: 0.0722 | Val Max Q-Miss: 0.0243 | Val Max Gen Viol: 0.0000 | Val Max Thermal: 0.0000 [*SAVED BEST*]
Epoch 1990 | Val Loss: 16.5331 | Val Cost: 29046.36 | Val Max P-Miss: 0.1114 | Val Max Q-Miss: 0.0289 | Val Max Gen Viol: 0.0000 | Val Max Thermal: 0.0000
Epoch 2000 | Val Loss: 16.4930 | Val Cost: 29247.79 | Val Max P-Miss: 0.0880 | Val Max Q-Miss: 0.0372 | Val Max Gen Viol: 0.0000 | Val Max Thermal: 0.0000
Epoch 2010 | Val Loss: 16.4775 | Val Cost: 29172.18 | Val Max P-Miss: 0.0931 | Val Max Q-Miss: 0.0276 | Val Max Gen Viol: 0.0000 | Val Max Thermal: 0.0000
Epoch 2020 | Val Loss: 16.5071 | Val Cost: 29322.96 | Val Max P-Miss: 0.0735 | Val Max Q-Miss: 0.0337 | Val Max Gen Viol: 0.0000 | Val Max Thermal: 0.0000
Epoch 2030 | Val Loss: 16.5172 | Val Cost: 29250.07 | Val Max P-Miss: 0.0834 | Val Max Q-Miss: 0.0314 | Val Max Gen Viol: 0.0000 | Val Max Thermal: 0.0000
Epoch 2040 | Val Loss: 16.4704 | Val Cost: 29136.62 | Val Max P-Miss: 0.0818 | Val Max Q-Miss: 0.0262 | Val Max Gen Viol: 0.0000 | Val Max Thermal: 0.0000 [*SAVED BEST*]
Epoch 2050 | Val Loss: 16.4738 | Val Cost: 29061.35 | Val Max P-Miss: 0.0884 | Val Max Q-Miss: 0.0248 | Val Max Gen Viol: 0.0000 | Val Max Thermal: 0.0000
Epoch 2060 | Val Loss: 16.4778 | Val Cost: 29172.40 | Val Max P-Miss: 0.0834 | Val Max Q-Miss: 0.0254 | Val Max Gen Viol: 0.0000 | Val Max Thermal: 0.0000
Epoch 2070 | Val Loss: 16.5076 | Val Cost: 29338.37 | Val Max P-Miss: 0.0817 | Val Max Q-Miss: 0.0260 | Val Max Gen Viol: 0.0000 | Val Max Thermal: 0.0000
Epoch 2080 | Val Loss: 16.5804 | Val Cost: 29018.92 | Val Max P-Miss: 0.1259 | Val Max Q-Miss: 0.0665 | Val Max Gen Viol: 0.0000 | Val Max Thermal: 0.0000
Epoch 2090 | Val Loss: 16.5066 | Val Cost: 29090.90 | Val Max P-Miss: 0.0811 | Val Max Q-Miss: 0.0363 | Val Max Gen Viol: 0.0000 | Val Max Thermal: 0.0000
Epoch 2100 | Val Loss: 16.4500 | Val Cost: 29144.75 | Val Max P-Miss: 0.0855 | Val Max Q-Miss: 0.0317 | Val Max Gen Viol: 0.0000 | Val Max Thermal: 0.0000 [*SAVED BEST*]
Epoch 2110 | Val Loss: 16.5029 | Val Cost: 29204.13 | Val Max P-Miss: 0.0833 | Val Max Q-Miss: 0.0293 | Val Max Gen Viol: 0.0000 | Val Max Thermal: 0.0000
Epoch 2120 | Val Loss: 16.5037 | Val Cost: 29182.75 | Val Max P-Miss: 0.0896 | Val Max Q-Miss: 0.0354 | Val Max Gen Viol: 0.0000 | Val Max Thermal: 0.0000
Epoch 2130 | Val Loss: 16.4877 | Val Cost: 29205.23 | Val Max P-Miss: 0.0834 | Val Max Q-Miss: 0.0394 | Val Max Gen Viol: 0.0000 | Val Max Thermal: 0.0000
Epoch 2140 | Val Loss: 16.4676 | Val Cost: 29129.96 | Val Max P-Miss: 0.0994 | Val Max Q-Miss: 0.0435 | Val Max Gen Viol: 0.0000 | Val Max Thermal: 0.0000
Epoch 2150 | Val Loss: 16.4890 | Val Cost: 29051.61 | Val Max P-Miss: 0.1067 | Val Max Q-Miss: 0.0255 | Val Max Gen Viol: 0.0000 | Val Max Thermal: 0.0000
Epoch 2160 | Val Loss: 16.4794 | Val Cost: 29234.63 | Val Max P-Miss: 0.0775 | Val Max Q-Miss: 0.0337 | Val Max Gen Viol: 0.0000 | Val Max Thermal: 0.0000
Epoch 2170 | Val Loss: 16.4869 | Val Cost: 29193.22 | Val Max P-Miss: 0.0874 | Val Max Q-Miss: 0.0244 | Val Max Gen Viol: 0.0000 | Val Max Thermal: 0.0000
Epoch 2180 | Val Loss: 16.5617 | Val Cost: 29180.09 | Val Max P-Miss: 0.0883 | Val Max Q-Miss: 0.0325 | Val Max Gen Viol: 0.0000 | Val Max Thermal: 0.0000
Epoch 2190 | Val Loss: 16.4718 | Val Cost: 29080.72 | Val Max P-Miss: 0.0898 | Val Max Q-Miss: 0.0283 | Val Max Gen Viol: 0.0000 | Val Max Thermal: 0.0000
Epoch 2200 | Val Loss: 16.4789 | Val Cost: 29175.47 | Val Max P-Miss: 0.0755 | Val Max Q-Miss: 0.0262 | Val Max Gen Viol: 0.0000 | Val Max Thermal: 0.0000
Epoch 2210 | Val Loss: 16.4860 | Val Cost: 29265.69 | Val Max P-Miss: 0.0720 | Val Max Q-Miss: 0.0298 | Val Max Gen Viol: 0.0000 | Val Max Thermal: 0.0000
Epoch 2220 | Val Loss: 16.5054 | Val Cost: 29194.01 | Val Max P-Miss: 0.0734 | Val Max Q-Miss: 0.0264 | Val Max Gen Viol: 0.0000 | Val Max Thermal: 0.0000
Epoch 2230 | Val Loss: 16.5113 | Val Cost: 29170.98 | Val Max P-Miss: 0.0880 | Val Max Q-Miss: 0.0287 | Val Max Gen Viol: 0.0000 | Val Max Thermal: 0.0000
Epoch 2240 | Val Loss: 16.4937 | Val Cost: 29287.10 | Val Max P-Miss: 0.0851 | Val Max Q-Miss: 0.0280 | Val Max Gen Viol: 0.0000 | Val Max Thermal: 0.0000
Epoch 2250 | Val Loss: 16.4842 | Val Cost: 29231.85 | Val Max P-Miss: 0.0893 | Val Max Q-Miss: 0.0357 | Val Max Gen Viol: 0.0000 | Val Max Thermal: 0.0000
Epoch 2260 | Val Loss: 16.4726 | Val Cost: 29064.38 | Val Max P-Miss: 0.0802 | Val Max Q-Miss: 0.0254 | Val Max Gen Viol: 0.0000 | Val Max Thermal: 0.0000
Epoch 2270 | Val Loss: 16.4977 | Val Cost: 29255.61 | Val Max P-Miss: 0.0829 | Val Max Q-Miss: 0.0289 | Val Max Gen Viol: 0.0000 | Val Max Thermal: 0.0000
Epoch 2280 | Val Loss: 16.4824 | Val Cost: 29269.99 | Val Max P-Miss: 0.0800 | Val Max Q-Miss: 0.0270 | Val Max Gen Viol: 0.0000 | Val Max Thermal: 0.0000
Epoch 2290 | Val Loss: 16.4951 | Val Cost: 29222.78 | Val Max P-Miss: 0.0976 | Val Max Q-Miss: 0.0300 | Val Max Gen Viol: 0.0000 | Val Max Thermal: 0.0000
Epoch 2300 | Val Loss: 16.5562 | Val Cost: 29246.84 | Val Max P-Miss: 0.0832 | Val Max Q-Miss: 0.0482 | Val Max Gen Viol: 0.0000 | Val Max Thermal: 0.0000
Epoch 2310 | Val Loss: 16.5980 | Val Cost: 28951.36 | Val Max P-Miss: 0.1399 | Val Max Q-Miss: 0.0386 | Val Max Gen Viol: 0.0000 | Val Max Thermal: 0.0000
Epoch 2320 | Val Loss: 16.4876 | Val Cost: 29149.41 | Val Max P-Miss: 0.0816 | Val Max Q-Miss: 0.0292 | Val Max Gen Viol: 0.0000 | Val Max Thermal: 0.0000
Epoch 2330 | Val Loss: 16.4806 | Val Cost: 29161.20 | Val Max P-Miss: 0.0858 | Val Max Q-Miss: 0.0271 | Val Max Gen Viol: 0.0000 | Val Max Thermal: 0.0000
Epoch 2340 | Val Loss: 16.4938 | Val Cost: 29391.12 | Val Max P-Miss: 0.0790 | Val Max Q-Miss: 0.0333 | Val Max Gen Viol: 0.0000 | Val Max Thermal: 0.0000
Epoch 2350 | Val Loss: 16.4761 | Val Cost: 29183.46 | Val Max P-Miss: 0.0857 | Val Max Q-Miss: 0.0251 | Val Max Gen Viol: 0.0000 | Val Max Thermal: 0.0000
Epoch 2360 | Val Loss: 16.5182 | Val Cost: 29319.08 | Val Max P-Miss: 0.0827 | Val Max Q-Miss: 0.0297 | Val Max Gen Viol: 0.0000 | Val Max Thermal: 0.0000
Epoch 2370 | Val Loss: 16.5109 | Val Cost: 29190.94 | Val Max P-Miss: 0.0842 | Val Max Q-Miss: 0.0285 | Val Max Gen Viol: 0.0000 | Val Max Thermal: 0.0000
Epoch 2380 | Val Loss: 16.4924 | Val Cost: 29163.65 | Val Max P-Miss: 0.0838 | Val Max Q-Miss: 0.0306 | Val Max Gen Viol: 0.0000 | Val Max Thermal: 0.0000
Epoch 2390 | Val Loss: 16.4735 | Val Cost: 29057.80 | Val Max P-Miss: 0.0986 | Val Max Q-Miss: 0.0251 | Val Max Gen Viol: 0.0000 | Val Max Thermal: 0.0000
Epoch 2400 | Val Loss: 16.4969 | Val Cost: 29176.21 | Val Max P-Miss: 0.0936 | Val Max Q-Miss: 0.0394 | Val Max Gen Viol: 0.0000 | Val Max Thermal: 0.0000
Epoch 2410 | Val Loss: 16.4944 | Val Cost: 28964.07 | Val Max P-Miss: 0.1221 | Val Max Q-Miss: 0.0302 | Val Max Gen Viol: 0.0000 | Val Max Thermal: 0.0000
Epoch 2420 | Val Loss: 16.5117 | Val Cost: 29359.47 | Val Max P-Miss: 0.0748 | Val Max Q-Miss: 0.0257 | Val Max Gen Viol: 0.0000 | Val Max Thermal: 0.0000
Epoch 2430 | Val Loss: 16.4827 | Val Cost: 29238.59 | Val Max P-Miss: 0.0810 | Val Max Q-Miss: 0.0281 | Val Max Gen Viol: 0.0000 | Val Max Thermal: 0.0000
Epoch 2440 | Val Loss: 16.4647 | Val Cost: 29106.65 | Val Max P-Miss: 0.0806 | Val Max Q-Miss: 0.0266 | Val Max Gen Viol: 0.0000 | Val Max Thermal: 0.0000
Epoch 2450 | Val Loss: 16.4809 | Val Cost: 29161.56 | Val Max P-Miss: 0.0845 | Val Max Q-Miss: 0.0326 | Val Max Gen Viol: 0.0000 | Val Max Thermal: 0.0000
Epoch 2460 | Val Loss: 16.4708 | Val Cost: 29199.82 | Val Max P-Miss: 0.0811 | Val Max Q-Miss: 0.0305 | Val Max Gen Viol: 0.0000 | Val Max Thermal: 0.0000
Epoch 2470 | Val Loss: 16.5233 | Val Cost: 29052.82 | Val Max P-Miss: 0.0924 | Val Max Q-Miss: 0.0304 | Val Max Gen Viol: 0.0000 | Val Max Thermal: 0.0000
Epoch 2480 | Val Loss: 16.4965 | Val Cost: 29073.54 | Val Max P-Miss: 0.0904 | Val Max Q-Miss: 0.0296 | Val Max Gen Viol: 0.0000 | Val Max Thermal: 0.0000
Epoch 2490 | Val Loss: 16.4910 | Val Cost: 29101.74 | Val Max P-Miss: 0.0989 | Val Max Q-Miss: 0.0283 | Val Max Gen Viol: 0.0000 | Val Max Thermal: 0.0000
Epoch 2500 | Val Loss: 16.4503 | Val Cost: 29030.04 | Val Max P-Miss: 0.1027 | Val Max Q-Miss: 0.0243 | Val Max Gen Viol: 0.0000 | Val Max Thermal: 0.0000
Epoch 2510 | Val Loss: 16.4775 | Val Cost: 29110.05 | Val Max P-Miss: 0.0806 | Val Max Q-Miss: 0.0259 | Val Max Gen Viol: 0.0000 | Val Max Thermal: 0.0000
Epoch 2520 | Val Loss: 16.4895 | Val Cost: 29261.63 | Val Max P-Miss: 0.0738 | Val Max Q-Miss: 0.0238 | Val Max Gen Viol: 0.0000 | Val Max Thermal: 0.0000
Epoch 2530 | Val Loss: 16.4859 | Val Cost: 28972.13 | Val Max P-Miss: 0.0951 | Val Max Q-Miss: 0.0324 | Val Max Gen Viol: 0.0000 | Val Max Thermal: 0.0000
Epoch 2540 | Val Loss: 16.4655 | Val Cost: 29009.13 | Val Max P-Miss: 0.0938 | Val Max Q-Miss: 0.0289 | Val Max Gen Viol: 0.0000 | Val Max Thermal: 0.0000
Epoch 2550 | Val Loss: 16.5428 | Val Cost: 29260.26 | Val Max P-Miss: 0.0856 | Val Max Q-Miss: 0.0308 | Val Max Gen Viol: 0.0000 | Val Max Thermal: 0.0000
Epoch 2560 | Val Loss: 16.4675 | Val Cost: 29141.46 | Val Max P-Miss: 0.0832 | Val Max Q-Miss: 0.0259 | Val Max Gen Viol: 0.0000 | Val Max Thermal: 0.0000
Epoch 2570 | Val Loss: 16.4537 | Val Cost: 29042.37 | Val Max P-Miss: 0.0964 | Val Max Q-Miss: 0.0246 | Val Max Gen Viol: 0.0000 | Val Max Thermal: 0.0000
Epoch 2580 | Val Loss: 16.4972 | Val Cost: 28998.19 | Val Max P-Miss: 0.1010 | Val Max Q-Miss: 0.0412 | Val Max Gen Viol: 0.0000 | Val Max Thermal: 0.0000
Epoch 2590 | Val Loss: 16.5063 | Val Cost: 29333.24 | Val Max P-Miss: 0.0727 | Val Max Q-Miss: 0.0331 | Val Max Gen Viol: 0.0000 | Val Max Thermal: 0.0000
Epoch 2600 | Val Loss: 16.4666 | Val Cost: 29246.96 | Val Max P-Miss: 0.0758 | Val Max Q-Miss: 0.0258 | Val Max Gen Viol: 0.0000 | Val Max Thermal: 0.0000
Epoch 2610 | Val Loss: 16.5219 | Val Cost: 29218.39 | Val Max P-Miss: 0.0864 | Val Max Q-Miss: 0.0312 | Val Max Gen Viol: 0.0000 | Val Max Thermal: 0.0000
Epoch 2620 | Val Loss: 16.4856 | Val Cost: 29199.79 | Val Max P-Miss: 0.0817 | Val Max Q-Miss: 0.0362 | Val Max Gen Viol: 0.0000 | Val Max Thermal: 0.0000
Epoch 2630 | Val Loss: 16.4670 | Val Cost: 29078.27 | Val Max P-Miss: 0.1139 | Val Max Q-Miss: 0.0264 | Val Max Gen Viol: 0.0000 | Val Max Thermal: 0.0000
Epoch 2640 | Val Loss: 16.5096 | Val Cost: 29054.45 | Val Max P-Miss: 0.0873 | Val Max Q-Miss: 0.0260 | Val Max Gen Viol: 0.0000 | Val Max Thermal: 0.0000
Epoch 2650 | Val Loss: 16.4795 | Val Cost: 29058.72 | Val Max P-Miss: 0.0980 | Val Max Q-Miss: 0.0235 | Val Max Gen Viol: 0.0000 | Val Max Thermal: 0.0000
Epoch 2660 | Val Loss: 16.4694 | Val Cost: 29186.94 | Val Max P-Miss: 0.0720 | Val Max Q-Miss: 0.0288 | Val Max Gen Viol: 0.0000 | Val Max Thermal: 0.0000
Epoch 2670 | Val Loss: 16.5173 | Val Cost: 28914.94 | Val Max P-Miss: 0.1395 | Val Max Q-Miss: 0.0254 | Val Max Gen Viol: 0.0000 | Val Max Thermal: 0.0000
