Job: acopf_ISS
Executing: ACOPF_pinn_rahul.py --case_name pglib_opf_case300_ieee --epochs 10000
Node: issnode1
GPU Allocated: 0
CUDA Hardware Acceleration Active: NVIDIA GeForce RTX 4090
Problem Geometry Linked -> Matrix Samples: 10000

Beginning execution of parallelized training matrix loops for Rahul KKT PINN...
Epoch    0 | Val Loss: 53257.8359 | Val Cost: 516867.69 | Val Max P-Miss: 50.4955 | Val Max Q-Miss: 18.8438 | Val Max Gen Viol: 0.0000 | Val Max Thermal: 0.0000 [*SAVED BEST*]
Epoch  100 | Val Loss: 49.3226 | Val Cost: 673845.69 | Val Max P-Miss: 1.7123 | Val Max Q-Miss: 1.1415 | Val Max Gen Viol: 0.0000 | Val Max Thermal: 1.2416 [*SAVED BEST*]
Epoch  200 | Val Loss: 31.7006 | Val Cost: 696248.00 | Val Max P-Miss: 1.6399 | Val Max Q-Miss: 1.0005 | Val Max Gen Viol: 0.0000 | Val Max Thermal: 0.4492 [*SAVED BEST*]
Epoch  300 | Val Loss: 31.9823 | Val Cost: 708098.31 | Val Max P-Miss: 1.6865 | Val Max Q-Miss: 0.9611 | Val Max Gen Viol: 0.0000 | Val Max Thermal: 0.3544
Epoch  400 | Val Loss: 34.2886 | Val Cost: 712378.81 | Val Max P-Miss: 1.9370 | Val Max Q-Miss: 0.9728 | Val Max Gen Viol: 0.0000 | Val Max Thermal: 0.1859
Epoch  500 | Val Loss: 48.6109 | Val Cost: 720635.94 | Val Max P-Miss: 2.4179 | Val Max Q-Miss: 0.9755 | Val Max Gen Viol: 0.0000 | Val Max Thermal: 0.2705
Epoch  600 | Val Loss: 37.3770 | Val Cost: 725102.19 | Val Max P-Miss: 2.2970 | Val Max Q-Miss: 1.0020 | Val Max Gen Viol: 0.0000 | Val Max Thermal: 0.7530
Epoch  700 | Val Loss: 54.1090 | Val Cost: 728428.19 | Val Max P-Miss: 2.5254 | Val Max Q-Miss: 0.9980 | Val Max Gen Viol: 0.0000 | Val Max Thermal: 1.0931
Epoch  800 | Val Loss: 76.3446 | Val Cost: 731611.81 | Val Max P-Miss: 3.0687 | Val Max Q-Miss: 1.0075 | Val Max Gen Viol: 0.0000 | Val Max Thermal: 0.4754
Epoch  900 | Val Loss: 103.2066 | Val Cost: 736480.38 | Val Max P-Miss: 3.6399 | Val Max Q-Miss: 1.0709 | Val Max Gen Viol: 0.0000 | Val Max Thermal: 0.3525
Epoch 1000 | Val Loss: 167.7332 | Val Cost: 734499.00 | Val Max P-Miss: 4.5881 | Val Max Q-Miss: 1.0538 | Val Max Gen Viol: 0.0000 | Val Max Thermal: 0.5607
Epoch 1100 | Val Loss: 98.8693 | Val Cost: 734034.62 | Val Max P-Miss: 3.5791 | Val Max Q-Miss: 1.0842 | Val Max Gen Viol: 0.0000 | Val Max Thermal: 0.5226
Epoch 1200 | Val Loss: 211.2548 | Val Cost: 737233.31 | Val Max P-Miss: 5.3117 | Val Max Q-Miss: 1.0246 | Val Max Gen Viol: 0.0000 | Val Max Thermal: 0.6996
Epoch 1300 | Val Loss: 262.4975 | Val Cost: 738526.56 | Val Max P-Miss: 6.5012 | Val Max Q-Miss: 1.0968 | Val Max Gen Viol: 0.0000 | Val Max Thermal: 0.7675
Epoch 1400 | Val Loss: 259.0899 | Val Cost: 733062.94 | Val Max P-Miss: 5.9940 | Val Max Q-Miss: 1.1771 | Val Max Gen Viol: 0.0000 | Val Max Thermal: 0.6343
Epoch 1500 | Val Loss: 255.2518 | Val Cost: 741242.50 | Val Max P-Miss: 6.0031 | Val Max Q-Miss: 1.3472 | Val Max Gen Viol: 0.0000 | Val Max Thermal: 0.8010
Epoch 1600 | Val Loss: 108.9576 | Val Cost: 735362.75 | Val Max P-Miss: 3.8409 | Val Max Q-Miss: 0.9941 | Val Max Gen Viol: 0.0000 | Val Max Thermal: 0.0256
Epoch 1700 | Val Loss: 225.5585 | Val Cost: 730368.06 | Val Max P-Miss: 5.5067 | Val Max Q-Miss: 1.0361 | Val Max Gen Viol: 0.0000 | Val Max Thermal: 1.2082
Epoch 1800 | Val Loss: 240.4863 | Val Cost: 728712.94 | Val Max P-Miss: 6.1970 | Val Max Q-Miss: 1.3159 | Val Max Gen Viol: 0.0000 | Val Max Thermal: 0.2884
Epoch 1900 | Val Loss: 289.6408 | Val Cost: 727506.19 | Val Max P-Miss: 6.3151 | Val Max Q-Miss: 1.1607 | Val Max Gen Viol: 0.0000 | Val Max Thermal: 0.2626
Epoch 2000 | Val Loss: 603.7031 | Val Cost: 722488.88 | Val Max P-Miss: 6.4737 | Val Max Q-Miss: 1.2135 | Val Max Gen Viol: 0.0000 | Val Max Thermal: 0.3818
Epoch 2100 | Val Loss: 382.0133 | Val Cost: 728700.56 | Val Max P-Miss: 7.7377 | Val Max Q-Miss: 2.5671 | Val Max Gen Viol: 0.0000 | Val Max Thermal: 0.1988
Epoch 2200 | Val Loss: 360.3412 | Val Cost: 722123.56 | Val Max P-Miss: 7.0408 | Val Max Q-Miss: 1.2496 | Val Max Gen Viol: 0.0000 | Val Max Thermal: 0.2546
Epoch 2300 | Val Loss: 403.0762 | Val Cost: 731549.06 | Val Max P-Miss: 3.5212 | Val Max Q-Miss: 1.2141 | Val Max Gen Viol: 0.0000 | Val Max Thermal: 0.0033
Epoch 2400 | Val Loss: 418.9251 | Val Cost: 722696.12 | Val Max P-Miss: 7.5727 | Val Max Q-Miss: 1.2733 | Val Max Gen Viol: 0.0000 | Val Max Thermal: 0.2201
Epoch 2500 | Val Loss: 2251.2900 | Val Cost: 730508.81 | Val Max P-Miss: 16.8532 | Val Max Q-Miss: 2.0851 | Val Max Gen Viol: 0.0000 | Val Max Thermal: 0.1928
Epoch 2600 | Val Loss: 1234.6938 | Val Cost: 733866.31 | Val Max P-Miss: 2.8605 | Val Max Q-Miss: 1.4125 | Val Max Gen Viol: 0.0000 | Val Max Thermal: 0.0029
Epoch 2700 | Val Loss: 570.3558 | Val Cost: 735894.81 | Val Max P-Miss: 8.5208 | Val Max Q-Miss: 1.4002 | Val Max Gen Viol: 0.0000 | Val Max Thermal: 0.2374
Epoch 2800 | Val Loss: 435.1273 | Val Cost: 736743.12 | Val Max P-Miss: 4.5324 | Val Max Q-Miss: 1.1702 | Val Max Gen Viol: 0.0000 | Val Max Thermal: 0.1584
Epoch 2900 | Val Loss: 547.5159 | Val Cost: 740607.38 | Val Max P-Miss: 8.1331 | Val Max Q-Miss: 1.4325 | Val Max Gen Viol: 0.0000 | Val Max Thermal: 1.1111
Epoch 3000 | Val Loss: 1277.6115 | Val Cost: 744752.94 | Val Max P-Miss: 7.0380 | Val Max Q-Miss: 1.9250 | Val Max Gen Viol: 0.0000 | Val Max Thermal: 0.2026
Epoch 3100 | Val Loss: 525.9794 | Val Cost: 738716.69 | Val Max P-Miss: 8.3015 | Val Max Q-Miss: 1.3528 | Val Max Gen Viol: 0.0000 | Val Max Thermal: 0.4888
Epoch 3200 | Val Loss: 2355.5286 | Val Cost: 751658.12 | Val Max P-Miss: 13.1503 | Val Max Q-Miss: 4.9530 | Val Max Gen Viol: 0.0000 | Val Max Thermal: 0.0616
Epoch 3300 | Val Loss: 1141.0717 | Val Cost: 735084.56 | Val Max P-Miss: 12.3161 | Val Max Q-Miss: 2.2717 | Val Max Gen Viol: 0.0000 | Val Max Thermal: 0.3043
Epoch 3400 | Val Loss: 310.7738 | Val Cost: 739028.19 | Val Max P-Miss: 4.3522 | Val Max Q-Miss: 1.4788 | Val Max Gen Viol: 0.0000 | Val Max Thermal: 0.0465
Epoch 3500 | Val Loss: 485.5072 | Val Cost: 691435.56 | Val Max P-Miss: 7.2992 | Val Max Q-Miss: 3.0473 | Val Max Gen Viol: 0.0000 | Val Max Thermal: 0.1861
Epoch 3600 | Val Loss: 1061.8151 | Val Cost: 743618.75 | Val Max P-Miss: 5.4114 | Val Max Q-Miss: 2.9857 | Val Max Gen Viol: 0.0000 | Val Max Thermal: 0.4069
Epoch 3700 | Val Loss: 416.6269 | Val Cost: 735724.56 | Val Max P-Miss: 6.8422 | Val Max Q-Miss: 2.4666 | Val Max Gen Viol: 0.0000 | Val Max Thermal: 0.6467
Epoch 3800 | Val Loss: 461.4773 | Val Cost: 738655.38 | Val Max P-Miss: 7.2613 | Val Max Q-Miss: 2.8521 | Val Max Gen Viol: 0.0000 | Val Max Thermal: 0.8776
Epoch 3900 | Val Loss: 654.1723 | Val Cost: 731313.19 | Val Max P-Miss: 2.3599 | Val Max Q-Miss: 1.6420 | Val Max Gen Viol: 0.0000 | Val Max Thermal: 0.8167
Epoch 4000 | Val Loss: 399.8177 | Val Cost: 731440.94 | Val Max P-Miss: 2.1393 | Val Max Q-Miss: 1.7448 | Val Max Gen Viol: 0.0000 | Val Max Thermal: 0.4456
Epoch 4100 | Val Loss: 562.1578 | Val Cost: 718417.69 | Val Max P-Miss: 2.4456 | Val Max Q-Miss: 1.4520 | Val Max Gen Viol: 0.0000 | Val Max Thermal: 1.5036
Epoch 4200 | Val Loss: 1790.4608 | Val Cost: 700450.56 | Val Max P-Miss: 5.5223 | Val Max Q-Miss: 2.3792 | Val Max Gen Viol: 0.0000 | Val Max Thermal: 1.3284
Epoch 4300 | Val Loss: 483.9544 | Val Cost: 733184.31 | Val Max P-Miss: 3.0139 | Val Max Q-Miss: 1.3561 | Val Max Gen Viol: 0.0000 | Val Max Thermal: 2.4510
Epoch 4400 | Val Loss: 567.6908 | Val Cost: 713422.00 | Val Max P-Miss: 3.1668 | Val Max Q-Miss: 1.2733 | Val Max Gen Viol: 0.0000 | Val Max Thermal: 0.2901
Epoch 4500 | Val Loss: 951.7382 | Val Cost: 682384.69 | Val Max P-Miss: 3.6246 | Val Max Q-Miss: 1.3170 | Val Max Gen Viol: 0.0000 | Val Max Thermal: 0.5593
Epoch 4600 | Val Loss: 998.0444 | Val Cost: 714418.31 | Val Max P-Miss: 7.5560 | Val Max Q-Miss: 3.4738 | Val Max Gen Viol: 0.0000 | Val Max Thermal: 0.2528
Epoch 4700 | Val Loss: 1047.0830 | Val Cost: 721925.62 | Val Max P-Miss: 6.5443 | Val Max Q-Miss: 3.7496 | Val Max Gen Viol: 0.0000 | Val Max Thermal: 1.5212
Epoch 4800 | Val Loss: 895.9381 | Val Cost: 718043.31 | Val Max P-Miss: 5.8895 | Val Max Q-Miss: 2.5090 | Val Max Gen Viol: 0.0000 | Val Max Thermal: 1.9166
Epoch 4900 | Val Loss: 966.9288 | Val Cost: 715497.88 | Val Max P-Miss: 8.0990 | Val Max Q-Miss: 4.1087 | Val Max Gen Viol: 0.0000 | Val Max Thermal: 0.4413
Epoch 5000 | Val Loss: 1097.9839 | Val Cost: 729465.06 | Val Max P-Miss: 3.3907 | Val Max Q-Miss: 1.3743 | Val Max Gen Viol: 0.0000 | Val Max Thermal: 0.7551
Epoch 5100 | Val Loss: 620.3682 | Val Cost: 721800.62 | Val Max P-Miss: 3.4172 | Val Max Q-Miss: 1.5424 | Val Max Gen Viol: 0.0000 | Val Max Thermal: 1.7484
Epoch 5200 | Val Loss: 645.2346 | Val Cost: 720355.50 | Val Max P-Miss: 4.2147 | Val Max Q-Miss: 1.4977 | Val Max Gen Viol: 0.0000 | Val Max Thermal: 1.2710
Epoch 5300 | Val Loss: 710.4421 | Val Cost: 730741.00 | Val Max P-Miss: 3.7112 | Val Max Q-Miss: 1.4725 | Val Max Gen Viol: 0.0000 | Val Max Thermal: 1.0499
Epoch 5400 | Val Loss: 545.3130 | Val Cost: 731923.12 | Val Max P-Miss: 3.6532 | Val Max Q-Miss: 1.4639 | Val Max Gen Viol: 0.0000 | Val Max Thermal: 2.4175
Epoch 5500 | Val Loss: 1696.1803 | Val Cost: 733698.62 | Val Max P-Miss: 4.2490 | Val Max Q-Miss: 1.5186 | Val Max Gen Viol: 0.0000 | Val Max Thermal: 1.1548
Epoch 5600 | Val Loss: 730.7488 | Val Cost: 727583.50 | Val Max P-Miss: 3.7977 | Val Max Q-Miss: 1.4986 | Val Max Gen Viol: 0.0000 | Val Max Thermal: 1.6517
Epoch 5700 | Val Loss: 500.5165 | Val Cost: 690110.12 | Val Max P-Miss: 3.5503 | Val Max Q-Miss: 1.4055 | Val Max Gen Viol: 0.0000 | Val Max Thermal: 0.4382
Epoch 5800 | Val Loss: 1111.3931 | Val Cost: 722361.50 | Val Max P-Miss: 3.7766 | Val Max Q-Miss: 1.5143 | Val Max Gen Viol: 0.0000 | Val Max Thermal: 1.9774
Epoch 5900 | Val Loss: 868.0060 | Val Cost: 731466.25 | Val Max P-Miss: 6.2783 | Val Max Q-Miss: 1.5781 | Val Max Gen Viol: 0.0000 | Val Max Thermal: 0.5718
Epoch 6000 | Val Loss: 4734.6104 | Val Cost: 734050.75 | Val Max P-Miss: 8.5442 | Val Max Q-Miss: 2.1736 | Val Max Gen Viol: 0.0000 | Val Max Thermal: 1.1641
Epoch 6100 | Val Loss: 511.7598 | Val Cost: 692489.94 | Val Max P-Miss: 3.8339 | Val Max Q-Miss: 1.5276 | Val Max Gen Viol: 0.0000 | Val Max Thermal: 1.5212
Epoch 6200 | Val Loss: 1028.5756 | Val Cost: 696450.19 | Val Max P-Miss: 3.9186 | Val Max Q-Miss: 1.5629 | Val Max Gen Viol: 0.0000 | Val Max Thermal: 0.9322
Epoch 6300 | Val Loss: 491.7538 | Val Cost: 727615.00 | Val Max P-Miss: 3.7075 | Val Max Q-Miss: 1.5029 | Val Max Gen Viol: 0.0000 | Val Max Thermal: 0.5167
Epoch 6400 | Val Loss: 693.7171 | Val Cost: 703653.00 | Val Max P-Miss: 3.7878 | Val Max Q-Miss: 1.4597 | Val Max Gen Viol: 0.0000 | Val Max Thermal: 1.3963
Epoch 6500 | Val Loss: 586.3869 | Val Cost: 725065.31 | Val Max P-Miss: 4.7236 | Val Max Q-Miss: 2.6688 | Val Max Gen Viol: 0.0000 | Val Max Thermal: 1.1072
Epoch 6600 | Val Loss: 959.6106 | Val Cost: 718905.31 | Val Max P-Miss: 3.5136 | Val Max Q-Miss: 1.4329 | Val Max Gen Viol: 0.0000 | Val Max Thermal: 0.9871
Epoch 6700 | Val Loss: 838.9518 | Val Cost: 730165.81 | Val Max P-Miss: 3.3540 | Val Max Q-Miss: 2.0820 | Val Max Gen Viol: 0.0000 | Val Max Thermal: 0.5559
Epoch 6800 | Val Loss: 1521.4657 | Val Cost: 724382.38 | Val Max P-Miss: 7.1290 | Val Max Q-Miss: 3.9427 | Val Max Gen Viol: 0.0000 | Val Max Thermal: 0.5694
Epoch 6900 | Val Loss: 863.5417 | Val Cost: 733633.19 | Val Max P-Miss: 3.5923 | Val Max Q-Miss: 1.3459 | Val Max Gen Viol: 0.0000 | Val Max Thermal: 0.9276
Epoch 7000 | Val Loss: 879.8666 | Val Cost: 728280.06 | Val Max P-Miss: 3.4286 | Val Max Q-Miss: 1.2305 | Val Max Gen Viol: 0.0000 | Val Max Thermal: 1.9740
Epoch 7100 | Val Loss: 1607.1908 | Val Cost: 696261.62 | Val Max P-Miss: 4.9641 | Val Max Q-Miss: 1.1616 | Val Max Gen Viol: 0.0000 | Val Max Thermal: 1.1089
Epoch 7200 | Val Loss: 699.9039 | Val Cost: 721071.62 | Val Max P-Miss: 3.6381 | Val Max Q-Miss: 1.4052 | Val Max Gen Viol: 0.0000 | Val Max Thermal: 2.4607
Epoch 7300 | Val Loss: 311.8638 | Val Cost: 683800.25 | Val Max P-Miss: 3.3779 | Val Max Q-Miss: 1.2902 | Val Max Gen Viol: 0.0000 | Val Max Thermal: 2.0614
Epoch 7400 | Val Loss: 1796.1732 | Val Cost: 674941.88 | Val Max P-Miss: 6.3514 | Val Max Q-Miss: 1.8886 | Val Max Gen Viol: 0.0000 | Val Max Thermal: 0.4681
Epoch 7500 | Val Loss: 1680.1110 | Val Cost: 715594.38 | Val Max P-Miss: 12.9371 | Val Max Q-Miss: 2.6664 | Val Max Gen Viol: 0.0000 | Val Max Thermal: 1.0434
Epoch 7600 | Val Loss: 1277.4623 | Val Cost: 726771.25 | Val Max P-Miss: 4.6817 | Val Max Q-Miss: 2.5903 | Val Max Gen Viol: 0.0000 | Val Max Thermal: 1.8482
Epoch 7700 | Val Loss: 1921.1665 | Val Cost: 719961.62 | Val Max P-Miss: 9.1266 | Val Max Q-Miss: 5.2555 | Val Max Gen Viol: 0.0000 | Val Max Thermal: 0.8656
Epoch 7800 | Val Loss: 681.1085 | Val Cost: 716111.38 | Val Max P-Miss: 3.5564 | Val Max Q-Miss: 1.2242 | Val Max Gen Viol: 0.0000 | Val Max Thermal: 1.3543
Epoch 7900 | Val Loss: 401.4973 | Val Cost: 726714.25 | Val Max P-Miss: 3.4797 | Val Max Q-Miss: 1.2497 | Val Max Gen Viol: 0.0000 | Val Max Thermal: 0.9324
Epoch 8000 | Val Loss: 801.5920 | Val Cost: 730187.25 | Val Max P-Miss: 3.7215 | Val Max Q-Miss: 2.3637 | Val Max Gen Viol: 0.0000 | Val Max Thermal: 1.4198
Epoch 8100 | Val Loss: 951.9804 | Val Cost: 729006.88 | Val Max P-Miss: 3.3269 | Val Max Q-Miss: 1.1677 | Val Max Gen Viol: 0.0000 | Val Max Thermal: 0.4159
Epoch 8200 | Val Loss: 571.5333 | Val Cost: 727651.50 | Val Max P-Miss: 3.5288 | Val Max Q-Miss: 1.2036 | Val Max Gen Viol: 0.0000 | Val Max Thermal: 0.7935
Epoch 8300 | Val Loss: 805.8063 | Val Cost: 731084.19 | Val Max P-Miss: 3.6116 | Val Max Q-Miss: 1.2846 | Val Max Gen Viol: 0.0000 | Val Max Thermal: 0.7336
Epoch 8400 | Val Loss: 1061.1854 | Val Cost: 712300.94 | Val Max P-Miss: 4.5429 | Val Max Q-Miss: 1.4923 | Val Max Gen Viol: 0.0000 | Val Max Thermal: 1.6326
Epoch 8500 | Val Loss: 3449.1072 | Val Cost: 714777.94 | Val Max P-Miss: 12.3978 | Val Max Q-Miss: 3.0636 | Val Max Gen Viol: 0.0000 | Val Max Thermal: 0.5551
Epoch 8600 | Val Loss: 654.6250 | Val Cost: 725883.81 | Val Max P-Miss: 3.2839 | Val Max Q-Miss: 1.3520 | Val Max Gen Viol: 0.0000 | Val Max Thermal: 0.5628
Epoch 8700 | Val Loss: 843.4528 | Val Cost: 685737.38 | Val Max P-Miss: 3.2283 | Val Max Q-Miss: 1.4093 | Val Max Gen Viol: 0.0000 | Val Max Thermal: 2.4858
Epoch 8800 | Val Loss: 1012.9814 | Val Cost: 688041.31 | Val Max P-Miss: 3.3730 | Val Max Q-Miss: 1.4271 | Val Max Gen Viol: 0.0000 | Val Max Thermal: 1.6447
Epoch 8900 | Val Loss: 636.5409 | Val Cost: 720907.19 | Val Max P-Miss: 3.7354 | Val Max Q-Miss: 1.4163 | Val Max Gen Viol: 0.0000 | Val Max Thermal: 1.0194
Epoch 9000 | Val Loss: 939.1387 | Val Cost: 712444.94 | Val Max P-Miss: 5.0320 | Val Max Q-Miss: 1.6921 | Val Max Gen Viol: 0.0000 | Val Max Thermal: 0.6072
Epoch 9100 | Val Loss: 683.2153 | Val Cost: 731638.44 | Val Max P-Miss: 3.4218 | Val Max Q-Miss: 1.4445 | Val Max Gen Viol: 0.0000 | Val Max Thermal: 1.7224
Epoch 9200 | Val Loss: 621.8174 | Val Cost: 730806.19 | Val Max P-Miss: 3.5838 | Val Max Q-Miss: 1.2247 | Val Max Gen Viol: 0.0000 | Val Max Thermal: 1.2877
Epoch 9300 | Val Loss: 1755.2609 | Val Cost: 706605.88 | Val Max P-Miss: 7.9409 | Val Max Q-Miss: 4.2800 | Val Max Gen Viol: 0.0000 | Val Max Thermal: 1.3318
Epoch 9400 | Val Loss: 771.5045 | Val Cost: 721374.25 | Val Max P-Miss: 3.3896 | Val Max Q-Miss: 1.1543 | Val Max Gen Viol: 0.0000 | Val Max Thermal: 2.4797
Epoch 9500 | Val Loss: 2737.1470 | Val Cost: 728037.56 | Val Max P-Miss: 7.2076 | Val Max Q-Miss: 4.1123 | Val Max Gen Viol: 0.0000 | Val Max Thermal: 1.1613
Epoch 9600 | Val Loss: 521.7361 | Val Cost: 722488.81 | Val Max P-Miss: 3.2332 | Val Max Q-Miss: 1.3335 | Val Max Gen Viol: 0.0000 | Val Max Thermal: 0.6871
Epoch 9700 | Val Loss: 475.6658 | Val Cost: 688190.88 | Val Max P-Miss: 3.5253 | Val Max Q-Miss: 1.2800 | Val Max Gen Viol: 0.0000 | Val Max Thermal: 0.6362
Epoch 9800 | Val Loss: 483.9484 | Val Cost: 719058.06 | Val Max P-Miss: 3.8136 | Val Max Q-Miss: 1.4860 | Val Max Gen Viol: 0.0000 | Val Max Thermal: 1.0366
Epoch 9900 | Val Loss: 1051.3733 | Val Cost: 725876.50 | Val Max P-Miss: 3.3659 | Val Max Q-Miss: 2.1360 | Val Max Gen Viol: 0.0000 | Val Max Thermal: 0.4233

==================================================
Training Complete!
Total Training Time: 00h 11m 36.97s
Best model weights saved to: ./model/best_rahul_model_pglib_opf_case300_ieee_10000epochs_20260723_053552.pth
==================================================

