Job ID: 8580
Executing: ACOPF_Hard_KKT.py --case_name pglib_opf_case162_ieee_dtc --epochs 10000
Node: issnode3
GPU Allocated: 0
CUDA Hardware Acceleration Active: NVIDIA GeForce RTX 4090

Beginning execution of parallelized training matrix loops for Hard KKT...
Epoch    0 | Val Loss: 4146.1572 | Val Cost: 84713.30 | Val Max P-Miss: 8.7929 | Val Max Q-Miss: 3.3596 | Val Max Gen Viol: 0.0000 | Val Max Thermal: 29.9067 [*SAVED BEST*]
Epoch  100 | Val Loss: 102.9533 | Val Cost: 74858.93 | Val Max P-Miss: 1.9995 | Val Max Q-Miss: 1.7972 | Val Max Gen Viol: 0.0000 | Val Max Thermal: 0.0000 [*SAVED BEST*]
Epoch  200 | Val Loss: 88.2404 | Val Cost: 71296.07 | Val Max P-Miss: 2.2941 | Val Max Q-Miss: 2.0895 | Val Max Gen Viol: 0.0000 | Val Max Thermal: 0.3601 [*SAVED BEST*]
Epoch  300 | Val Loss: 79.9585 | Val Cost: 71461.65 | Val Max P-Miss: 2.2730 | Val Max Q-Miss: 2.0985 | Val Max Gen Viol: 0.0016 | Val Max Thermal: 0.4073 [*SAVED BEST*]
Epoch  400 | Val Loss: 84.2755 | Val Cost: 71123.15 | Val Max P-Miss: 2.1623 | Val Max Q-Miss: 2.0998 | Val Max Gen Viol: 0.0034 | Val Max Thermal: 0.3819
Epoch  500 | Val Loss: 84.9247 | Val Cost: 70756.66 | Val Max P-Miss: 2.1014 | Val Max Q-Miss: 2.0801 | Val Max Gen Viol: 0.0041 | Val Max Thermal: 0.3612
Epoch  600 | Val Loss: 84.0844 | Val Cost: 70983.88 | Val Max P-Miss: 2.2323 | Val Max Q-Miss: 2.1460 | Val Max Gen Viol: 0.0045 | Val Max Thermal: 0.3603
Epoch  700 | Val Loss: 86.0001 | Val Cost: 70647.59 | Val Max P-Miss: 2.0986 | Val Max Q-Miss: 2.0840 | Val Max Gen Viol: 0.0046 | Val Max Thermal: 0.3370
Epoch  800 | Val Loss: 104.2887 | Val Cost: 70716.88 | Val Max P-Miss: 2.2092 | Val Max Q-Miss: 2.1566 | Val Max Gen Viol: 0.0047 | Val Max Thermal: 0.3266
Epoch  900 | Val Loss: 83.3794 | Val Cost: 70606.85 | Val Max P-Miss: 2.1057 | Val Max Q-Miss: 2.1531 | Val Max Gen Viol: 0.0048 | Val Max Thermal: 0.3379
Epoch 1000 | Val Loss: 85.7207 | Val Cost: 70746.69 | Val Max P-Miss: 2.2119 | Val Max Q-Miss: 2.1226 | Val Max Gen Viol: 0.0049 | Val Max Thermal: 0.3352
Epoch 1100 | Val Loss: 82.7690 | Val Cost: 70624.05 | Val Max P-Miss: 2.2222 | Val Max Q-Miss: 2.1013 | Val Max Gen Viol: 0.0049 | Val Max Thermal: 0.3480
Epoch 1200 | Val Loss: 85.7587 | Val Cost: 70652.30 | Val Max P-Miss: 2.1168 | Val Max Q-Miss: 2.1353 | Val Max Gen Viol: 0.0049 | Val Max Thermal: 0.3461
Epoch 1300 | Val Loss: 84.3931 | Val Cost: 70689.81 | Val Max P-Miss: 2.1983 | Val Max Q-Miss: 2.0989 | Val Max Gen Viol: 0.0050 | Val Max Thermal: 0.3549
Epoch 1400 | Val Loss: 86.9164 | Val Cost: 70700.52 | Val Max P-Miss: 2.1591 | Val Max Q-Miss: 2.1325 | Val Max Gen Viol: 0.0050 | Val Max Thermal: 0.3448
Epoch 1500 | Val Loss: 84.4377 | Val Cost: 70654.80 | Val Max P-Miss: 2.1169 | Val Max Q-Miss: 2.0784 | Val Max Gen Viol: 0.0050 | Val Max Thermal: 0.3786
Epoch 1600 | Val Loss: 85.1246 | Val Cost: 70646.77 | Val Max P-Miss: 2.0806 | Val Max Q-Miss: 2.1245 | Val Max Gen Viol: 0.0050 | Val Max Thermal: 0.3531
Epoch 1700 | Val Loss: 83.9766 | Val Cost: 70730.52 | Val Max P-Miss: 2.1425 | Val Max Q-Miss: 2.1204 | Val Max Gen Viol: 0.0050 | Val Max Thermal: 0.3458
