Job ID: 8591
Executing: ACOPF_FSNet.py --case_name pglib_opf_case162_ieee_dtc --epochs 10000
Node: issnode1
GPU Allocated: 0
CUDA Hardware Acceleration Active: NVIDIA GeForce RTX 4090
Problem Geometry Linked -> Matrix Samples: 10000

Beginning execution of parallelized training matrix loops for FSNet...
Epoch    0 | Val Loss: 2226850.0000 | Val Cost: 83866.34 | Val Max P-Miss: 52.2409 | Val Max Q-Miss: 11.7376 | Val Max Gen Viol: 0.0000 | Val Max Thermal: 501.3127 [*SAVED BEST*]
Epoch  100 | Val Loss: 55.8365 | Val Cost: 74571.82 | Val Max P-Miss: 1.0537 | Val Max Q-Miss: 0.1821 | Val Max Gen Viol: 0.0000 | Val Max Thermal: 1.0412 [*SAVED BEST*]
Epoch  200 | Val Loss: 64.5332 | Val Cost: 72187.41 | Val Max P-Miss: 1.8348 | Val Max Q-Miss: 0.1745 | Val Max Gen Viol: 0.0000 | Val Max Thermal: 0.0232
Epoch  300 | Val Loss: 49.6816 | Val Cost: 70974.12 | Val Max P-Miss: 0.8160 | Val Max Q-Miss: 0.2260 | Val Max Gen Viol: 0.0000 | Val Max Thermal: 0.8647 [*SAVED BEST*]
Epoch  400 | Val Loss: 49.4686 | Val Cost: 70726.96 | Val Max P-Miss: 0.8729 | Val Max Q-Miss: 0.1832 | Val Max Gen Viol: 0.0000 | Val Max Thermal: 0.5107 [*SAVED BEST*]
Epoch  500 | Val Loss: 50.7140 | Val Cost: 69342.28 | Val Max P-Miss: 1.0008 | Val Max Q-Miss: 0.1719 | Val Max Gen Viol: 0.0000 | Val Max Thermal: 0.4334
Epoch  600 | Val Loss: 47.5466 | Val Cost: 70574.87 | Val Max P-Miss: 0.7665 | Val Max Q-Miss: 0.1815 | Val Max Gen Viol: 0.0000 | Val Max Thermal: 0.5252 [*SAVED BEST*]
Epoch  700 | Val Loss: 47.2983 | Val Cost: 70730.29 | Val Max P-Miss: 0.7354 | Val Max Q-Miss: 0.1738 | Val Max Gen Viol: 0.0000 | Val Max Thermal: 0.5011 [*SAVED BEST*]
Epoch  800 | Val Loss: 51.6784 | Val Cost: 70204.09 | Val Max P-Miss: 1.8461 | Val Max Q-Miss: 0.1727 | Val Max Gen Viol: 0.0000 | Val Max Thermal: 0.3609
Epoch  900 | Val Loss: 48.8914 | Val Cost: 69869.52 | Val Max P-Miss: 1.0785 | Val Max Q-Miss: 0.1724 | Val Max Gen Viol: 0.0000 | Val Max Thermal: 0.4443
Epoch 1000 | Val Loss: 46.6884 | Val Cost: 70572.96 | Val Max P-Miss: 0.7317 | Val Max Q-Miss: 0.1836 | Val Max Gen Viol: 0.0000 | Val Max Thermal: 0.4485 [*SAVED BEST*]
Epoch 1100 | Val Loss: 46.2092 | Val Cost: 70420.27 | Val Max P-Miss: 0.7281 | Val Max Q-Miss: 0.1770 | Val Max Gen Viol: 0.0000 | Val Max Thermal: 0.4235 [*SAVED BEST*]
Epoch 1200 | Val Loss: 45.9349 | Val Cost: 70543.88 | Val Max P-Miss: 0.7063 | Val Max Q-Miss: 0.1749 | Val Max Gen Viol: 0.0000 | Val Max Thermal: 0.3931 [*SAVED BEST*]
Epoch 1300 | Val Loss: 45.8555 | Val Cost: 70569.30 | Val Max P-Miss: 0.6480 | Val Max Q-Miss: 0.1729 | Val Max Gen Viol: 0.0000 | Val Max Thermal: 0.4094 [*SAVED BEST*]
Epoch 1400 | Val Loss: 45.6879 | Val Cost: 70439.01 | Val Max P-Miss: 0.6660 | Val Max Q-Miss: 0.1831 | Val Max Gen Viol: 0.0000 | Val Max Thermal: 0.4015 [*SAVED BEST*]
Epoch 1500 | Val Loss: 45.7458 | Val Cost: 70300.13 | Val Max P-Miss: 0.6310 | Val Max Q-Miss: 0.1690 | Val Max Gen Viol: 0.0000 | Val Max Thermal: 0.3674
Epoch 1600 | Val Loss: 46.0372 | Val Cost: 70216.48 | Val Max P-Miss: 0.7333 | Val Max Q-Miss: 0.1730 | Val Max Gen Viol: 0.0000 | Val Max Thermal: 0.4294
Epoch 1700 | Val Loss: 47.1599 | Val Cost: 70175.45 | Val Max P-Miss: 0.7006 | Val Max Q-Miss: 0.1777 | Val Max Gen Viol: 0.0000 | Val Max Thermal: 0.3313
Epoch 1800 | Val Loss: 45.9033 | Val Cost: 70045.38 | Val Max P-Miss: 0.7602 | Val Max Q-Miss: 0.1762 | Val Max Gen Viol: 0.0000 | Val Max Thermal: 0.4729
Epoch 1900 | Val Loss: 45.5511 | Val Cost: 70280.05 | Val Max P-Miss: 0.7056 | Val Max Q-Miss: 0.1765 | Val Max Gen Viol: 0.0000 | Val Max Thermal: 0.4187 [*SAVED BEST*]
Epoch 2000 | Val Loss: 45.6442 | Val Cost: 70151.30 | Val Max P-Miss: 0.7015 | Val Max Q-Miss: 0.1748 | Val Max Gen Viol: 0.0000 | Val Max Thermal: 0.3480
Epoch 2100 | Val Loss: 45.5585 | Val Cost: 70220.49 | Val Max P-Miss: 0.7219 | Val Max Q-Miss: 0.1749 | Val Max Gen Viol: 0.0000 | Val Max Thermal: 0.6187
Epoch 2200 | Val Loss: 45.7662 | Val Cost: 70086.74 | Val Max P-Miss: 0.7170 | Val Max Q-Miss: 0.1752 | Val Max Gen Viol: 0.0000 | Val Max Thermal: 0.3858
Epoch 2300 | Val Loss: 46.4958 | Val Cost: 69873.84 | Val Max P-Miss: 0.6970 | Val Max Q-Miss: 0.1668 | Val Max Gen Viol: 0.0000 | Val Max Thermal: 0.3257
Epoch 2400 | Val Loss: 45.3566 | Val Cost: 70270.34 | Val Max P-Miss: 0.7131 | Val Max Q-Miss: 0.1769 | Val Max Gen Viol: 0.0000 | Val Max Thermal: 0.4896 [*SAVED BEST*]
Epoch 2500 | Val Loss: 45.3907 | Val Cost: 70217.30 | Val Max P-Miss: 0.7105 | Val Max Q-Miss: 0.1747 | Val Max Gen Viol: 0.0000 | Val Max Thermal: 0.3675
Epoch 2600 | Val Loss: 45.8642 | Val Cost: 70105.37 | Val Max P-Miss: 0.6886 | Val Max Q-Miss: 0.1718 | Val Max Gen Viol: 0.0000 | Val Max Thermal: 0.4201
Epoch 2700 | Val Loss: 45.2288 | Val Cost: 70340.26 | Val Max P-Miss: 0.7086 | Val Max Q-Miss: 0.1742 | Val Max Gen Viol: 0.0000 | Val Max Thermal: 0.5263 [*SAVED BEST*]
Epoch 2800 | Val Loss: 45.3186 | Val Cost: 70314.62 | Val Max P-Miss: 0.6998 | Val Max Q-Miss: 0.1733 | Val Max Gen Viol: 0.0000 | Val Max Thermal: 0.3976
Epoch 2900 | Val Loss: 45.2204 | Val Cost: 70384.77 | Val Max P-Miss: 0.7083 | Val Max Q-Miss: 0.1786 | Val Max Gen Viol: 0.0000 | Val Max Thermal: 0.3740 [*SAVED BEST*]
Epoch 3000 | Val Loss: 45.3377 | Val Cost: 70304.96 | Val Max P-Miss: 0.7085 | Val Max Q-Miss: 0.1789 | Val Max Gen Viol: 0.0000 | Val Max Thermal: 0.4203
Epoch 3100 | Val Loss: 45.1678 | Val Cost: 70325.11 | Val Max P-Miss: 0.7015 | Val Max Q-Miss: 0.1764 | Val Max Gen Viol: 0.0000 | Val Max Thermal: 0.4763 [*SAVED BEST*]
Epoch 3200 | Val Loss: 45.1838 | Val Cost: 70504.86 | Val Max P-Miss: 0.7053 | Val Max Q-Miss: 0.1748 | Val Max Gen Viol: 0.0000 | Val Max Thermal: 0.3767
Epoch 3300 | Val Loss: 45.2620 | Val Cost: 70417.17 | Val Max P-Miss: 0.7015 | Val Max Q-Miss: 0.1787 | Val Max Gen Viol: 0.0000 | Val Max Thermal: 0.4830
Epoch 3400 | Val Loss: 45.7732 | Val Cost: 70522.89 | Val Max P-Miss: 0.6702 | Val Max Q-Miss: 0.1801 | Val Max Gen Viol: 0.0000 | Val Max Thermal: 0.3727
Epoch 3500 | Val Loss: 45.1276 | Val Cost: 70326.21 | Val Max P-Miss: 0.7053 | Val Max Q-Miss: 0.1749 | Val Max Gen Viol: 0.0000 | Val Max Thermal: 0.3611 [*SAVED BEST*]
Epoch 3600 | Val Loss: 45.1924 | Val Cost: 70370.95 | Val Max P-Miss: 0.7143 | Val Max Q-Miss: 0.1735 | Val Max Gen Viol: 0.0000 | Val Max Thermal: 0.3822
Epoch 3700 | Val Loss: 45.2151 | Val Cost: 70553.66 | Val Max P-Miss: 0.6997 | Val Max Q-Miss: 0.1703 | Val Max Gen Viol: 0.0000 | Val Max Thermal: 0.5860
Epoch 3800 | Val Loss: 50.2752 | Val Cost: 70111.57 | Val Max P-Miss: 0.8980 | Val Max Q-Miss: 0.1763 | Val Max Gen Viol: 0.0000 | Val Max Thermal: 0.9390
Epoch 3900 | Val Loss: 45.5101 | Val Cost: 70637.86 | Val Max P-Miss: 0.7732 | Val Max Q-Miss: 0.1780 | Val Max Gen Viol: 0.0000 | Val Max Thermal: 0.3538
Epoch 4000 | Val Loss: 45.4683 | Val Cost: 70698.98 | Val Max P-Miss: 0.8483 | Val Max Q-Miss: 0.1752 | Val Max Gen Viol: 0.0000 | Val Max Thermal: 0.3507
Epoch 4100 | Val Loss: 45.5510 | Val Cost: 70611.16 | Val Max P-Miss: 0.8033 | Val Max Q-Miss: 0.1740 | Val Max Gen Viol: 0.0000 | Val Max Thermal: 0.4181
Epoch 4200 | Val Loss: 47.9223 | Val Cost: 70223.23 | Val Max P-Miss: 0.8485 | Val Max Q-Miss: 0.1773 | Val Max Gen Viol: 0.0000 | Val Max Thermal: 0.3849
Epoch 4300 | Val Loss: 45.6465 | Val Cost: 70511.91 | Val Max P-Miss: 0.8577 | Val Max Q-Miss: 0.1747 | Val Max Gen Viol: 0.0000 | Val Max Thermal: 0.3540
Epoch 4400 | Val Loss: 45.4775 | Val Cost: 70733.59 | Val Max P-Miss: 0.8549 | Val Max Q-Miss: 0.1760 | Val Max Gen Viol: 0.0000 | Val Max Thermal: 0.3521
Epoch 4500 | Val Loss: 45.4597 | Val Cost: 70664.92 | Val Max P-Miss: 0.8156 | Val Max Q-Miss: 0.1753 | Val Max Gen Viol: 0.0000 | Val Max Thermal: 0.3566
Epoch 4600 | Val Loss: 45.4175 | Val Cost: 70694.50 | Val Max P-Miss: 0.8276 | Val Max Q-Miss: 0.1797 | Val Max Gen Viol: 0.0000 | Val Max Thermal: 0.3544
Epoch 4700 | Val Loss: 45.5419 | Val Cost: 70616.06 | Val Max P-Miss: 0.8174 | Val Max Q-Miss: 0.1777 | Val Max Gen Viol: 0.0000 | Val Max Thermal: 0.5328
Epoch 4800 | Val Loss: 49.7324 | Val Cost: 70340.95 | Val Max P-Miss: 0.7687 | Val Max Q-Miss: 0.1816 | Val Max Gen Viol: 0.0000 | Val Max Thermal: 0.4977
Epoch 4900 | Val Loss: 45.2755 | Val Cost: 70728.52 | Val Max P-Miss: 0.8198 | Val Max Q-Miss: 0.1761 | Val Max Gen Viol: 0.0000 | Val Max Thermal: 0.4456
Epoch 5000 | Val Loss: 49.9337 | Val Cost: 70156.30 | Val Max P-Miss: 1.3080 | Val Max Q-Miss: 0.2127 | Val Max Gen Viol: 0.0000 | Val Max Thermal: 0.3533
Epoch 5100 | Val Loss: 45.2447 | Val Cost: 70795.04 | Val Max P-Miss: 0.8201 | Val Max Q-Miss: 0.1767 | Val Max Gen Viol: 0.0000 | Val Max Thermal: 0.3619
Epoch 5200 | Val Loss: 45.2939 | Val Cost: 70732.99 | Val Max P-Miss: 0.8452 | Val Max Q-Miss: 0.1774 | Val Max Gen Viol: 0.0000 | Val Max Thermal: 0.3521
Epoch 5300 | Val Loss: 45.4295 | Val Cost: 70622.62 | Val Max P-Miss: 0.8259 | Val Max Q-Miss: 0.1754 | Val Max Gen Viol: 0.0000 | Val Max Thermal: 0.3665
Epoch 5400 | Val Loss: 45.2570 | Val Cost: 70793.51 | Val Max P-Miss: 0.8124 | Val Max Q-Miss: 0.1745 | Val Max Gen Viol: 0.0000 | Val Max Thermal: 0.3496
Epoch 5500 | Val Loss: 45.2923 | Val Cost: 70768.47 | Val Max P-Miss: 0.8112 | Val Max Q-Miss: 0.1782 | Val Max Gen Viol: 0.0000 | Val Max Thermal: 0.3472
Epoch 5600 | Val Loss: 45.3648 | Val Cost: 70804.94 | Val Max P-Miss: 0.8217 | Val Max Q-Miss: 0.1785 | Val Max Gen Viol: 0.0000 | Val Max Thermal: 0.3442
Epoch 5700 | Val Loss: 45.3214 | Val Cost: 70727.54 | Val Max P-Miss: 0.8138 | Val Max Q-Miss: 0.1752 | Val Max Gen Viol: 0.0000 | Val Max Thermal: 0.3539
Epoch 5800 | Val Loss: 45.9820 | Val Cost: 70553.22 | Val Max P-Miss: 0.8284 | Val Max Q-Miss: 0.1731 | Val Max Gen Viol: 0.0000 | Val Max Thermal: 0.3602
Epoch 5900 | Val Loss: 45.3719 | Val Cost: 70863.88 | Val Max P-Miss: 0.8054 | Val Max Q-Miss: 0.1799 | Val Max Gen Viol: 0.0000 | Val Max Thermal: 0.3501
Epoch 6000 | Val Loss: 47.3987 | Val Cost: 70516.55 | Val Max P-Miss: 0.8201 | Val Max Q-Miss: 0.1793 | Val Max Gen Viol: 0.0000 | Val Max Thermal: 0.3182
Epoch 6100 | Val Loss: 45.2267 | Val Cost: 70856.88 | Val Max P-Miss: 0.7931 | Val Max Q-Miss: 0.1765 | Val Max Gen Viol: 0.0000 | Val Max Thermal: 0.3461
Epoch 6200 | Val Loss: 45.2796 | Val Cost: 70815.94 | Val Max P-Miss: 0.8044 | Val Max Q-Miss: 0.1776 | Val Max Gen Viol: 0.0000 | Val Max Thermal: 0.3587
Epoch 6300 | Val Loss: 45.3358 | Val Cost: 70852.48 | Val Max P-Miss: 0.7864 | Val Max Q-Miss: 0.1744 | Val Max Gen Viol: 0.0000 | Val Max Thermal: 0.3578
Epoch 6400 | Val Loss: 45.2325 | Val Cost: 70853.11 | Val Max P-Miss: 0.7633 | Val Max Q-Miss: 0.1713 | Val Max Gen Viol: 0.0000 | Val Max Thermal: 0.3677
Epoch 6500 | Val Loss: 45.2345 | Val Cost: 70854.65 | Val Max P-Miss: 0.7653 | Val Max Q-Miss: 0.1737 | Val Max Gen Viol: 0.0000 | Val Max Thermal: 0.3564
Epoch 6600 | Val Loss: 45.2626 | Val Cost: 70949.88 | Val Max P-Miss: 0.7632 | Val Max Q-Miss: 0.2635 | Val Max Gen Viol: 0.0000 | Val Max Thermal: 0.3498
Epoch 6700 | Val Loss: 45.2133 | Val Cost: 70986.55 | Val Max P-Miss: 0.7631 | Val Max Q-Miss: 0.1917 | Val Max Gen Viol: 0.0000 | Val Max Thermal: 0.3594
Epoch 6800 | Val Loss: 45.5577 | Val Cost: 70765.91 | Val Max P-Miss: 0.7563 | Val Max Q-Miss: 0.2203 | Val Max Gen Viol: 0.0000 | Val Max Thermal: 0.4054
Epoch 6900 | Val Loss: 45.2373 | Val Cost: 70959.17 | Val Max P-Miss: 0.7367 | Val Max Q-Miss: 0.1762 | Val Max Gen Viol: 0.0000 | Val Max Thermal: 0.3745
Epoch 7000 | Val Loss: 45.1985 | Val Cost: 70912.30 | Val Max P-Miss: 0.7427 | Val Max Q-Miss: 0.1760 | Val Max Gen Viol: 0.0000 | Val Max Thermal: 0.3763
Epoch 7100 | Val Loss: 45.4003 | Val Cost: 70863.59 | Val Max P-Miss: 0.7434 | Val Max Q-Miss: 0.1731 | Val Max Gen Viol: 0.0000 | Val Max Thermal: 0.3532
Epoch 7200 | Val Loss: 45.2349 | Val Cost: 70811.84 | Val Max P-Miss: 0.7411 | Val Max Q-Miss: 0.1721 | Val Max Gen Viol: 0.0000 | Val Max Thermal: 0.3706
Epoch 7300 | Val Loss: 45.3048 | Val Cost: 70827.97 | Val Max P-Miss: 0.7418 | Val Max Q-Miss: 0.1712 | Val Max Gen Viol: 0.0000 | Val Max Thermal: 0.3531
Epoch 7400 | Val Loss: 45.2015 | Val Cost: 70902.30 | Val Max P-Miss: 0.7420 | Val Max Q-Miss: 0.1709 | Val Max Gen Viol: 0.0000 | Val Max Thermal: 0.3526
Epoch 7500 | Val Loss: 45.1775 | Val Cost: 70852.53 | Val Max P-Miss: 0.7563 | Val Max Q-Miss: 0.1750 | Val Max Gen Viol: 0.0000 | Val Max Thermal: 0.3584
Epoch 7600 | Val Loss: 45.1936 | Val Cost: 70885.88 | Val Max P-Miss: 0.7367 | Val Max Q-Miss: 0.1726 | Val Max Gen Viol: 0.0000 | Val Max Thermal: 0.3593
Epoch 7700 | Val Loss: 45.1985 | Val Cost: 70871.91 | Val Max P-Miss: 0.7455 | Val Max Q-Miss: 0.1719 | Val Max Gen Viol: 0.0000 | Val Max Thermal: 0.3581
Epoch 7800 | Val Loss: 46.6945 | Val Cost: 70390.91 | Val Max P-Miss: 0.7569 | Val Max Q-Miss: 0.1802 | Val Max Gen Viol: 0.0000 | Val Max Thermal: 0.5010
Epoch 7900 | Val Loss: 45.1869 | Val Cost: 70898.84 | Val Max P-Miss: 0.7508 | Val Max Q-Miss: 0.1751 | Val Max Gen Viol: 0.0000 | Val Max Thermal: 0.3551
Epoch 8000 | Val Loss: 45.1992 | Val Cost: 70872.62 | Val Max P-Miss: 0.7655 | Val Max Q-Miss: 0.1735 | Val Max Gen Viol: 0.0000 | Val Max Thermal: 0.3508
Epoch 8100 | Val Loss: 45.5473 | Val Cost: 70647.92 | Val Max P-Miss: 0.7719 | Val Max Q-Miss: 0.1727 | Val Max Gen Viol: 0.0000 | Val Max Thermal: 0.3673
Epoch 8200 | Val Loss: 45.1859 | Val Cost: 70886.96 | Val Max P-Miss: 0.7711 | Val Max Q-Miss: 0.1757 | Val Max Gen Viol: 0.0000 | Val Max Thermal: 0.3559
Epoch 8300 | Val Loss: 45.1353 | Val Cost: 70869.34 | Val Max P-Miss: 0.7778 | Val Max Q-Miss: 0.1740 | Val Max Gen Viol: 0.0000 | Val Max Thermal: 0.3548
Epoch 8400 | Val Loss: 45.1498 | Val Cost: 70926.55 | Val Max P-Miss: 0.7880 | Val Max Q-Miss: 0.1718 | Val Max Gen Viol: 0.0000 | Val Max Thermal: 0.3565
Epoch 8500 | Val Loss: 45.1556 | Val Cost: 70748.79 | Val Max P-Miss: 0.7890 | Val Max Q-Miss: 0.1776 | Val Max Gen Viol: 0.0000 | Val Max Thermal: 0.3560
Epoch 8600 | Val Loss: 45.2266 | Val Cost: 70826.16 | Val Max P-Miss: 0.8121 | Val Max Q-Miss: 0.1748 | Val Max Gen Viol: 0.0000 | Val Max Thermal: 0.3720
Epoch 8700 | Val Loss: 45.1571 | Val Cost: 70800.85 | Val Max P-Miss: 0.8073 | Val Max Q-Miss: 0.1760 | Val Max Gen Viol: 0.0000 | Val Max Thermal: 0.3457
Epoch 8800 | Val Loss: 49.1432 | Val Cost: 70456.42 | Val Max P-Miss: 0.8078 | Val Max Q-Miss: 0.1707 | Val Max Gen Viol: 0.0000 | Val Max Thermal: 0.4200
Epoch 8900 | Val Loss: 45.1332 | Val Cost: 70983.41 | Val Max P-Miss: 0.8123 | Val Max Q-Miss: 0.1744 | Val Max Gen Viol: 0.0000 | Val Max Thermal: 0.3599
Epoch 9000 | Val Loss: 45.2498 | Val Cost: 70757.23 | Val Max P-Miss: 0.8243 | Val Max Q-Miss: 0.1749 | Val Max Gen Viol: 0.0000 | Val Max Thermal: 0.3797
Epoch 9100 | Val Loss: 45.1092 | Val Cost: 70884.80 | Val Max P-Miss: 0.8306 | Val Max Q-Miss: 0.1748 | Val Max Gen Viol: 0.0000 | Val Max Thermal: 0.3680 [*SAVED BEST*]
Epoch 9200 | Val Loss: 45.4669 | Val Cost: 70832.32 | Val Max P-Miss: 0.8298 | Val Max Q-Miss: 0.1762 | Val Max Gen Viol: 0.0000 | Val Max Thermal: 0.3621
Epoch 9300 | Val Loss: 45.8180 | Val Cost: 70935.51 | Val Max P-Miss: 0.8623 | Val Max Q-Miss: 0.1702 | Val Max Gen Viol: 0.0000 | Val Max Thermal: 0.3615
Epoch 9400 | Val Loss: 49.0941 | Val Cost: 69753.71 | Val Max P-Miss: 1.1631 | Val Max Q-Miss: 0.1991 | Val Max Gen Viol: 0.0000 | Val Max Thermal: 0.3466
Epoch 9500 | Val Loss: 45.1265 | Val Cost: 70933.77 | Val Max P-Miss: 0.8250 | Val Max Q-Miss: 0.1741 | Val Max Gen Viol: 0.0000 | Val Max Thermal: 0.3628
Epoch 9600 | Val Loss: 45.1942 | Val Cost: 70923.68 | Val Max P-Miss: 0.8392 | Val Max Q-Miss: 0.1733 | Val Max Gen Viol: 0.0000 | Val Max Thermal: 0.3559
Epoch 9700 | Val Loss: 45.2696 | Val Cost: 70761.98 | Val Max P-Miss: 0.8523 | Val Max Q-Miss: 0.1736 | Val Max Gen Viol: 0.0000 | Val Max Thermal: 0.3595
Epoch 9800 | Val Loss: 45.1159 | Val Cost: 70885.38 | Val Max P-Miss: 0.8553 | Val Max Q-Miss: 0.1734 | Val Max Gen Viol: 0.0000 | Val Max Thermal: 0.3559
Epoch 9900 | Val Loss: 45.1379 | Val Cost: 70920.20 | Val Max P-Miss: 0.8464 | Val Max Q-Miss: 0.1714 | Val Max Gen Viol: 0.0000 | Val Max Thermal: 0.3658

==================================================
Training Complete!
Total Training Time: 00h 30m 42.62s
Best model weights saved to: ./model/best_fsnet_model_pglib_opf_case162_ieee_dtc_10000epochs_20260723_215726.pth
==================================================

