Job ID: 8592
Executing: ACOPF_FSNet.py --case_name pglib_opf_case162_ieee_dtc --epochs 10000
Node: issnode1
GPU Allocated: 0
CUDA Hardware Acceleration Active: NVIDIA GeForce RTX 4090
Problem Geometry Linked -> Matrix Samples: 10000

Beginning execution of parallelized training matrix loops for FSNet...
Epoch    0 | Val Loss: 8034910.0000 | Val Cost: 84768.62 | Val Max P-Miss: 69.0177 | Val Max Q-Miss: 12.6055 | Val Max Gen Viol: 0.0000 | Val Max Thermal: 1028.3746 [*SAVED BEST*]
Epoch  100 | Val Loss: 57.0898 | Val Cost: 75263.16 | Val Max P-Miss: 1.3406 | Val Max Q-Miss: 0.1808 | Val Max Gen Viol: 0.0000 | Val Max Thermal: 0.8042 [*SAVED BEST*]
Epoch  200 | Val Loss: 53.1725 | Val Cost: 73140.82 | Val Max P-Miss: 0.9682 | Val Max Q-Miss: 0.1944 | Val Max Gen Viol: 0.0000 | Val Max Thermal: 0.9461 [*SAVED BEST*]
Epoch  300 | Val Loss: 51.5980 | Val Cost: 72708.39 | Val Max P-Miss: 1.1985 | Val Max Q-Miss: 0.1805 | Val Max Gen Viol: 0.0000 | Val Max Thermal: 0.8442 [*SAVED BEST*]
Epoch  400 | Val Loss: 49.6117 | Val Cost: 71533.30 | Val Max P-Miss: 0.8486 | Val Max Q-Miss: 0.1936 | Val Max Gen Viol: 0.0000 | Val Max Thermal: 0.7421 [*SAVED BEST*]
Epoch  500 | Val Loss: 49.1388 | Val Cost: 71468.92 | Val Max P-Miss: 0.8191 | Val Max Q-Miss: 0.1793 | Val Max Gen Viol: 0.0000 | Val Max Thermal: 0.8046 [*SAVED BEST*]
Epoch  600 | Val Loss: 49.0125 | Val Cost: 71373.66 | Val Max P-Miss: 1.0025 | Val Max Q-Miss: 0.1751 | Val Max Gen Viol: 0.0000 | Val Max Thermal: 0.4190 [*SAVED BEST*]
Epoch  700 | Val Loss: 49.4286 | Val Cost: 71118.38 | Val Max P-Miss: 0.8868 | Val Max Q-Miss: 0.1694 | Val Max Gen Viol: 0.0000 | Val Max Thermal: 0.4024
Epoch  800 | Val Loss: 47.7546 | Val Cost: 71265.58 | Val Max P-Miss: 0.8255 | Val Max Q-Miss: 0.1743 | Val Max Gen Viol: 0.0000 | Val Max Thermal: 0.5586 [*SAVED BEST*]
Epoch  900 | Val Loss: 47.2922 | Val Cost: 71086.04 | Val Max P-Miss: 0.8049 | Val Max Q-Miss: 0.1759 | Val Max Gen Viol: 0.0000 | Val Max Thermal: 0.6811 [*SAVED BEST*]
Epoch 1000 | Val Loss: 50.9792 | Val Cost: 70348.37 | Val Max P-Miss: 1.1763 | Val Max Q-Miss: 0.1757 | Val Max Gen Viol: 0.0000 | Val Max Thermal: 0.3555
Epoch 1100 | Val Loss: 47.5130 | Val Cost: 70927.68 | Val Max P-Miss: 0.7951 | Val Max Q-Miss: 0.1724 | Val Max Gen Viol: 0.0000 | Val Max Thermal: 0.3991
Epoch 1200 | Val Loss: 46.6422 | Val Cost: 70731.12 | Val Max P-Miss: 0.7694 | Val Max Q-Miss: 0.1756 | Val Max Gen Viol: 0.0000 | Val Max Thermal: 0.4277 [*SAVED BEST*]
Epoch 1300 | Val Loss: 50.3062 | Val Cost: 70610.04 | Val Max P-Miss: 0.9249 | Val Max Q-Miss: 0.1799 | Val Max Gen Viol: 0.0000 | Val Max Thermal: 0.3234
Epoch 1400 | Val Loss: 46.4548 | Val Cost: 70594.41 | Val Max P-Miss: 0.8105 | Val Max Q-Miss: 0.1749 | Val Max Gen Viol: 0.0000 | Val Max Thermal: 0.5786 [*SAVED BEST*]
Epoch 1500 | Val Loss: 49.6334 | Val Cost: 70505.57 | Val Max P-Miss: 0.9050 | Val Max Q-Miss: 0.1808 | Val Max Gen Viol: 0.0000 | Val Max Thermal: 0.3150
Epoch 1600 | Val Loss: 46.3529 | Val Cost: 70337.20 | Val Max P-Miss: 0.7982 | Val Max Q-Miss: 0.1758 | Val Max Gen Viol: 0.0000 | Val Max Thermal: 0.5092 [*SAVED BEST*]
Epoch 1700 | Val Loss: 48.4535 | Val Cost: 70278.62 | Val Max P-Miss: 0.8453 | Val Max Q-Miss: 0.1868 | Val Max Gen Viol: 0.0000 | Val Max Thermal: 0.4170
Epoch 1800 | Val Loss: 46.4926 | Val Cost: 70132.08 | Val Max P-Miss: 0.8503 | Val Max Q-Miss: 0.1738 | Val Max Gen Viol: 0.0000 | Val Max Thermal: 0.4172
Epoch 1900 | Val Loss: 47.1175 | Val Cost: 70127.83 | Val Max P-Miss: 0.7962 | Val Max Q-Miss: 0.1780 | Val Max Gen Viol: 0.0000 | Val Max Thermal: 0.4064
Epoch 2000 | Val Loss: 54.6785 | Val Cost: 69712.55 | Val Max P-Miss: 0.8424 | Val Max Q-Miss: 0.1729 | Val Max Gen Viol: 0.0000 | Val Max Thermal: 0.4178
Epoch 2100 | Val Loss: 46.0220 | Val Cost: 70282.16 | Val Max P-Miss: 0.8125 | Val Max Q-Miss: 0.1742 | Val Max Gen Viol: 0.0000 | Val Max Thermal: 0.4087 [*SAVED BEST*]
Epoch 2200 | Val Loss: 46.1209 | Val Cost: 70171.97 | Val Max P-Miss: 0.8444 | Val Max Q-Miss: 0.1739 | Val Max Gen Viol: 0.0000 | Val Max Thermal: 0.3690
Epoch 2300 | Val Loss: 45.8574 | Val Cost: 70107.06 | Val Max P-Miss: 0.8317 | Val Max Q-Miss: 0.1738 | Val Max Gen Viol: 0.0000 | Val Max Thermal: 0.3783 [*SAVED BEST*]
Epoch 2400 | Val Loss: 45.9523 | Val Cost: 70227.51 | Val Max P-Miss: 0.8321 | Val Max Q-Miss: 0.1765 | Val Max Gen Viol: 0.0000 | Val Max Thermal: 0.3715
Epoch 2500 | Val Loss: 45.9964 | Val Cost: 69956.99 | Val Max P-Miss: 0.8520 | Val Max Q-Miss: 0.1766 | Val Max Gen Viol: 0.0000 | Val Max Thermal: 0.3594
Epoch 2600 | Val Loss: 45.8905 | Val Cost: 70136.61 | Val Max P-Miss: 0.8251 | Val Max Q-Miss: 0.1734 | Val Max Gen Viol: 0.0000 | Val Max Thermal: 0.3729
Epoch 2700 | Val Loss: 45.8950 | Val Cost: 70161.09 | Val Max P-Miss: 0.8439 | Val Max Q-Miss: 0.1744 | Val Max Gen Viol: 0.0000 | Val Max Thermal: 0.3691
Epoch 2800 | Val Loss: 45.7670 | Val Cost: 70173.73 | Val Max P-Miss: 0.8366 | Val Max Q-Miss: 0.1746 | Val Max Gen Viol: 0.0000 | Val Max Thermal: 0.3730 [*SAVED BEST*]
Epoch 2900 | Val Loss: 45.7923 | Val Cost: 70101.46 | Val Max P-Miss: 0.8301 | Val Max Q-Miss: 0.1756 | Val Max Gen Viol: 0.0000 | Val Max Thermal: 0.3816
Epoch 3000 | Val Loss: 45.7206 | Val Cost: 70234.96 | Val Max P-Miss: 0.8381 | Val Max Q-Miss: 0.1762 | Val Max Gen Viol: 0.0000 | Val Max Thermal: 0.3758 [*SAVED BEST*]
Epoch 3100 | Val Loss: 45.7809 | Val Cost: 69998.63 | Val Max P-Miss: 0.8457 | Val Max Q-Miss: 0.1749 | Val Max Gen Viol: 0.0000 | Val Max Thermal: 0.3889
Epoch 3200 | Val Loss: 45.8600 | Val Cost: 70224.46 | Val Max P-Miss: 0.8395 | Val Max Q-Miss: 0.1781 | Val Max Gen Viol: 0.0000 | Val Max Thermal: 0.3842
Epoch 3300 | Val Loss: 45.9904 | Val Cost: 70134.87 | Val Max P-Miss: 0.8497 | Val Max Q-Miss: 0.1782 | Val Max Gen Viol: 0.0000 | Val Max Thermal: 0.3579
Epoch 3400 | Val Loss: 47.0389 | Val Cost: 70132.04 | Val Max P-Miss: 0.8920 | Val Max Q-Miss: 0.1710 | Val Max Gen Viol: 0.0000 | Val Max Thermal: 0.3321
Epoch 3500 | Val Loss: 45.7058 | Val Cost: 70522.32 | Val Max P-Miss: 0.8197 | Val Max Q-Miss: 0.1719 | Val Max Gen Viol: 0.0000 | Val Max Thermal: 0.3675 [*SAVED BEST*]
Epoch 3600 | Val Loss: 45.8445 | Val Cost: 69960.08 | Val Max P-Miss: 0.8251 | Val Max Q-Miss: 0.1779 | Val Max Gen Viol: 0.0000 | Val Max Thermal: 0.3809
Epoch 3700 | Val Loss: 45.6998 | Val Cost: 70283.82 | Val Max P-Miss: 0.8486 | Val Max Q-Miss: 0.1756 | Val Max Gen Viol: 0.0000 | Val Max Thermal: 0.3621 [*SAVED BEST*]
Epoch 3800 | Val Loss: 45.8547 | Val Cost: 70433.09 | Val Max P-Miss: 0.8252 | Val Max Q-Miss: 0.1752 | Val Max Gen Viol: 0.0000 | Val Max Thermal: 0.3570
Epoch 3900 | Val Loss: 45.6482 | Val Cost: 70498.80 | Val Max P-Miss: 0.8350 | Val Max Q-Miss: 0.1741 | Val Max Gen Viol: 0.0000 | Val Max Thermal: 0.3682 [*SAVED BEST*]
Epoch 4000 | Val Loss: 47.1062 | Val Cost: 69975.62 | Val Max P-Miss: 0.7774 | Val Max Q-Miss: 0.1754 | Val Max Gen Viol: 0.0000 | Val Max Thermal: 0.5735
Epoch 4100 | Val Loss: 45.6363 | Val Cost: 70361.13 | Val Max P-Miss: 0.8138 | Val Max Q-Miss: 0.1757 | Val Max Gen Viol: 0.0000 | Val Max Thermal: 0.3586 [*SAVED BEST*]
Epoch 4200 | Val Loss: 46.5803 | Val Cost: 69787.39 | Val Max P-Miss: 0.8496 | Val Max Q-Miss: 0.1767 | Val Max Gen Viol: 0.0000 | Val Max Thermal: 0.3645
Epoch 4300 | Val Loss: 45.6192 | Val Cost: 70522.95 | Val Max P-Miss: 0.8333 | Val Max Q-Miss: 0.1755 | Val Max Gen Viol: 0.0000 | Val Max Thermal: 0.3549 [*SAVED BEST*]
Epoch 4400 | Val Loss: 45.5663 | Val Cost: 70632.00 | Val Max P-Miss: 0.8354 | Val Max Q-Miss: 0.1743 | Val Max Gen Viol: 0.0000 | Val Max Thermal: 0.3568 [*SAVED BEST*]
Epoch 4500 | Val Loss: 45.6024 | Val Cost: 70480.45 | Val Max P-Miss: 0.8311 | Val Max Q-Miss: 0.1749 | Val Max Gen Viol: 0.0000 | Val Max Thermal: 0.3492
Epoch 4600 | Val Loss: 45.5779 | Val Cost: 70570.09 | Val Max P-Miss: 0.8226 | Val Max Q-Miss: 0.1735 | Val Max Gen Viol: 0.0000 | Val Max Thermal: 0.3550
Epoch 4700 | Val Loss: 45.6143 | Val Cost: 70485.71 | Val Max P-Miss: 0.8410 | Val Max Q-Miss: 0.1756 | Val Max Gen Viol: 0.0000 | Val Max Thermal: 0.3395
Epoch 4800 | Val Loss: 48.0267 | Val Cost: 70203.80 | Val Max P-Miss: 0.8442 | Val Max Q-Miss: 0.1753 | Val Max Gen Viol: 0.0000 | Val Max Thermal: 0.3228
Epoch 4900 | Val Loss: 45.6350 | Val Cost: 70698.00 | Val Max P-Miss: 0.8245 | Val Max Q-Miss: 0.1762 | Val Max Gen Viol: 0.0000 | Val Max Thermal: 0.3564
Epoch 5000 | Val Loss: 45.8966 | Val Cost: 70508.26 | Val Max P-Miss: 0.8162 | Val Max Q-Miss: 0.1731 | Val Max Gen Viol: 0.0000 | Val Max Thermal: 0.3597
Epoch 5100 | Val Loss: 45.5177 | Val Cost: 70715.66 | Val Max P-Miss: 0.8254 | Val Max Q-Miss: 0.1743 | Val Max Gen Viol: 0.0000 | Val Max Thermal: 0.3515 [*SAVED BEST*]
Epoch 5200 | Val Loss: 45.4945 | Val Cost: 70844.96 | Val Max P-Miss: 0.8229 | Val Max Q-Miss: 0.1717 | Val Max Gen Viol: 0.0000 | Val Max Thermal: 0.3546 [*SAVED BEST*]
Epoch 5300 | Val Loss: 45.6482 | Val Cost: 70619.98 | Val Max P-Miss: 0.8329 | Val Max Q-Miss: 0.1746 | Val Max Gen Viol: 0.0000 | Val Max Thermal: 0.3577
Epoch 5400 | Val Loss: 45.5714 | Val Cost: 70682.20 | Val Max P-Miss: 0.8368 | Val Max Q-Miss: 0.1749 | Val Max Gen Viol: 0.0000 | Val Max Thermal: 0.3538
Epoch 5500 | Val Loss: 45.5058 | Val Cost: 70865.77 | Val Max P-Miss: 0.8197 | Val Max Q-Miss: 0.1738 | Val Max Gen Viol: 0.0000 | Val Max Thermal: 0.3549
Epoch 5600 | Val Loss: 45.9277 | Val Cost: 70595.01 | Val Max P-Miss: 0.8372 | Val Max Q-Miss: 0.1726 | Val Max Gen Viol: 0.0000 | Val Max Thermal: 0.3548
Epoch 5700 | Val Loss: 45.6406 | Val Cost: 70541.24 | Val Max P-Miss: 0.8310 | Val Max Q-Miss: 0.1723 | Val Max Gen Viol: 0.0000 | Val Max Thermal: 0.3520
Epoch 5800 | Val Loss: 45.5253 | Val Cost: 70754.90 | Val Max P-Miss: 0.8345 | Val Max Q-Miss: 0.1738 | Val Max Gen Viol: 0.0000 | Val Max Thermal: 0.3596
Epoch 5900 | Val Loss: 45.5189 | Val Cost: 70838.19 | Val Max P-Miss: 0.8276 | Val Max Q-Miss: 0.1753 | Val Max Gen Viol: 0.0000 | Val Max Thermal: 0.3556
Epoch 6000 | Val Loss: 46.1465 | Val Cost: 70360.05 | Val Max P-Miss: 0.7879 | Val Max Q-Miss: 0.1738 | Val Max Gen Viol: 0.0000 | Val Max Thermal: 0.3596
Epoch 6100 | Val Loss: 45.5002 | Val Cost: 70835.72 | Val Max P-Miss: 0.8156 | Val Max Q-Miss: 0.1857 | Val Max Gen Viol: 0.0000 | Val Max Thermal: 0.3629
Epoch 6200 | Val Loss: 45.5433 | Val Cost: 70838.49 | Val Max P-Miss: 0.8100 | Val Max Q-Miss: 0.1811 | Val Max Gen Viol: 0.0000 | Val Max Thermal: 0.3585
Epoch 6300 | Val Loss: 45.4328 | Val Cost: 70875.03 | Val Max P-Miss: 0.8234 | Val Max Q-Miss: 0.1808 | Val Max Gen Viol: 0.0000 | Val Max Thermal: 0.3642 [*SAVED BEST*]
Epoch 6400 | Val Loss: 45.4754 | Val Cost: 70856.90 | Val Max P-Miss: 0.8187 | Val Max Q-Miss: 0.1884 | Val Max Gen Viol: 0.0000 | Val Max Thermal: 0.3658
Epoch 6500 | Val Loss: 45.5286 | Val Cost: 70933.89 | Val Max P-Miss: 0.8323 | Val Max Q-Miss: 0.1768 | Val Max Gen Viol: 0.0000 | Val Max Thermal: 0.3602
Epoch 6600 | Val Loss: 46.4772 | Val Cost: 70573.79 | Val Max P-Miss: 0.9220 | Val Max Q-Miss: 0.1756 | Val Max Gen Viol: 0.0000 | Val Max Thermal: 0.3570
Epoch 6700 | Val Loss: 45.5512 | Val Cost: 70872.71 | Val Max P-Miss: 0.8260 | Val Max Q-Miss: 0.1741 | Val Max Gen Viol: 0.0000 | Val Max Thermal: 0.3570
Epoch 6800 | Val Loss: 45.4950 | Val Cost: 70881.57 | Val Max P-Miss: 0.8312 | Val Max Q-Miss: 0.1799 | Val Max Gen Viol: 0.0000 | Val Max Thermal: 0.3619
Epoch 6900 | Val Loss: 45.4631 | Val Cost: 70796.86 | Val Max P-Miss: 0.8077 | Val Max Q-Miss: 0.1733 | Val Max Gen Viol: 0.0000 | Val Max Thermal: 0.3595
Epoch 7000 | Val Loss: 45.4926 | Val Cost: 70793.83 | Val Max P-Miss: 0.8281 | Val Max Q-Miss: 0.1721 | Val Max Gen Viol: 0.0000 | Val Max Thermal: 0.3573
Epoch 7100 | Val Loss: 45.4963 | Val Cost: 70715.92 | Val Max P-Miss: 0.8319 | Val Max Q-Miss: 0.1755 | Val Max Gen Viol: 0.0000 | Val Max Thermal: 0.3595
Epoch 7200 | Val Loss: 45.6471 | Val Cost: 70699.88 | Val Max P-Miss: 0.8612 | Val Max Q-Miss: 0.1879 | Val Max Gen Viol: 0.0000 | Val Max Thermal: 0.3549
Epoch 7300 | Val Loss: 45.6341 | Val Cost: 70794.59 | Val Max P-Miss: 0.8284 | Val Max Q-Miss: 0.1946 | Val Max Gen Viol: 0.0000 | Val Max Thermal: 0.3600
Epoch 7400 | Val Loss: 45.4255 | Val Cost: 70947.70 | Val Max P-Miss: 0.8200 | Val Max Q-Miss: 0.1833 | Val Max Gen Viol: 0.0000 | Val Max Thermal: 0.3581 [*SAVED BEST*]
Epoch 7500 | Val Loss: 45.7203 | Val Cost: 70587.19 | Val Max P-Miss: 0.8378 | Val Max Q-Miss: 0.1715 | Val Max Gen Viol: 0.0000 | Val Max Thermal: 0.3809
Epoch 7600 | Val Loss: 45.8915 | Val Cost: 70598.56 | Val Max P-Miss: 0.8467 | Val Max Q-Miss: 0.1945 | Val Max Gen Viol: 0.0000 | Val Max Thermal: 0.3626
Epoch 7700 | Val Loss: 46.3314 | Val Cost: 70557.23 | Val Max P-Miss: 0.8422 | Val Max Q-Miss: 0.1905 | Val Max Gen Viol: 0.0000 | Val Max Thermal: 0.3669
Epoch 7800 | Val Loss: 45.4412 | Val Cost: 70873.08 | Val Max P-Miss: 0.8163 | Val Max Q-Miss: 0.1999 | Val Max Gen Viol: 0.0000 | Val Max Thermal: 0.3610
Epoch 7900 | Val Loss: 45.4599 | Val Cost: 70928.64 | Val Max P-Miss: 0.8156 | Val Max Q-Miss: 0.1861 | Val Max Gen Viol: 0.0000 | Val Max Thermal: 0.3649
Epoch 8000 | Val Loss: 45.7635 | Val Cost: 70891.41 | Val Max P-Miss: 0.8398 | Val Max Q-Miss: 0.1813 | Val Max Gen Viol: 0.0000 | Val Max Thermal: 0.3642
Epoch 8100 | Val Loss: 46.0680 | Val Cost: 70638.42 | Val Max P-Miss: 0.8510 | Val Max Q-Miss: 0.1885 | Val Max Gen Viol: 0.0000 | Val Max Thermal: 0.3497
Epoch 8200 | Val Loss: 45.5659 | Val Cost: 70788.18 | Val Max P-Miss: 0.8235 | Val Max Q-Miss: 0.1776 | Val Max Gen Viol: 0.0000 | Val Max Thermal: 0.3638
Epoch 8300 | Val Loss: 45.4650 | Val Cost: 70950.55 | Val Max P-Miss: 0.8223 | Val Max Q-Miss: 0.1738 | Val Max Gen Viol: 0.0000 | Val Max Thermal: 0.3625
Epoch 8400 | Val Loss: 45.4794 | Val Cost: 70912.29 | Val Max P-Miss: 0.8279 | Val Max Q-Miss: 0.1876 | Val Max Gen Viol: 0.0000 | Val Max Thermal: 0.3659
Epoch 8500 | Val Loss: 45.4930 | Val Cost: 70833.64 | Val Max P-Miss: 0.7925 | Val Max Q-Miss: 0.1790 | Val Max Gen Viol: 0.0000 | Val Max Thermal: 0.3667
Epoch 8600 | Val Loss: 45.4627 | Val Cost: 70889.14 | Val Max P-Miss: 0.8133 | Val Max Q-Miss: 0.1935 | Val Max Gen Viol: 0.0000 | Val Max Thermal: 0.3626
Epoch 8700 | Val Loss: 45.4992 | Val Cost: 70904.10 | Val Max P-Miss: 0.8242 | Val Max Q-Miss: 0.1752 | Val Max Gen Viol: 0.0000 | Val Max Thermal: 0.3629
Epoch 8800 | Val Loss: 46.8801 | Val Cost: 71191.92 | Val Max P-Miss: 0.7902 | Val Max Q-Miss: 0.1713 | Val Max Gen Viol: 0.0000 | Val Max Thermal: 0.3665
Epoch 8900 | Val Loss: 46.3968 | Val Cost: 70632.39 | Val Max P-Miss: 0.7849 | Val Max Q-Miss: 0.2182 | Val Max Gen Viol: 0.0000 | Val Max Thermal: 0.3755
Epoch 9000 | Val Loss: 45.4223 | Val Cost: 70937.43 | Val Max P-Miss: 0.8041 | Val Max Q-Miss: 0.1731 | Val Max Gen Viol: 0.0000 | Val Max Thermal: 0.3646 [*SAVED BEST*]
Epoch 9100 | Val Loss: 48.9240 | Val Cost: 70713.65 | Val Max P-Miss: 0.8715 | Val Max Q-Miss: 0.1733 | Val Max Gen Viol: 0.0000 | Val Max Thermal: 0.3407
Epoch 9200 | Val Loss: 45.3948 | Val Cost: 70931.81 | Val Max P-Miss: 0.8288 | Val Max Q-Miss: 0.1784 | Val Max Gen Viol: 0.0000 | Val Max Thermal: 0.3671 [*SAVED BEST*]
Epoch 9300 | Val Loss: 46.7926 | Val Cost: 70989.96 | Val Max P-Miss: 0.8185 | Val Max Q-Miss: 0.1726 | Val Max Gen Viol: 0.0000 | Val Max Thermal: 0.3428
Epoch 9400 | Val Loss: 45.4119 | Val Cost: 70966.78 | Val Max P-Miss: 0.8157 | Val Max Q-Miss: 0.1743 | Val Max Gen Viol: 0.0000 | Val Max Thermal: 0.3651
Epoch 9500 | Val Loss: 45.4539 | Val Cost: 70877.34 | Val Max P-Miss: 0.8087 | Val Max Q-Miss: 0.1756 | Val Max Gen Viol: 0.0000 | Val Max Thermal: 0.3686
Epoch 9600 | Val Loss: 45.5355 | Val Cost: 70864.30 | Val Max P-Miss: 0.8304 | Val Max Q-Miss: 0.1737 | Val Max Gen Viol: 0.0000 | Val Max Thermal: 0.3657
Epoch 9700 | Val Loss: 48.8347 | Val Cost: 71508.30 | Val Max P-Miss: 0.9082 | Val Max Q-Miss: 0.1790 | Val Max Gen Viol: 0.0000 | Val Max Thermal: 0.2760
Epoch 9800 | Val Loss: 45.4028 | Val Cost: 70972.52 | Val Max P-Miss: 0.8220 | Val Max Q-Miss: 0.1751 | Val Max Gen Viol: 0.0000 | Val Max Thermal: 0.3652
Epoch 9900 | Val Loss: 45.6933 | Val Cost: 70790.71 | Val Max P-Miss: 0.8231 | Val Max Q-Miss: 0.1721 | Val Max Gen Viol: 0.0000 | Val Max Thermal: 0.3734

==================================================
Training Complete!
Total Training Time: 00h 30m 39.33s
Best model weights saved to: ./model/best_fsnet_model_pglib_opf_case162_ieee_dtc_10000epochs_20260723_222830.pth
==================================================

