Job ID: 8593
Executing: ACOPF_FSNet.py --case_name pglib_opf_case162_ieee_dtc --epochs 10000
Node: issnode1
GPU Allocated: 0
CUDA Hardware Acceleration Active: NVIDIA GeForce RTX 4090
Problem Geometry Linked -> Matrix Samples: 10000

Beginning execution of parallelized training matrix loops for FSNet...
Epoch    0 | Val Loss: 38468.6055 | Val Cost: 83256.99 | Val Max P-Miss: 17.8313 | Val Max Q-Miss: 5.4650 | Val Max Gen Viol: 0.0000 | Val Max Thermal: 74.2754 [*SAVED BEST*]
Epoch  100 | Val Loss: 88.1254 | Val Cost: 74416.30 | Val Max P-Miss: 1.7597 | Val Max Q-Miss: 0.2397 | Val Max Gen Viol: 0.0000 | Val Max Thermal: 0.7519 [*SAVED BEST*]
Epoch  200 | Val Loss: 53.3087 | Val Cost: 72250.83 | Val Max P-Miss: 1.0113 | Val Max Q-Miss: 0.1839 | Val Max Gen Viol: 0.0000 | Val Max Thermal: 0.3699 [*SAVED BEST*]
Epoch  300 | Val Loss: 51.7630 | Val Cost: 71689.47 | Val Max P-Miss: 1.1470 | Val Max Q-Miss: 0.1901 | Val Max Gen Viol: 0.0000 | Val Max Thermal: 0.3215 [*SAVED BEST*]
Epoch  400 | Val Loss: 48.3582 | Val Cost: 71469.52 | Val Max P-Miss: 0.8132 | Val Max Q-Miss: 0.1866 | Val Max Gen Viol: 0.0000 | Val Max Thermal: 0.4413 [*SAVED BEST*]
Epoch  500 | Val Loss: 49.0241 | Val Cost: 71236.05 | Val Max P-Miss: 0.9783 | Val Max Q-Miss: 0.1837 | Val Max Gen Viol: 0.0000 | Val Max Thermal: 0.4369
Epoch  600 | Val Loss: 47.6997 | Val Cost: 71356.91 | Val Max P-Miss: 0.8154 | Val Max Q-Miss: 0.1742 | Val Max Gen Viol: 0.0000 | Val Max Thermal: 0.4663 [*SAVED BEST*]
Epoch  700 | Val Loss: 48.2620 | Val Cost: 71161.38 | Val Max P-Miss: 1.0132 | Val Max Q-Miss: 0.1740 | Val Max Gen Viol: 0.0000 | Val Max Thermal: 0.4611
Epoch  800 | Val Loss: 48.4699 | Val Cost: 70518.10 | Val Max P-Miss: 1.0810 | Val Max Q-Miss: 0.1779 | Val Max Gen Viol: 0.0000 | Val Max Thermal: 0.4177
Epoch  900 | Val Loss: 47.4773 | Val Cost: 70813.77 | Val Max P-Miss: 0.8927 | Val Max Q-Miss: 0.1796 | Val Max Gen Viol: 0.0000 | Val Max Thermal: 0.4409 [*SAVED BEST*]
Epoch 1000 | Val Loss: 46.7963 | Val Cost: 70892.26 | Val Max P-Miss: 0.8411 | Val Max Q-Miss: 0.1845 | Val Max Gen Viol: 0.0000 | Val Max Thermal: 0.4079 [*SAVED BEST*]
Epoch 1100 | Val Loss: 49.6528 | Val Cost: 70565.22 | Val Max P-Miss: 0.8732 | Val Max Q-Miss: 0.1747 | Val Max Gen Viol: 0.0000 | Val Max Thermal: 0.3925
Epoch 1200 | Val Loss: 47.6210 | Val Cost: 70605.30 | Val Max P-Miss: 0.9285 | Val Max Q-Miss: 0.1792 | Val Max Gen Viol: 0.0000 | Val Max Thermal: 0.3864
Epoch 1300 | Val Loss: 46.4976 | Val Cost: 70585.54 | Val Max P-Miss: 0.8306 | Val Max Q-Miss: 0.1820 | Val Max Gen Viol: 0.0000 | Val Max Thermal: 0.3864 [*SAVED BEST*]
Epoch 1400 | Val Loss: 46.2420 | Val Cost: 70597.33 | Val Max P-Miss: 0.8472 | Val Max Q-Miss: 0.1796 | Val Max Gen Viol: 0.0000 | Val Max Thermal: 0.3954 [*SAVED BEST*]
Epoch 1500 | Val Loss: 46.0829 | Val Cost: 70587.80 | Val Max P-Miss: 0.8335 | Val Max Q-Miss: 0.1773 | Val Max Gen Viol: 0.0000 | Val Max Thermal: 0.3800 [*SAVED BEST*]
Epoch 1600 | Val Loss: 47.4484 | Val Cost: 70302.60 | Val Max P-Miss: 0.8054 | Val Max Q-Miss: 0.1799 | Val Max Gen Viol: 0.0000 | Val Max Thermal: 0.5074
Epoch 1700 | Val Loss: 46.0789 | Val Cost: 70530.10 | Val Max P-Miss: 0.8325 | Val Max Q-Miss: 0.1762 | Val Max Gen Viol: 0.0000 | Val Max Thermal: 0.3976 [*SAVED BEST*]
Epoch 1800 | Val Loss: 45.9136 | Val Cost: 70519.86 | Val Max P-Miss: 0.8404 | Val Max Q-Miss: 0.1774 | Val Max Gen Viol: 0.0000 | Val Max Thermal: 0.3923 [*SAVED BEST*]
Epoch 1900 | Val Loss: 45.9643 | Val Cost: 70371.12 | Val Max P-Miss: 0.8216 | Val Max Q-Miss: 0.1792 | Val Max Gen Viol: 0.0000 | Val Max Thermal: 0.5624
Epoch 2000 | Val Loss: 45.9763 | Val Cost: 70457.76 | Val Max P-Miss: 0.8500 | Val Max Q-Miss: 0.1756 | Val Max Gen Viol: 0.0000 | Val Max Thermal: 0.3884
Epoch 2100 | Val Loss: 45.8702 | Val Cost: 70523.86 | Val Max P-Miss: 0.8008 | Val Max Q-Miss: 0.1741 | Val Max Gen Viol: 0.0000 | Val Max Thermal: 0.3867 [*SAVED BEST*]
Epoch 2200 | Val Loss: 45.9004 | Val Cost: 70374.06 | Val Max P-Miss: 0.8024 | Val Max Q-Miss: 0.1782 | Val Max Gen Viol: 0.0000 | Val Max Thermal: 0.4017
Epoch 2300 | Val Loss: 46.1170 | Val Cost: 70492.98 | Val Max P-Miss: 0.8139 | Val Max Q-Miss: 0.1730 | Val Max Gen Viol: 0.0000 | Val Max Thermal: 0.4036
Epoch 2400 | Val Loss: 45.7905 | Val Cost: 70631.59 | Val Max P-Miss: 0.8083 | Val Max Q-Miss: 0.1728 | Val Max Gen Viol: 0.0000 | Val Max Thermal: 0.3891 [*SAVED BEST*]
Epoch 2500 | Val Loss: 46.6539 | Val Cost: 70155.44 | Val Max P-Miss: 0.8151 | Val Max Q-Miss: 0.1727 | Val Max Gen Viol: 0.0000 | Val Max Thermal: 0.4006
Epoch 2600 | Val Loss: 46.3143 | Val Cost: 70294.67 | Val Max P-Miss: 0.8110 | Val Max Q-Miss: 0.1722 | Val Max Gen Viol: 0.0000 | Val Max Thermal: 0.3477
Epoch 2700 | Val Loss: 46.1133 | Val Cost: 70387.16 | Val Max P-Miss: 0.8482 | Val Max Q-Miss: 0.1746 | Val Max Gen Viol: 0.0000 | Val Max Thermal: 0.3378
Epoch 2800 | Val Loss: 45.6819 | Val Cost: 70608.64 | Val Max P-Miss: 0.7830 | Val Max Q-Miss: 0.1753 | Val Max Gen Viol: 0.0000 | Val Max Thermal: 0.3439 [*SAVED BEST*]
Epoch 2900 | Val Loss: 45.8815 | Val Cost: 70504.11 | Val Max P-Miss: 0.7981 | Val Max Q-Miss: 0.1749 | Val Max Gen Viol: 0.0000 | Val Max Thermal: 0.3564
Epoch 3000 | Val Loss: 45.7995 | Val Cost: 70531.38 | Val Max P-Miss: 0.8047 | Val Max Q-Miss: 0.1752 | Val Max Gen Viol: 0.0000 | Val Max Thermal: 0.3635
Epoch 3100 | Val Loss: 45.7274 | Val Cost: 70688.77 | Val Max P-Miss: 0.7903 | Val Max Q-Miss: 0.1742 | Val Max Gen Viol: 0.0000 | Val Max Thermal: 0.3545
Epoch 3200 | Val Loss: 45.6110 | Val Cost: 70701.84 | Val Max P-Miss: 0.7926 | Val Max Q-Miss: 0.1765 | Val Max Gen Viol: 0.0000 | Val Max Thermal: 0.3572 [*SAVED BEST*]
Epoch 3300 | Val Loss: 45.7120 | Val Cost: 70745.48 | Val Max P-Miss: 0.7863 | Val Max Q-Miss: 0.1723 | Val Max Gen Viol: 0.0000 | Val Max Thermal: 0.3534
Epoch 3400 | Val Loss: 45.5885 | Val Cost: 70794.44 | Val Max P-Miss: 0.7852 | Val Max Q-Miss: 0.1761 | Val Max Gen Viol: 0.0000 | Val Max Thermal: 0.3541 [*SAVED BEST*]
Epoch 3500 | Val Loss: 45.6860 | Val Cost: 70813.78 | Val Max P-Miss: 0.8318 | Val Max Q-Miss: 0.1771 | Val Max Gen Viol: 0.0000 | Val Max Thermal: 0.3498
Epoch 3600 | Val Loss: 45.7505 | Val Cost: 70663.37 | Val Max P-Miss: 0.7842 | Val Max Q-Miss: 0.1753 | Val Max Gen Viol: 0.0000 | Val Max Thermal: 0.4054
Epoch 3700 | Val Loss: 45.7291 | Val Cost: 70473.98 | Val Max P-Miss: 0.8151 | Val Max Q-Miss: 0.1742 | Val Max Gen Viol: 0.0000 | Val Max Thermal: 0.3572
Epoch 3800 | Val Loss: 45.6723 | Val Cost: 70805.31 | Val Max P-Miss: 0.7884 | Val Max Q-Miss: 0.1737 | Val Max Gen Viol: 0.0000 | Val Max Thermal: 0.3794
Epoch 3900 | Val Loss: 45.7370 | Val Cost: 70777.20 | Val Max P-Miss: 0.7913 | Val Max Q-Miss: 0.1726 | Val Max Gen Viol: 0.0000 | Val Max Thermal: 0.3865
Epoch 4000 | Val Loss: 45.8509 | Val Cost: 70862.90 | Val Max P-Miss: 0.8108 | Val Max Q-Miss: 0.1740 | Val Max Gen Viol: 0.0000 | Val Max Thermal: 0.4042
Epoch 4100 | Val Loss: 45.5800 | Val Cost: 70820.38 | Val Max P-Miss: 0.8001 | Val Max Q-Miss: 0.1756 | Val Max Gen Viol: 0.0000 | Val Max Thermal: 0.4417 [*SAVED BEST*]
Epoch 4200 | Val Loss: 45.6133 | Val Cost: 70868.18 | Val Max P-Miss: 0.7977 | Val Max Q-Miss: 0.1737 | Val Max Gen Viol: 0.0000 | Val Max Thermal: 0.4393
Epoch 4300 | Val Loss: 45.6169 | Val Cost: 70828.49 | Val Max P-Miss: 0.7782 | Val Max Q-Miss: 0.1755 | Val Max Gen Viol: 0.0000 | Val Max Thermal: 0.4216
Epoch 4400 | Val Loss: 45.5993 | Val Cost: 70738.42 | Val Max P-Miss: 0.8056 | Val Max Q-Miss: 0.1737 | Val Max Gen Viol: 0.0000 | Val Max Thermal: 0.4072
Epoch 4500 | Val Loss: 45.5269 | Val Cost: 70823.21 | Val Max P-Miss: 0.8237 | Val Max Q-Miss: 0.1753 | Val Max Gen Viol: 0.0000 | Val Max Thermal: 0.3713 [*SAVED BEST*]
Epoch 4600 | Val Loss: 45.8348 | Val Cost: 70865.55 | Val Max P-Miss: 0.7958 | Val Max Q-Miss: 0.1731 | Val Max Gen Viol: 0.0000 | Val Max Thermal: 0.4269
Epoch 4700 | Val Loss: 45.5614 | Val Cost: 70903.24 | Val Max P-Miss: 0.8011 | Val Max Q-Miss: 0.1779 | Val Max Gen Viol: 0.0000 | Val Max Thermal: 0.4200
Epoch 4800 | Val Loss: 45.6398 | Val Cost: 70754.00 | Val Max P-Miss: 0.8142 | Val Max Q-Miss: 0.1749 | Val Max Gen Viol: 0.0000 | Val Max Thermal: 0.4109
Epoch 4900 | Val Loss: 45.6871 | Val Cost: 70818.57 | Val Max P-Miss: 0.8275 | Val Max Q-Miss: 0.1730 | Val Max Gen Viol: 0.0000 | Val Max Thermal: 0.3948
Epoch 5000 | Val Loss: 45.5465 | Val Cost: 70822.75 | Val Max P-Miss: 0.8174 | Val Max Q-Miss: 0.1740 | Val Max Gen Viol: 0.0000 | Val Max Thermal: 0.4045
Epoch 5100 | Val Loss: 45.5417 | Val Cost: 70886.18 | Val Max P-Miss: 0.8126 | Val Max Q-Miss: 0.1732 | Val Max Gen Viol: 0.0000 | Val Max Thermal: 0.3875
Epoch 5200 | Val Loss: 47.0534 | Val Cost: 70801.34 | Val Max P-Miss: 0.7903 | Val Max Q-Miss: 0.1748 | Val Max Gen Viol: 0.0000 | Val Max Thermal: 0.3645
Epoch 5300 | Val Loss: 45.5907 | Val Cost: 70933.34 | Val Max P-Miss: 0.8311 | Val Max Q-Miss: 0.1743 | Val Max Gen Viol: 0.0000 | Val Max Thermal: 0.3721
Epoch 5400 | Val Loss: 45.8650 | Val Cost: 70857.02 | Val Max P-Miss: 0.8379 | Val Max Q-Miss: 0.1729 | Val Max Gen Viol: 0.0000 | Val Max Thermal: 0.3903
Epoch 5500 | Val Loss: 45.5155 | Val Cost: 70756.53 | Val Max P-Miss: 0.8475 | Val Max Q-Miss: 0.1746 | Val Max Gen Viol: 0.0000 | Val Max Thermal: 0.3938 [*SAVED BEST*]
Epoch 5600 | Val Loss: 49.6150 | Val Cost: 70558.40 | Val Max P-Miss: 0.8453 | Val Max Q-Miss: 0.1707 | Val Max Gen Viol: 0.0000 | Val Max Thermal: 0.3760
Epoch 5700 | Val Loss: 45.5709 | Val Cost: 70814.97 | Val Max P-Miss: 0.8350 | Val Max Q-Miss: 0.1751 | Val Max Gen Viol: 0.0000 | Val Max Thermal: 0.3898
Epoch 5800 | Val Loss: 45.5252 | Val Cost: 70908.95 | Val Max P-Miss: 0.8255 | Val Max Q-Miss: 0.1746 | Val Max Gen Viol: 0.0000 | Val Max Thermal: 0.3796
Epoch 5900 | Val Loss: 45.7011 | Val Cost: 70823.46 | Val Max P-Miss: 0.8262 | Val Max Q-Miss: 0.1724 | Val Max Gen Viol: 0.0000 | Val Max Thermal: 0.3832
Epoch 6000 | Val Loss: 45.5158 | Val Cost: 70879.41 | Val Max P-Miss: 0.8221 | Val Max Q-Miss: 0.1754 | Val Max Gen Viol: 0.0000 | Val Max Thermal: 0.3838
Epoch 6100 | Val Loss: 45.5153 | Val Cost: 70876.89 | Val Max P-Miss: 0.8502 | Val Max Q-Miss: 0.1755 | Val Max Gen Viol: 0.0000 | Val Max Thermal: 0.3762 [*SAVED BEST*]
Epoch 6200 | Val Loss: 45.4810 | Val Cost: 70864.88 | Val Max P-Miss: 0.8488 | Val Max Q-Miss: 0.1783 | Val Max Gen Viol: 0.0000 | Val Max Thermal: 0.3749 [*SAVED BEST*]
Epoch 6300 | Val Loss: 45.5042 | Val Cost: 70971.51 | Val Max P-Miss: 0.8263 | Val Max Q-Miss: 0.1743 | Val Max Gen Viol: 0.0000 | Val Max Thermal: 0.3741
Epoch 6400 | Val Loss: 46.8468 | Val Cost: 71049.40 | Val Max P-Miss: 0.8150 | Val Max Q-Miss: 0.1770 | Val Max Gen Viol: 0.0000 | Val Max Thermal: 0.3321
Epoch 6500 | Val Loss: 45.4419 | Val Cost: 70872.95 | Val Max P-Miss: 0.8349 | Val Max Q-Miss: 0.1751 | Val Max Gen Viol: 0.0000 | Val Max Thermal: 0.3706 [*SAVED BEST*]
Epoch 6600 | Val Loss: 46.3712 | Val Cost: 70527.73 | Val Max P-Miss: 0.8945 | Val Max Q-Miss: 0.1748 | Val Max Gen Viol: 0.0000 | Val Max Thermal: 0.3777
Epoch 6700 | Val Loss: 45.4345 | Val Cost: 70949.12 | Val Max P-Miss: 0.8433 | Val Max Q-Miss: 0.1757 | Val Max Gen Viol: 0.0000 | Val Max Thermal: 0.3752 [*SAVED BEST*]
Epoch 6800 | Val Loss: 48.8901 | Val Cost: 70603.45 | Val Max P-Miss: 1.1367 | Val Max Q-Miss: 0.1726 | Val Max Gen Viol: 0.0000 | Val Max Thermal: 0.3591
Epoch 6900 | Val Loss: 45.6531 | Val Cost: 71051.14 | Val Max P-Miss: 0.8298 | Val Max Q-Miss: 0.1734 | Val Max Gen Viol: 0.0000 | Val Max Thermal: 0.3638
Epoch 7000 | Val Loss: 45.5465 | Val Cost: 71031.80 | Val Max P-Miss: 0.8434 | Val Max Q-Miss: 0.1763 | Val Max Gen Viol: 0.0000 | Val Max Thermal: 0.3569
Epoch 7100 | Val Loss: 45.6247 | Val Cost: 70806.21 | Val Max P-Miss: 0.8395 | Val Max Q-Miss: 0.1750 | Val Max Gen Viol: 0.0000 | Val Max Thermal: 0.3535
Epoch 7200 | Val Loss: 45.6400 | Val Cost: 70853.43 | Val Max P-Miss: 0.8398 | Val Max Q-Miss: 0.1764 | Val Max Gen Viol: 0.0000 | Val Max Thermal: 0.3494
Epoch 7300 | Val Loss: 46.0289 | Val Cost: 70439.41 | Val Max P-Miss: 0.8431 | Val Max Q-Miss: 0.1748 | Val Max Gen Viol: 0.0000 | Val Max Thermal: 0.4056
Epoch 7400 | Val Loss: 45.7196 | Val Cost: 71001.20 | Val Max P-Miss: 1.0263 | Val Max Q-Miss: 0.1743 | Val Max Gen Viol: 0.0000 | Val Max Thermal: 0.3255
Epoch 7500 | Val Loss: 45.4234 | Val Cost: 70894.13 | Val Max P-Miss: 0.8333 | Val Max Q-Miss: 0.1765 | Val Max Gen Viol: 0.0000 | Val Max Thermal: 0.3507 [*SAVED BEST*]
Epoch 7600 | Val Loss: 45.4657 | Val Cost: 70920.42 | Val Max P-Miss: 0.8453 | Val Max Q-Miss: 0.1751 | Val Max Gen Viol: 0.0000 | Val Max Thermal: 0.3540
Epoch 7700 | Val Loss: 45.5187 | Val Cost: 70912.50 | Val Max P-Miss: 0.8318 | Val Max Q-Miss: 0.1736 | Val Max Gen Viol: 0.0000 | Val Max Thermal: 0.3653
Epoch 7800 | Val Loss: 45.6165 | Val Cost: 71158.62 | Val Max P-Miss: 0.8186 | Val Max Q-Miss: 0.1788 | Val Max Gen Viol: 0.0000 | Val Max Thermal: 0.3608
Epoch 7900 | Val Loss: 45.4944 | Val Cost: 71182.04 | Val Max P-Miss: 0.8524 | Val Max Q-Miss: 0.1755 | Val Max Gen Viol: 0.0000 | Val Max Thermal: 0.3644
Epoch 8000 | Val Loss: 45.4969 | Val Cost: 70987.41 | Val Max P-Miss: 0.8393 | Val Max Q-Miss: 0.1740 | Val Max Gen Viol: 0.0000 | Val Max Thermal: 0.3539
Epoch 8100 | Val Loss: 45.4753 | Val Cost: 71088.48 | Val Max P-Miss: 0.8340 | Val Max Q-Miss: 0.1739 | Val Max Gen Viol: 0.0000 | Val Max Thermal: 0.3566
Epoch 8200 | Val Loss: 46.0827 | Val Cost: 70560.20 | Val Max P-Miss: 0.8465 | Val Max Q-Miss: 0.1807 | Val Max Gen Viol: 0.0000 | Val Max Thermal: 0.3514
Epoch 8300 | Val Loss: 47.3647 | Val Cost: 70763.46 | Val Max P-Miss: 0.9071 | Val Max Q-Miss: 0.1709 | Val Max Gen Viol: 0.0000 | Val Max Thermal: 0.3612
Epoch 8400 | Val Loss: 45.5540 | Val Cost: 70841.45 | Val Max P-Miss: 0.8241 | Val Max Q-Miss: 0.1752 | Val Max Gen Viol: 0.0000 | Val Max Thermal: 0.3568
Epoch 8500 | Val Loss: 45.5620 | Val Cost: 70915.62 | Val Max P-Miss: 0.8138 | Val Max Q-Miss: 0.1817 | Val Max Gen Viol: 0.0000 | Val Max Thermal: 0.3523
Epoch 8600 | Val Loss: 45.4362 | Val Cost: 71038.87 | Val Max P-Miss: 0.8394 | Val Max Q-Miss: 0.1778 | Val Max Gen Viol: 0.0000 | Val Max Thermal: 0.3671
Epoch 8700 | Val Loss: 45.5449 | Val Cost: 70827.89 | Val Max P-Miss: 0.8188 | Val Max Q-Miss: 0.1814 | Val Max Gen Viol: 0.0000 | Val Max Thermal: 0.3694
Epoch 8800 | Val Loss: 45.5180 | Val Cost: 70983.88 | Val Max P-Miss: 0.8346 | Val Max Q-Miss: 0.1798 | Val Max Gen Viol: 0.0000 | Val Max Thermal: 0.3567
Epoch 8900 | Val Loss: 45.4188 | Val Cost: 71113.13 | Val Max P-Miss: 0.8336 | Val Max Q-Miss: 0.1736 | Val Max Gen Viol: 0.0000 | Val Max Thermal: 0.3459 [*SAVED BEST*]
Epoch 9000 | Val Loss: 45.5566 | Val Cost: 70969.52 | Val Max P-Miss: 0.8272 | Val Max Q-Miss: 0.1738 | Val Max Gen Viol: 0.0000 | Val Max Thermal: 0.3599
Epoch 9100 | Val Loss: 45.4378 | Val Cost: 70999.33 | Val Max P-Miss: 0.8252 | Val Max Q-Miss: 0.1745 | Val Max Gen Viol: 0.0000 | Val Max Thermal: 0.3646
Epoch 9200 | Val Loss: 45.4556 | Val Cost: 71085.80 | Val Max P-Miss: 0.8344 | Val Max Q-Miss: 0.1768 | Val Max Gen Viol: 0.0000 | Val Max Thermal: 0.3612
Epoch 9300 | Val Loss: 45.4854 | Val Cost: 70909.28 | Val Max P-Miss: 0.8143 | Val Max Q-Miss: 0.1761 | Val Max Gen Viol: 0.0000 | Val Max Thermal: 0.3538
Epoch 9400 | Val Loss: 45.4969 | Val Cost: 70996.55 | Val Max P-Miss: 0.8246 | Val Max Q-Miss: 0.1766 | Val Max Gen Viol: 0.0000 | Val Max Thermal: 0.3554
Epoch 9500 | Val Loss: 45.4025 | Val Cost: 70998.38 | Val Max P-Miss: 0.8212 | Val Max Q-Miss: 0.1733 | Val Max Gen Viol: 0.0000 | Val Max Thermal: 0.3582 [*SAVED BEST*]
Epoch 9600 | Val Loss: 45.3983 | Val Cost: 71030.53 | Val Max P-Miss: 0.8296 | Val Max Q-Miss: 0.1749 | Val Max Gen Viol: 0.0000 | Val Max Thermal: 0.3661 [*SAVED BEST*]
Epoch 9700 | Val Loss: 46.5770 | Val Cost: 70487.95 | Val Max P-Miss: 0.7894 | Val Max Q-Miss: 0.1735 | Val Max Gen Viol: 0.0000 | Val Max Thermal: 0.3430
Epoch 9800 | Val Loss: 45.4352 | Val Cost: 70989.22 | Val Max P-Miss: 0.8436 | Val Max Q-Miss: 0.1745 | Val Max Gen Viol: 0.0000 | Val Max Thermal: 0.3642
Epoch 9900 | Val Loss: 45.4006 | Val Cost: 70964.75 | Val Max P-Miss: 0.8181 | Val Max Q-Miss: 0.1737 | Val Max Gen Viol: 0.0000 | Val Max Thermal: 0.3688

==================================================
Training Complete!
Total Training Time: 00h 30m 00.47s
Best model weights saved to: ./model/best_fsnet_model_pglib_opf_case162_ieee_dtc_10000epochs_20260723_225929.pth
==================================================

