Job ID: 8599
Executing: ACOPF_FSNet.py --case_name pglib_opf_case300_ieee --epochs 10000
Node: issnode1
GPU Allocated: 0
CUDA Hardware Acceleration Active: NVIDIA GeForce RTX 4090
Problem Geometry Linked -> Matrix Samples: 10000

Beginning execution of parallelized training matrix loops for FSNet...
Epoch    0 | Val Loss: 708497408.0000 | Val Cost: 519606.53 | Val Max P-Miss: 188.4428 | Val Max Q-Miss: 53.6246 | Val Max Gen Viol: 0.0000 | Val Max Thermal: 14734.4297 [*SAVED BEST*]
Epoch  100 | Val Loss: 271.8683 | Val Cost: 392476.75 | Val Max P-Miss: 1.8140 | Val Max Q-Miss: 1.0747 | Val Max Gen Viol: 0.0000 | Val Max Thermal: 0.8575 [*SAVED BEST*]
Epoch  200 | Val Loss: 252.2942 | Val Cost: 375177.09 | Val Max P-Miss: 1.7598 | Val Max Q-Miss: 0.9521 | Val Max Gen Viol: 0.0000 | Val Max Thermal: 0.6557 [*SAVED BEST*]
Epoch  300 | Val Loss: 246.5060 | Val Cost: 368846.12 | Val Max P-Miss: 1.8147 | Val Max Q-Miss: 0.9761 | Val Max Gen Viol: 0.0000 | Val Max Thermal: 0.2789 [*SAVED BEST*]
Epoch  400 | Val Loss: 243.6736 | Val Cost: 365706.66 | Val Max P-Miss: 1.7967 | Val Max Q-Miss: 0.9432 | Val Max Gen Viol: 0.0000 | Val Max Thermal: 0.1985 [*SAVED BEST*]
Epoch  500 | Val Loss: 241.5023 | Val Cost: 364078.69 | Val Max P-Miss: 1.8661 | Val Max Q-Miss: 0.9831 | Val Max Gen Viol: 0.0000 | Val Max Thermal: 0.1328 [*SAVED BEST*]
Epoch  600 | Val Loss: 240.0612 | Val Cost: 362474.50 | Val Max P-Miss: 1.8500 | Val Max Q-Miss: 0.9824 | Val Max Gen Viol: 0.0000 | Val Max Thermal: 0.1217 [*SAVED BEST*]
Epoch  700 | Val Loss: 238.4008 | Val Cost: 361295.12 | Val Max P-Miss: 1.8656 | Val Max Q-Miss: 0.9966 | Val Max Gen Viol: 0.0000 | Val Max Thermal: 0.1258 [*SAVED BEST*]
Epoch  800 | Val Loss: 238.0968 | Val Cost: 360246.28 | Val Max P-Miss: 1.8800 | Val Max Q-Miss: 0.9991 | Val Max Gen Viol: 0.0000 | Val Max Thermal: 0.1144 [*SAVED BEST*]
Epoch  900 | Val Loss: 237.8963 | Val Cost: 359545.69 | Val Max P-Miss: 1.8763 | Val Max Q-Miss: 0.9960 | Val Max Gen Viol: 0.0000 | Val Max Thermal: 0.0243 [*SAVED BEST*]
Epoch 1000 | Val Loss: 237.4293 | Val Cost: 358838.94 | Val Max P-Miss: 1.8568 | Val Max Q-Miss: 0.9951 | Val Max Gen Viol: 0.0000 | Val Max Thermal: 0.0754 [*SAVED BEST*]
Epoch 1100 | Val Loss: 301.8212 | Val Cost: 358625.16 | Val Max P-Miss: 2.8722 | Val Max Q-Miss: 0.9660 | Val Max Gen Viol: 0.0000 | Val Max Thermal: 0.7912
Epoch 1200 | Val Loss: 236.6560 | Val Cost: 357971.03 | Val Max P-Miss: 1.8501 | Val Max Q-Miss: 0.9849 | Val Max Gen Viol: 0.0000 | Val Max Thermal: 0.0911 [*SAVED BEST*]
Epoch 1300 | Val Loss: 237.1584 | Val Cost: 357631.56 | Val Max P-Miss: 1.8550 | Val Max Q-Miss: 0.9939 | Val Max Gen Viol: 0.0000 | Val Max Thermal: 0.0874
Epoch 1400 | Val Loss: 235.8000 | Val Cost: 358191.12 | Val Max P-Miss: 1.8365 | Val Max Q-Miss: 0.9891 | Val Max Gen Viol: 0.0000 | Val Max Thermal: 0.1168 [*SAVED BEST*]
Epoch 1500 | Val Loss: 237.5004 | Val Cost: 357694.22 | Val Max P-Miss: 1.8508 | Val Max Q-Miss: 0.9721 | Val Max Gen Viol: 0.0000 | Val Max Thermal: 0.2430
Epoch 1600 | Val Loss: 236.3402 | Val Cost: 357181.03 | Val Max P-Miss: 1.8710 | Val Max Q-Miss: 0.9894 | Val Max Gen Viol: 0.0000 | Val Max Thermal: 0.0000
Epoch 1700 | Val Loss: 238.0300 | Val Cost: 356975.00 | Val Max P-Miss: 1.8253 | Val Max Q-Miss: 0.9680 | Val Max Gen Viol: 0.0000 | Val Max Thermal: 0.3590
Epoch 1800 | Val Loss: 235.8066 | Val Cost: 356948.03 | Val Max P-Miss: 1.8452 | Val Max Q-Miss: 0.9724 | Val Max Gen Viol: 0.0000 | Val Max Thermal: 0.2968
Epoch 1900 | Val Loss: 235.3764 | Val Cost: 356898.88 | Val Max P-Miss: 1.8811 | Val Max Q-Miss: 0.9903 | Val Max Gen Viol: 0.0000 | Val Max Thermal: 0.0362 [*SAVED BEST*]
Epoch 2000 | Val Loss: 235.3316 | Val Cost: 356812.28 | Val Max P-Miss: 1.8532 | Val Max Q-Miss: 0.9918 | Val Max Gen Viol: 0.0000 | Val Max Thermal: 0.0675 [*SAVED BEST*]
Epoch 2100 | Val Loss: 235.4684 | Val Cost: 356722.44 | Val Max P-Miss: 1.8737 | Val Max Q-Miss: 0.9834 | Val Max Gen Viol: 0.0000 | Val Max Thermal: 0.1863
Epoch 2200 | Val Loss: 235.3546 | Val Cost: 356587.50 | Val Max P-Miss: 1.8612 | Val Max Q-Miss: 0.9894 | Val Max Gen Viol: 0.0000 | Val Max Thermal: 0.0831
Epoch 2300 | Val Loss: 235.2251 | Val Cost: 356417.44 | Val Max P-Miss: 1.8491 | Val Max Q-Miss: 0.9797 | Val Max Gen Viol: 0.0000 | Val Max Thermal: 0.0373 [*SAVED BEST*]
Epoch 2400 | Val Loss: 235.2161 | Val Cost: 356413.84 | Val Max P-Miss: 1.8588 | Val Max Q-Miss: 0.9804 | Val Max Gen Viol: 0.0000 | Val Max Thermal: 0.0881 [*SAVED BEST*]
Epoch 2500 | Val Loss: 235.2899 | Val Cost: 356293.69 | Val Max P-Miss: 1.8456 | Val Max Q-Miss: 0.9712 | Val Max Gen Viol: 0.0000 | Val Max Thermal: 0.1880
Epoch 2600 | Val Loss: 235.0678 | Val Cost: 356232.09 | Val Max P-Miss: 1.8673 | Val Max Q-Miss: 0.9995 | Val Max Gen Viol: 0.0000 | Val Max Thermal: 0.0724 [*SAVED BEST*]
Epoch 2700 | Val Loss: 241.1307 | Val Cost: 355992.72 | Val Max P-Miss: 1.8799 | Val Max Q-Miss: 0.9937 | Val Max Gen Viol: 0.0000 | Val Max Thermal: 0.0005
Epoch 2800 | Val Loss: 234.9951 | Val Cost: 356090.94 | Val Max P-Miss: 1.8551 | Val Max Q-Miss: 0.9877 | Val Max Gen Viol: 0.0000 | Val Max Thermal: 0.0859 [*SAVED BEST*]
Epoch 2900 | Val Loss: 234.9244 | Val Cost: 356022.75 | Val Max P-Miss: 1.8420 | Val Max Q-Miss: 0.9797 | Val Max Gen Viol: 0.0000 | Val Max Thermal: 0.1679 [*SAVED BEST*]
Epoch 3000 | Val Loss: 234.9474 | Val Cost: 355857.16 | Val Max P-Miss: 1.8611 | Val Max Q-Miss: 0.9812 | Val Max Gen Viol: 0.0000 | Val Max Thermal: 0.0039
Epoch 3100 | Val Loss: 234.7796 | Val Cost: 355932.41 | Val Max P-Miss: 1.8514 | Val Max Q-Miss: 0.9833 | Val Max Gen Viol: 0.0000 | Val Max Thermal: 0.0810 [*SAVED BEST*]
Epoch 3200 | Val Loss: 235.0985 | Val Cost: 355880.09 | Val Max P-Miss: 1.8484 | Val Max Q-Miss: 0.9958 | Val Max Gen Viol: 0.0000 | Val Max Thermal: 0.0804
Epoch 3300 | Val Loss: 234.7090 | Val Cost: 355842.19 | Val Max P-Miss: 1.8442 | Val Max Q-Miss: 0.9913 | Val Max Gen Viol: 0.0000 | Val Max Thermal: 0.1332 [*SAVED BEST*]
Epoch 3400 | Val Loss: 240.4523 | Val Cost: 355697.03 | Val Max P-Miss: 1.7687 | Val Max Q-Miss: 0.9849 | Val Max Gen Viol: 0.0000 | Val Max Thermal: 0.1258
Epoch 3500 | Val Loss: 234.7304 | Val Cost: 355829.56 | Val Max P-Miss: 1.8486 | Val Max Q-Miss: 0.9868 | Val Max Gen Viol: 0.0000 | Val Max Thermal: 0.1387
Epoch 3600 | Val Loss: 240.5503 | Val Cost: 355338.00 | Val Max P-Miss: 1.7555 | Val Max Q-Miss: 0.9824 | Val Max Gen Viol: 0.0000 | Val Max Thermal: 0.2042
Epoch 3700 | Val Loss: 234.6061 | Val Cost: 355707.50 | Val Max P-Miss: 1.8745 | Val Max Q-Miss: 0.9874 | Val Max Gen Viol: 0.0000 | Val Max Thermal: 0.0988 [*SAVED BEST*]
Epoch 3800 | Val Loss: 236.1310 | Val Cost: 354837.53 | Val Max P-Miss: 1.8246 | Val Max Q-Miss: 0.9896 | Val Max Gen Viol: 0.0000 | Val Max Thermal: 0.1137
Epoch 3900 | Val Loss: 234.6929 | Val Cost: 355747.44 | Val Max P-Miss: 1.8530 | Val Max Q-Miss: 0.9956 | Val Max Gen Viol: 0.0000 | Val Max Thermal: 0.0976
Epoch 4000 | Val Loss: 234.5729 | Val Cost: 355711.31 | Val Max P-Miss: 1.8457 | Val Max Q-Miss: 0.9909 | Val Max Gen Viol: 0.0000 | Val Max Thermal: 0.1051 [*SAVED BEST*]
Epoch 4100 | Val Loss: 234.6320 | Val Cost: 355673.38 | Val Max P-Miss: 1.8565 | Val Max Q-Miss: 0.9985 | Val Max Gen Viol: 0.0000 | Val Max Thermal: 0.1052
Epoch 4200 | Val Loss: 234.5052 | Val Cost: 355587.22 | Val Max P-Miss: 1.8433 | Val Max Q-Miss: 0.9854 | Val Max Gen Viol: 0.0000 | Val Max Thermal: 0.1012 [*SAVED BEST*]
Epoch 4300 | Val Loss: 234.6013 | Val Cost: 355536.53 | Val Max P-Miss: 1.8570 | Val Max Q-Miss: 0.9695 | Val Max Gen Viol: 0.0000 | Val Max Thermal: 0.1069
Epoch 4400 | Val Loss: 234.6557 | Val Cost: 355524.03 | Val Max P-Miss: 1.8608 | Val Max Q-Miss: 0.9972 | Val Max Gen Viol: 0.0000 | Val Max Thermal: 0.0272
Epoch 4500 | Val Loss: 234.5991 | Val Cost: 355537.22 | Val Max P-Miss: 1.8549 | Val Max Q-Miss: 0.9847 | Val Max Gen Viol: 0.0000 | Val Max Thermal: 0.0919
Epoch 4600 | Val Loss: 234.4773 | Val Cost: 355493.78 | Val Max P-Miss: 1.8509 | Val Max Q-Miss: 0.9753 | Val Max Gen Viol: 0.0000 | Val Max Thermal: 0.1260 [*SAVED BEST*]
Epoch 4700 | Val Loss: 234.5757 | Val Cost: 355556.09 | Val Max P-Miss: 1.8471 | Val Max Q-Miss: 0.9875 | Val Max Gen Viol: 0.0000 | Val Max Thermal: 0.1045
Epoch 4800 | Val Loss: 234.4135 | Val Cost: 355504.09 | Val Max P-Miss: 1.8531 | Val Max Q-Miss: 0.9796 | Val Max Gen Viol: 0.0000 | Val Max Thermal: 0.0931 [*SAVED BEST*]
Epoch 4900 | Val Loss: 234.4875 | Val Cost: 355479.94 | Val Max P-Miss: 1.8558 | Val Max Q-Miss: 0.9804 | Val Max Gen Viol: 0.0000 | Val Max Thermal: 0.0855
Epoch 5000 | Val Loss: 235.1654 | Val Cost: 355330.66 | Val Max P-Miss: 1.8534 | Val Max Q-Miss: 0.9614 | Val Max Gen Viol: 0.0000 | Val Max Thermal: 0.0674
Epoch 5100 | Val Loss: 234.3367 | Val Cost: 355355.50 | Val Max P-Miss: 1.8565 | Val Max Q-Miss: 0.9692 | Val Max Gen Viol: 0.0000 | Val Max Thermal: 0.0731 [*SAVED BEST*]
Epoch 5200 | Val Loss: 234.4032 | Val Cost: 355390.28 | Val Max P-Miss: 1.8516 | Val Max Q-Miss: 0.9864 | Val Max Gen Viol: 0.0000 | Val Max Thermal: 0.1051
Epoch 5300 | Val Loss: 234.3210 | Val Cost: 355346.44 | Val Max P-Miss: 1.8574 | Val Max Q-Miss: 0.9877 | Val Max Gen Viol: 0.0000 | Val Max Thermal: 0.0660 [*SAVED BEST*]
Epoch 5400 | Val Loss: 234.6138 | Val Cost: 355324.28 | Val Max P-Miss: 1.8510 | Val Max Q-Miss: 0.9790 | Val Max Gen Viol: 0.0000 | Val Max Thermal: 0.1171
Epoch 5500 | Val Loss: 236.5883 | Val Cost: 355128.53 | Val Max P-Miss: 1.8268 | Val Max Q-Miss: 0.9907 | Val Max Gen Viol: 0.0000 | Val Max Thermal: 0.0019
Epoch 5600 | Val Loss: 234.2688 | Val Cost: 355279.00 | Val Max P-Miss: 1.8556 | Val Max Q-Miss: 0.9815 | Val Max Gen Viol: 0.0000 | Val Max Thermal: 0.1076 [*SAVED BEST*]
Epoch 5700 | Val Loss: 234.2838 | Val Cost: 355223.75 | Val Max P-Miss: 1.8550 | Val Max Q-Miss: 0.9805 | Val Max Gen Viol: 0.0000 | Val Max Thermal: 0.0995
Epoch 5800 | Val Loss: 234.3096 | Val Cost: 355227.50 | Val Max P-Miss: 1.8565 | Val Max Q-Miss: 0.9904 | Val Max Gen Viol: 0.0000 | Val Max Thermal: 0.0882
Epoch 5900 | Val Loss: 235.7886 | Val Cost: 355038.75 | Val Max P-Miss: 1.8653 | Val Max Q-Miss: 0.9954 | Val Max Gen Viol: 0.0000 | Val Max Thermal: 0.0335
Epoch 6000 | Val Loss: 234.9054 | Val Cost: 354816.78 | Val Max P-Miss: 1.8650 | Val Max Q-Miss: 0.9874 | Val Max Gen Viol: 0.0000 | Val Max Thermal: 0.1243
Epoch 6100 | Val Loss: 234.4626 | Val Cost: 355020.28 | Val Max P-Miss: 1.8480 | Val Max Q-Miss: 0.9882 | Val Max Gen Viol: 0.0000 | Val Max Thermal: 0.0711
Epoch 6200 | Val Loss: 234.2598 | Val Cost: 355032.97 | Val Max P-Miss: 1.8614 | Val Max Q-Miss: 0.9820 | Val Max Gen Viol: 0.0000 | Val Max Thermal: 0.0718 [*SAVED BEST*]
Epoch 6300 | Val Loss: 234.2993 | Val Cost: 355050.53 | Val Max P-Miss: 1.8518 | Val Max Q-Miss: 0.9873 | Val Max Gen Viol: 0.0000 | Val Max Thermal: 0.0944
Epoch 6400 | Val Loss: 234.4011 | Val Cost: 355019.81 | Val Max P-Miss: 1.8566 | Val Max Q-Miss: 0.9828 | Val Max Gen Viol: 0.0000 | Val Max Thermal: 0.1252
Epoch 6500 | Val Loss: 234.2116 | Val Cost: 355025.03 | Val Max P-Miss: 1.8584 | Val Max Q-Miss: 0.9980 | Val Max Gen Viol: 0.0000 | Val Max Thermal: 0.0858 [*SAVED BEST*]
Epoch 6600 | Val Loss: 234.2094 | Val Cost: 355012.09 | Val Max P-Miss: 1.8523 | Val Max Q-Miss: 0.9748 | Val Max Gen Viol: 0.0000 | Val Max Thermal: 0.0849 [*SAVED BEST*]
Epoch 6700 | Val Loss: 234.1993 | Val Cost: 354906.59 | Val Max P-Miss: 1.8266 | Val Max Q-Miss: 0.9756 | Val Max Gen Viol: 0.0000 | Val Max Thermal: 0.0849 [*SAVED BEST*]
Epoch 6800 | Val Loss: 234.1986 | Val Cost: 354914.56 | Val Max P-Miss: 1.8555 | Val Max Q-Miss: 0.9803 | Val Max Gen Viol: 0.0000 | Val Max Thermal: 0.1098 [*SAVED BEST*]
Epoch 6900 | Val Loss: 234.2147 | Val Cost: 354894.28 | Val Max P-Miss: 1.8557 | Val Max Q-Miss: 0.9807 | Val Max Gen Viol: 0.0000 | Val Max Thermal: 0.1069
Epoch 7000 | Val Loss: 234.1033 | Val Cost: 354832.28 | Val Max P-Miss: 1.8479 | Val Max Q-Miss: 0.9806 | Val Max Gen Viol: 0.0000 | Val Max Thermal: 0.0763 [*SAVED BEST*]
Epoch 7100 | Val Loss: 241.4760 | Val Cost: 354694.16 | Val Max P-Miss: 1.7880 | Val Max Q-Miss: 1.0059 | Val Max Gen Viol: 0.0000 | Val Max Thermal: 0.0000
Epoch 7200 | Val Loss: 236.3092 | Val Cost: 354303.25 | Val Max P-Miss: 1.8435 | Val Max Q-Miss: 0.9706 | Val Max Gen Viol: 0.0000 | Val Max Thermal: 0.0322
Epoch 7300 | Val Loss: 234.1136 | Val Cost: 354816.78 | Val Max P-Miss: 1.8559 | Val Max Q-Miss: 0.9804 | Val Max Gen Viol: 0.0000 | Val Max Thermal: 0.0923
Epoch 7400 | Val Loss: 234.1602 | Val Cost: 354728.84 | Val Max P-Miss: 1.8400 | Val Max Q-Miss: 0.9781 | Val Max Gen Viol: 0.0000 | Val Max Thermal: 0.0698
Epoch 7500 | Val Loss: 234.2257 | Val Cost: 354676.41 | Val Max P-Miss: 1.8557 | Val Max Q-Miss: 0.9822 | Val Max Gen Viol: 0.0000 | Val Max Thermal: 0.0708
Epoch 7600 | Val Loss: 234.1547 | Val Cost: 354628.75 | Val Max P-Miss: 1.8551 | Val Max Q-Miss: 0.9902 | Val Max Gen Viol: 0.0000 | Val Max Thermal: 0.0796
Epoch 7700 | Val Loss: 234.0495 | Val Cost: 354565.34 | Val Max P-Miss: 1.8533 | Val Max Q-Miss: 0.9801 | Val Max Gen Viol: 0.0000 | Val Max Thermal: 0.0838 [*SAVED BEST*]
Epoch 7800 | Val Loss: 234.1326 | Val Cost: 354522.59 | Val Max P-Miss: 1.8585 | Val Max Q-Miss: 0.9934 | Val Max Gen Viol: 0.0000 | Val Max Thermal: 0.0690
Epoch 7900 | Val Loss: 234.0649 | Val Cost: 354436.22 | Val Max P-Miss: 1.8565 | Val Max Q-Miss: 0.9808 | Val Max Gen Viol: 0.0000 | Val Max Thermal: 0.0988
Epoch 8000 | Val Loss: 234.2210 | Val Cost: 354376.16 | Val Max P-Miss: 1.8524 | Val Max Q-Miss: 0.9917 | Val Max Gen Viol: 0.0000 | Val Max Thermal: 0.1044
Epoch 8100 | Val Loss: 234.2344 | Val Cost: 354196.69 | Val Max P-Miss: 1.8576 | Val Max Q-Miss: 0.9881 | Val Max Gen Viol: 0.0000 | Val Max Thermal: 0.0586
Epoch 8200 | Val Loss: 234.0233 | Val Cost: 354118.09 | Val Max P-Miss: 1.8500 | Val Max Q-Miss: 0.9826 | Val Max Gen Viol: 0.0000 | Val Max Thermal: 0.1015 [*SAVED BEST*]
Epoch 8300 | Val Loss: 233.9848 | Val Cost: 354212.28 | Val Max P-Miss: 1.8617 | Val Max Q-Miss: 0.9815 | Val Max Gen Viol: 0.0000 | Val Max Thermal: 0.0988 [*SAVED BEST*]
Epoch 8400 | Val Loss: 234.2924 | Val Cost: 353825.03 | Val Max P-Miss: 1.8501 | Val Max Q-Miss: 0.9912 | Val Max Gen Viol: 0.0000 | Val Max Thermal: 0.0947
Epoch 8500 | Val Loss: 236.9834 | Val Cost: 353994.31 | Val Max P-Miss: 1.8774 | Val Max Q-Miss: 0.9867 | Val Max Gen Viol: 0.0000 | Val Max Thermal: 0.1332
Epoch 8600 | Val Loss: 233.9966 | Val Cost: 353947.38 | Val Max P-Miss: 1.8584 | Val Max Q-Miss: 0.9869 | Val Max Gen Viol: 0.0000 | Val Max Thermal: 0.0774
Epoch 8700 | Val Loss: 234.0097 | Val Cost: 353917.53 | Val Max P-Miss: 1.8527 | Val Max Q-Miss: 0.9902 | Val Max Gen Viol: 0.0000 | Val Max Thermal: 0.1013
Epoch 8800 | Val Loss: 236.7925 | Val Cost: 353527.94 | Val Max P-Miss: 1.8317 | Val Max Q-Miss: 0.9856 | Val Max Gen Viol: 0.0000 | Val Max Thermal: 0.0000
Epoch 8900 | Val Loss: 233.9427 | Val Cost: 353750.41 | Val Max P-Miss: 1.8490 | Val Max Q-Miss: 0.9850 | Val Max Gen Viol: 0.0000 | Val Max Thermal: 0.0945 [*SAVED BEST*]
Epoch 9000 | Val Loss: 235.0341 | Val Cost: 353624.41 | Val Max P-Miss: 1.8476 | Val Max Q-Miss: 1.0000 | Val Max Gen Viol: 0.0000 | Val Max Thermal: 0.0000
Epoch 9100 | Val Loss: 233.9409 | Val Cost: 353660.09 | Val Max P-Miss: 1.8595 | Val Max Q-Miss: 0.9875 | Val Max Gen Viol: 0.0000 | Val Max Thermal: 0.0858 [*SAVED BEST*]
Epoch 9200 | Val Loss: 234.2143 | Val Cost: 353450.19 | Val Max P-Miss: 1.8529 | Val Max Q-Miss: 0.9850 | Val Max Gen Viol: 0.0000 | Val Max Thermal: 0.0830
Epoch 9300 | Val Loss: 233.8911 | Val Cost: 353495.06 | Val Max P-Miss: 1.8584 | Val Max Q-Miss: 0.9948 | Val Max Gen Viol: 0.0000 | Val Max Thermal: 0.0867 [*SAVED BEST*]
Epoch 9400 | Val Loss: 233.9977 | Val Cost: 353424.91 | Val Max P-Miss: 1.8533 | Val Max Q-Miss: 0.9817 | Val Max Gen Viol: 0.0000 | Val Max Thermal: 0.0966
Epoch 9500 | Val Loss: 234.4532 | Val Cost: 353250.50 | Val Max P-Miss: 1.8544 | Val Max Q-Miss: 0.9913 | Val Max Gen Viol: 0.0000 | Val Max Thermal: 0.0238
Epoch 9600 | Val Loss: 233.8541 | Val Cost: 353292.34 | Val Max P-Miss: 1.8430 | Val Max Q-Miss: 0.9606 | Val Max Gen Viol: 0.0000 | Val Max Thermal: 0.1085 [*SAVED BEST*]
Epoch 9700 | Val Loss: 238.3012 | Val Cost: 352966.09 | Val Max P-Miss: 1.8192 | Val Max Q-Miss: 0.9800 | Val Max Gen Viol: 0.0000 | Val Max Thermal: 0.0804
Epoch 9800 | Val Loss: 235.4254 | Val Cost: 353093.69 | Val Max P-Miss: 1.8468 | Val Max Q-Miss: 0.9796 | Val Max Gen Viol: 0.0000 | Val Max Thermal: 0.1181
Epoch 9900 | Val Loss: 233.8269 | Val Cost: 353134.81 | Val Max P-Miss: 1.8631 | Val Max Q-Miss: 0.9818 | Val Max Gen Viol: 0.0000 | Val Max Thermal: 0.0838 [*SAVED BEST*]

==================================================
Training Complete!
Total Training Time: 00h 30m 29.95s
Best model weights saved to: ./model/best_fsnet_model_pglib_opf_case300_ieee_10000epochs_20260724_020357.pth
==================================================

