Job ID: 8652
Executing: ACOPF_pinn_rahul.py --case_name pglib_opf_case162_ieee_dtc --epochs 10000
Node: issnode1
GPU Allocated: 0
CUDA Hardware Acceleration Active: NVIDIA GeForce RTX 4090
Problem Geometry Linked -> Matrix Samples: 10000

Beginning execution of parallelized training matrix loops for Rahul KKT PINN...
Epoch    0 | Val Loss: 58104.1133 | Val Cost: 84559.23 | Val Max P-Miss: 23.1604 | Val Max Q-Miss: 4.5550 | Val Max Gen Viol: 0.0000 | Val Max Thermal: 92.0662 [*SAVED BEST*]
Epoch  100 | Val Loss: 18.9988 | Val Cost: 95491.57 | Val Max P-Miss: 1.0537 | Val Max Q-Miss: 0.1706 | Val Max Gen Viol: 0.0000 | Val Max Thermal: 0.1751 [*SAVED BEST*]
Epoch  200 | Val Loss: 12.8456 | Val Cost: 101346.04 | Val Max P-Miss: 1.5791 | Val Max Q-Miss: 0.1704 | Val Max Gen Viol: 0.0000 | Val Max Thermal: 0.2592 [*SAVED BEST*]
Epoch  300 | Val Loss: 23.1298 | Val Cost: 112379.48 | Val Max P-Miss: 1.2778 | Val Max Q-Miss: 0.2906 | Val Max Gen Viol: 0.0000 | Val Max Thermal: 1.1307
Epoch  400 | Val Loss: 40.7152 | Val Cost: 101788.89 | Val Max P-Miss: 2.3691 | Val Max Q-Miss: 0.1884 | Val Max Gen Viol: 0.0000 | Val Max Thermal: 0.2795
Epoch  500 | Val Loss: 75.2190 | Val Cost: 108151.19 | Val Max P-Miss: 1.2635 | Val Max Q-Miss: 0.3112 | Val Max Gen Viol: 0.0000 | Val Max Thermal: 0.5587
Epoch  600 | Val Loss: 27.4056 | Val Cost: 101910.61 | Val Max P-Miss: 1.1935 | Val Max Q-Miss: 0.2145 | Val Max Gen Viol: 0.0000 | Val Max Thermal: 0.5214
Epoch  700 | Val Loss: 48.1863 | Val Cost: 108939.23 | Val Max P-Miss: 1.5022 | Val Max Q-Miss: 0.2117 | Val Max Gen Viol: 0.0000 | Val Max Thermal: 0.6725
Epoch  800 | Val Loss: 31.4292 | Val Cost: 105237.89 | Val Max P-Miss: 1.3729 | Val Max Q-Miss: 0.3266 | Val Max Gen Viol: 0.0000 | Val Max Thermal: 0.7727
Epoch  900 | Val Loss: 38.8043 | Val Cost: 105324.16 | Val Max P-Miss: 1.2564 | Val Max Q-Miss: 0.2931 | Val Max Gen Viol: 0.0000 | Val Max Thermal: 0.7836
Epoch 1000 | Val Loss: 41.1336 | Val Cost: 110699.45 | Val Max P-Miss: 1.6460 | Val Max Q-Miss: 0.2735 | Val Max Gen Viol: 0.0000 | Val Max Thermal: 0.7494
Epoch 1100 | Val Loss: 123.0072 | Val Cost: 112410.80 | Val Max P-Miss: 2.8369 | Val Max Q-Miss: 0.5734 | Val Max Gen Viol: 0.0000 | Val Max Thermal: 3.2764
Epoch 1200 | Val Loss: 205.5128 | Val Cost: 105720.23 | Val Max P-Miss: 2.8969 | Val Max Q-Miss: 1.0787 | Val Max Gen Viol: 0.0000 | Val Max Thermal: 0.6659
Epoch 1300 | Val Loss: 135.0823 | Val Cost: 109750.20 | Val Max P-Miss: 3.4439 | Val Max Q-Miss: 0.6591 | Val Max Gen Viol: 0.0000 | Val Max Thermal: 1.4989
Epoch 1400 | Val Loss: 218.2840 | Val Cost: 98498.24 | Val Max P-Miss: 3.2025 | Val Max Q-Miss: 0.4514 | Val Max Gen Viol: 0.0000 | Val Max Thermal: 0.1191
Epoch 1500 | Val Loss: 174.8493 | Val Cost: 106981.14 | Val Max P-Miss: 3.6603 | Val Max Q-Miss: 0.7816 | Val Max Gen Viol: 0.0000 | Val Max Thermal: 0.8223
Epoch 1600 | Val Loss: 56.1458 | Val Cost: 97339.38 | Val Max P-Miss: 3.2561 | Val Max Q-Miss: 0.2843 | Val Max Gen Viol: 0.0000 | Val Max Thermal: 0.8510
Epoch 1700 | Val Loss: 136.8321 | Val Cost: 109305.20 | Val Max P-Miss: 3.2187 | Val Max Q-Miss: 0.7254 | Val Max Gen Viol: 0.0000 | Val Max Thermal: 0.1943
Epoch 1800 | Val Loss: 64.9001 | Val Cost: 102573.03 | Val Max P-Miss: 3.3239 | Val Max Q-Miss: 0.4284 | Val Max Gen Viol: 0.0000 | Val Max Thermal: 0.2067
Epoch 1900 | Val Loss: 63.2265 | Val Cost: 101943.99 | Val Max P-Miss: 3.2541 | Val Max Q-Miss: 0.4420 | Val Max Gen Viol: 0.0000 | Val Max Thermal: 0.4385
Epoch 2000 | Val Loss: 254.9725 | Val Cost: 94133.49 | Val Max P-Miss: 3.6234 | Val Max Q-Miss: 0.5146 | Val Max Gen Viol: 0.0000 | Val Max Thermal: 0.1858
Epoch 2100 | Val Loss: 173.5408 | Val Cost: 89096.38 | Val Max P-Miss: 3.6489 | Val Max Q-Miss: 0.6215 | Val Max Gen Viol: 0.0000 | Val Max Thermal: 0.6448
Epoch 2200 | Val Loss: 83.1653 | Val Cost: 107229.52 | Val Max P-Miss: 3.2296 | Val Max Q-Miss: 0.5017 | Val Max Gen Viol: 0.0000 | Val Max Thermal: 0.1516
Epoch 2300 | Val Loss: 219.8115 | Val Cost: 102583.45 | Val Max P-Miss: 3.3889 | Val Max Q-Miss: 0.6168 | Val Max Gen Viol: 0.0000 | Val Max Thermal: 0.6984
Epoch 2400 | Val Loss: 117.2721 | Val Cost: 105053.59 | Val Max P-Miss: 3.2390 | Val Max Q-Miss: 0.7208 | Val Max Gen Viol: 0.0000 | Val Max Thermal: 0.7006
Epoch 2500 | Val Loss: 539.0087 | Val Cost: 104883.65 | Val Max P-Miss: 3.3855 | Val Max Q-Miss: 0.5631 | Val Max Gen Viol: 0.0000 | Val Max Thermal: 2.2761
Epoch 2600 | Val Loss: 1034.1837 | Val Cost: 103302.66 | Val Max P-Miss: 4.8591 | Val Max Q-Miss: 0.6205 | Val Max Gen Viol: 0.0000 | Val Max Thermal: 3.9400
Epoch 2700 | Val Loss: 171.1852 | Val Cost: 109274.13 | Val Max P-Miss: 3.2955 | Val Max Q-Miss: 1.2041 | Val Max Gen Viol: 0.0000 | Val Max Thermal: 1.6497
Epoch 2800 | Val Loss: 405.0108 | Val Cost: 96367.23 | Val Max P-Miss: 3.4030 | Val Max Q-Miss: 0.8338 | Val Max Gen Viol: 0.0000 | Val Max Thermal: 0.5803
Epoch 2900 | Val Loss: 135.0052 | Val Cost: 102563.31 | Val Max P-Miss: 3.3272 | Val Max Q-Miss: 1.1855 | Val Max Gen Viol: 0.0000 | Val Max Thermal: 0.4697
Epoch 3000 | Val Loss: 132.9015 | Val Cost: 100809.84 | Val Max P-Miss: 3.2352 | Val Max Q-Miss: 1.1649 | Val Max Gen Viol: 0.0000 | Val Max Thermal: 0.3522
Epoch 3100 | Val Loss: 314.4139 | Val Cost: 96239.02 | Val Max P-Miss: 3.3190 | Val Max Q-Miss: 2.1711 | Val Max Gen Viol: 0.0000 | Val Max Thermal: 0.2557
Epoch 3200 | Val Loss: 479.7235 | Val Cost: 98022.02 | Val Max P-Miss: 3.7000 | Val Max Q-Miss: 1.6063 | Val Max Gen Viol: 0.0000 | Val Max Thermal: 1.0802
Epoch 3300 | Val Loss: 171.9243 | Val Cost: 95516.90 | Val Max P-Miss: 3.2787 | Val Max Q-Miss: 1.0917 | Val Max Gen Viol: 0.0000 | Val Max Thermal: 0.3863
Epoch 3400 | Val Loss: 216.1660 | Val Cost: 98536.05 | Val Max P-Miss: 3.2092 | Val Max Q-Miss: 1.2074 | Val Max Gen Viol: 0.0000 | Val Max Thermal: 0.4461
Epoch 3500 | Val Loss: 438.6498 | Val Cost: 94907.59 | Val Max P-Miss: 3.6348 | Val Max Q-Miss: 0.8357 | Val Max Gen Viol: 0.0000 | Val Max Thermal: 0.1877
Epoch 3600 | Val Loss: 160.0093 | Val Cost: 95593.94 | Val Max P-Miss: 3.2155 | Val Max Q-Miss: 1.2265 | Val Max Gen Viol: 0.0000 | Val Max Thermal: 0.3142
Epoch 3700 | Val Loss: 151.6991 | Val Cost: 95149.54 | Val Max P-Miss: 3.2400 | Val Max Q-Miss: 1.1350 | Val Max Gen Viol: 0.0000 | Val Max Thermal: 0.5658
Epoch 3800 | Val Loss: 188.9545 | Val Cost: 92698.85 | Val Max P-Miss: 3.2159 | Val Max Q-Miss: 1.2160 | Val Max Gen Viol: 0.0000 | Val Max Thermal: 0.4720
Epoch 3900 | Val Loss: 254.9825 | Val Cost: 86120.74 | Val Max P-Miss: 3.2919 | Val Max Q-Miss: 1.3089 | Val Max Gen Viol: 0.0000 | Val Max Thermal: 0.2356
Epoch 4000 | Val Loss: 185.0511 | Val Cost: 89240.34 | Val Max P-Miss: 3.2895 | Val Max Q-Miss: 1.4858 | Val Max Gen Viol: 0.0000 | Val Max Thermal: 0.3359
Epoch 4100 | Val Loss: 404.0585 | Val Cost: 82551.52 | Val Max P-Miss: 3.6512 | Val Max Q-Miss: 0.8515 | Val Max Gen Viol: 0.0000 | Val Max Thermal: 0.4328
Epoch 4200 | Val Loss: 10867.6973 | Val Cost: 85782.84 | Val Max P-Miss: 7.8674 | Val Max Q-Miss: 4.1404 | Val Max Gen Viol: 0.0000 | Val Max Thermal: 42.6415
Epoch 4300 | Val Loss: 638.4674 | Val Cost: 87935.18 | Val Max P-Miss: 5.2315 | Val Max Q-Miss: 2.9512 | Val Max Gen Viol: 0.0000 | Val Max Thermal: 0.1872
Epoch 4400 | Val Loss: 284.1777 | Val Cost: 82313.20 | Val Max P-Miss: 3.4688 | Val Max Q-Miss: 0.5265 | Val Max Gen Viol: 0.0000 | Val Max Thermal: 0.2971
Epoch 4500 | Val Loss: 1205.2697 | Val Cost: 91424.57 | Val Max P-Miss: 4.0411 | Val Max Q-Miss: 2.1774 | Val Max Gen Viol: 0.0000 | Val Max Thermal: 5.8837
Epoch 4600 | Val Loss: 154.9196 | Val Cost: 85941.20 | Val Max P-Miss: 3.2153 | Val Max Q-Miss: 1.0368 | Val Max Gen Viol: 0.0000 | Val Max Thermal: 0.3071
Epoch 4700 | Val Loss: 131.6953 | Val Cost: 93277.48 | Val Max P-Miss: 3.3011 | Val Max Q-Miss: 0.9847 | Val Max Gen Viol: 0.0000 | Val Max Thermal: 0.4334
Epoch 4800 | Val Loss: 920.5957 | Val Cost: 84833.98 | Val Max P-Miss: 4.1756 | Val Max Q-Miss: 1.9097 | Val Max Gen Viol: 0.0000 | Val Max Thermal: 6.7135
Epoch 4900 | Val Loss: 624.4545 | Val Cost: 87865.88 | Val Max P-Miss: 3.3551 | Val Max Q-Miss: 1.0130 | Val Max Gen Viol: 0.0000 | Val Max Thermal: 0.6786
Epoch 5000 | Val Loss: 261.7236 | Val Cost: 84656.88 | Val Max P-Miss: 3.3980 | Val Max Q-Miss: 0.8284 | Val Max Gen Viol: 0.0000 | Val Max Thermal: 0.3434
Epoch 5100 | Val Loss: 134.3599 | Val Cost: 95221.52 | Val Max P-Miss: 3.2480 | Val Max Q-Miss: 1.2052 | Val Max Gen Viol: 0.0000 | Val Max Thermal: 0.3335
Epoch 5200 | Val Loss: 128.4609 | Val Cost: 91988.52 | Val Max P-Miss: 3.2745 | Val Max Q-Miss: 0.6464 | Val Max Gen Viol: 0.0000 | Val Max Thermal: 0.1465
Epoch 5300 | Val Loss: 157.6368 | Val Cost: 96543.99 | Val Max P-Miss: 3.2377 | Val Max Q-Miss: 1.2438 | Val Max Gen Viol: 0.0000 | Val Max Thermal: 0.6034
Epoch 5400 | Val Loss: 2691.1846 | Val Cost: 89707.14 | Val Max P-Miss: 5.6610 | Val Max Q-Miss: 3.6833 | Val Max Gen Viol: 0.0000 | Val Max Thermal: 11.5273
Epoch 5500 | Val Loss: 140.6701 | Val Cost: 91430.46 | Val Max P-Miss: 3.2730 | Val Max Q-Miss: 1.0634 | Val Max Gen Viol: 0.0000 | Val Max Thermal: 0.0313
Epoch 5600 | Val Loss: 376.3474 | Val Cost: 88033.77 | Val Max P-Miss: 3.7742 | Val Max Q-Miss: 0.8332 | Val Max Gen Viol: 0.0000 | Val Max Thermal: 0.2112
Epoch 5700 | Val Loss: 144.6956 | Val Cost: 95001.05 | Val Max P-Miss: 3.3036 | Val Max Q-Miss: 1.1857 | Val Max Gen Viol: 0.0000 | Val Max Thermal: 0.4876
Epoch 5800 | Val Loss: 155.3107 | Val Cost: 96606.53 | Val Max P-Miss: 3.2755 | Val Max Q-Miss: 1.4718 | Val Max Gen Viol: 0.0000 | Val Max Thermal: 0.5840
Epoch 5900 | Val Loss: 839.9207 | Val Cost: 90273.55 | Val Max P-Miss: 4.5178 | Val Max Q-Miss: 1.3095 | Val Max Gen Viol: 0.0000 | Val Max Thermal: 4.9781
Epoch 6000 | Val Loss: 299.7289 | Val Cost: 90617.26 | Val Max P-Miss: 3.2614 | Val Max Q-Miss: 1.6461 | Val Max Gen Viol: 0.0000 | Val Max Thermal: 0.5249
Epoch 6100 | Val Loss: 381.8478 | Val Cost: 81407.55 | Val Max P-Miss: 3.7409 | Val Max Q-Miss: 1.4169 | Val Max Gen Viol: 0.0000 | Val Max Thermal: 0.2058
Epoch 6200 | Val Loss: 242.8013 | Val Cost: 84196.03 | Val Max P-Miss: 3.2820 | Val Max Q-Miss: 0.9354 | Val Max Gen Viol: 0.0000 | Val Max Thermal: 0.3613
Epoch 6300 | Val Loss: 556.1702 | Val Cost: 77324.31 | Val Max P-Miss: 4.6046 | Val Max Q-Miss: 0.7404 | Val Max Gen Viol: 0.0000 | Val Max Thermal: 0.2643
Epoch 6400 | Val Loss: 152.3745 | Val Cost: 84953.83 | Val Max P-Miss: 3.2833 | Val Max Q-Miss: 1.1165 | Val Max Gen Viol: 0.0000 | Val Max Thermal: 0.4160
Epoch 6500 | Val Loss: 555.3192 | Val Cost: 91637.97 | Val Max P-Miss: 3.5156 | Val Max Q-Miss: 2.6424 | Val Max Gen Viol: 0.0000 | Val Max Thermal: 2.3514
Epoch 6600 | Val Loss: 388.8232 | Val Cost: 83659.22 | Val Max P-Miss: 3.3559 | Val Max Q-Miss: 0.9998 | Val Max Gen Viol: 0.0000 | Val Max Thermal: 0.6505
Epoch 6700 | Val Loss: 419.7469 | Val Cost: 81428.59 | Val Max P-Miss: 3.6733 | Val Max Q-Miss: 0.8482 | Val Max Gen Viol: 0.0000 | Val Max Thermal: 0.5653
Epoch 6800 | Val Loss: 283.4131 | Val Cost: 87470.40 | Val Max P-Miss: 3.2802 | Val Max Q-Miss: 1.1750 | Val Max Gen Viol: 0.0000 | Val Max Thermal: 0.3512
Epoch 6900 | Val Loss: 267.3300 | Val Cost: 83990.07 | Val Max P-Miss: 3.5617 | Val Max Q-Miss: 1.2189 | Val Max Gen Viol: 0.0000 | Val Max Thermal: 1.6741
Epoch 7000 | Val Loss: 160.6498 | Val Cost: 89685.56 | Val Max P-Miss: 3.2242 | Val Max Q-Miss: 1.4358 | Val Max Gen Viol: 0.0000 | Val Max Thermal: 0.1430
Epoch 7100 | Val Loss: 154.9831 | Val Cost: 95125.20 | Val Max P-Miss: 3.3393 | Val Max Q-Miss: 1.2558 | Val Max Gen Viol: 0.0000 | Val Max Thermal: 0.5179
Epoch 7200 | Val Loss: 532.4640 | Val Cost: 87912.14 | Val Max P-Miss: 3.7725 | Val Max Q-Miss: 0.7885 | Val Max Gen Viol: 0.0000 | Val Max Thermal: 0.1834
Epoch 7300 | Val Loss: 249.5924 | Val Cost: 86256.52 | Val Max P-Miss: 3.3038 | Val Max Q-Miss: 1.4224 | Val Max Gen Viol: 0.0000 | Val Max Thermal: 0.0779
Epoch 7400 | Val Loss: 547.9308 | Val Cost: 85908.46 | Val Max P-Miss: 3.3992 | Val Max Q-Miss: 1.0199 | Val Max Gen Viol: 0.0000 | Val Max Thermal: 7.2380
Epoch 7500 | Val Loss: 161.5661 | Val Cost: 93611.46 | Val Max P-Miss: 3.3712 | Val Max Q-Miss: 1.2221 | Val Max Gen Viol: 0.0000 | Val Max Thermal: 0.5259
Epoch 7600 | Val Loss: 158.0761 | Val Cost: 83723.41 | Val Max P-Miss: 3.2391 | Val Max Q-Miss: 0.5709 | Val Max Gen Viol: 0.0000 | Val Max Thermal: 0.0762
Epoch 7700 | Val Loss: 220.1253 | Val Cost: 88556.85 | Val Max P-Miss: 3.2216 | Val Max Q-Miss: 1.0901 | Val Max Gen Viol: 0.0000 | Val Max Thermal: 0.1520
Epoch 7800 | Val Loss: 269.2377 | Val Cost: 90281.41 | Val Max P-Miss: 3.4040 | Val Max Q-Miss: 0.8100 | Val Max Gen Viol: 0.0000 | Val Max Thermal: 0.6094
Epoch 7900 | Val Loss: 197.0310 | Val Cost: 84672.02 | Val Max P-Miss: 3.2362 | Val Max Q-Miss: 1.5854 | Val Max Gen Viol: 0.0000 | Val Max Thermal: 0.1777
Epoch 8000 | Val Loss: 281.6178 | Val Cost: 95577.84 | Val Max P-Miss: 3.4412 | Val Max Q-Miss: 1.4009 | Val Max Gen Viol: 0.0000 | Val Max Thermal: 0.5835
Epoch 8100 | Val Loss: 596.1471 | Val Cost: 87152.08 | Val Max P-Miss: 3.7230 | Val Max Q-Miss: 1.3013 | Val Max Gen Viol: 0.0000 | Val Max Thermal: 1.3682
Epoch 8200 | Val Loss: 151.3223 | Val Cost: 96604.37 | Val Max P-Miss: 3.2233 | Val Max Q-Miss: 1.5789 | Val Max Gen Viol: 0.0000 | Val Max Thermal: 0.6300
Epoch 8300 | Val Loss: 186.0183 | Val Cost: 96549.99 | Val Max P-Miss: 3.2586 | Val Max Q-Miss: 1.5568 | Val Max Gen Viol: 0.0000 | Val Max Thermal: 1.3585
Epoch 8400 | Val Loss: 149.7421 | Val Cost: 93726.77 | Val Max P-Miss: 3.2269 | Val Max Q-Miss: 1.5294 | Val Max Gen Viol: 0.0000 | Val Max Thermal: 0.4967
Epoch 8500 | Val Loss: 136.6299 | Val Cost: 94699.63 | Val Max P-Miss: 3.3219 | Val Max Q-Miss: 1.2357 | Val Max Gen Viol: 0.0000 | Val Max Thermal: 0.7449
Epoch 8600 | Val Loss: 170.1750 | Val Cost: 94018.64 | Val Max P-Miss: 3.2739 | Val Max Q-Miss: 1.2208 | Val Max Gen Viol: 0.0000 | Val Max Thermal: 0.5160
Epoch 8700 | Val Loss: 270.5570 | Val Cost: 87544.80 | Val Max P-Miss: 3.3817 | Val Max Q-Miss: 0.6539 | Val Max Gen Viol: 0.0000 | Val Max Thermal: 0.7028
Epoch 8800 | Val Loss: 258.8161 | Val Cost: 89278.36 | Val Max P-Miss: 3.3374 | Val Max Q-Miss: 1.5305 | Val Max Gen Viol: 0.0000 | Val Max Thermal: 0.1551
Epoch 8900 | Val Loss: 161.9460 | Val Cost: 89820.36 | Val Max P-Miss: 3.2081 | Val Max Q-Miss: 1.2247 | Val Max Gen Viol: 0.0000 | Val Max Thermal: 0.2338
Epoch 9000 | Val Loss: 135.7698 | Val Cost: 89568.09 | Val Max P-Miss: 3.3162 | Val Max Q-Miss: 0.7679 | Val Max Gen Viol: 0.0000 | Val Max Thermal: 0.3344
Epoch 9100 | Val Loss: 327.1311 | Val Cost: 90887.09 | Val Max P-Miss: 3.3742 | Val Max Q-Miss: 1.4430 | Val Max Gen Viol: 0.0000 | Val Max Thermal: 0.2163
Epoch 9200 | Val Loss: 1290.7467 | Val Cost: 92844.52 | Val Max P-Miss: 4.7803 | Val Max Q-Miss: 1.6008 | Val Max Gen Viol: 0.0000 | Val Max Thermal: 0.8000
Epoch 9300 | Val Loss: 1208.6317 | Val Cost: 90159.76 | Val Max P-Miss: 4.2691 | Val Max Q-Miss: 1.7866 | Val Max Gen Viol: 0.0000 | Val Max Thermal: 1.5075
Epoch 9400 | Val Loss: 518.2906 | Val Cost: 84731.37 | Val Max P-Miss: 3.3831 | Val Max Q-Miss: 1.9870 | Val Max Gen Viol: 0.0000 | Val Max Thermal: 4.4603
Epoch 9500 | Val Loss: 994.3405 | Val Cost: 83870.70 | Val Max P-Miss: 5.7714 | Val Max Q-Miss: 1.9557 | Val Max Gen Viol: 0.0000 | Val Max Thermal: 3.7142
Epoch 9600 | Val Loss: 164.9902 | Val Cost: 94098.48 | Val Max P-Miss: 3.2207 | Val Max Q-Miss: 1.3293 | Val Max Gen Viol: 0.0000 | Val Max Thermal: 0.5429
Epoch 9700 | Val Loss: 539.1828 | Val Cost: 94667.10 | Val Max P-Miss: 3.5173 | Val Max Q-Miss: 1.8693 | Val Max Gen Viol: 0.0000 | Val Max Thermal: 0.7617
Epoch 9800 | Val Loss: 973.8716 | Val Cost: 87053.06 | Val Max P-Miss: 5.0933 | Val Max Q-Miss: 1.3264 | Val Max Gen Viol: 0.0000 | Val Max Thermal: 0.9890
Epoch 9900 | Val Loss: 143.2055 | Val Cost: 94319.05 | Val Max P-Miss: 3.2876 | Val Max Q-Miss: 1.4311 | Val Max Gen Viol: 0.0000 | Val Max Thermal: 0.5260

==================================================
Training Complete!
Total Training Time: 00h 11m 14.41s
Best model weights saved to: ./model/best_rahul_model_pglib_opf_case162_ieee_dtc_10000epochs_20260724_231234.pth
==================================================

