Job ID: 8657
Executing: ACOPF_pinn_rahul.py --case_name pglib_opf_case300_ieee --epochs 10000
Node: issnode1
GPU Allocated: 0
CUDA Hardware Acceleration Active: NVIDIA GeForce RTX 4090
Problem Geometry Linked -> Matrix Samples: 10000

Beginning execution of parallelized training matrix loops for Rahul KKT PINN...
Epoch    0 | Val Loss: 42984.3711 | Val Cost: 514391.56 | Val Max P-Miss: 56.6183 | Val Max Q-Miss: 13.1648 | Val Max Gen Viol: 0.0000 | Val Max Thermal: 0.0000 [*SAVED BEST*]
Epoch  100 | Val Loss: 54.8135 | Val Cost: 673823.75 | Val Max P-Miss: 2.2911 | Val Max Q-Miss: 1.1839 | Val Max Gen Viol: 0.0000 | Val Max Thermal: 0.1272 [*SAVED BEST*]
Epoch  200 | Val Loss: 26.1325 | Val Cost: 699584.19 | Val Max P-Miss: 1.5982 | Val Max Q-Miss: 0.9383 | Val Max Gen Viol: 0.0000 | Val Max Thermal: 0.6215 [*SAVED BEST*]
Epoch  300 | Val Loss: 38.4911 | Val Cost: 702741.56 | Val Max P-Miss: 2.0304 | Val Max Q-Miss: 0.9547 | Val Max Gen Viol: 0.0000 | Val Max Thermal: 0.5135
Epoch  400 | Val Loss: 57.9031 | Val Cost: 698689.31 | Val Max P-Miss: 1.6227 | Val Max Q-Miss: 1.0406 | Val Max Gen Viol: 0.0000 | Val Max Thermal: 0.1702
Epoch  500 | Val Loss: 49.0978 | Val Cost: 710259.56 | Val Max P-Miss: 2.2953 | Val Max Q-Miss: 1.0341 | Val Max Gen Viol: 0.0000 | Val Max Thermal: 0.0000
Epoch  600 | Val Loss: 81.1884 | Val Cost: 729693.38 | Val Max P-Miss: 2.8760 | Val Max Q-Miss: 0.9875 | Val Max Gen Viol: 0.0000 | Val Max Thermal: 0.0279
Epoch  700 | Val Loss: 48.7980 | Val Cost: 726729.06 | Val Max P-Miss: 2.5619 | Val Max Q-Miss: 0.9829 | Val Max Gen Viol: 0.0000 | Val Max Thermal: 0.2118
Epoch  800 | Val Loss: 68.9229 | Val Cost: 738861.50 | Val Max P-Miss: 2.8130 | Val Max Q-Miss: 1.0988 | Val Max Gen Viol: 0.0000 | Val Max Thermal: 0.2197
Epoch  900 | Val Loss: 62.3263 | Val Cost: 711809.56 | Val Max P-Miss: 2.1551 | Val Max Q-Miss: 1.0445 | Val Max Gen Viol: 0.0000 | Val Max Thermal: 0.0227
Epoch 1000 | Val Loss: 643.6711 | Val Cost: 746324.06 | Val Max P-Miss: 4.9208 | Val Max Q-Miss: 1.3245 | Val Max Gen Viol: 0.0000 | Val Max Thermal: 0.3248
Epoch 1100 | Val Loss: 79.7937 | Val Cost: 743353.50 | Val Max P-Miss: 3.2157 | Val Max Q-Miss: 1.0658 | Val Max Gen Viol: 0.0000 | Val Max Thermal: 0.6184
Epoch 1200 | Val Loss: 134.4904 | Val Cost: 723113.25 | Val Max P-Miss: 1.7016 | Val Max Q-Miss: 1.0020 | Val Max Gen Viol: 0.0000 | Val Max Thermal: 0.0330
Epoch 1300 | Val Loss: 234.7240 | Val Cost: 744309.00 | Val Max P-Miss: 5.8976 | Val Max Q-Miss: 1.9268 | Val Max Gen Viol: 0.0000 | Val Max Thermal: 0.5966
Epoch 1400 | Val Loss: 324.9518 | Val Cost: 740804.12 | Val Max P-Miss: 6.5515 | Val Max Q-Miss: 1.1486 | Val Max Gen Viol: 0.0000 | Val Max Thermal: 0.5614
Epoch 1500 | Val Loss: 96.6040 | Val Cost: 728149.75 | Val Max P-Miss: 2.2899 | Val Max Q-Miss: 1.0032 | Val Max Gen Viol: 0.0000 | Val Max Thermal: 0.0303
Epoch 1600 | Val Loss: 288.3186 | Val Cost: 735071.94 | Val Max P-Miss: 6.2867 | Val Max Q-Miss: 1.2950 | Val Max Gen Viol: 0.0000 | Val Max Thermal: 0.4488
Epoch 1700 | Val Loss: 3725.3950 | Val Cost: 730115.50 | Val Max P-Miss: 10.1098 | Val Max Q-Miss: 2.3496 | Val Max Gen Viol: 0.0000 | Val Max Thermal: 0.0000
Epoch 1800 | Val Loss: 377.9828 | Val Cost: 731259.56 | Val Max P-Miss: 7.1052 | Val Max Q-Miss: 2.0338 | Val Max Gen Viol: 0.0000 | Val Max Thermal: 0.6031
Epoch 1900 | Val Loss: 281.4214 | Val Cost: 727904.50 | Val Max P-Miss: 5.9741 | Val Max Q-Miss: 1.7274 | Val Max Gen Viol: 0.0000 | Val Max Thermal: 0.4819
Epoch 2000 | Val Loss: 523.5885 | Val Cost: 708597.50 | Val Max P-Miss: 8.3687 | Val Max Q-Miss: 1.6474 | Val Max Gen Viol: 0.0000 | Val Max Thermal: 0.6367
Epoch 2100 | Val Loss: 2531.8926 | Val Cost: 715992.12 | Val Max P-Miss: 10.1195 | Val Max Q-Miss: 3.2469 | Val Max Gen Viol: 0.0000 | Val Max Thermal: 0.0288
Epoch 2200 | Val Loss: 266.5183 | Val Cost: 717849.00 | Val Max P-Miss: 6.0372 | Val Max Q-Miss: 1.0843 | Val Max Gen Viol: 0.0000 | Val Max Thermal: 0.2303
Epoch 2300 | Val Loss: 469.6257 | Val Cost: 715245.62 | Val Max P-Miss: 3.7028 | Val Max Q-Miss: 1.5087 | Val Max Gen Viol: 0.0000 | Val Max Thermal: 0.0136
Epoch 2400 | Val Loss: 1660.0005 | Val Cost: 722409.00 | Val Max P-Miss: 5.2160 | Val Max Q-Miss: 2.0014 | Val Max Gen Viol: 0.0000 | Val Max Thermal: 0.0000
Epoch 2500 | Val Loss: 782.2438 | Val Cost: 721451.81 | Val Max P-Miss: 10.3272 | Val Max Q-Miss: 1.3249 | Val Max Gen Viol: 0.0000 | Val Max Thermal: 1.0089
Epoch 2600 | Val Loss: 491.8228 | Val Cost: 721881.56 | Val Max P-Miss: 3.1656 | Val Max Q-Miss: 1.2111 | Val Max Gen Viol: 0.0000 | Val Max Thermal: 0.0000
Epoch 2700 | Val Loss: 827.2392 | Val Cost: 729977.31 | Val Max P-Miss: 10.3181 | Val Max Q-Miss: 1.7693 | Val Max Gen Viol: 0.0000 | Val Max Thermal: 0.8218
Epoch 2800 | Val Loss: 708.2036 | Val Cost: 725263.94 | Val Max P-Miss: 9.6228 | Val Max Q-Miss: 4.7355 | Val Max Gen Viol: 0.0000 | Val Max Thermal: 0.1080
Epoch 2900 | Val Loss: 878.7464 | Val Cost: 705944.56 | Val Max P-Miss: 4.1014 | Val Max Q-Miss: 1.4822 | Val Max Gen Viol: 0.0000 | Val Max Thermal: 0.1344
Epoch 3000 | Val Loss: 886.3190 | Val Cost: 706004.38 | Val Max P-Miss: 10.6784 | Val Max Q-Miss: 1.6052 | Val Max Gen Viol: 0.0000 | Val Max Thermal: 0.8064
Epoch 3100 | Val Loss: 215.7928 | Val Cost: 725915.44 | Val Max P-Miss: 4.8448 | Val Max Q-Miss: 1.2615 | Val Max Gen Viol: 0.0000 | Val Max Thermal: 0.5942
Epoch 3200 | Val Loss: 1326.3224 | Val Cost: 735330.31 | Val Max P-Miss: 4.4023 | Val Max Q-Miss: 2.4445 | Val Max Gen Viol: 0.0000 | Val Max Thermal: 0.0000
Epoch 3300 | Val Loss: 356.6696 | Val Cost: 740174.75 | Val Max P-Miss: 6.8989 | Val Max Q-Miss: 2.1897 | Val Max Gen Viol: 0.0000 | Val Max Thermal: 0.2810
Epoch 3400 | Val Loss: 935.5150 | Val Cost: 730084.75 | Val Max P-Miss: 10.3380 | Val Max Q-Miss: 3.9029 | Val Max Gen Viol: 0.0000 | Val Max Thermal: 2.1647
Epoch 3500 | Val Loss: 787.0093 | Val Cost: 729066.31 | Val Max P-Miss: 10.1892 | Val Max Q-Miss: 4.0858 | Val Max Gen Viol: 0.0000 | Val Max Thermal: 0.4626
Epoch 3600 | Val Loss: 1899.9360 | Val Cost: 711546.06 | Val Max P-Miss: 5.9166 | Val Max Q-Miss: 2.4032 | Val Max Gen Viol: 0.0000 | Val Max Thermal: 1.4941
Epoch 3700 | Val Loss: 1906.3441 | Val Cost: 713163.44 | Val Max P-Miss: 8.1890 | Val Max Q-Miss: 5.6159 | Val Max Gen Viol: 0.0000 | Val Max Thermal: 1.4173
Epoch 3800 | Val Loss: 735.1525 | Val Cost: 711511.19 | Val Max P-Miss: 1.8787 | Val Max Q-Miss: 1.9669 | Val Max Gen Viol: 0.0000 | Val Max Thermal: 0.1445
Epoch 3900 | Val Loss: 1166.0616 | Val Cost: 694777.69 | Val Max P-Miss: 2.3390 | Val Max Q-Miss: 1.5200 | Val Max Gen Viol: 0.0000 | Val Max Thermal: 0.8931
Epoch 4000 | Val Loss: 580.2657 | Val Cost: 687719.44 | Val Max P-Miss: 2.8242 | Val Max Q-Miss: 1.3442 | Val Max Gen Viol: 0.0000 | Val Max Thermal: 1.1043
Epoch 4100 | Val Loss: 566.5040 | Val Cost: 688605.94 | Val Max P-Miss: 2.9540 | Val Max Q-Miss: 1.4025 | Val Max Gen Viol: 0.0000 | Val Max Thermal: 2.7231
Epoch 4200 | Val Loss: 1177.4175 | Val Cost: 679046.56 | Val Max P-Miss: 3.9594 | Val Max Q-Miss: 1.9155 | Val Max Gen Viol: 0.0000 | Val Max Thermal: 2.4015
Epoch 4300 | Val Loss: 1442.3698 | Val Cost: 683134.81 | Val Max P-Miss: 3.7446 | Val Max Q-Miss: 1.4050 | Val Max Gen Viol: 0.0000 | Val Max Thermal: 2.1614
Epoch 4400 | Val Loss: 790.3905 | Val Cost: 664249.19 | Val Max P-Miss: 4.6390 | Val Max Q-Miss: 1.3344 | Val Max Gen Viol: 0.0000 | Val Max Thermal: 2.6044
Epoch 4500 | Val Loss: 1072.3979 | Val Cost: 668117.25 | Val Max P-Miss: 3.5696 | Val Max Q-Miss: 1.3762 | Val Max Gen Viol: 0.0000 | Val Max Thermal: 2.0549
Epoch 4600 | Val Loss: 1616.6136 | Val Cost: 667882.25 | Val Max P-Miss: 6.8344 | Val Max Q-Miss: 3.4620 | Val Max Gen Viol: 0.0000 | Val Max Thermal: 0.4231
Epoch 4700 | Val Loss: 591.2413 | Val Cost: 669307.56 | Val Max P-Miss: 4.1069 | Val Max Q-Miss: 1.3704 | Val Max Gen Viol: 0.0000 | Val Max Thermal: 2.2797
Epoch 4800 | Val Loss: 772.7631 | Val Cost: 662075.38 | Val Max P-Miss: 8.3668 | Val Max Q-Miss: 4.9308 | Val Max Gen Viol: 0.0000 | Val Max Thermal: 2.5644
Epoch 4900 | Val Loss: 1258.4872 | Val Cost: 671561.62 | Val Max P-Miss: 4.4115 | Val Max Q-Miss: 1.4544 | Val Max Gen Viol: 0.0000 | Val Max Thermal: 1.5683
Epoch 5000 | Val Loss: 317.1039 | Val Cost: 665721.94 | Val Max P-Miss: 4.3520 | Val Max Q-Miss: 1.4257 | Val Max Gen Viol: 0.0000 | Val Max Thermal: 2.5075
Epoch 5100 | Val Loss: 658.6273 | Val Cost: 673582.12 | Val Max P-Miss: 4.2404 | Val Max Q-Miss: 1.4670 | Val Max Gen Viol: 0.0000 | Val Max Thermal: 0.7989
Epoch 5200 | Val Loss: 636.6545 | Val Cost: 667458.44 | Val Max P-Miss: 4.3410 | Val Max Q-Miss: 1.4264 | Val Max Gen Viol: 0.0000 | Val Max Thermal: 2.6528
Epoch 5300 | Val Loss: 1047.8403 | Val Cost: 669532.12 | Val Max P-Miss: 4.0614 | Val Max Q-Miss: 1.8243 | Val Max Gen Viol: 0.0000 | Val Max Thermal: 1.4317
Epoch 5400 | Val Loss: 589.1720 | Val Cost: 667479.62 | Val Max P-Miss: 4.1874 | Val Max Q-Miss: 1.3943 | Val Max Gen Viol: 0.0000 | Val Max Thermal: 2.5212
Epoch 5500 | Val Loss: 678.0071 | Val Cost: 669323.94 | Val Max P-Miss: 4.4539 | Val Max Q-Miss: 1.4926 | Val Max Gen Viol: 0.0000 | Val Max Thermal: 2.5407
Epoch 5600 | Val Loss: 1067.3140 | Val Cost: 667510.06 | Val Max P-Miss: 4.0641 | Val Max Q-Miss: 1.4379 | Val Max Gen Viol: 0.0000 | Val Max Thermal: 1.8243
Epoch 5700 | Val Loss: 1231.4095 | Val Cost: 664325.00 | Val Max P-Miss: 6.0342 | Val Max Q-Miss: 1.6202 | Val Max Gen Viol: 0.0000 | Val Max Thermal: 1.5031
Epoch 5800 | Val Loss: 1674.1302 | Val Cost: 670675.56 | Val Max P-Miss: 4.3766 | Val Max Q-Miss: 1.4720 | Val Max Gen Viol: 0.0000 | Val Max Thermal: 2.3635
Epoch 5900 | Val Loss: 963.7818 | Val Cost: 664189.62 | Val Max P-Miss: 4.1121 | Val Max Q-Miss: 1.3795 | Val Max Gen Viol: 0.0000 | Val Max Thermal: 2.4011
Epoch 6000 | Val Loss: 780.9213 | Val Cost: 672594.06 | Val Max P-Miss: 4.4730 | Val Max Q-Miss: 2.3702 | Val Max Gen Viol: 0.0000 | Val Max Thermal: 1.9864
Epoch 6100 | Val Loss: 711.7226 | Val Cost: 664845.00 | Val Max P-Miss: 4.1653 | Val Max Q-Miss: 2.2520 | Val Max Gen Viol: 0.0000 | Val Max Thermal: 1.3157
Epoch 6200 | Val Loss: 505.2397 | Val Cost: 670708.75 | Val Max P-Miss: 4.5255 | Val Max Q-Miss: 1.4701 | Val Max Gen Viol: 0.0000 | Val Max Thermal: 2.5017
Epoch 6300 | Val Loss: 468.4070 | Val Cost: 667997.56 | Val Max P-Miss: 4.4843 | Val Max Q-Miss: 1.4614 | Val Max Gen Viol: 0.0000 | Val Max Thermal: 1.7440
Epoch 6400 | Val Loss: 658.6310 | Val Cost: 670483.62 | Val Max P-Miss: 4.2501 | Val Max Q-Miss: 1.4278 | Val Max Gen Viol: 0.0000 | Val Max Thermal: 1.7207
Epoch 6500 | Val Loss: 644.6719 | Val Cost: 664800.81 | Val Max P-Miss: 4.2164 | Val Max Q-Miss: 1.4156 | Val Max Gen Viol: 0.0000 | Val Max Thermal: 1.9746
Epoch 6600 | Val Loss: 1008.7590 | Val Cost: 672690.94 | Val Max P-Miss: 4.1911 | Val Max Q-Miss: 1.3204 | Val Max Gen Viol: 0.0000 | Val Max Thermal: 0.3269
Epoch 6700 | Val Loss: 820.7012 | Val Cost: 680392.38 | Val Max P-Miss: 4.2166 | Val Max Q-Miss: 1.4919 | Val Max Gen Viol: 0.0000 | Val Max Thermal: 0.9729
Epoch 6800 | Val Loss: 1016.7418 | Val Cost: 671445.00 | Val Max P-Miss: 4.1793 | Val Max Q-Miss: 1.8830 | Val Max Gen Viol: 0.0000 | Val Max Thermal: 1.5513
Epoch 6900 | Val Loss: 841.7128 | Val Cost: 671096.62 | Val Max P-Miss: 4.4671 | Val Max Q-Miss: 1.5495 | Val Max Gen Viol: 0.0000 | Val Max Thermal: 2.7821
Epoch 7000 | Val Loss: 967.2559 | Val Cost: 674498.31 | Val Max P-Miss: 3.9063 | Val Max Q-Miss: 1.3850 | Val Max Gen Viol: 0.0000 | Val Max Thermal: 0.2841
Epoch 7100 | Val Loss: 817.6800 | Val Cost: 662578.06 | Val Max P-Miss: 3.9626 | Val Max Q-Miss: 1.7208 | Val Max Gen Viol: 0.0000 | Val Max Thermal: 1.2041
Epoch 7200 | Val Loss: 587.5026 | Val Cost: 658013.75 | Val Max P-Miss: 3.8668 | Val Max Q-Miss: 1.3471 | Val Max Gen Viol: 0.0000 | Val Max Thermal: 0.2987
Epoch 7300 | Val Loss: 805.3375 | Val Cost: 663614.50 | Val Max P-Miss: 4.1763 | Val Max Q-Miss: 1.5323 | Val Max Gen Viol: 0.0000 | Val Max Thermal: 1.1839
Epoch 7400 | Val Loss: 1112.2100 | Val Cost: 662400.94 | Val Max P-Miss: 6.6194 | Val Max Q-Miss: 4.2727 | Val Max Gen Viol: 0.0000 | Val Max Thermal: 2.1461
Epoch 7500 | Val Loss: 645.3243 | Val Cost: 660983.56 | Val Max P-Miss: 4.1796 | Val Max Q-Miss: 1.4206 | Val Max Gen Viol: 0.0000 | Val Max Thermal: 2.6534
Epoch 7600 | Val Loss: 1006.0803 | Val Cost: 670437.62 | Val Max P-Miss: 3.6470 | Val Max Q-Miss: 2.2790 | Val Max Gen Viol: 0.0000 | Val Max Thermal: 0.2704
Epoch 7700 | Val Loss: 603.9263 | Val Cost: 660015.31 | Val Max P-Miss: 4.1190 | Val Max Q-Miss: 1.4316 | Val Max Gen Viol: 0.0000 | Val Max Thermal: 1.2822
Epoch 7800 | Val Loss: 1453.2852 | Val Cost: 667484.19 | Val Max P-Miss: 4.2038 | Val Max Q-Miss: 1.5053 | Val Max Gen Viol: 0.0000 | Val Max Thermal: 1.5546
Epoch 7900 | Val Loss: 1083.9952 | Val Cost: 660439.38 | Val Max P-Miss: 3.7968 | Val Max Q-Miss: 1.9404 | Val Max Gen Viol: 0.0000 | Val Max Thermal: 0.3660
Epoch 8000 | Val Loss: 1259.0861 | Val Cost: 659579.44 | Val Max P-Miss: 4.4267 | Val Max Q-Miss: 1.4746 | Val Max Gen Viol: 0.0000 | Val Max Thermal: 0.3778
Epoch 8100 | Val Loss: 1443.8551 | Val Cost: 653126.19 | Val Max P-Miss: 4.4301 | Val Max Q-Miss: 1.6871 | Val Max Gen Viol: 0.0000 | Val Max Thermal: 0.5457
Epoch 8200 | Val Loss: 1780.8219 | Val Cost: 655396.25 | Val Max P-Miss: 11.0086 | Val Max Q-Miss: 6.6517 | Val Max Gen Viol: 0.0000 | Val Max Thermal: 0.3345
Epoch 8300 | Val Loss: 1021.6803 | Val Cost: 655677.56 | Val Max P-Miss: 7.2936 | Val Max Q-Miss: 1.8877 | Val Max Gen Viol: 0.0000 | Val Max Thermal: 1.5942
Epoch 8400 | Val Loss: 559.0721 | Val Cost: 655604.31 | Val Max P-Miss: 4.1076 | Val Max Q-Miss: 1.4592 | Val Max Gen Viol: 0.0000 | Val Max Thermal: 1.5395
Epoch 8500 | Val Loss: 561.4827 | Val Cost: 657008.25 | Val Max P-Miss: 4.2342 | Val Max Q-Miss: 1.4558 | Val Max Gen Viol: 0.0000 | Val Max Thermal: 1.1712
Epoch 8600 | Val Loss: 876.7123 | Val Cost: 657154.88 | Val Max P-Miss: 3.9250 | Val Max Q-Miss: 1.4007 | Val Max Gen Viol: 0.0000 | Val Max Thermal: 0.7368
Epoch 8700 | Val Loss: 1361.9617 | Val Cost: 657950.50 | Val Max P-Miss: 4.1376 | Val Max Q-Miss: 1.4438 | Val Max Gen Viol: 0.0000 | Val Max Thermal: 1.2533
Epoch 8800 | Val Loss: 1789.2996 | Val Cost: 658906.12 | Val Max P-Miss: 3.7521 | Val Max Q-Miss: 1.3037 | Val Max Gen Viol: 0.0000 | Val Max Thermal: 1.3126
Epoch 8900 | Val Loss: 959.8881 | Val Cost: 659431.94 | Val Max P-Miss: 4.1303 | Val Max Q-Miss: 1.3782 | Val Max Gen Viol: 0.0000 | Val Max Thermal: 1.6564
Epoch 9000 | Val Loss: 508.8836 | Val Cost: 656952.75 | Val Max P-Miss: 4.1963 | Val Max Q-Miss: 1.4065 | Val Max Gen Viol: 0.0000 | Val Max Thermal: 1.1044
Epoch 9100 | Val Loss: 1047.1805 | Val Cost: 657402.06 | Val Max P-Miss: 4.4125 | Val Max Q-Miss: 1.4458 | Val Max Gen Viol: 0.0000 | Val Max Thermal: 0.5810
Epoch 9200 | Val Loss: 767.1472 | Val Cost: 656521.62 | Val Max P-Miss: 4.1591 | Val Max Q-Miss: 1.7978 | Val Max Gen Viol: 0.0000 | Val Max Thermal: 1.3130
Epoch 9300 | Val Loss: 564.8016 | Val Cost: 651103.06 | Val Max P-Miss: 4.1903 | Val Max Q-Miss: 1.4484 | Val Max Gen Viol: 0.0000 | Val Max Thermal: 0.9228
Epoch 9400 | Val Loss: 615.4148 | Val Cost: 651614.56 | Val Max P-Miss: 4.1414 | Val Max Q-Miss: 1.3765 | Val Max Gen Viol: 0.0000 | Val Max Thermal: 0.7261
Epoch 9500 | Val Loss: 507.8897 | Val Cost: 652421.12 | Val Max P-Miss: 4.1817 | Val Max Q-Miss: 1.6289 | Val Max Gen Viol: 0.0000 | Val Max Thermal: 2.0566
Epoch 9600 | Val Loss: 1972.6532 | Val Cost: 660446.50 | Val Max P-Miss: 7.3083 | Val Max Q-Miss: 7.1535 | Val Max Gen Viol: 0.0000 | Val Max Thermal: 0.2446
Epoch 9700 | Val Loss: 342.3487 | Val Cost: 650260.88 | Val Max P-Miss: 4.4455 | Val Max Q-Miss: 1.4729 | Val Max Gen Viol: 0.0000 | Val Max Thermal: 1.6276
Epoch 9800 | Val Loss: 2071.6646 | Val Cost: 649387.00 | Val Max P-Miss: 12.3181 | Val Max Q-Miss: 6.0602 | Val Max Gen Viol: 0.0000 | Val Max Thermal: 2.4709
Epoch 9900 | Val Loss: 825.9027 | Val Cost: 653254.75 | Val Max P-Miss: 4.4216 | Val Max Q-Miss: 1.5048 | Val Max Gen Viol: 0.0000 | Val Max Thermal: 1.6845

==================================================
Training Complete!
Total Training Time: 00h 11m 47.93s
Best model weights saved to: ./model/best_rahul_model_pglib_opf_case300_ieee_10000epochs_20260725_001150.pth
==================================================

