Job ID: 8673
Executing: ACOPF_pinn_baseline.py --case_name pglib_opf_case14_ieee --epochs 10000
Node: issnode1
GPU Allocated: 0
CUDA Hardware Acceleration Active: NVIDIA GeForce RTX 4090
Problem Geometry Linked -> Matrix Samples: 10000

Beginning execution of parallelized training matrix loops...
Epoch    0 | Val Loss: 172.9017 | Val Cost: 1717.68 | Val Max P-Miss: 0.8231 | Max Q-Miss: 0.8242 | Val Max Gen Viol: 0.0000 | Val Max Thermal: 0.0000 [*SAVED BEST*]
Epoch  100 | Val Loss: 14.7660 | Val Cost: 2098.86 | Val Max P-Miss: 0.2201 | Max Q-Miss: 0.1456 | Val Max Gen Viol: 0.0000 | Val Max Thermal: 0.0000 [*SAVED BEST*]
Epoch  200 | Val Loss: 12.7851 | Val Cost: 2150.84 | Val Max P-Miss: 0.1820 | Max Q-Miss: 0.1247 | Val Max Gen Viol: 0.0000 | Val Max Thermal: 0.0000 [*SAVED BEST*]
Epoch  300 | Val Loss: 10.6093 | Val Cost: 2227.03 | Val Max P-Miss: 0.2259 | Max Q-Miss: 0.0890 | Val Max Gen Viol: 0.0000 | Val Max Thermal: 0.0000 [*SAVED BEST*]
Epoch  400 | Val Loss: 10.7520 | Val Cost: 2231.87 | Val Max P-Miss: 0.1990 | Max Q-Miss: 0.0807 | Val Max Gen Viol: 0.0000 | Val Max Thermal: 0.0000
Epoch  500 | Val Loss: 15.5468 | Val Cost: 2186.40 | Val Max P-Miss: 0.2944 | Max Q-Miss: 0.1254 | Val Max Gen Viol: 0.0000 | Val Max Thermal: 0.0000
Epoch  600 | Val Loss: 9.6895 | Val Cost: 2287.35 | Val Max P-Miss: 0.2106 | Max Q-Miss: 0.0732 | Val Max Gen Viol: 0.0000 | Val Max Thermal: 0.0000 [*SAVED BEST*]
Epoch  700 | Val Loss: 11.9005 | Val Cost: 2267.68 | Val Max P-Miss: 0.2009 | Max Q-Miss: 0.1106 | Val Max Gen Viol: 0.0000 | Val Max Thermal: 0.0000
Epoch  800 | Val Loss: 8.1965 | Val Cost: 2318.72 | Val Max P-Miss: 0.1736 | Max Q-Miss: 0.0745 | Val Max Gen Viol: 0.0000 | Val Max Thermal: 0.0000 [*SAVED BEST*]
Epoch  900 | Val Loss: 9.2561 | Val Cost: 2301.10 | Val Max P-Miss: 0.1650 | Max Q-Miss: 0.0743 | Val Max Gen Viol: 0.0000 | Val Max Thermal: 0.0000
Epoch 1000 | Val Loss: 8.0034 | Val Cost: 2331.70 | Val Max P-Miss: 0.1679 | Max Q-Miss: 0.0702 | Val Max Gen Viol: 0.0000 | Val Max Thermal: 0.0000 [*SAVED BEST*]
Epoch 1100 | Val Loss: 7.6962 | Val Cost: 2335.78 | Val Max P-Miss: 0.1623 | Max Q-Miss: 0.0732 | Val Max Gen Viol: 0.0000 | Val Max Thermal: 0.0000 [*SAVED BEST*]
Epoch 1200 | Val Loss: 10.3905 | Val Cost: 2319.30 | Val Max P-Miss: 0.2200 | Max Q-Miss: 0.0729 | Val Max Gen Viol: 0.0000 | Val Max Thermal: 0.0000
Epoch 1300 | Val Loss: 7.7204 | Val Cost: 2348.19 | Val Max P-Miss: 0.1565 | Max Q-Miss: 0.0684 | Val Max Gen Viol: 0.0000 | Val Max Thermal: 0.0000
Epoch 1400 | Val Loss: 7.8422 | Val Cost: 2341.83 | Val Max P-Miss: 0.1481 | Max Q-Miss: 0.0872 | Val Max Gen Viol: 0.0000 | Val Max Thermal: 0.0000
Epoch 1500 | Val Loss: 7.8145 | Val Cost: 2348.84 | Val Max P-Miss: 0.1717 | Max Q-Miss: 0.0683 | Val Max Gen Viol: 0.0000 | Val Max Thermal: 0.0000
Epoch 1600 | Val Loss: 7.2423 | Val Cost: 2353.03 | Val Max P-Miss: 0.1446 | Max Q-Miss: 0.0664 | Val Max Gen Viol: 0.0000 | Val Max Thermal: 0.0000 [*SAVED BEST*]
Epoch 1700 | Val Loss: 8.2526 | Val Cost: 2353.47 | Val Max P-Miss: 0.1551 | Max Q-Miss: 0.0673 | Val Max Gen Viol: 0.0000 | Val Max Thermal: 0.0000
Epoch 1800 | Val Loss: 7.0869 | Val Cost: 2353.90 | Val Max P-Miss: 0.1384 | Max Q-Miss: 0.0665 | Val Max Gen Viol: 0.0000 | Val Max Thermal: 0.0000 [*SAVED BEST*]
Epoch 1900 | Val Loss: 6.9278 | Val Cost: 2353.50 | Val Max P-Miss: 0.1369 | Max Q-Miss: 0.0723 | Val Max Gen Viol: 0.0000 | Val Max Thermal: 0.0000 [*SAVED BEST*]
Epoch 2000 | Val Loss: 7.0181 | Val Cost: 2354.09 | Val Max P-Miss: 0.1305 | Max Q-Miss: 0.0696 | Val Max Gen Viol: 0.0000 | Val Max Thermal: 0.0000
Epoch 2100 | Val Loss: 6.9001 | Val Cost: 2353.17 | Val Max P-Miss: 0.1346 | Max Q-Miss: 0.0700 | Val Max Gen Viol: 0.0000 | Val Max Thermal: 0.0000 [*SAVED BEST*]
Epoch 2200 | Val Loss: 11.7446 | Val Cost: 2338.54 | Val Max P-Miss: 0.1656 | Max Q-Miss: 0.1272 | Val Max Gen Viol: 0.0000 | Val Max Thermal: 0.0000
Epoch 2300 | Val Loss: 6.7826 | Val Cost: 2354.51 | Val Max P-Miss: 0.1250 | Max Q-Miss: 0.0635 | Val Max Gen Viol: 0.0000 | Val Max Thermal: 0.0000 [*SAVED BEST*]
Epoch 2400 | Val Loss: 6.9675 | Val Cost: 2359.92 | Val Max P-Miss: 0.1418 | Max Q-Miss: 0.0916 | Val Max Gen Viol: 0.0000 | Val Max Thermal: 0.0000
Epoch 2500 | Val Loss: 7.9753 | Val Cost: 2356.61 | Val Max P-Miss: 0.1474 | Max Q-Miss: 0.0703 | Val Max Gen Viol: 0.0000 | Val Max Thermal: 0.0000
Epoch 2600 | Val Loss: 6.7874 | Val Cost: 2354.28 | Val Max P-Miss: 0.1232 | Max Q-Miss: 0.0690 | Val Max Gen Viol: 0.0000 | Val Max Thermal: 0.0000
Epoch 2700 | Val Loss: 6.7803 | Val Cost: 2353.67 | Val Max P-Miss: 0.1303 | Max Q-Miss: 0.0702 | Val Max Gen Viol: 0.0000 | Val Max Thermal: 0.0000 [*SAVED BEST*]
Epoch 2800 | Val Loss: 7.0437 | Val Cost: 2354.58 | Val Max P-Miss: 0.1539 | Max Q-Miss: 0.0674 | Val Max Gen Viol: 0.0000 | Val Max Thermal: 0.0000
Epoch 2900 | Val Loss: 6.7110 | Val Cost: 2353.60 | Val Max P-Miss: 0.1155 | Max Q-Miss: 0.0676 | Val Max Gen Viol: 0.0000 | Val Max Thermal: 0.0000 [*SAVED BEST*]
Epoch 3000 | Val Loss: 6.6593 | Val Cost: 2353.27 | Val Max P-Miss: 0.1171 | Max Q-Miss: 0.0652 | Val Max Gen Viol: 0.0000 | Val Max Thermal: 0.0000 [*SAVED BEST*]
Epoch 3100 | Val Loss: 6.6379 | Val Cost: 2353.51 | Val Max P-Miss: 0.1145 | Max Q-Miss: 0.0682 | Val Max Gen Viol: 0.0000 | Val Max Thermal: 0.0000 [*SAVED BEST*]
Epoch 3200 | Val Loss: 7.5898 | Val Cost: 2353.55 | Val Max P-Miss: 0.1538 | Max Q-Miss: 0.0714 | Val Max Gen Viol: 0.0000 | Val Max Thermal: 0.0000
Epoch 3300 | Val Loss: 6.6632 | Val Cost: 2352.98 | Val Max P-Miss: 0.1160 | Max Q-Miss: 0.0693 | Val Max Gen Viol: 0.0000 | Val Max Thermal: 0.0000
Epoch 3400 | Val Loss: 6.5773 | Val Cost: 2354.31 | Val Max P-Miss: 0.1114 | Max Q-Miss: 0.0624 | Val Max Gen Viol: 0.0000 | Val Max Thermal: 0.0000 [*SAVED BEST*]
Epoch 3500 | Val Loss: 8.7426 | Val Cost: 2348.49 | Val Max P-Miss: 0.1187 | Max Q-Miss: 0.1331 | Val Max Gen Viol: 0.0000 | Val Max Thermal: 0.0000
Epoch 3600 | Val Loss: 6.5946 | Val Cost: 2352.89 | Val Max P-Miss: 0.1104 | Max Q-Miss: 0.0674 | Val Max Gen Viol: 0.0000 | Val Max Thermal: 0.0000
Epoch 3700 | Val Loss: 6.7067 | Val Cost: 2352.69 | Val Max P-Miss: 0.1129 | Max Q-Miss: 0.0813 | Val Max Gen Viol: 0.0000 | Val Max Thermal: 0.0000
Epoch 3800 | Val Loss: 6.5133 | Val Cost: 2352.88 | Val Max P-Miss: 0.1082 | Max Q-Miss: 0.0685 | Val Max Gen Viol: 0.0000 | Val Max Thermal: 0.0000 [*SAVED BEST*]
Epoch 3900 | Val Loss: 6.8930 | Val Cost: 2356.56 | Val Max P-Miss: 0.1307 | Max Q-Miss: 0.0629 | Val Max Gen Viol: 0.0000 | Val Max Thermal: 0.0000
Epoch 4000 | Val Loss: 6.5792 | Val Cost: 2353.04 | Val Max P-Miss: 0.1126 | Max Q-Miss: 0.0755 | Val Max Gen Viol: 0.0000 | Val Max Thermal: 0.0000
Epoch 4100 | Val Loss: 6.5202 | Val Cost: 2352.78 | Val Max P-Miss: 0.1097 | Max Q-Miss: 0.0656 | Val Max Gen Viol: 0.0000 | Val Max Thermal: 0.0000
Epoch 4200 | Val Loss: 6.5704 | Val Cost: 2355.01 | Val Max P-Miss: 0.1134 | Max Q-Miss: 0.0673 | Val Max Gen Viol: 0.0000 | Val Max Thermal: 0.0000
Epoch 4300 | Val Loss: 6.5777 | Val Cost: 2353.09 | Val Max P-Miss: 0.1086 | Max Q-Miss: 0.0663 | Val Max Gen Viol: 0.0000 | Val Max Thermal: 0.0000
Epoch 4400 | Val Loss: 6.5261 | Val Cost: 2352.92 | Val Max P-Miss: 0.1088 | Max Q-Miss: 0.0670 | Val Max Gen Viol: 0.0000 | Val Max Thermal: 0.0000
Epoch 4500 | Val Loss: 6.6321 | Val Cost: 2351.21 | Val Max P-Miss: 0.1095 | Max Q-Miss: 0.0741 | Val Max Gen Viol: 0.0000 | Val Max Thermal: 0.0000
Epoch 4600 | Val Loss: 6.5768 | Val Cost: 2353.79 | Val Max P-Miss: 0.1122 | Max Q-Miss: 0.0670 | Val Max Gen Viol: 0.0000 | Val Max Thermal: 0.0000
Epoch 4700 | Val Loss: 6.5530 | Val Cost: 2352.84 | Val Max P-Miss: 0.1078 | Max Q-Miss: 0.0636 | Val Max Gen Viol: 0.0000 | Val Max Thermal: 0.0000
Epoch 4800 | Val Loss: 6.4456 | Val Cost: 2353.33 | Val Max P-Miss: 0.1067 | Max Q-Miss: 0.0661 | Val Max Gen Viol: 0.0000 | Val Max Thermal: 0.0000 [*SAVED BEST*]
Epoch 4900 | Val Loss: 6.6549 | Val Cost: 2353.10 | Val Max P-Miss: 0.1044 | Max Q-Miss: 0.0729 | Val Max Gen Viol: 0.0000 | Val Max Thermal: 0.0000
Epoch 5000 | Val Loss: 6.5556 | Val Cost: 2353.65 | Val Max P-Miss: 0.1112 | Max Q-Miss: 0.0648 | Val Max Gen Viol: 0.0000 | Val Max Thermal: 0.0000
Epoch 5100 | Val Loss: 6.5335 | Val Cost: 2352.46 | Val Max P-Miss: 0.1085 | Max Q-Miss: 0.0652 | Val Max Gen Viol: 0.0000 | Val Max Thermal: 0.0000
Epoch 5200 | Val Loss: 6.6398 | Val Cost: 2352.69 | Val Max P-Miss: 0.1058 | Max Q-Miss: 0.0806 | Val Max Gen Viol: 0.0000 | Val Max Thermal: 0.0000
Epoch 5300 | Val Loss: 6.5341 | Val Cost: 2352.95 | Val Max P-Miss: 0.1050 | Max Q-Miss: 0.0639 | Val Max Gen Viol: 0.0000 | Val Max Thermal: 0.0000
Epoch 5400 | Val Loss: 7.3009 | Val Cost: 2355.85 | Val Max P-Miss: 0.1338 | Max Q-Miss: 0.0754 | Val Max Gen Viol: 0.0000 | Val Max Thermal: 0.0000
Epoch 5500 | Val Loss: 6.4690 | Val Cost: 2352.68 | Val Max P-Miss: 0.1031 | Max Q-Miss: 0.0631 | Val Max Gen Viol: 0.0000 | Val Max Thermal: 0.0000
Epoch 5600 | Val Loss: 6.5481 | Val Cost: 2352.86 | Val Max P-Miss: 0.1061 | Max Q-Miss: 0.0641 | Val Max Gen Viol: 0.0000 | Val Max Thermal: 0.0000
Epoch 5700 | Val Loss: 6.5787 | Val Cost: 2353.55 | Val Max P-Miss: 0.1099 | Max Q-Miss: 0.0633 | Val Max Gen Viol: 0.0000 | Val Max Thermal: 0.0000
Epoch 5800 | Val Loss: 6.5273 | Val Cost: 2352.63 | Val Max P-Miss: 0.1053 | Max Q-Miss: 0.0646 | Val Max Gen Viol: 0.0000 | Val Max Thermal: 0.0000
Epoch 5900 | Val Loss: 6.5062 | Val Cost: 2352.87 | Val Max P-Miss: 0.1044 | Max Q-Miss: 0.0651 | Val Max Gen Viol: 0.0000 | Val Max Thermal: 0.0000
Epoch 6000 | Val Loss: 6.4804 | Val Cost: 2353.63 | Val Max P-Miss: 0.1064 | Max Q-Miss: 0.0650 | Val Max Gen Viol: 0.0000 | Val Max Thermal: 0.0000
Epoch 6100 | Val Loss: 6.5032 | Val Cost: 2353.13 | Val Max P-Miss: 0.1055 | Max Q-Miss: 0.0647 | Val Max Gen Viol: 0.0000 | Val Max Thermal: 0.0000
Epoch 6200 | Val Loss: 6.5214 | Val Cost: 2352.89 | Val Max P-Miss: 0.1041 | Max Q-Miss: 0.0737 | Val Max Gen Viol: 0.0000 | Val Max Thermal: 0.0000
Epoch 6300 | Val Loss: 6.5376 | Val Cost: 2353.61 | Val Max P-Miss: 0.1077 | Max Q-Miss: 0.0661 | Val Max Gen Viol: 0.0000 | Val Max Thermal: 0.0000
Epoch 6400 | Val Loss: 6.4947 | Val Cost: 2353.52 | Val Max P-Miss: 0.1077 | Max Q-Miss: 0.0641 | Val Max Gen Viol: 0.0000 | Val Max Thermal: 0.0000
Epoch 6500 | Val Loss: 6.4416 | Val Cost: 2352.61 | Val Max P-Miss: 0.1032 | Max Q-Miss: 0.0622 | Val Max Gen Viol: 0.0000 | Val Max Thermal: 0.0000 [*SAVED BEST*]
Epoch 6600 | Val Loss: 6.4221 | Val Cost: 2352.51 | Val Max P-Miss: 0.1035 | Max Q-Miss: 0.0724 | Val Max Gen Viol: 0.0000 | Val Max Thermal: 0.0000 [*SAVED BEST*]
Epoch 6700 | Val Loss: 6.5039 | Val Cost: 2352.83 | Val Max P-Miss: 0.0996 | Max Q-Miss: 0.0644 | Val Max Gen Viol: 0.0000 | Val Max Thermal: 0.0000
Epoch 6800 | Val Loss: 6.4694 | Val Cost: 2352.93 | Val Max P-Miss: 0.1019 | Max Q-Miss: 0.0639 | Val Max Gen Viol: 0.0000 | Val Max Thermal: 0.0000
Epoch 6900 | Val Loss: 6.4585 | Val Cost: 2352.95 | Val Max P-Miss: 0.1047 | Max Q-Miss: 0.0630 | Val Max Gen Viol: 0.0000 | Val Max Thermal: 0.0000
Epoch 7000 | Val Loss: 6.4753 | Val Cost: 2352.84 | Val Max P-Miss: 0.1035 | Max Q-Miss: 0.0709 | Val Max Gen Viol: 0.0000 | Val Max Thermal: 0.0000
Epoch 7100 | Val Loss: 6.4662 | Val Cost: 2353.27 | Val Max P-Miss: 0.1060 | Max Q-Miss: 0.0651 | Val Max Gen Viol: 0.0000 | Val Max Thermal: 0.0000
Epoch 7200 | Val Loss: 6.5159 | Val Cost: 2351.53 | Val Max P-Miss: 0.1133 | Max Q-Miss: 0.0655 | Val Max Gen Viol: 0.0000 | Val Max Thermal: 0.0000
Epoch 7300 | Val Loss: 6.4881 | Val Cost: 2353.83 | Val Max P-Miss: 0.1068 | Max Q-Miss: 0.0648 | Val Max Gen Viol: 0.0000 | Val Max Thermal: 0.0000
Epoch 7400 | Val Loss: 6.4550 | Val Cost: 2353.81 | Val Max P-Miss: 0.1055 | Max Q-Miss: 0.0638 | Val Max Gen Viol: 0.0000 | Val Max Thermal: 0.0000
Epoch 7500 | Val Loss: 6.4919 | Val Cost: 2354.60 | Val Max P-Miss: 0.1072 | Max Q-Miss: 0.0653 | Val Max Gen Viol: 0.0000 | Val Max Thermal: 0.0000
Epoch 7600 | Val Loss: 6.4459 | Val Cost: 2352.64 | Val Max P-Miss: 0.1020 | Max Q-Miss: 0.0635 | Val Max Gen Viol: 0.0000 | Val Max Thermal: 0.0000
Epoch 7700 | Val Loss: 6.6054 | Val Cost: 2353.67 | Val Max P-Miss: 0.1114 | Max Q-Miss: 0.0628 | Val Max Gen Viol: 0.0000 | Val Max Thermal: 0.0000
Epoch 7800 | Val Loss: 6.5094 | Val Cost: 2352.48 | Val Max P-Miss: 0.1046 | Max Q-Miss: 0.0700 | Val Max Gen Viol: 0.0000 | Val Max Thermal: 0.0000
Epoch 7900 | Val Loss: 6.4502 | Val Cost: 2353.66 | Val Max P-Miss: 0.1049 | Max Q-Miss: 0.0633 | Val Max Gen Viol: 0.0000 | Val Max Thermal: 0.0000
Epoch 8000 | Val Loss: 6.4468 | Val Cost: 2353.30 | Val Max P-Miss: 0.1042 | Max Q-Miss: 0.0592 | Val Max Gen Viol: 0.0000 | Val Max Thermal: 0.0000
Epoch 8100 | Val Loss: 6.5004 | Val Cost: 2353.68 | Val Max P-Miss: 0.1119 | Max Q-Miss: 0.0661 | Val Max Gen Viol: 0.0000 | Val Max Thermal: 0.0000
Epoch 8200 | Val Loss: 6.4791 | Val Cost: 2353.73 | Val Max P-Miss: 0.1031 | Max Q-Miss: 0.0620 | Val Max Gen Viol: 0.0000 | Val Max Thermal: 0.0000
Epoch 8300 | Val Loss: 6.4619 | Val Cost: 2352.66 | Val Max P-Miss: 0.1027 | Max Q-Miss: 0.0619 | Val Max Gen Viol: 0.0000 | Val Max Thermal: 0.0000
Epoch 8400 | Val Loss: 6.4615 | Val Cost: 2352.86 | Val Max P-Miss: 0.1043 | Max Q-Miss: 0.0668 | Val Max Gen Viol: 0.0000 | Val Max Thermal: 0.0000
Epoch 8500 | Val Loss: 8.6223 | Val Cost: 2353.31 | Val Max P-Miss: 0.1250 | Max Q-Miss: 0.1003 | Val Max Gen Viol: 0.0000 | Val Max Thermal: 0.0000
Epoch 8600 | Val Loss: 6.4401 | Val Cost: 2353.58 | Val Max P-Miss: 0.1045 | Max Q-Miss: 0.0611 | Val Max Gen Viol: 0.0000 | Val Max Thermal: 0.0000
Epoch 8700 | Val Loss: 6.4572 | Val Cost: 2352.88 | Val Max P-Miss: 0.1036 | Max Q-Miss: 0.0659 | Val Max Gen Viol: 0.0000 | Val Max Thermal: 0.0000
Epoch 8800 | Val Loss: 6.4419 | Val Cost: 2353.58 | Val Max P-Miss: 0.1043 | Max Q-Miss: 0.0640 | Val Max Gen Viol: 0.0000 | Val Max Thermal: 0.0000
Epoch 8900 | Val Loss: 6.4443 | Val Cost: 2353.57 | Val Max P-Miss: 0.1052 | Max Q-Miss: 0.0597 | Val Max Gen Viol: 0.0000 | Val Max Thermal: 0.0000
Epoch 9000 | Val Loss: 6.4430 | Val Cost: 2353.61 | Val Max P-Miss: 0.1040 | Max Q-Miss: 0.0644 | Val Max Gen Viol: 0.0000 | Val Max Thermal: 0.0000
Epoch 9100 | Val Loss: 6.4325 | Val Cost: 2352.83 | Val Max P-Miss: 0.1046 | Max Q-Miss: 0.0641 | Val Max Gen Viol: 0.0000 | Val Max Thermal: 0.0000
Epoch 9200 | Val Loss: 6.9940 | Val Cost: 2353.09 | Val Max P-Miss: 0.1249 | Max Q-Miss: 0.0546 | Val Max Gen Viol: 0.0000 | Val Max Thermal: 0.0000
Epoch 9300 | Val Loss: 6.4340 | Val Cost: 2353.45 | Val Max P-Miss: 0.1054 | Max Q-Miss: 0.0643 | Val Max Gen Viol: 0.0000 | Val Max Thermal: 0.0000
Epoch 9400 | Val Loss: 6.4234 | Val Cost: 2353.55 | Val Max P-Miss: 0.1045 | Max Q-Miss: 0.0636 | Val Max Gen Viol: 0.0000 | Val Max Thermal: 0.0000
Epoch 9500 | Val Loss: 6.4242 | Val Cost: 2352.46 | Val Max P-Miss: 0.1017 | Max Q-Miss: 0.0653 | Val Max Gen Viol: 0.0000 | Val Max Thermal: 0.0000
Epoch 9600 | Val Loss: 6.4559 | Val Cost: 2354.02 | Val Max P-Miss: 0.1065 | Max Q-Miss: 0.0648 | Val Max Gen Viol: 0.0000 | Val Max Thermal: 0.0000
Epoch 9700 | Val Loss: 6.4358 | Val Cost: 2353.43 | Val Max P-Miss: 0.1041 | Max Q-Miss: 0.0598 | Val Max Gen Viol: 0.0000 | Val Max Thermal: 0.0000
Epoch 9800 | Val Loss: 6.4230 | Val Cost: 2352.80 | Val Max P-Miss: 0.1032 | Max Q-Miss: 0.0643 | Val Max Gen Viol: 0.0000 | Val Max Thermal: 0.0000
Epoch 9900 | Val Loss: 6.8612 | Val Cost: 2352.32 | Val Max P-Miss: 0.1186 | Max Q-Miss: 0.0624 | Val Max Gen Viol: 0.0000 | Val Max Thermal: 0.0000

==================================================
Training Complete!
Total Training Time: 00h 06m 36.59s
Best model weights saved to: ./model/best_pinn_model_pglib_opf_case14_ieee_10000epochs_20260725_123800.pth
==================================================

