============================================================
Array Job ID : 2331133
Task ID      : 68
Node         : node0020
Case         : pglib_opf_case162_ieee_dtc
Bus          : 162
============================================================
Python 3.11.15
PyTorch: 2.8.0+cu129
Pandas: 3.0.3
Pyomo: 6.10.1
Start index : 680
End index   : 690
Chunk ID    : 068
Start time  : Mon Sep 21 14:03:56 +03 2026
Command:
/home/g202210120/.conda/envs/pytorch/bin/python evaluate_warmstart_ablation_array_162.py --start_idx 680 --end_idx 690 --chunk_id 068 
============================================================
162-BUS ABLATED-PINN WARM-START EVALUATION
============================================================
Case       : pglib_opf_case162_ieee_dtc
Bus        : 162
Device     : cpu
Start idx  : 680
End idx    : 690
Chunk ID   : 068

Loading CURRENT dataset: ./dataset/pglib_opf_case162_ieee_dtc_10000.pt
QCQP matrices reconstructed in memory.

Selected test chunk [680, 690) with 10 instance(s); chunk=068
Expected Instance_IDs: [680, 681, 682, 683, 684, 685, 686, 687, 688, 689]

====================================================================
LOADING EXISTING 162-BUS COLD IPOPT BASELINE
====================================================================
Cold reference: result/warmstart_cold_case162.csv
Existing cold reference success: 10/10 (100.00%)
Proceeding with 10 common reference-feasible instance(s).

Building ORIGINAL matrix-QCQP Pyomo model...
Building Pyomo model (this happens only once)...
Model built successfully.
Model built successfully.

====================================================================
ABLATION CHECKPOINTS
====================================================================
Pattern: model/162/*ablation_model*.pth
Found 5 checkpoint(s).
  best_ablation_model_pglib_opf_case162_ieee_dtc_10000epochs_20260918_101829.pth
  best_ablation_model_pglib_opf_case162_ieee_dtc_10000epochs_20260918_102553.pth
  best_ablation_model_pglib_opf_case162_ieee_dtc_10000epochs_20260918_103250.pth
  best_ablation_model_pglib_opf_case162_ieee_dtc_10000epochs_20260918_103950.pth
  best_ablation_model_pglib_opf_case162_ieee_dtc_10000epochs_20260918_104655.pth

====================================================================
ABLATION PINN NN-INITIALIZED IPOPT
====================================================================

Run 1: best_ablation_model_pglib_opf_case162_ieee_dtc_10000epochs_20260918_101829.pth
NN inference: 0.000089087 s/instance
  [1/10] success=True status=optimal time=0.489692s gap=+0.0000%
  [2/10] success=True status=optimal time=0.613254s gap=+0.0000%
  [3/10] success=True status=optimal time=0.505395s gap=+0.0000%
  [4/10] success=True status=optimal time=0.515404s gap=+0.0000%
  [5/10] success=True status=optimal time=0.507642s gap=+0.0000%
  [6/10] success=True status=optimal time=0.503793s gap=+0.0000%
  [7/10] success=True status=optimal time=0.544053s gap=+0.0000%
  [8/10] success=True status=optimal time=0.563092s gap=+0.0000%
  [9/10] success=True status=optimal time=0.535128s gap=+0.0000%
  [10/10] success=True status=optimal time=0.539014s gap=+0.0000%

Run 2: best_ablation_model_pglib_opf_case162_ieee_dtc_10000epochs_20260918_102553.pth
NN inference: 0.000055738 s/instance
  [1/10] success=True status=optimal time=0.514044s gap=+0.0000%
  [2/10] success=True status=optimal time=0.528420s gap=+0.0000%
  [3/10] success=True status=optimal time=0.479279s gap=+0.0000%
  [4/10] success=True status=optimal time=0.448016s gap=+0.0000%
  [5/10] success=True status=optimal time=0.444428s gap=+0.0000%
  [6/10] success=True status=optimal time=0.467422s gap=+0.0000%
  [7/10] success=True status=optimal time=0.472966s gap=+0.0000%
  [8/10] success=True status=optimal time=0.565195s gap=+0.0000%
  [9/10] success=True status=optimal time=0.548534s gap=+0.0000%
  [10/10] success=True status=optimal time=0.410015s gap=+0.0000%

Run 3: best_ablation_model_pglib_opf_case162_ieee_dtc_10000epochs_20260918_103250.pth
NN inference: 0.000056450 s/instance
  [1/10] success=True status=optimal time=0.409770s gap=+0.0000%
  [2/10] success=True status=optimal time=0.449187s gap=+0.0000%
  [3/10] success=True status=optimal time=0.414135s gap=+0.0000%
  [4/10] success=True status=optimal time=0.413681s gap=+0.0000%
  [5/10] success=True status=optimal time=0.453563s gap=+0.0000%
  [6/10] success=True status=optimal time=0.588842s gap=+0.0000%
  [7/10] success=True status=optimal time=0.474264s gap=+0.0000%
  [8/10] success=True status=optimal time=0.489522s gap=+0.0000%
  [9/10] success=True status=optimal time=0.513712s gap=+0.0000%
  [10/10] success=True status=optimal time=0.468377s gap=+0.0000%

Run 4: best_ablation_model_pglib_opf_case162_ieee_dtc_10000epochs_20260918_103950.pth
NN inference: 0.000059432 s/instance
  [1/10] success=True status=optimal time=0.465257s gap=+0.0000%
  [2/10] success=True status=optimal time=0.481239s gap=+0.0000%
  [3/10] success=True status=optimal time=0.407949s gap=+0.0000%
  [4/10] success=True status=optimal time=0.412309s gap=+0.0000%
  [5/10] success=True status=optimal time=0.392141s gap=+0.0000%
  [6/10] success=True status=optimal time=0.379062s gap=+0.0000%
  [7/10] success=True status=optimal time=0.417594s gap=+0.0000%
  [8/10] success=True status=optimal time=0.424927s gap=+0.0000%
  [9/10] success=True status=optimal time=0.429173s gap=+0.0000%
  [10/10] success=True status=optimal time=0.430721s gap=+0.0000%

Run 5: best_ablation_model_pglib_opf_case162_ieee_dtc_10000epochs_20260918_104655.pth
NN inference: 0.000067818 s/instance
  [1/10] success=True status=optimal time=0.447801s gap=+0.0000%
  [2/10] success=True status=optimal time=0.479216s gap=+0.0000%
  [3/10] success=True status=optimal time=0.426585s gap=+0.0000%
  [4/10] success=True status=optimal time=0.382888s gap=+0.0000%
  [5/10] success=True status=optimal time=0.369089s gap=+0.0000%
  [6/10] success=True status=optimal time=0.410393s gap=+0.0000%
  [7/10] success=True status=optimal time=0.423796s gap=+0.0000%
  [8/10] success=True status=optimal time=0.436446s gap=+0.0000%
  [9/10] success=True status=optimal time=0.456923s gap=+0.0000%
  [10/10] success=True status=optimal time=0.416063s gap=+0.0000%

====================================================================
162-BUS ABLATION WARM-START SUMMARY
====================================================================
Architecture  Run  N  Success_Rate  NN_Time_s  IPOPT_Time_s  Total_Online_Time_s  Cold_IPOPT_Time_s  Speedup  Feasible_Obj_Gap_pct
Ablated PINN    1 10           1.0   0.000089      0.531647             0.531736              1.247 2.353618          1.868545e-07
Ablated PINN    2 10           1.0   0.000056      0.487832             0.487888              1.247 2.580460          1.869295e-07
Ablated PINN    3 10           1.0   0.000056      0.467505             0.467562              1.247 2.699562          1.868551e-07
Ablated PINN    4 10           1.0   0.000059      0.424037             0.424097              1.247 2.952411          1.869302e-07
Ablated PINN    5 10           1.0   0.000068      0.424920             0.424988              1.247 2.950685          1.869306e-07

Saved:
  result/warmstart_ablation_raw_case162_chunk068.csv
  result/warmstart_ablation_runlevel_case162_chunk068.csv
  result/warmstart_ablation_summary_case162_chunk068.csv

Done.
============================================================
Finished : Mon Sep 21 14:04:26 +03 2026
Exit code: 0
============================================================
