============================================================
Array Job ID : 2331132
Task ID      : 91
Node         : node0017
Case         : pglib_opf_case162_ieee_dtc
Bus          : 162
============================================================
Python 3.11.15
PyTorch: 2.8.0+cu129
Pandas: 3.0.3
Pyomo: 6.10.1
Start index : 910
End index   : 920
Chunk ID    : 091
Start time  : Mon Sep 21 13:57:56 +03 2026
Command:
/home/g202210120/.conda/envs/pytorch/bin/python evaluate_warmstart_ablation_array_162.py --start_idx 910 --end_idx 920 --chunk_id 091 
============================================================
162-BUS ABLATED-PINN WARM-START EVALUATION
============================================================
Case       : pglib_opf_case162_ieee_dtc
Bus        : 162
Device     : cpu
Start idx  : 910
End idx    : 920
Chunk ID   : 091

Loading CURRENT dataset: ./dataset/pglib_opf_case162_ieee_dtc_10000.pt
QCQP matrices reconstructed in memory.

Selected test chunk [910, 920) with 10 instance(s); chunk=091
Expected Instance_IDs: [910, 911, 912, 913, 914, 915, 916, 917, 918, 919]

====================================================================
LOADING EXISTING 162-BUS COLD IPOPT BASELINE
====================================================================
Cold reference: result/warmstart_cold_case162.csv
Existing cold reference success: 9/10 (90.00%)
Cold IPOPT failed on 1 instance(s).
Failed Instance_ID(s): [919]
Those instances are excluded from the paired Ablated-PINN restoration comparison.
Proceeding with 9 common reference-feasible instance(s).

Building ORIGINAL matrix-QCQP Pyomo model...
Building Pyomo model (this happens only once)...
Model built successfully.
Model built successfully.

====================================================================
ABLATION CHECKPOINTS
====================================================================
Pattern: model/162/*ablation_model*.pth
Found 5 checkpoint(s).
  best_ablation_model_pglib_opf_case162_ieee_dtc_10000epochs_20260918_101829.pth
  best_ablation_model_pglib_opf_case162_ieee_dtc_10000epochs_20260918_102553.pth
  best_ablation_model_pglib_opf_case162_ieee_dtc_10000epochs_20260918_103250.pth
  best_ablation_model_pglib_opf_case162_ieee_dtc_10000epochs_20260918_103950.pth
  best_ablation_model_pglib_opf_case162_ieee_dtc_10000epochs_20260918_104655.pth

====================================================================
ABLATION PINN NN-INITIALIZED IPOPT
====================================================================

Run 1: best_ablation_model_pglib_opf_case162_ieee_dtc_10000epochs_20260918_101829.pth
NN inference: 0.000109149 s/instance
  [1/9] success=True status=optimal time=0.563970s gap=+0.0000%
  [2/9] success=True status=optimal time=0.575814s gap=+0.0000%
  [3/9] success=True status=optimal time=0.590574s gap=+0.0000%
  [4/9] success=True status=optimal time=0.543929s gap=+0.0000%
  [5/9] success=True status=optimal time=0.541740s gap=+0.0000%
  [6/9] success=True status=optimal time=0.504168s gap=+0.0000%
  [7/9] success=True status=optimal time=0.541173s gap=+0.0000%
  [8/9] success=True status=optimal time=0.544943s gap=+0.0000%
  [9/9] success=True status=optimal time=0.478267s gap=+0.0000%

Run 2: best_ablation_model_pglib_opf_case162_ieee_dtc_10000epochs_20260918_102553.pth
NN inference: 0.000081360 s/instance
  [1/9] success=True status=optimal time=0.557909s gap=+0.0000%
  [2/9] success=True status=optimal time=0.585754s gap=+0.0000%
  [3/9] success=True status=optimal time=0.581685s gap=+0.0000%
  [4/9] success=True status=optimal time=0.505212s gap=+0.0000%
  [5/9] success=True status=optimal time=0.546014s gap=+0.0000%
  [6/9] success=True status=optimal time=0.539261s gap=+0.0000%
  [7/9] success=True status=optimal time=0.564617s gap=+0.0000%
  [8/9] success=True status=optimal time=0.624408s gap=+0.0000%
  [9/9] success=True status=optimal time=0.521519s gap=+0.0000%

Run 3: best_ablation_model_pglib_opf_case162_ieee_dtc_10000epochs_20260918_103250.pth
NN inference: 0.000066679 s/instance
  [1/9] success=True status=optimal time=0.751136s gap=+0.0000%
  [2/9] success=True status=optimal time=0.707765s gap=+0.0000%
  [3/9] success=True status=optimal time=0.649436s gap=+0.0000%
  [4/9] success=True status=optimal time=0.614932s gap=+0.0000%
  [5/9] success=True status=optimal time=0.656606s gap=+0.0000%
  [6/9] success=True status=optimal time=0.603506s gap=+0.0000%
  [7/9] success=True status=optimal time=0.564743s gap=+0.0000%
  [8/9] success=True status=optimal time=0.708031s gap=+0.0000%
  [9/9] success=True status=optimal time=0.537543s gap=+0.0000%

Run 4: best_ablation_model_pglib_opf_case162_ieee_dtc_10000epochs_20260918_103950.pth
NN inference: 0.000068308 s/instance
  [1/9] success=True status=optimal time=0.531658s gap=+0.0000%
  [2/9] success=True status=optimal time=0.580380s gap=+0.0000%
  [3/9] success=True status=optimal time=0.585407s gap=+0.0000%
  [4/9] success=True status=optimal time=0.525710s gap=+0.0000%
  [5/9] success=True status=optimal time=0.556031s gap=+0.0000%
  [6/9] success=True status=optimal time=0.524300s gap=+0.0000%
  [7/9] success=True status=optimal time=0.490880s gap=+0.0000%
  [8/9] success=True status=optimal time=0.564947s gap=+0.0000%
  [9/9] success=True status=optimal time=0.521275s gap=+0.0000%

Run 5: best_ablation_model_pglib_opf_case162_ieee_dtc_10000epochs_20260918_104655.pth
NN inference: 0.000071292 s/instance
  [1/9] success=True status=optimal time=0.513688s gap=+0.0000%
  [2/9] success=True status=optimal time=0.595339s gap=+0.0000%
  [3/9] success=True status=optimal time=0.599675s gap=+0.0000%
  [4/9] success=True status=optimal time=0.593109s gap=+0.0000%
  [5/9] success=True status=optimal time=0.632562s gap=+0.0000%
  [6/9] success=True status=optimal time=0.662436s gap=+0.0000%
  [7/9] success=True status=optimal time=0.682194s gap=+0.0000%
  [8/9] success=True status=optimal time=0.696593s gap=+0.0000%
  [9/9] success=True status=optimal time=0.675053s gap=+0.0000%

====================================================================
162-BUS ABLATION WARM-START SUMMARY
====================================================================
Architecture  Run  N  Success_Rate  NN_Time_s  IPOPT_Time_s  Total_Online_Time_s  Cold_IPOPT_Time_s  Speedup  Feasible_Obj_Gap_pct
Ablated PINN    1  9           1.0   0.000109      0.542731             0.542840           1.304756 2.416139          1.831307e-07
Ablated PINN    2  9           1.0   0.000081      0.558487             0.558568           1.304756 2.343410          1.831386e-07
Ablated PINN    3  9           1.0   0.000067      0.643744             0.643811           1.304756 2.056002          1.831305e-07
Ablated PINN    4  9           1.0   0.000068      0.542288             0.542356           1.304756 2.412167          1.831305e-07
Ablated PINN    5  9           1.0   0.000071      0.627850             0.627921           1.304756 2.085462          1.831305e-07

Saved:
  result/warmstart_ablation_raw_case162_chunk091.csv
  result/warmstart_ablation_runlevel_case162_chunk091.csv
  result/warmstart_ablation_summary_case162_chunk091.csv

Done.
============================================================
Finished : Mon Sep 21 13:58:30 +03 2026
Exit code: 0
============================================================
