============================================================
Array Job ID : 2331133
Task ID      : 53
Node         : node0017
Case         : pglib_opf_case162_ieee_dtc
Bus          : 162
============================================================
Python 3.11.15
PyTorch: 2.8.0+cu129
Pandas: 3.0.3
Pyomo: 6.10.1
Start index : 530
End index   : 540
Chunk ID    : 053
Start time  : Mon Sep 21 14:02:26 +03 2026
Command:
/home/g202210120/.conda/envs/pytorch/bin/python evaluate_warmstart_ablation_array_162.py --start_idx 530 --end_idx 540 --chunk_id 053 
============================================================
162-BUS ABLATED-PINN WARM-START EVALUATION
============================================================
Case       : pglib_opf_case162_ieee_dtc
Bus        : 162
Device     : cpu
Start idx  : 530
End idx    : 540
Chunk ID   : 053

Loading CURRENT dataset: ./dataset/pglib_opf_case162_ieee_dtc_10000.pt
QCQP matrices reconstructed in memory.

Selected test chunk [530, 540) with 10 instance(s); chunk=053
Expected Instance_IDs: [530, 531, 532, 533, 534, 535, 536, 537, 538, 539]

====================================================================
LOADING EXISTING 162-BUS COLD IPOPT BASELINE
====================================================================
Cold reference: result/warmstart_cold_case162.csv
Existing cold reference success: 10/10 (100.00%)
Proceeding with 10 common reference-feasible instance(s).

Building ORIGINAL matrix-QCQP Pyomo model...
Building Pyomo model (this happens only once)...
Model built successfully.
Model built successfully.

====================================================================
ABLATION CHECKPOINTS
====================================================================
Pattern: model/162/*ablation_model*.pth
Found 5 checkpoint(s).
  best_ablation_model_pglib_opf_case162_ieee_dtc_10000epochs_20260918_101829.pth
  best_ablation_model_pglib_opf_case162_ieee_dtc_10000epochs_20260918_102553.pth
  best_ablation_model_pglib_opf_case162_ieee_dtc_10000epochs_20260918_103250.pth
  best_ablation_model_pglib_opf_case162_ieee_dtc_10000epochs_20260918_103950.pth
  best_ablation_model_pglib_opf_case162_ieee_dtc_10000epochs_20260918_104655.pth

====================================================================
ABLATION PINN NN-INITIALIZED IPOPT
====================================================================

Run 1: best_ablation_model_pglib_opf_case162_ieee_dtc_10000epochs_20260918_101829.pth
NN inference: 0.000185777 s/instance
  [1/10] success=True status=optimal time=0.902673s gap=+0.0000%
  [2/10] success=True status=optimal time=0.847175s gap=+0.0000%
  [3/10] success=True status=optimal time=0.943096s gap=+0.0000%
  [4/10] success=True status=optimal time=0.811685s gap=+0.0000%
  [5/10] success=True status=optimal time=0.987089s gap=+0.0000%
  [6/10] success=True status=optimal time=0.889590s gap=+0.0000%
  [7/10] success=True status=optimal time=0.898940s gap=+0.0000%
  [8/10] success=True status=optimal time=0.896188s gap=+0.0000%
  [9/10] success=True status=optimal time=0.905831s gap=+0.0000%
  [10/10] success=True status=optimal time=0.538291s gap=+0.0000%

Run 2: best_ablation_model_pglib_opf_case162_ieee_dtc_10000epochs_20260918_102553.pth
NN inference: 0.000106192 s/instance
  [1/10] success=True status=optimal time=0.621003s gap=+0.0000%
  [2/10] success=True status=optimal time=0.661297s gap=+0.0000%
  [3/10] success=True status=optimal time=0.720506s gap=+0.0000%
  [4/10] success=True status=optimal time=0.655579s gap=+0.0000%
  [5/10] success=True status=optimal time=0.605819s gap=+0.0000%
  [6/10] success=True status=optimal time=0.621932s gap=+0.0000%
  [7/10] success=True status=optimal time=0.701891s gap=+0.0000%
  [8/10] success=True status=optimal time=0.776843s gap=+0.0000%
  [9/10] success=True status=optimal time=0.706970s gap=+0.0000%
  [10/10] success=True status=optimal time=0.700321s gap=+0.0000%

Run 3: best_ablation_model_pglib_opf_case162_ieee_dtc_10000epochs_20260918_103250.pth
NN inference: 0.000112767 s/instance
  [1/10] success=True status=optimal time=0.674500s gap=+0.0000%
  [2/10] success=True status=optimal time=0.694296s gap=+0.0000%
  [3/10] success=True status=optimal time=0.857714s gap=+0.0000%
  [4/10] success=True status=optimal time=0.625610s gap=+0.0000%
  [5/10] success=True status=optimal time=0.828809s gap=+0.0000%
  [6/10] success=True status=optimal time=0.920075s gap=+0.0000%
  [7/10] success=True status=optimal time=0.670683s gap=+0.0000%
  [8/10] success=True status=optimal time=0.843597s gap=+0.0000%
  [9/10] success=True status=optimal time=0.874862s gap=+0.0000%
  [10/10] success=True status=optimal time=0.825483s gap=+0.0000%

Run 4: best_ablation_model_pglib_opf_case162_ieee_dtc_10000epochs_20260918_103950.pth
NN inference: 0.000107072 s/instance
  [1/10] success=True status=optimal time=0.799155s gap=+0.0000%
  [2/10] success=True status=optimal time=0.630564s gap=+0.0000%
  [3/10] success=True status=optimal time=0.936836s gap=+0.0000%
  [4/10] success=True status=optimal time=0.925511s gap=+0.0000%
  [5/10] success=True status=optimal time=0.966375s gap=+0.0000%
  [6/10] success=True status=optimal time=1.105775s gap=+0.0000%
  [7/10] success=True status=optimal time=1.035994s gap=+0.0000%
  [8/10] success=True status=optimal time=1.034642s gap=+0.0000%
  [9/10] success=True status=optimal time=1.140274s gap=+0.0000%
  [10/10] success=True status=optimal time=1.054278s gap=+0.0000%

Run 5: best_ablation_model_pglib_opf_case162_ieee_dtc_10000epochs_20260918_104655.pth
NN inference: 0.004848098 s/instance
  [1/10] success=True status=optimal time=1.118128s gap=+0.0000%
  [2/10] success=True status=optimal time=1.046258s gap=+0.0000%
  [3/10] success=True status=optimal time=1.097448s gap=+0.0000%
  [4/10] success=True status=optimal time=1.164753s gap=+0.0000%
  [5/10] success=True status=optimal time=1.240515s gap=+0.0000%
  [6/10] success=True status=optimal time=1.120557s gap=+0.0000%
  [7/10] success=True status=optimal time=1.146747s gap=+0.0000%
  [8/10] success=True status=optimal time=0.946799s gap=+0.0000%
  [9/10] success=True status=optimal time=1.151231s gap=+0.0000%
  [10/10] success=True status=optimal time=1.056686s gap=+0.0000%

====================================================================
162-BUS ABLATION WARM-START SUMMARY
====================================================================
Architecture  Run  N  Success_Rate  NN_Time_s  IPOPT_Time_s  Total_Online_Time_s  Cold_IPOPT_Time_s  Speedup  Feasible_Obj_Gap_pct
Ablated PINN    1 10           1.0   0.000186      0.862056             0.862241           1.262322 1.494739          1.886934e-07
Ablated PINN    2 10           1.0   0.000106      0.677216             0.677322           1.262322 1.870064          1.886941e-07
Ablated PINN    3 10           1.0   0.000113      0.781563             0.781676           1.262322 1.649052          1.886933e-07
Ablated PINN    4 10           1.0   0.000107      0.962940             0.963047           1.262322 1.350331          1.886931e-07
Ablated PINN    5 10           1.0   0.004848      1.108912             1.113760           1.262322 1.137689          1.886939e-07

Saved:
  result/warmstart_ablation_raw_case162_chunk053.csv
  result/warmstart_ablation_runlevel_case162_chunk053.csv
  result/warmstart_ablation_summary_case162_chunk053.csv

Done.
============================================================
Finished : Mon Sep 21 14:03:18 +03 2026
Exit code: 0
============================================================
