============================================================
Array Job ID : 2331132
Task ID      : 33
Node         : node0020
Case         : pglib_opf_case162_ieee_dtc
Bus          : 162
============================================================
Python 3.11.15
PyTorch: 2.8.0+cu129
Pandas: 3.0.3
Pyomo: 6.10.1
Start index : 330
End index   : 340
Chunk ID    : 033
Start time  : Mon Sep 21 13:49:26 +03 2026
Command:
/home/g202210120/.conda/envs/pytorch/bin/python evaluate_warmstart_ablation_array_162.py --start_idx 330 --end_idx 340 --chunk_id 033 
============================================================
162-BUS ABLATED-PINN WARM-START EVALUATION
============================================================
Case       : pglib_opf_case162_ieee_dtc
Bus        : 162
Device     : cpu
Start idx  : 330
End idx    : 340
Chunk ID   : 033

Loading CURRENT dataset: ./dataset/pglib_opf_case162_ieee_dtc_10000.pt
QCQP matrices reconstructed in memory.

Selected test chunk [330, 340) with 10 instance(s); chunk=033
Expected Instance_IDs: [330, 331, 332, 333, 334, 335, 336, 337, 338, 339]

====================================================================
LOADING EXISTING 162-BUS COLD IPOPT BASELINE
====================================================================
Cold reference: result/warmstart_cold_case162.csv
Existing cold reference success: 10/10 (100.00%)
Proceeding with 10 common reference-feasible instance(s).

Building ORIGINAL matrix-QCQP Pyomo model...
Building Pyomo model (this happens only once)...
Model built successfully.
Model built successfully.

====================================================================
ABLATION CHECKPOINTS
====================================================================
Pattern: model/162/*ablation_model*.pth
Found 5 checkpoint(s).
  best_ablation_model_pglib_opf_case162_ieee_dtc_10000epochs_20260918_101829.pth
  best_ablation_model_pglib_opf_case162_ieee_dtc_10000epochs_20260918_102553.pth
  best_ablation_model_pglib_opf_case162_ieee_dtc_10000epochs_20260918_103250.pth
  best_ablation_model_pglib_opf_case162_ieee_dtc_10000epochs_20260918_103950.pth
  best_ablation_model_pglib_opf_case162_ieee_dtc_10000epochs_20260918_104655.pth

====================================================================
ABLATION PINN NN-INITIALIZED IPOPT
====================================================================

Run 1: best_ablation_model_pglib_opf_case162_ieee_dtc_10000epochs_20260918_101829.pth
NN inference: 0.000116263 s/instance
  [1/10] success=True status=optimal time=0.877810s gap=+0.0000%
  [2/10] success=True status=optimal time=0.841408s gap=+0.0000%
  [3/10] success=True status=optimal time=0.831415s gap=+0.0000%
  [4/10] success=True status=optimal time=0.799572s gap=+0.0000%
  [5/10] success=True status=optimal time=0.782991s gap=+0.0000%
  [6/10] success=True status=optimal time=0.772125s gap=+0.0000%
  [7/10] success=True status=optimal time=0.807106s gap=+0.0000%
  [8/10] success=True status=optimal time=0.748582s gap=+0.0000%
  [9/10] success=True status=optimal time=0.742156s gap=+0.0000%
  [10/10] success=True status=optimal time=0.718109s gap=+0.0000%

Run 2: best_ablation_model_pglib_opf_case162_ieee_dtc_10000epochs_20260918_102553.pth
NN inference: 0.000064287 s/instance
  [1/10] success=True status=optimal time=0.673357s gap=+0.0000%
  [2/10] success=True status=optimal time=0.670845s gap=+0.0000%
  [3/10] success=True status=optimal time=0.770421s gap=+0.0000%
  [4/10] success=True status=optimal time=0.727008s gap=+0.0000%
  [5/10] success=True status=optimal time=0.670220s gap=+0.0000%
  [6/10] success=True status=optimal time=0.733636s gap=+0.0000%
  [7/10] success=True status=optimal time=0.761698s gap=+0.0000%
  [8/10] success=True status=optimal time=0.719285s gap=+0.0000%
  [9/10] success=True status=optimal time=0.663291s gap=+0.0000%
  [10/10] success=True status=optimal time=0.765173s gap=+0.0000%

Run 3: best_ablation_model_pglib_opf_case162_ieee_dtc_10000epochs_20260918_103250.pth
NN inference: 0.000075462 s/instance
  [1/10] success=True status=optimal time=0.741264s gap=+0.0000%
  [2/10] success=True status=optimal time=0.661794s gap=+0.0000%
  [3/10] success=True status=optimal time=0.706620s gap=+0.0000%
  [4/10] success=True status=optimal time=0.623778s gap=+0.0000%
  [5/10] success=True status=optimal time=0.644819s gap=+0.0000%
  [6/10] success=True status=optimal time=0.676332s gap=+0.0000%
  [7/10] success=True status=optimal time=0.852007s gap=+0.0000%
  [8/10] success=True status=optimal time=0.708432s gap=+0.0000%
  [9/10] success=True status=optimal time=0.696072s gap=+0.0000%
  [10/10] success=True status=optimal time=0.807133s gap=+0.0000%

Run 4: best_ablation_model_pglib_opf_case162_ieee_dtc_10000epochs_20260918_103950.pth
NN inference: 0.000077868 s/instance
  [1/10] success=True status=optimal time=0.684653s gap=+0.0000%
  [2/10] success=True status=optimal time=0.589804s gap=+0.0000%
  [3/10] success=True status=optimal time=0.636902s gap=+0.0000%
  [4/10] success=True status=optimal time=0.597593s gap=+0.0000%
  [5/10] success=True status=optimal time=0.586066s gap=+0.0000%
  [6/10] success=True status=optimal time=0.499615s gap=+0.0000%
  [7/10] success=True status=optimal time=0.553246s gap=+0.0000%
  [8/10] success=True status=optimal time=0.566226s gap=+0.0000%
  [9/10] success=True status=optimal time=0.676424s gap=+0.0000%
  [10/10] success=True status=optimal time=0.635632s gap=+0.0000%

Run 5: best_ablation_model_pglib_opf_case162_ieee_dtc_10000epochs_20260918_104655.pth
NN inference: 0.000092121 s/instance
  [1/10] success=True status=optimal time=0.668443s gap=+0.0000%
  [2/10] success=True status=optimal time=0.702217s gap=+0.0000%
  [3/10] success=True status=optimal time=0.745245s gap=+0.0000%
  [4/10] success=True status=optimal time=0.688769s gap=+0.0000%
  [5/10] success=True status=optimal time=0.662174s gap=+0.0000%
  [6/10] success=True status=optimal time=0.584077s gap=+0.0000%
  [7/10] success=True status=optimal time=0.579455s gap=+0.0000%
  [8/10] success=True status=optimal time=0.535261s gap=+0.0000%
  [9/10] success=True status=optimal time=0.531225s gap=+0.0000%
  [10/10] success=True status=optimal time=0.846378s gap=+0.0000%

====================================================================
162-BUS ABLATION WARM-START SUMMARY
====================================================================
Architecture  Run  N  Success_Rate  NN_Time_s  IPOPT_Time_s  Total_Online_Time_s  Cold_IPOPT_Time_s  Speedup  Feasible_Obj_Gap_pct
Ablated PINN    1 10           1.0   0.000116      0.792127             0.792244           1.236405 1.567404          1.894635e-07
Ablated PINN    2 10           1.0   0.000064      0.715494             0.715558           1.236405 1.728845          1.894639e-07
Ablated PINN    3 10           1.0   0.000075      0.711825             0.711901           1.236405 1.752757          1.894740e-07
Ablated PINN    4 10           1.0   0.000078      0.602616             0.602694           1.236405 2.075737          1.894635e-07
Ablated PINN    5 10           1.0   0.000092      0.654324             0.654417           1.236405 1.921149          1.894740e-07

Saved:
  result/warmstart_ablation_raw_case162_chunk033.csv
  result/warmstart_ablation_runlevel_case162_chunk033.csv
  result/warmstart_ablation_summary_case162_chunk033.csv

Done.
============================================================
Finished : Mon Sep 21 13:50:08 +03 2026
Exit code: 0
============================================================
