============================================================
Array Job ID : 2331132
Task ID      : 71
Node         : node0017
Case         : pglib_opf_case162_ieee_dtc
Bus          : 162
============================================================
Python 3.11.15
PyTorch: 2.8.0+cu129
Pandas: 3.0.3
Pyomo: 6.10.1
Start index : 710
End index   : 720
Chunk ID    : 071
Start time  : Mon Sep 21 13:55:56 +03 2026
Command:
/home/g202210120/.conda/envs/pytorch/bin/python evaluate_warmstart_ablation_array_162.py --start_idx 710 --end_idx 720 --chunk_id 071 
============================================================
162-BUS ABLATED-PINN WARM-START EVALUATION
============================================================
Case       : pglib_opf_case162_ieee_dtc
Bus        : 162
Device     : cpu
Start idx  : 710
End idx    : 720
Chunk ID   : 071

Loading CURRENT dataset: ./dataset/pglib_opf_case162_ieee_dtc_10000.pt
QCQP matrices reconstructed in memory.

Selected test chunk [710, 720) with 10 instance(s); chunk=071
Expected Instance_IDs: [710, 711, 712, 713, 714, 715, 716, 717, 718, 719]

====================================================================
LOADING EXISTING 162-BUS COLD IPOPT BASELINE
====================================================================
Cold reference: result/warmstart_cold_case162.csv
Existing cold reference success: 10/10 (100.00%)
Proceeding with 10 common reference-feasible instance(s).

Building ORIGINAL matrix-QCQP Pyomo model...
Building Pyomo model (this happens only once)...
Model built successfully.
Model built successfully.

====================================================================
ABLATION CHECKPOINTS
====================================================================
Pattern: model/162/*ablation_model*.pth
Found 5 checkpoint(s).
  best_ablation_model_pglib_opf_case162_ieee_dtc_10000epochs_20260918_101829.pth
  best_ablation_model_pglib_opf_case162_ieee_dtc_10000epochs_20260918_102553.pth
  best_ablation_model_pglib_opf_case162_ieee_dtc_10000epochs_20260918_103250.pth
  best_ablation_model_pglib_opf_case162_ieee_dtc_10000epochs_20260918_103950.pth
  best_ablation_model_pglib_opf_case162_ieee_dtc_10000epochs_20260918_104655.pth

====================================================================
ABLATION PINN NN-INITIALIZED IPOPT
====================================================================

Run 1: best_ablation_model_pglib_opf_case162_ieee_dtc_10000epochs_20260918_101829.pth
NN inference: 0.000111293 s/instance
  [1/10] success=True status=optimal time=0.602274s gap=+0.0000%
  [2/10] success=True status=optimal time=0.623740s gap=+0.0000%
  [3/10] success=True status=optimal time=0.561847s gap=+0.0000%
  [4/10] success=True status=optimal time=0.583325s gap=+0.0000%
  [5/10] success=True status=optimal time=0.541653s gap=+0.0000%
  [6/10] success=True status=optimal time=0.521240s gap=+0.0000%
  [7/10] success=True status=optimal time=0.583775s gap=+0.0000%
  [8/10] success=True status=optimal time=0.557936s gap=+0.0000%
  [9/10] success=True status=optimal time=0.548416s gap=+0.0000%
  [10/10] success=True status=optimal time=0.549564s gap=+0.0000%

Run 2: best_ablation_model_pglib_opf_case162_ieee_dtc_10000epochs_20260918_102553.pth
NN inference: 0.000065643 s/instance
  [1/10] success=True status=optimal time=0.584511s gap=+0.0000%
  [2/10] success=True status=optimal time=0.660726s gap=+0.0000%
  [3/10] success=True status=optimal time=0.596059s gap=+0.0000%
  [4/10] success=True status=optimal time=0.627406s gap=+0.0000%
  [5/10] success=True status=optimal time=0.589733s gap=+0.0000%
  [6/10] success=True status=optimal time=0.638223s gap=+0.0000%
  [7/10] success=True status=optimal time=0.538964s gap=+0.0000%
  [8/10] success=True status=optimal time=0.555613s gap=+0.0000%
  [9/10] success=True status=optimal time=0.559904s gap=+0.0000%
  [10/10] success=True status=optimal time=0.493613s gap=+0.0000%

Run 3: best_ablation_model_pglib_opf_case162_ieee_dtc_10000epochs_20260918_103250.pth
NN inference: 0.000062924 s/instance
  [1/10] success=True status=optimal time=0.453107s gap=+0.0000%
  [2/10] success=True status=optimal time=0.530592s gap=+0.0000%
  [3/10] success=True status=optimal time=0.496822s gap=+0.0000%
  [4/10] success=True status=optimal time=0.572615s gap=+0.0000%
  [5/10] success=True status=optimal time=0.555269s gap=+0.0000%
  [6/10] success=True status=optimal time=0.723147s gap=+0.0000%
  [7/10] success=True status=optimal time=0.535666s gap=+0.0000%
  [8/10] success=True status=optimal time=0.530706s gap=+0.0000%
  [9/10] success=True status=optimal time=0.540505s gap=+0.0000%
  [10/10] success=True status=optimal time=0.526885s gap=+0.0000%

Run 4: best_ablation_model_pglib_opf_case162_ieee_dtc_10000epochs_20260918_103950.pth
NN inference: 0.000058419 s/instance
  [1/10] success=True status=optimal time=0.477232s gap=+0.0000%
  [2/10] success=True status=optimal time=0.507447s gap=+0.0000%
  [3/10] success=True status=optimal time=0.432138s gap=+0.0000%
  [4/10] success=True status=optimal time=0.467212s gap=+0.0000%
  [5/10] success=True status=optimal time=0.468085s gap=+0.0000%
  [6/10] success=True status=optimal time=0.475304s gap=+0.0000%
  [7/10] success=True status=optimal time=0.506060s gap=+0.0000%
  [8/10] success=True status=optimal time=0.438290s gap=+0.0000%
  [9/10] success=True status=optimal time=0.488392s gap=+0.0000%
  [10/10] success=True status=optimal time=0.507083s gap=+0.0000%

Run 5: best_ablation_model_pglib_opf_case162_ieee_dtc_10000epochs_20260918_104655.pth
NN inference: 0.000062211 s/instance
  [1/10] success=True status=optimal time=0.479730s gap=+0.0000%
  [2/10] success=True status=optimal time=0.528357s gap=+0.0000%
  [3/10] success=True status=optimal time=0.514206s gap=+0.0000%
  [4/10] success=True status=optimal time=0.536179s gap=+0.0000%
  [5/10] success=True status=optimal time=0.601079s gap=+0.0000%
  [6/10] success=True status=optimal time=0.560741s gap=+0.0000%
  [7/10] success=True status=optimal time=0.543320s gap=+0.0000%
  [8/10] success=True status=optimal time=0.515492s gap=+0.0000%
  [9/10] success=True status=optimal time=0.539846s gap=+0.0000%
  [10/10] success=True status=optimal time=0.446228s gap=+0.0000%

====================================================================
162-BUS ABLATION WARM-START SUMMARY
====================================================================
Architecture  Run  N  Success_Rate  NN_Time_s  IPOPT_Time_s  Total_Online_Time_s  Cold_IPOPT_Time_s  Speedup  Feasible_Obj_Gap_pct
Ablated PINN    1 10           1.0   0.000111      0.567377             0.567488            1.30877 2.311744          1.749444e-07
Ablated PINN    2 10           1.0   0.000066      0.584475             0.584541            1.30877 2.249217          1.749444e-07
Ablated PINN    3 10           1.0   0.000063      0.546531             0.546594            1.30877 2.426435          1.749443e-07
Ablated PINN    4 10           1.0   0.000058      0.476724             0.476783            1.30877 2.754080          1.749444e-07
Ablated PINN    5 10           1.0   0.000062      0.526518             0.526580            1.30877 2.493846          1.749444e-07

Saved:
  result/warmstart_ablation_raw_case162_chunk071.csv
  result/warmstart_ablation_runlevel_case162_chunk071.csv
  result/warmstart_ablation_summary_case162_chunk071.csv

Done.
============================================================
Finished : Mon Sep 21 13:56:31 +03 2026
Exit code: 0
============================================================
