============================================================
Array Job ID : 2331133
Task ID      : 14
Node         : node0017
Case         : pglib_opf_case162_ieee_dtc
Bus          : 162
============================================================
Python 3.11.15
PyTorch: 2.8.0+cu129
Pandas: 3.0.3
Pyomo: 6.10.1
Start index : 140
End index   : 150
Chunk ID    : 014
Start time  : Mon Sep 21 13:58:57 +03 2026
Command:
/home/g202210120/.conda/envs/pytorch/bin/python evaluate_warmstart_ablation_array_162.py --start_idx 140 --end_idx 150 --chunk_id 014 
============================================================
162-BUS ABLATED-PINN WARM-START EVALUATION
============================================================
Case       : pglib_opf_case162_ieee_dtc
Bus        : 162
Device     : cpu
Start idx  : 140
End idx    : 150
Chunk ID   : 014

Loading CURRENT dataset: ./dataset/pglib_opf_case162_ieee_dtc_10000.pt
QCQP matrices reconstructed in memory.

Selected test chunk [140, 150) with 10 instance(s); chunk=014
Expected Instance_IDs: [140, 141, 142, 143, 144, 145, 146, 147, 148, 149]

====================================================================
LOADING EXISTING 162-BUS COLD IPOPT BASELINE
====================================================================
Cold reference: result/warmstart_cold_case162.csv
Existing cold reference success: 10/10 (100.00%)
Proceeding with 10 common reference-feasible instance(s).

Building ORIGINAL matrix-QCQP Pyomo model...
Building Pyomo model (this happens only once)...
Model built successfully.
Model built successfully.

====================================================================
ABLATION CHECKPOINTS
====================================================================
Pattern: model/162/*ablation_model*.pth
Found 5 checkpoint(s).
  best_ablation_model_pglib_opf_case162_ieee_dtc_10000epochs_20260918_101829.pth
  best_ablation_model_pglib_opf_case162_ieee_dtc_10000epochs_20260918_102553.pth
  best_ablation_model_pglib_opf_case162_ieee_dtc_10000epochs_20260918_103250.pth
  best_ablation_model_pglib_opf_case162_ieee_dtc_10000epochs_20260918_103950.pth
  best_ablation_model_pglib_opf_case162_ieee_dtc_10000epochs_20260918_104655.pth

====================================================================
ABLATION PINN NN-INITIALIZED IPOPT
====================================================================

Run 1: best_ablation_model_pglib_opf_case162_ieee_dtc_10000epochs_20260918_101829.pth
NN inference: 0.000093561 s/instance
  [1/10] success=True status=optimal time=0.476148s gap=+0.0000%
  [2/10] success=True status=optimal time=0.450986s gap=+0.0000%
  [3/10] success=True status=optimal time=0.459423s gap=+0.0000%
  [4/10] success=True status=optimal time=0.382327s gap=+0.0000%
  [5/10] success=True status=optimal time=0.411015s gap=+0.0000%
  [6/10] success=True status=optimal time=0.443334s gap=+0.0000%
  [7/10] success=True status=optimal time=0.520257s gap=+0.0000%
  [8/10] success=True status=optimal time=0.511125s gap=+0.0000%
  [9/10] success=True status=optimal time=0.508663s gap=+0.0000%
  [10/10] success=True status=optimal time=0.489617s gap=+0.0000%

Run 2: best_ablation_model_pglib_opf_case162_ieee_dtc_10000epochs_20260918_102553.pth
NN inference: 0.000056761 s/instance
  [1/10] success=True status=optimal time=0.618860s gap=+0.0000%
  [2/10] success=True status=optimal time=0.530985s gap=+0.0000%
  [3/10] success=True status=optimal time=0.570725s gap=+0.0000%
  [4/10] success=True status=optimal time=0.544520s gap=+0.0000%
  [5/10] success=True status=optimal time=0.600594s gap=+0.0000%
  [6/10] success=True status=optimal time=0.611650s gap=+0.0000%
  [7/10] success=True status=optimal time=0.551903s gap=+0.0000%
  [8/10] success=True status=optimal time=0.626356s gap=+0.0000%
  [9/10] success=True status=optimal time=0.587119s gap=+0.0000%
  [10/10] success=True status=optimal time=0.614199s gap=+0.0000%

Run 3: best_ablation_model_pglib_opf_case162_ieee_dtc_10000epochs_20260918_103250.pth
NN inference: 0.000057975 s/instance
  [1/10] success=True status=optimal time=0.588016s gap=+0.0000%
  [2/10] success=True status=optimal time=0.544419s gap=+0.0000%
  [3/10] success=True status=optimal time=0.550232s gap=+0.0000%
  [4/10] success=True status=optimal time=0.530574s gap=+0.0000%
  [5/10] success=True status=optimal time=0.592563s gap=+0.0000%
  [6/10] success=True status=optimal time=0.696324s gap=+0.0000%
  [7/10] success=True status=optimal time=0.579119s gap=+0.0000%
  [8/10] success=True status=optimal time=0.625803s gap=+0.0000%
  [9/10] success=True status=optimal time=0.538589s gap=+0.0000%
  [10/10] success=True status=optimal time=0.588550s gap=+0.0000%

Run 4: best_ablation_model_pglib_opf_case162_ieee_dtc_10000epochs_20260918_103950.pth
NN inference: 0.000063860 s/instance
  [1/10] success=True status=optimal time=0.558079s gap=+0.0000%
  [2/10] success=True status=optimal time=0.585112s gap=+0.0000%
  [3/10] success=True status=optimal time=0.556840s gap=+0.0000%
  [4/10] success=True status=optimal time=0.528299s gap=+0.0000%
  [5/10] success=True status=optimal time=0.527980s gap=+0.0000%
  [6/10] success=True status=optimal time=0.503495s gap=+0.0000%
  [7/10] success=True status=optimal time=0.489312s gap=+0.0000%
  [8/10] success=True status=optimal time=0.509249s gap=+0.0000%
  [9/10] success=True status=optimal time=0.465969s gap=+0.0000%
  [10/10] success=True status=optimal time=0.490036s gap=+0.0000%

Run 5: best_ablation_model_pglib_opf_case162_ieee_dtc_10000epochs_20260918_104655.pth
NN inference: 0.000067177 s/instance
  [1/10] success=True status=optimal time=0.477136s gap=+0.0000%
  [2/10] success=True status=optimal time=0.505757s gap=+0.0000%
  [3/10] success=True status=optimal time=0.498335s gap=+0.0000%
  [4/10] success=True status=optimal time=0.505249s gap=+0.0000%
  [5/10] success=True status=optimal time=0.518167s gap=+0.0000%
  [6/10] success=True status=optimal time=0.500774s gap=+0.0000%
  [7/10] success=True status=optimal time=0.478809s gap=+0.0000%
  [8/10] success=True status=optimal time=0.474112s gap=+0.0000%
  [9/10] success=True status=optimal time=0.430758s gap=+0.0000%
  [10/10] success=True status=optimal time=0.445930s gap=+0.0000%

====================================================================
162-BUS ABLATION WARM-START SUMMARY
====================================================================
Architecture  Run  N  Success_Rate  NN_Time_s  IPOPT_Time_s  Total_Online_Time_s  Cold_IPOPT_Time_s  Speedup  Feasible_Obj_Gap_pct
Ablated PINN    1 10           1.0   0.000094      0.465290             0.465383           1.322111 2.866824          1.894761e-07
Ablated PINN    2 10           1.0   0.000057      0.585691             0.585748           1.322111 2.261424          1.894766e-07
Ablated PINN    3 10           1.0   0.000058      0.583419             0.583477           1.322111 2.277013          1.894760e-07
Ablated PINN    4 10           1.0   0.000064      0.521437             0.521501           1.322111 2.552544          1.894839e-07
Ablated PINN    5 10           1.0   0.000067      0.483503             0.483570           1.322111 2.744099          1.894768e-07

Saved:
  result/warmstart_ablation_raw_case162_chunk014.csv
  result/warmstart_ablation_runlevel_case162_chunk014.csv
  result/warmstart_ablation_summary_case162_chunk014.csv

Done.
============================================================
Finished : Mon Sep 21 13:59:30 +03 2026
Exit code: 0
============================================================
