============================================================
Array Job ID : 2331132
Task ID      : 90
Node         : node0017
Case         : pglib_opf_case162_ieee_dtc
Bus          : 162
============================================================
Python 3.11.15
PyTorch: 2.8.0+cu129
Pandas: 3.0.3
Pyomo: 6.10.1
Start index : 900
End index   : 910
Chunk ID    : 090
Start time  : Mon Sep 21 13:57:56 +03 2026
Command:
/home/g202210120/.conda/envs/pytorch/bin/python evaluate_warmstart_ablation_array_162.py --start_idx 900 --end_idx 910 --chunk_id 090 
============================================================
162-BUS ABLATED-PINN WARM-START EVALUATION
============================================================
Case       : pglib_opf_case162_ieee_dtc
Bus        : 162
Device     : cpu
Start idx  : 900
End idx    : 910
Chunk ID   : 090

Loading CURRENT dataset: ./dataset/pglib_opf_case162_ieee_dtc_10000.pt
QCQP matrices reconstructed in memory.

Selected test chunk [900, 910) with 10 instance(s); chunk=090
Expected Instance_IDs: [900, 901, 902, 903, 904, 905, 906, 907, 908, 909]

====================================================================
LOADING EXISTING 162-BUS COLD IPOPT BASELINE
====================================================================
Cold reference: result/warmstart_cold_case162.csv
Existing cold reference success: 10/10 (100.00%)
Proceeding with 10 common reference-feasible instance(s).

Building ORIGINAL matrix-QCQP Pyomo model...
Building Pyomo model (this happens only once)...
Model built successfully.
Model built successfully.

====================================================================
ABLATION CHECKPOINTS
====================================================================
Pattern: model/162/*ablation_model*.pth
Found 5 checkpoint(s).
  best_ablation_model_pglib_opf_case162_ieee_dtc_10000epochs_20260918_101829.pth
  best_ablation_model_pglib_opf_case162_ieee_dtc_10000epochs_20260918_102553.pth
  best_ablation_model_pglib_opf_case162_ieee_dtc_10000epochs_20260918_103250.pth
  best_ablation_model_pglib_opf_case162_ieee_dtc_10000epochs_20260918_103950.pth
  best_ablation_model_pglib_opf_case162_ieee_dtc_10000epochs_20260918_104655.pth

====================================================================
ABLATION PINN NN-INITIALIZED IPOPT
====================================================================

Run 1: best_ablation_model_pglib_opf_case162_ieee_dtc_10000epochs_20260918_101829.pth
NN inference: 0.000099401 s/instance
  [1/10] success=True status=optimal time=0.544584s gap=+0.0000%
  [2/10] success=True status=optimal time=0.565566s gap=+0.0000%
  [3/10] success=True status=optimal time=0.568017s gap=+0.0000%
  [4/10] success=True status=optimal time=0.559038s gap=+0.0000%
  [5/10] success=True status=optimal time=0.484014s gap=+0.0000%
  [6/10] success=True status=optimal time=0.522039s gap=+0.0000%
  [7/10] success=True status=optimal time=0.553548s gap=+0.0000%
  [8/10] success=True status=optimal time=0.548791s gap=+0.0000%
  [9/10] success=True status=optimal time=0.535741s gap=+0.0000%
  [10/10] success=True status=optimal time=0.560036s gap=+0.0000%

Run 2: best_ablation_model_pglib_opf_case162_ieee_dtc_10000epochs_20260918_102553.pth
NN inference: 0.000057675 s/instance
  [1/10] success=True status=optimal time=0.556571s gap=+0.0000%
  [2/10] success=True status=optimal time=0.579656s gap=+0.0000%
  [3/10] success=True status=optimal time=0.562837s gap=+0.0000%
  [4/10] success=True status=optimal time=0.514087s gap=+0.0000%
  [5/10] success=True status=optimal time=0.544670s gap=+0.0000%
  [6/10] success=True status=optimal time=0.544469s gap=+0.0000%
  [7/10] success=True status=optimal time=0.578406s gap=+0.0000%
  [8/10] success=True status=optimal time=0.593724s gap=+0.0000%
  [9/10] success=True status=optimal time=0.714639s gap=+0.0000%
  [10/10] success=True status=optimal time=0.680488s gap=+0.0000%

Run 3: best_ablation_model_pglib_opf_case162_ieee_dtc_10000epochs_20260918_103250.pth
NN inference: 0.000066533 s/instance
  [1/10] success=True status=optimal time=0.638167s gap=+0.0000%
  [2/10] success=True status=optimal time=0.618239s gap=+0.0000%
  [3/10] success=True status=optimal time=0.644991s gap=+0.0000%
  [4/10] success=True status=optimal time=0.613139s gap=+0.0000%
  [5/10] success=True status=optimal time=0.551537s gap=+0.0000%
  [6/10] success=True status=optimal time=0.515708s gap=+0.0000%
  [7/10] success=True status=optimal time=0.416898s gap=+0.0000%
  [8/10] success=True status=optimal time=0.468106s gap=+0.0000%
  [9/10] success=True status=optimal time=0.469896s gap=+0.0000%
  [10/10] success=True status=optimal time=0.560427s gap=+0.0000%

Run 4: best_ablation_model_pglib_opf_case162_ieee_dtc_10000epochs_20260918_103950.pth
NN inference: 0.000061700 s/instance
  [1/10] success=True status=optimal time=0.482810s gap=+0.0000%
  [2/10] success=True status=optimal time=0.487408s gap=+0.0000%
  [3/10] success=True status=optimal time=0.411405s gap=+0.0000%
  [4/10] success=True status=optimal time=0.442234s gap=+0.0000%
  [5/10] success=True status=optimal time=0.451569s gap=+0.0000%
  [6/10] success=True status=optimal time=0.472746s gap=+0.0000%
  [7/10] success=True status=optimal time=0.512437s gap=+0.0000%
  [8/10] success=True status=optimal time=0.490468s gap=+0.0000%
  [9/10] success=True status=optimal time=0.499674s gap=+0.0000%
  [10/10] success=True status=optimal time=0.490058s gap=+0.0000%

Run 5: best_ablation_model_pglib_opf_case162_ieee_dtc_10000epochs_20260918_104655.pth
NN inference: 0.000077786 s/instance
  [1/10] success=True status=optimal time=0.465376s gap=+0.0000%
  [2/10] success=True status=optimal time=0.479395s gap=+0.0000%
  [3/10] success=True status=optimal time=0.498003s gap=+0.0000%
  [4/10] success=True status=optimal time=0.617206s gap=+0.0000%
  [5/10] success=True status=optimal time=0.636023s gap=+0.0000%
  [6/10] success=True status=optimal time=0.634919s gap=+0.0000%
  [7/10] success=True status=optimal time=0.633188s gap=+0.0000%
  [8/10] success=True status=optimal time=0.711930s gap=+0.0000%
  [9/10] success=True status=optimal time=0.646622s gap=+0.0000%
  [10/10] success=True status=optimal time=0.522449s gap=+0.0000%

====================================================================
162-BUS ABLATION WARM-START SUMMARY
====================================================================
Architecture  Run  N  Success_Rate  NN_Time_s  IPOPT_Time_s  Total_Online_Time_s  Cold_IPOPT_Time_s  Speedup  Feasible_Obj_Gap_pct
Ablated PINN    1 10           1.0   0.000099      0.544138             0.544237           1.241465 2.282152          1.893423e-07
Ablated PINN    2 10           1.0   0.000058      0.586955             0.587013           1.241465 2.127075          1.893423e-07
Ablated PINN    3 10           1.0   0.000067      0.549711             0.549777           1.241465 2.307750          1.893425e-07
Ablated PINN    4 10           1.0   0.000062      0.474081             0.474143           1.241465 2.625437          1.893425e-07
Ablated PINN    5 10           1.0   0.000078      0.584511             0.584589           1.241465 2.175019          1.893424e-07

Saved:
  result/warmstart_ablation_raw_case162_chunk090.csv
  result/warmstart_ablation_runlevel_case162_chunk090.csv
  result/warmstart_ablation_summary_case162_chunk090.csv

Done.
============================================================
Finished : Mon Sep 21 13:58:31 +03 2026
Exit code: 0
============================================================
