============================================================
Array Job ID : 2331133
Task ID      : 71
Node         : node0017
Case         : pglib_opf_case162_ieee_dtc
Bus          : 162
============================================================
Python 3.11.15
PyTorch: 2.8.0+cu129
Pandas: 3.0.3
Pyomo: 6.10.1
Start index : 710
End index   : 720
Chunk ID    : 071
Start time  : Mon Sep 21 14:03:56 +03 2026
Command:
/home/g202210120/.conda/envs/pytorch/bin/python evaluate_warmstart_ablation_array_162.py --start_idx 710 --end_idx 720 --chunk_id 071 
============================================================
162-BUS ABLATED-PINN WARM-START EVALUATION
============================================================
Case       : pglib_opf_case162_ieee_dtc
Bus        : 162
Device     : cpu
Start idx  : 710
End idx    : 720
Chunk ID   : 071

Loading CURRENT dataset: ./dataset/pglib_opf_case162_ieee_dtc_10000.pt
QCQP matrices reconstructed in memory.

Selected test chunk [710, 720) with 10 instance(s); chunk=071
Expected Instance_IDs: [710, 711, 712, 713, 714, 715, 716, 717, 718, 719]

====================================================================
LOADING EXISTING 162-BUS COLD IPOPT BASELINE
====================================================================
Cold reference: result/warmstart_cold_case162.csv
Existing cold reference success: 10/10 (100.00%)
Proceeding with 10 common reference-feasible instance(s).

Building ORIGINAL matrix-QCQP Pyomo model...
Building Pyomo model (this happens only once)...
Model built successfully.
Model built successfully.

====================================================================
ABLATION CHECKPOINTS
====================================================================
Pattern: model/162/*ablation_model*.pth
Found 5 checkpoint(s).
  best_ablation_model_pglib_opf_case162_ieee_dtc_10000epochs_20260918_101829.pth
  best_ablation_model_pglib_opf_case162_ieee_dtc_10000epochs_20260918_102553.pth
  best_ablation_model_pglib_opf_case162_ieee_dtc_10000epochs_20260918_103250.pth
  best_ablation_model_pglib_opf_case162_ieee_dtc_10000epochs_20260918_103950.pth
  best_ablation_model_pglib_opf_case162_ieee_dtc_10000epochs_20260918_104655.pth

====================================================================
ABLATION PINN NN-INITIALIZED IPOPT
====================================================================

Run 1: best_ablation_model_pglib_opf_case162_ieee_dtc_10000epochs_20260918_101829.pth
NN inference: 0.000096861 s/instance
  [1/10] success=True status=optimal time=0.553329s gap=+0.0000%
  [2/10] success=True status=optimal time=0.575966s gap=+0.0000%
  [3/10] success=True status=optimal time=0.559112s gap=+0.0000%
  [4/10] success=True status=optimal time=0.573825s gap=+0.0000%
  [5/10] success=True status=optimal time=0.495158s gap=+0.0000%
  [6/10] success=True status=optimal time=0.559078s gap=+0.0000%
  [7/10] success=True status=optimal time=0.498973s gap=+0.0000%
  [8/10] success=True status=optimal time=0.437287s gap=+0.0000%
  [9/10] success=True status=optimal time=0.426902s gap=+0.0000%
  [10/10] success=True status=optimal time=0.464272s gap=+0.0000%

Run 2: best_ablation_model_pglib_opf_case162_ieee_dtc_10000epochs_20260918_102553.pth
NN inference: 0.000054015 s/instance
  [1/10] success=True status=optimal time=0.521430s gap=+0.0000%
  [2/10] success=True status=optimal time=0.589124s gap=+0.0000%
  [3/10] success=True status=optimal time=0.541501s gap=+0.0000%
  [4/10] success=True status=optimal time=0.576689s gap=+0.0000%
  [5/10] success=True status=optimal time=0.538844s gap=+0.0000%
  [6/10] success=True status=optimal time=0.545026s gap=+0.0000%
  [7/10] success=True status=optimal time=0.580961s gap=+0.0000%
  [8/10] success=True status=optimal time=0.568642s gap=+0.0000%
  [9/10] success=True status=optimal time=0.582789s gap=+0.0000%
  [10/10] success=True status=optimal time=0.550681s gap=+0.0000%

Run 3: best_ablation_model_pglib_opf_case162_ieee_dtc_10000epochs_20260918_103250.pth
NN inference: 0.000061045 s/instance
  [1/10] success=True status=optimal time=0.496740s gap=+0.0000%
  [2/10] success=True status=optimal time=0.584040s gap=+0.0000%
  [3/10] success=True status=optimal time=0.551802s gap=+0.0000%
  [4/10] success=True status=optimal time=0.583630s gap=+0.0000%
  [5/10] success=True status=optimal time=0.563996s gap=+0.0000%
  [6/10] success=True status=optimal time=0.710749s gap=+0.0000%
  [7/10] success=True status=optimal time=0.522408s gap=+0.0000%
  [8/10] success=True status=optimal time=0.531249s gap=+0.0000%
  [9/10] success=True status=optimal time=0.531328s gap=+0.0000%
  [10/10] success=True status=optimal time=0.520133s gap=+0.0000%

Run 4: best_ablation_model_pglib_opf_case162_ieee_dtc_10000epochs_20260918_103950.pth
NN inference: 0.000053715 s/instance
  [1/10] success=True status=optimal time=0.471380s gap=+0.0000%
  [2/10] success=True status=optimal time=0.482606s gap=+0.0000%
  [3/10] success=True status=optimal time=0.421652s gap=+0.0000%
  [4/10] success=True status=optimal time=0.430287s gap=+0.0000%
  [5/10] success=True status=optimal time=0.404073s gap=+0.0000%
  [6/10] success=True status=optimal time=0.458754s gap=+0.0000%
  [7/10] success=True status=optimal time=0.537394s gap=+0.0000%
  [8/10] success=True status=optimal time=0.504340s gap=+0.0000%
  [9/10] success=True status=optimal time=0.518362s gap=+0.0000%
  [10/10] success=True status=optimal time=0.526724s gap=+0.0000%

Run 5: best_ablation_model_pglib_opf_case162_ieee_dtc_10000epochs_20260918_104655.pth
NN inference: 0.000062205 s/instance
  [1/10] success=True status=optimal time=0.533883s gap=+0.0000%
  [2/10] success=True status=optimal time=0.549413s gap=+0.0000%
  [3/10] success=True status=optimal time=0.542022s gap=+0.0000%
  [4/10] success=True status=optimal time=0.548081s gap=+0.0000%
  [5/10] success=True status=optimal time=0.530860s gap=+0.0000%
  [6/10] success=True status=optimal time=0.458331s gap=+0.0000%
  [7/10] success=True status=optimal time=0.481958s gap=+0.0000%
  [8/10] success=True status=optimal time=0.546303s gap=+0.0000%
  [9/10] success=True status=optimal time=0.516876s gap=+0.0000%
  [10/10] success=True status=optimal time=0.496971s gap=+0.0000%

====================================================================
162-BUS ABLATION WARM-START SUMMARY
====================================================================
Architecture  Run  N  Success_Rate  NN_Time_s  IPOPT_Time_s  Total_Online_Time_s  Cold_IPOPT_Time_s  Speedup  Feasible_Obj_Gap_pct
Ablated PINN    1 10           1.0   0.000097      0.514390             0.514487            1.30877 2.573635          1.749444e-07
Ablated PINN    2 10           1.0   0.000054      0.559569             0.559623            1.30877 2.342776          1.749444e-07
Ablated PINN    3 10           1.0   0.000061      0.559608             0.559669            1.30877 2.358868          1.749443e-07
Ablated PINN    4 10           1.0   0.000054      0.475557             0.475611            1.30877 2.779576          1.749444e-07
Ablated PINN    5 10           1.0   0.000062      0.520470             0.520532            1.30877 2.521732          1.749444e-07

Saved:
  result/warmstart_ablation_raw_case162_chunk071.csv
  result/warmstart_ablation_runlevel_case162_chunk071.csv
  result/warmstart_ablation_summary_case162_chunk071.csv

Done.
============================================================
Finished : Mon Sep 21 14:04:29 +03 2026
Exit code: 0
============================================================
