============================================================
Array Job ID : 2331132
Task ID      : 11
Node         : node0017
Case         : pglib_opf_case162_ieee_dtc
Bus          : 162
============================================================
Python 3.11.15
PyTorch: 2.8.0+cu129
Pandas: 3.0.3
Pyomo: 6.10.1
Start index : 110
End index   : 120
Chunk ID    : 011
Start time  : Mon Sep 21 13:45:26 +03 2026
Command:
/home/g202210120/.conda/envs/pytorch/bin/python evaluate_warmstart_ablation_array_162.py --start_idx 110 --end_idx 120 --chunk_id 011 
============================================================
162-BUS ABLATED-PINN WARM-START EVALUATION
============================================================
Case       : pglib_opf_case162_ieee_dtc
Bus        : 162
Device     : cpu
Start idx  : 110
End idx    : 120
Chunk ID   : 011

Loading CURRENT dataset: ./dataset/pglib_opf_case162_ieee_dtc_10000.pt
QCQP matrices reconstructed in memory.

Selected test chunk [110, 120) with 10 instance(s); chunk=011
Expected Instance_IDs: [110, 111, 112, 113, 114, 115, 116, 117, 118, 119]

====================================================================
LOADING EXISTING 162-BUS COLD IPOPT BASELINE
====================================================================
Cold reference: result/warmstart_cold_case162.csv
Existing cold reference success: 10/10 (100.00%)
Proceeding with 10 common reference-feasible instance(s).

Building ORIGINAL matrix-QCQP Pyomo model...
Building Pyomo model (this happens only once)...
Model built successfully.
Model built successfully.

====================================================================
ABLATION CHECKPOINTS
====================================================================
Pattern: model/162/*ablation_model*.pth
Found 5 checkpoint(s).
  best_ablation_model_pglib_opf_case162_ieee_dtc_10000epochs_20260918_101829.pth
  best_ablation_model_pglib_opf_case162_ieee_dtc_10000epochs_20260918_102553.pth
  best_ablation_model_pglib_opf_case162_ieee_dtc_10000epochs_20260918_103250.pth
  best_ablation_model_pglib_opf_case162_ieee_dtc_10000epochs_20260918_103950.pth
  best_ablation_model_pglib_opf_case162_ieee_dtc_10000epochs_20260918_104655.pth

====================================================================
ABLATION PINN NN-INITIALIZED IPOPT
====================================================================

Run 1: best_ablation_model_pglib_opf_case162_ieee_dtc_10000epochs_20260918_101829.pth
NN inference: 0.000176641 s/instance
  [1/10] success=True status=optimal time=0.953283s gap=+0.0000%
  [2/10] success=True status=optimal time=1.050491s gap=+0.0000%
  [3/10] success=True status=optimal time=1.053619s gap=+0.0000%
  [4/10] success=True status=optimal time=0.977932s gap=+0.0000%
  [5/10] success=True status=optimal time=0.949315s gap=+0.0000%
  [6/10] success=True status=optimal time=1.096455s gap=+0.0000%
  [7/10] success=True status=optimal time=0.999462s gap=+0.0000%
  [8/10] success=True status=optimal time=0.826324s gap=+0.0000%
  [9/10] success=True status=optimal time=0.811951s gap=+0.0000%
  [10/10] success=True status=optimal time=0.868859s gap=+0.0000%

Run 2: best_ablation_model_pglib_opf_case162_ieee_dtc_10000epochs_20260918_102553.pth
NN inference: 0.000119488 s/instance
  [1/10] success=True status=optimal time=0.875524s gap=+0.0000%
  [2/10] success=True status=optimal time=0.848194s gap=+0.0000%
  [3/10] success=True status=optimal time=0.804885s gap=+0.0000%
  [4/10] success=True status=optimal time=0.888449s gap=+0.0000%
  [5/10] success=True status=optimal time=0.988450s gap=+0.0000%
  [6/10] success=True status=optimal time=1.229073s gap=+0.0000%
  [7/10] success=True status=optimal time=1.140599s gap=+0.0000%
  [8/10] success=True status=optimal time=1.060567s gap=+0.0000%
  [9/10] success=True status=optimal time=1.117804s gap=+0.0000%
  [10/10] success=True status=optimal time=1.041007s gap=+0.0000%

Run 3: best_ablation_model_pglib_opf_case162_ieee_dtc_10000epochs_20260918_103250.pth
NN inference: 0.000112149 s/instance
  [1/10] success=True status=optimal time=1.101937s gap=+0.0000%
  [2/10] success=True status=optimal time=1.294471s gap=+0.0000%
  [3/10] success=True status=optimal time=1.289647s gap=+0.0000%
  [4/10] success=True status=optimal time=1.045599s gap=+0.0000%
  [5/10] success=True status=optimal time=0.964524s gap=+0.0000%
  [6/10] success=True status=optimal time=1.337745s gap=+0.0000%
  [7/10] success=True status=optimal time=1.003692s gap=+0.0000%
  [8/10] success=True status=optimal time=1.054999s gap=+0.0000%
  [9/10] success=True status=optimal time=1.099855s gap=+0.0000%
  [10/10] success=True status=optimal time=1.208423s gap=+0.0000%

Run 4: best_ablation_model_pglib_opf_case162_ieee_dtc_10000epochs_20260918_103950.pth
NN inference: 0.000193926 s/instance
  [1/10] success=True status=optimal time=1.097096s gap=+0.0000%
  [2/10] success=True status=optimal time=1.169333s gap=+0.0000%
  [3/10] success=True status=optimal time=1.026931s gap=+0.0000%
  [4/10] success=True status=optimal time=0.946876s gap=+0.0000%
  [5/10] success=True status=optimal time=1.034087s gap=+0.0000%
  [6/10] success=True status=optimal time=1.008897s gap=+0.0000%
  [7/10] success=True status=optimal time=1.118765s gap=+0.0000%
  [8/10] success=True status=optimal time=1.059368s gap=+0.0000%
  [9/10] success=True status=optimal time=1.083998s gap=+0.0000%
  [10/10] success=True status=optimal time=0.915032s gap=+0.0000%

Run 5: best_ablation_model_pglib_opf_case162_ieee_dtc_10000epochs_20260918_104655.pth
NN inference: 0.005080661 s/instance
  [1/10] success=True status=optimal time=0.937622s gap=+0.0000%
  [2/10] success=True status=optimal time=0.988460s gap=+0.0000%
  [3/10] success=True status=optimal time=0.926694s gap=+0.0000%
  [4/10] success=True status=optimal time=0.917449s gap=+0.0000%
  [5/10] success=True status=optimal time=1.025150s gap=+0.0000%
  [6/10] success=True status=optimal time=1.103965s gap=+0.0000%
  [7/10] success=True status=optimal time=0.862112s gap=+0.0000%
  [8/10] success=True status=optimal time=1.020533s gap=+0.0000%
  [9/10] success=True status=optimal time=1.180753s gap=+0.0000%
  [10/10] success=True status=optimal time=0.827855s gap=+0.0000%

====================================================================
162-BUS ABLATION WARM-START SUMMARY
====================================================================
Architecture  Run  N  Success_Rate  NN_Time_s  IPOPT_Time_s  Total_Online_Time_s  Cold_IPOPT_Time_s  Speedup  Feasible_Obj_Gap_pct
Ablated PINN    1 10           1.0   0.000177      0.958769             0.958946           1.246412 1.314264          1.903909e-07
Ablated PINN    2 10           1.0   0.000119      0.999455             0.999575           1.246412 1.254915          1.903841e-07
Ablated PINN    3 10           1.0   0.000112      1.140089             1.140201           1.246412 1.107125          1.903838e-07
Ablated PINN    4 10           1.0   0.000194      1.046038             1.046232           1.246412 1.203369          1.903985e-07
Ablated PINN    5 10           1.0   0.005081      0.979059             0.984140           1.246412 1.281167          1.903909e-07

Saved:
  result/warmstart_ablation_raw_case162_chunk011.csv
  result/warmstart_ablation_runlevel_case162_chunk011.csv
  result/warmstart_ablation_summary_case162_chunk011.csv

Done.
============================================================
Finished : Mon Sep 21 13:46:26 +03 2026
Exit code: 0
============================================================
