============================================================
Array Job ID : 2331132
Task ID      : 88
Node         : node0017
Case         : pglib_opf_case162_ieee_dtc
Bus          : 162
============================================================
Python 3.11.15
PyTorch: 2.8.0+cu129
Pandas: 3.0.3
Pyomo: 6.10.1
Start index : 880
End index   : 890
Chunk ID    : 088
Start time  : Mon Sep 21 13:57:28 +03 2026
Command:
/home/g202210120/.conda/envs/pytorch/bin/python evaluate_warmstart_ablation_array_162.py --start_idx 880 --end_idx 890 --chunk_id 088 
============================================================
162-BUS ABLATED-PINN WARM-START EVALUATION
============================================================
Case       : pglib_opf_case162_ieee_dtc
Bus        : 162
Device     : cpu
Start idx  : 880
End idx    : 890
Chunk ID   : 088

Loading CURRENT dataset: ./dataset/pglib_opf_case162_ieee_dtc_10000.pt
QCQP matrices reconstructed in memory.

Selected test chunk [880, 890) with 10 instance(s); chunk=088
Expected Instance_IDs: [880, 881, 882, 883, 884, 885, 886, 887, 888, 889]

====================================================================
LOADING EXISTING 162-BUS COLD IPOPT BASELINE
====================================================================
Cold reference: result/warmstart_cold_case162.csv
Existing cold reference success: 10/10 (100.00%)
Proceeding with 10 common reference-feasible instance(s).

Building ORIGINAL matrix-QCQP Pyomo model...
Building Pyomo model (this happens only once)...
Model built successfully.
Model built successfully.

====================================================================
ABLATION CHECKPOINTS
====================================================================
Pattern: model/162/*ablation_model*.pth
Found 5 checkpoint(s).
  best_ablation_model_pglib_opf_case162_ieee_dtc_10000epochs_20260918_101829.pth
  best_ablation_model_pglib_opf_case162_ieee_dtc_10000epochs_20260918_102553.pth
  best_ablation_model_pglib_opf_case162_ieee_dtc_10000epochs_20260918_103250.pth
  best_ablation_model_pglib_opf_case162_ieee_dtc_10000epochs_20260918_103950.pth
  best_ablation_model_pglib_opf_case162_ieee_dtc_10000epochs_20260918_104655.pth

====================================================================
ABLATION PINN NN-INITIALIZED IPOPT
====================================================================

Run 1: best_ablation_model_pglib_opf_case162_ieee_dtc_10000epochs_20260918_101829.pth
NN inference: 0.002497442 s/instance
  [1/10] success=True status=optimal time=0.781330s gap=+0.0000%
  [2/10] success=True status=optimal time=0.565240s gap=+0.0000%
  [3/10] success=True status=optimal time=0.639828s gap=+0.0000%
  [4/10] success=True status=optimal time=0.538579s gap=+0.0000%
  [5/10] success=True status=optimal time=0.687633s gap=+0.0000%
  [6/10] success=True status=optimal time=0.903476s gap=+0.0000%
  [7/10] success=True status=optimal time=0.650263s gap=+0.0000%
  [8/10] success=True status=optimal time=0.782841s gap=+0.0000%
  [9/10] success=True status=optimal time=0.840897s gap=+0.0000%
  [10/10] success=True status=optimal time=0.776934s gap=+0.0000%

Run 2: best_ablation_model_pglib_opf_case162_ieee_dtc_10000epochs_20260918_102553.pth
NN inference: 0.004642597 s/instance
  [1/10] success=True status=optimal time=0.819401s gap=+0.0000%
  [2/10] success=True status=optimal time=0.957675s gap=+0.0000%
  [3/10] success=True status=optimal time=0.853799s gap=+0.0000%
  [4/10] success=True status=optimal time=0.763369s gap=+0.0000%
  [5/10] success=True status=optimal time=0.507562s gap=+0.0000%
  [6/10] success=True status=optimal time=1.096201s gap=+0.0000%
  [7/10] success=True status=optimal time=0.840994s gap=+0.0000%
  [8/10] success=True status=optimal time=0.907586s gap=+0.0000%
  [9/10] success=True status=optimal time=0.948699s gap=+0.0000%
  [10/10] success=True status=optimal time=0.960626s gap=+0.0000%

Run 3: best_ablation_model_pglib_opf_case162_ieee_dtc_10000epochs_20260918_103250.pth
NN inference: 0.000139559 s/instance
  [1/10] success=True status=optimal time=0.982833s gap=+0.0000%
  [2/10] success=True status=optimal time=1.130424s gap=+0.0000%
  [3/10] success=True status=optimal time=1.004312s gap=+0.0000%
  [4/10] success=True status=optimal time=0.834311s gap=+0.0000%
  [5/10] success=True status=optimal time=1.103391s gap=+0.0000%
  [6/10] success=True status=optimal time=1.337104s gap=+0.0000%
  [7/10] success=True status=optimal time=0.945684s gap=+0.0000%
  [8/10] success=True status=optimal time=0.957383s gap=+0.0000%
  [9/10] success=True status=optimal time=0.856429s gap=+0.0000%
  [10/10] success=True status=optimal time=0.902899s gap=+0.0000%

Run 4: best_ablation_model_pglib_opf_case162_ieee_dtc_10000epochs_20260918_103950.pth
NN inference: 0.000105776 s/instance
  [1/10] success=True status=optimal time=0.834615s gap=+0.0000%
  [2/10] success=True status=optimal time=0.922702s gap=+0.0000%
  [3/10] success=True status=optimal time=1.022165s gap=+0.0000%
  [4/10] success=True status=optimal time=0.889650s gap=+0.0000%
  [5/10] success=True status=optimal time=0.943653s gap=+0.0000%
  [6/10] success=True status=optimal time=0.803722s gap=+0.0000%
  [7/10] success=True status=optimal time=0.674233s gap=+0.0000%
  [8/10] success=True status=optimal time=0.666623s gap=+0.0000%
  [9/10] success=True status=optimal time=0.737335s gap=+0.0000%
  [10/10] success=True status=optimal time=0.726853s gap=+0.0000%

Run 5: best_ablation_model_pglib_opf_case162_ieee_dtc_10000epochs_20260918_104655.pth
NN inference: 0.000094283 s/instance
  [1/10] success=True status=optimal time=0.750275s gap=+0.0000%
  [2/10] success=True status=optimal time=0.769117s gap=+0.0000%
  [3/10] success=True status=optimal time=0.777971s gap=+0.0000%
  [4/10] success=True status=optimal time=0.791847s gap=+0.0000%
  [5/10] success=True status=optimal time=0.815700s gap=+0.0000%
  [6/10] success=True status=optimal time=0.847211s gap=+0.0000%
  [7/10] success=True status=optimal time=0.723724s gap=+0.0000%
  [8/10] success=True status=optimal time=0.789628s gap=+0.0000%
  [9/10] success=True status=optimal time=0.775343s gap=+0.0000%
  [10/10] success=True status=optimal time=0.796894s gap=+0.0000%

====================================================================
162-BUS ABLATION WARM-START SUMMARY
====================================================================
Architecture  Run  N  Success_Rate  NN_Time_s  IPOPT_Time_s  Total_Online_Time_s  Cold_IPOPT_Time_s  Speedup  Feasible_Obj_Gap_pct
Ablated PINN    1 10           1.0   0.002497      0.716702             0.719200           1.278483 1.814521          1.908748e-07
Ablated PINN    2 10           1.0   0.004643      0.865591             0.870234           1.278483 1.539325          1.908699e-07
Ablated PINN    3 10           1.0   0.000140      1.005477             1.005617           1.278483 1.290671          1.908701e-07
Ablated PINN    4 10           1.0   0.000106      0.822155             0.822261           1.278483 1.577391          1.908747e-07
Ablated PINN    5 10           1.0   0.000094      0.783771             0.783865           1.278483 1.634282          1.908699e-07

Saved:
  result/warmstart_ablation_raw_case162_chunk088.csv
  result/warmstart_ablation_runlevel_case162_chunk088.csv
  result/warmstart_ablation_summary_case162_chunk088.csv

Done.
============================================================
Finished : Mon Sep 21 13:58:19 +03 2026
Exit code: 0
============================================================
