============================================================
Array Job ID : 2331133
Task ID      : 49
Node         : node0017
Case         : pglib_opf_case162_ieee_dtc
Bus          : 162
============================================================
Python 3.11.15
PyTorch: 2.8.0+cu129
Pandas: 3.0.3
Pyomo: 6.10.1
Start index : 490
End index   : 500
Chunk ID    : 049
Start time  : Mon Sep 21 14:01:56 +03 2026
Command:
/home/g202210120/.conda/envs/pytorch/bin/python evaluate_warmstart_ablation_array_162.py --start_idx 490 --end_idx 500 --chunk_id 049 
============================================================
162-BUS ABLATED-PINN WARM-START EVALUATION
============================================================
Case       : pglib_opf_case162_ieee_dtc
Bus        : 162
Device     : cpu
Start idx  : 490
End idx    : 500
Chunk ID   : 049

Loading CURRENT dataset: ./dataset/pglib_opf_case162_ieee_dtc_10000.pt
QCQP matrices reconstructed in memory.

Selected test chunk [490, 500) with 10 instance(s); chunk=049
Expected Instance_IDs: [490, 491, 492, 493, 494, 495, 496, 497, 498, 499]

====================================================================
LOADING EXISTING 162-BUS COLD IPOPT BASELINE
====================================================================
Cold reference: result/warmstart_cold_case162.csv
Existing cold reference success: 9/10 (90.00%)
Cold IPOPT failed on 1 instance(s).
Failed Instance_ID(s): [493]
Those instances are excluded from the paired Ablated-PINN restoration comparison.
Proceeding with 9 common reference-feasible instance(s).

Building ORIGINAL matrix-QCQP Pyomo model...
Building Pyomo model (this happens only once)...
Model built successfully.
Model built successfully.

====================================================================
ABLATION CHECKPOINTS
====================================================================
Pattern: model/162/*ablation_model*.pth
Found 5 checkpoint(s).
  best_ablation_model_pglib_opf_case162_ieee_dtc_10000epochs_20260918_101829.pth
  best_ablation_model_pglib_opf_case162_ieee_dtc_10000epochs_20260918_102553.pth
  best_ablation_model_pglib_opf_case162_ieee_dtc_10000epochs_20260918_103250.pth
  best_ablation_model_pglib_opf_case162_ieee_dtc_10000epochs_20260918_103950.pth
  best_ablation_model_pglib_opf_case162_ieee_dtc_10000epochs_20260918_104655.pth

====================================================================
ABLATION PINN NN-INITIALIZED IPOPT
====================================================================

Run 1: best_ablation_model_pglib_opf_case162_ieee_dtc_10000epochs_20260918_101829.pth
NN inference: 0.000126671 s/instance
  [1/9] success=True status=optimal time=0.651950s gap=+0.0000%
  [2/9] success=True status=optimal time=0.537597s gap=+0.0000%
  [3/9] success=True status=optimal time=0.551484s gap=+0.0000%
  [4/9] success=True status=optimal time=0.535670s gap=+0.0000%
  [5/9] success=True status=optimal time=0.512055s gap=+0.0000%
  [6/9] success=True status=optimal time=0.540750s gap=+0.0000%
  [7/9] success=True status=optimal time=0.558787s gap=+0.0000%
  [8/9] success=True status=optimal time=0.551441s gap=+0.0000%
  [9/9] success=True status=optimal time=0.542796s gap=+0.0000%

Run 2: best_ablation_model_pglib_opf_case162_ieee_dtc_10000epochs_20260918_102553.pth
NN inference: 0.000067985 s/instance
  [1/9] success=True status=optimal time=0.524317s gap=+0.0000%
  [2/9] success=True status=optimal time=0.573293s gap=+0.0000%
  [3/9] success=True status=optimal time=0.513637s gap=+0.0000%
  [4/9] success=True status=optimal time=0.571372s gap=+0.0000%
  [5/9] success=True status=optimal time=0.570017s gap=+0.0000%
  [6/9] success=True status=optimal time=0.554679s gap=+0.0000%
  [7/9] success=True status=optimal time=0.497872s gap=+0.0000%
  [8/9] success=True status=optimal time=0.558429s gap=+0.0000%
  [9/9] success=True status=optimal time=0.633883s gap=+0.0000%

Run 3: best_ablation_model_pglib_opf_case162_ieee_dtc_10000epochs_20260918_103250.pth
NN inference: 0.000072145 s/instance
  [1/9] success=True status=optimal time=0.576464s gap=+0.0000%
  [2/9] success=True status=optimal time=0.602499s gap=+0.0000%
  [3/9] success=True status=optimal time=0.543098s gap=+0.0000%
  [4/9] success=True status=optimal time=0.511076s gap=+0.0000%
  [5/9] success=True status=optimal time=0.522514s gap=+0.0000%
  [6/9] success=True status=optimal time=0.448086s gap=+0.0000%
  [7/9] success=True status=optimal time=0.485839s gap=+0.0000%
  [8/9] success=True status=optimal time=0.624096s gap=+0.0000%
  [9/9] success=True status=optimal time=0.438112s gap=+0.0000%

Run 4: best_ablation_model_pglib_opf_case162_ieee_dtc_10000epochs_20260918_103950.pth
NN inference: 0.000064250 s/instance
  [1/9] success=True status=optimal time=0.460597s gap=+0.0000%
  [2/9] success=True status=optimal time=0.491838s gap=+0.0000%
  [3/9] success=True status=optimal time=0.463327s gap=+0.0000%
  [4/9] success=True status=optimal time=0.467805s gap=+0.0000%
  [5/9] success=True status=optimal time=0.446141s gap=+0.0000%
  [6/9] success=True status=optimal time=0.460774s gap=+0.0000%
  [7/9] success=True status=optimal time=0.512041s gap=+0.0000%
  [8/9] success=True status=optimal time=0.478203s gap=+0.0000%
  [9/9] success=True status=optimal time=0.458579s gap=+0.0000%

Run 5: best_ablation_model_pglib_opf_case162_ieee_dtc_10000epochs_20260918_104655.pth
NN inference: 0.000069159 s/instance
  [1/9] success=True status=optimal time=0.504176s gap=+0.0000%
  [2/9] success=True status=optimal time=0.581332s gap=+0.0000%
  [3/9] success=True status=optimal time=0.526919s gap=+0.0000%
  [4/9] success=True status=optimal time=0.519508s gap=+0.0000%
  [5/9] success=True status=optimal time=0.500288s gap=+0.0000%
  [6/9] success=True status=optimal time=0.515635s gap=+0.0000%
  [7/9] success=True status=optimal time=0.592480s gap=+0.0000%
  [8/9] success=True status=optimal time=0.568745s gap=+0.0000%
  [9/9] success=True status=optimal time=0.546595s gap=+0.0000%

====================================================================
162-BUS ABLATION WARM-START SUMMARY
====================================================================
Architecture  Run  N  Success_Rate  NN_Time_s  IPOPT_Time_s  Total_Online_Time_s  Cold_IPOPT_Time_s  Speedup  Feasible_Obj_Gap_pct
Ablated PINN    1  9           1.0   0.000127      0.553614             0.553741           1.289835 2.334291          1.916307e-07
Ablated PINN    2  9           1.0   0.000068      0.555278             0.555346           1.289835 2.337599          1.917373e-07
Ablated PINN    3  9           1.0   0.000072      0.527976             0.528048           1.289835 2.475166          1.919269e-07
Ablated PINN    4  9           1.0   0.000064      0.471034             0.471098           1.289835 2.737039          1.916367e-07
Ablated PINN    5  9           1.0   0.000069      0.539520             0.539589           1.289835 2.393248          1.919336e-07

Saved:
  result/warmstart_ablation_raw_case162_chunk049.csv
  result/warmstart_ablation_runlevel_case162_chunk049.csv
  result/warmstart_ablation_summary_case162_chunk049.csv

Done.
============================================================
Finished : Mon Sep 21 14:02:26 +03 2026
Exit code: 0
============================================================
