============================================================
Array Job ID : 2331133
Task ID      : 67
Node         : node0020
Case         : pglib_opf_case162_ieee_dtc
Bus          : 162
============================================================
Python 3.11.15
PyTorch: 2.8.0+cu129
Pandas: 3.0.3
Pyomo: 6.10.1
Start index : 670
End index   : 680
Chunk ID    : 067
Start time  : Mon Sep 21 14:03:56 +03 2026
Command:
/home/g202210120/.conda/envs/pytorch/bin/python evaluate_warmstart_ablation_array_162.py --start_idx 670 --end_idx 680 --chunk_id 067 
============================================================
162-BUS ABLATED-PINN WARM-START EVALUATION
============================================================
Case       : pglib_opf_case162_ieee_dtc
Bus        : 162
Device     : cpu
Start idx  : 670
End idx    : 680
Chunk ID   : 067

Loading CURRENT dataset: ./dataset/pglib_opf_case162_ieee_dtc_10000.pt
QCQP matrices reconstructed in memory.

Selected test chunk [670, 680) with 10 instance(s); chunk=067
Expected Instance_IDs: [670, 671, 672, 673, 674, 675, 676, 677, 678, 679]

====================================================================
LOADING EXISTING 162-BUS COLD IPOPT BASELINE
====================================================================
Cold reference: result/warmstart_cold_case162.csv
Existing cold reference success: 10/10 (100.00%)
Proceeding with 10 common reference-feasible instance(s).

Building ORIGINAL matrix-QCQP Pyomo model...
Building Pyomo model (this happens only once)...
Model built successfully.
Model built successfully.

====================================================================
ABLATION CHECKPOINTS
====================================================================
Pattern: model/162/*ablation_model*.pth
Found 5 checkpoint(s).
  best_ablation_model_pglib_opf_case162_ieee_dtc_10000epochs_20260918_101829.pth
  best_ablation_model_pglib_opf_case162_ieee_dtc_10000epochs_20260918_102553.pth
  best_ablation_model_pglib_opf_case162_ieee_dtc_10000epochs_20260918_103250.pth
  best_ablation_model_pglib_opf_case162_ieee_dtc_10000epochs_20260918_103950.pth
  best_ablation_model_pglib_opf_case162_ieee_dtc_10000epochs_20260918_104655.pth

====================================================================
ABLATION PINN NN-INITIALIZED IPOPT
====================================================================

Run 1: best_ablation_model_pglib_opf_case162_ieee_dtc_10000epochs_20260918_101829.pth
NN inference: 0.000091564 s/instance
  [1/10] success=True status=optimal time=0.455079s gap=+0.0000%
  [2/10] success=True status=optimal time=0.592839s gap=+0.0000%
  [3/10] success=True status=optimal time=0.516622s gap=+0.0000%
  [4/10] success=True status=optimal time=0.517932s gap=+0.0000%
  [5/10] success=True status=optimal time=0.502388s gap=+0.0000%
  [6/10] success=True status=optimal time=0.508164s gap=+0.0000%
  [7/10] success=True status=optimal time=0.510329s gap=+0.0000%
  [8/10] success=True status=optimal time=0.522755s gap=+0.0000%
  [9/10] success=True status=optimal time=0.533718s gap=+0.0000%
  [10/10] success=True status=optimal time=0.534188s gap=+0.0000%

Run 2: best_ablation_model_pglib_opf_case162_ieee_dtc_10000epochs_20260918_102553.pth
NN inference: 0.000059182 s/instance
  [1/10] success=True status=optimal time=0.517228s gap=+0.0000%
  [2/10] success=True status=optimal time=0.513849s gap=+0.0000%
  [3/10] success=True status=optimal time=0.434481s gap=+0.0000%
  [4/10] success=True status=optimal time=0.394870s gap=+0.0000%
  [5/10] success=True status=optimal time=0.431513s gap=+0.0000%
  [6/10] success=True status=optimal time=0.433295s gap=+0.0000%
  [7/10] success=True status=optimal time=0.427176s gap=+0.0000%
  [8/10] success=True status=optimal time=0.465690s gap=+0.0000%
  [9/10] success=True status=optimal time=0.579015s gap=+0.0000%
  [10/10] success=True status=optimal time=0.481622s gap=+0.0000%

Run 3: best_ablation_model_pglib_opf_case162_ieee_dtc_10000epochs_20260918_103250.pth
NN inference: 0.000054967 s/instance
  [1/10] success=True status=optimal time=0.478704s gap=+0.0000%
  [2/10] success=True status=optimal time=0.465735s gap=+0.0000%
  [3/10] success=True status=optimal time=0.468911s gap=+0.0000%
  [4/10] success=True status=optimal time=0.433161s gap=+0.0000%
  [5/10] success=True status=optimal time=0.440554s gap=+0.0000%
  [6/10] success=True status=optimal time=0.508824s gap=+0.0000%
  [7/10] success=True status=optimal time=0.390740s gap=+0.0000%
  [8/10] success=True status=optimal time=0.425427s gap=+0.0000%
  [9/10] success=True status=optimal time=0.432247s gap=+0.0000%
  [10/10] success=True status=optimal time=0.466650s gap=+0.0000%

Run 4: best_ablation_model_pglib_opf_case162_ieee_dtc_10000epochs_20260918_103950.pth
NN inference: 0.000061144 s/instance
  [1/10] success=True status=optimal time=0.452930s gap=+0.0000%
  [2/10] success=True status=optimal time=0.385033s gap=+0.0000%
  [3/10] success=True status=optimal time=0.414072s gap=+0.0000%
  [4/10] success=True status=optimal time=0.399126s gap=+0.0000%
  [5/10] success=True status=optimal time=0.436095s gap=+0.0000%
  [6/10] success=True status=optimal time=0.416654s gap=+0.0000%
  [7/10] success=True status=optimal time=0.387643s gap=+0.0000%
  [8/10] success=True status=optimal time=0.437513s gap=+0.0000%
  [9/10] success=True status=optimal time=0.435870s gap=+0.0000%
  [10/10] success=True status=optimal time=0.414159s gap=+0.0000%

Run 5: best_ablation_model_pglib_opf_case162_ieee_dtc_10000epochs_20260918_104655.pth
NN inference: 0.000069553 s/instance
  [1/10] success=True status=optimal time=0.447867s gap=+0.0000%
  [2/10] success=True status=optimal time=0.441033s gap=+0.0000%
  [3/10] success=True status=optimal time=0.411926s gap=+0.0000%
  [4/10] success=True status=optimal time=0.405454s gap=+0.0000%
  [5/10] success=True status=optimal time=0.403232s gap=+0.0000%
  [6/10] success=True status=optimal time=0.400703s gap=+0.0000%
  [7/10] success=True status=optimal time=0.405146s gap=+0.0000%
  [8/10] success=True status=optimal time=0.446931s gap=+0.0000%
  [9/10] success=True status=optimal time=0.435283s gap=+0.0000%
  [10/10] success=True status=optimal time=0.449511s gap=+0.0000%

====================================================================
162-BUS ABLATION WARM-START SUMMARY
====================================================================
Architecture  Run  N  Success_Rate  NN_Time_s  IPOPT_Time_s  Total_Online_Time_s  Cold_IPOPT_Time_s  Speedup  Feasible_Obj_Gap_pct
Ablated PINN    1 10           1.0   0.000092      0.519401             0.519493           1.265008 2.447407          1.844703e-07
Ablated PINN    2 10           1.0   0.000059      0.467874             0.467933           1.265008 2.748012          1.844463e-07
Ablated PINN    3 10           1.0   0.000055      0.451095             0.451150           1.265008 2.814129          1.844449e-07
Ablated PINN    4 10           1.0   0.000061      0.417909             0.417971           1.265008 3.043659          1.841978e-07
Ablated PINN    5 10           1.0   0.000070      0.424709             0.424778           1.265008 2.989725          1.845364e-07

Saved:
  result/warmstart_ablation_raw_case162_chunk067.csv
  result/warmstart_ablation_runlevel_case162_chunk067.csv
  result/warmstart_ablation_summary_case162_chunk067.csv

Done.
============================================================
Finished : Mon Sep 21 14:04:26 +03 2026
Exit code: 0
============================================================
