============================================================
Array Job ID : 2331133
Task ID      : 99
Node         : node0020
Case         : pglib_opf_case162_ieee_dtc
Bus          : 162
============================================================
Python 3.11.15
PyTorch: 2.8.0+cu129
Pandas: 3.0.3
Pyomo: 6.10.1
Start index : 990
End index   : 1000
Chunk ID    : 099
Start time  : Mon Sep 21 14:06:56 +03 2026
Command:
/home/g202210120/.conda/envs/pytorch/bin/python evaluate_warmstart_ablation_array_162.py --start_idx 990 --end_idx 1000 --chunk_id 099 
============================================================
162-BUS ABLATED-PINN WARM-START EVALUATION
============================================================
Case       : pglib_opf_case162_ieee_dtc
Bus        : 162
Device     : cpu
Start idx  : 990
End idx    : 1000
Chunk ID   : 099

Loading CURRENT dataset: ./dataset/pglib_opf_case162_ieee_dtc_10000.pt
QCQP matrices reconstructed in memory.

Selected test chunk [990, 1000) with 10 instance(s); chunk=099
Expected Instance_IDs: [990, 991, 992, 993, 994, 995, 996, 997, 998, 999]

====================================================================
LOADING EXISTING 162-BUS COLD IPOPT BASELINE
====================================================================
Cold reference: result/warmstart_cold_case162.csv
Existing cold reference success: 9/10 (90.00%)
Cold IPOPT failed on 1 instance(s).
Failed Instance_ID(s): [992]
Those instances are excluded from the paired Ablated-PINN restoration comparison.
Proceeding with 9 common reference-feasible instance(s).

Building ORIGINAL matrix-QCQP Pyomo model...
Building Pyomo model (this happens only once)...
Model built successfully.
Model built successfully.

====================================================================
ABLATION CHECKPOINTS
====================================================================
Pattern: model/162/*ablation_model*.pth
Found 5 checkpoint(s).
  best_ablation_model_pglib_opf_case162_ieee_dtc_10000epochs_20260918_101829.pth
  best_ablation_model_pglib_opf_case162_ieee_dtc_10000epochs_20260918_102553.pth
  best_ablation_model_pglib_opf_case162_ieee_dtc_10000epochs_20260918_103250.pth
  best_ablation_model_pglib_opf_case162_ieee_dtc_10000epochs_20260918_103950.pth
  best_ablation_model_pglib_opf_case162_ieee_dtc_10000epochs_20260918_104655.pth

====================================================================
ABLATION PINN NN-INITIALIZED IPOPT
====================================================================

Run 1: best_ablation_model_pglib_opf_case162_ieee_dtc_10000epochs_20260918_101829.pth
NN inference: 0.000116024 s/instance
  [1/9] success=True status=optimal time=0.410879s gap=+0.0000%
  [2/9] success=True status=optimal time=0.330278s gap=+0.0000%
  [3/9] success=True status=optimal time=0.342471s gap=+0.0000%
  [4/9] success=True status=optimal time=0.300468s gap=+0.0000%
  [5/9] success=True status=optimal time=0.357842s gap=+0.0000%
  [6/9] success=True status=optimal time=0.335088s gap=+0.0000%
  [7/9] success=True status=optimal time=0.331912s gap=+0.0000%
  [8/9] success=True status=optimal time=0.336856s gap=+0.0000%
  [9/9] success=True status=optimal time=0.360935s gap=+0.0000%

Run 2: best_ablation_model_pglib_opf_case162_ieee_dtc_10000epochs_20260918_102553.pth
NN inference: 0.000055672 s/instance
  [1/9] success=True status=optimal time=0.334230s gap=+0.0000%
  [2/9] success=True status=optimal time=0.343464s gap=+0.0000%
  [3/9] success=True status=optimal time=0.349004s gap=+0.0000%
  [4/9] success=True status=optimal time=0.312421s gap=+0.0000%
  [5/9] success=True status=optimal time=0.350888s gap=+0.0000%
  [6/9] success=True status=optimal time=0.342443s gap=+0.0000%
  [7/9] success=True status=optimal time=0.343123s gap=+0.0000%
  [8/9] success=True status=optimal time=0.357515s gap=+0.0000%
  [9/9] success=True status=optimal time=0.356648s gap=+0.0000%

Run 3: best_ablation_model_pglib_opf_case162_ieee_dtc_10000epochs_20260918_103250.pth
NN inference: 0.000057888 s/instance
  [1/9] success=True status=optimal time=0.338971s gap=+0.0000%
  [2/9] success=True status=optimal time=0.348826s gap=+0.0000%
  [3/9] success=True status=optimal time=0.365649s gap=+0.0000%
  [4/9] success=True status=optimal time=0.316830s gap=+0.0000%
  [5/9] success=True status=optimal time=0.368072s gap=+0.0000%
  [6/9] success=True status=optimal time=0.349212s gap=+0.0000%
  [7/9] success=True status=optimal time=0.352361s gap=+0.0000%
  [8/9] success=True status=optimal time=0.465379s gap=+0.0000%
  [9/9] success=True status=optimal time=0.370746s gap=+0.0000%

Run 4: best_ablation_model_pglib_opf_case162_ieee_dtc_10000epochs_20260918_103950.pth
NN inference: 0.000055608 s/instance
  [1/9] success=True status=optimal time=0.357857s gap=+0.0000%
  [2/9] success=True status=optimal time=0.337943s gap=+0.0000%
  [3/9] success=True status=optimal time=0.355064s gap=+0.0000%
  [4/9] success=True status=optimal time=0.313417s gap=+0.0000%
  [5/9] success=True status=optimal time=0.358919s gap=+0.0000%
  [6/9] success=True status=optimal time=0.334764s gap=+0.0000%
  [7/9] success=True status=optimal time=0.346405s gap=+0.0000%
  [8/9] success=True status=optimal time=0.339203s gap=+0.0000%
  [9/9] success=True status=optimal time=0.369627s gap=+0.0000%

Run 5: best_ablation_model_pglib_opf_case162_ieee_dtc_10000epochs_20260918_104655.pth
NN inference: 0.000077309 s/instance
  [1/9] success=True status=optimal time=0.346648s gap=+0.0000%
  [2/9] success=True status=optimal time=0.345428s gap=+0.0000%
  [3/9] success=True status=optimal time=0.359938s gap=+0.0000%
  [4/9] success=True status=optimal time=0.324934s gap=+0.0000%
  [5/9] success=True status=optimal time=0.352382s gap=+0.0000%
  [6/9] success=True status=optimal time=0.343286s gap=+0.0000%
  [7/9] success=True status=optimal time=0.349585s gap=+0.0000%
  [8/9] success=True status=optimal time=0.359419s gap=+0.0000%
  [9/9] success=True status=optimal time=0.364705s gap=+0.0000%

====================================================================
162-BUS ABLATION WARM-START SUMMARY
====================================================================
Architecture  Run  N  Success_Rate  NN_Time_s  IPOPT_Time_s  Total_Online_Time_s  Cold_IPOPT_Time_s  Speedup  Feasible_Obj_Gap_pct
Ablated PINN    1  9           1.0   0.000116      0.345192             0.345308           0.677165 1.972043          2.328682e-07
Ablated PINN    2  9           1.0   0.000056      0.343304             0.343360           0.677165 1.972517          2.328683e-07
Ablated PINN    3  9           1.0   0.000058      0.364005             0.364063           0.677165 1.877441          2.328646e-07
Ablated PINN    4  9           1.0   0.000056      0.345911             0.345967           0.677165 1.958040          2.328647e-07
Ablated PINN    5  9           1.0   0.000077      0.349592             0.349669           0.677165 1.935838          2.328646e-07

Saved:
  result/warmstart_ablation_raw_case162_chunk099.csv
  result/warmstart_ablation_runlevel_case162_chunk099.csv
  result/warmstart_ablation_summary_case162_chunk099.csv

Done.
============================================================
Finished : Mon Sep 21 14:07:18 +03 2026
Exit code: 0
============================================================
