============================================================
Array Job ID : 2331132
Task ID      : 95
Node         : node0017
Case         : pglib_opf_case162_ieee_dtc
Bus          : 162
============================================================
Python 3.11.15
PyTorch: 2.8.0+cu129
Pandas: 3.0.3
Pyomo: 6.10.1
Start index : 950
End index   : 960
Chunk ID    : 095
Start time  : Mon Sep 21 13:57:56 +03 2026
Command:
/home/g202210120/.conda/envs/pytorch/bin/python evaluate_warmstart_ablation_array_162.py --start_idx 950 --end_idx 960 --chunk_id 095 
============================================================
162-BUS ABLATED-PINN WARM-START EVALUATION
============================================================
Case       : pglib_opf_case162_ieee_dtc
Bus        : 162
Device     : cpu
Start idx  : 950
End idx    : 960
Chunk ID   : 095

Loading CURRENT dataset: ./dataset/pglib_opf_case162_ieee_dtc_10000.pt
QCQP matrices reconstructed in memory.

Selected test chunk [950, 960) with 10 instance(s); chunk=095
Expected Instance_IDs: [950, 951, 952, 953, 954, 955, 956, 957, 958, 959]

====================================================================
LOADING EXISTING 162-BUS COLD IPOPT BASELINE
====================================================================
Cold reference: result/warmstart_cold_case162.csv
Existing cold reference success: 10/10 (100.00%)
Proceeding with 10 common reference-feasible instance(s).

Building ORIGINAL matrix-QCQP Pyomo model...
Building Pyomo model (this happens only once)...
Model built successfully.
Model built successfully.

====================================================================
ABLATION CHECKPOINTS
====================================================================
Pattern: model/162/*ablation_model*.pth
Found 5 checkpoint(s).
  best_ablation_model_pglib_opf_case162_ieee_dtc_10000epochs_20260918_101829.pth
  best_ablation_model_pglib_opf_case162_ieee_dtc_10000epochs_20260918_102553.pth
  best_ablation_model_pglib_opf_case162_ieee_dtc_10000epochs_20260918_103250.pth
  best_ablation_model_pglib_opf_case162_ieee_dtc_10000epochs_20260918_103950.pth
  best_ablation_model_pglib_opf_case162_ieee_dtc_10000epochs_20260918_104655.pth

====================================================================
ABLATION PINN NN-INITIALIZED IPOPT
====================================================================

Run 1: best_ablation_model_pglib_opf_case162_ieee_dtc_10000epochs_20260918_101829.pth
NN inference: 0.000107222 s/instance
  [1/10] success=True status=optimal time=0.609547s gap=+0.0000%
  [2/10] success=True status=optimal time=0.543809s gap=+0.0000%
  [3/10] success=True status=optimal time=0.563150s gap=+0.0000%
  [4/10] success=True status=optimal time=0.493909s gap=+0.0000%
  [5/10] success=True status=optimal time=0.474380s gap=+0.0000%
  [6/10] success=True status=optimal time=0.426886s gap=+0.0000%
  [7/10] success=True status=optimal time=0.484198s gap=+0.0000%
  [8/10] success=True status=optimal time=0.498246s gap=+0.0000%
  [9/10] success=True status=optimal time=0.588916s gap=+0.0000%
  [10/10] success=True status=optimal time=0.538785s gap=+0.0000%

Run 2: best_ablation_model_pglib_opf_case162_ieee_dtc_10000epochs_20260918_102553.pth
NN inference: 0.000060161 s/instance
  [1/10] success=True status=optimal time=0.519632s gap=+0.0000%
  [2/10] success=True status=optimal time=0.561931s gap=+0.0000%
  [3/10] success=True status=optimal time=0.543896s gap=+0.0000%
  [4/10] success=True status=optimal time=0.551663s gap=+0.0000%
  [5/10] success=True status=optimal time=0.561122s gap=+0.0000%
  [6/10] success=True status=optimal time=0.566054s gap=+0.0000%
  [7/10] success=True status=optimal time=0.515886s gap=+0.0000%
  [8/10] success=True status=optimal time=0.494787s gap=+0.0000%
  [9/10] success=True status=optimal time=0.508476s gap=+0.0000%
  [10/10] success=True status=optimal time=0.584834s gap=+0.0000%

Run 3: best_ablation_model_pglib_opf_case162_ieee_dtc_10000epochs_20260918_103250.pth
NN inference: 0.000061301 s/instance
  [1/10] success=True status=optimal time=0.554697s gap=+0.0000%
  [2/10] success=True status=optimal time=0.537190s gap=+0.0000%
  [3/10] success=True status=optimal time=0.600888s gap=+0.0000%
  [4/10] success=True status=optimal time=0.532483s gap=+0.0000%
  [5/10] success=True status=optimal time=0.578116s gap=+0.0000%
  [6/10] success=True status=optimal time=0.688037s gap=+0.0000%
  [7/10] success=True status=optimal time=0.458288s gap=+0.0000%
  [8/10] success=True status=optimal time=0.383727s gap=+0.0000%
  [9/10] success=True status=optimal time=0.429059s gap=+0.0000%
  [10/10] success=True status=optimal time=0.458318s gap=+0.0000%

Run 4: best_ablation_model_pglib_opf_case162_ieee_dtc_10000epochs_20260918_103950.pth
NN inference: 0.000058563 s/instance
  [1/10] success=True status=optimal time=0.515203s gap=+0.0000%
  [2/10] success=True status=optimal time=0.461225s gap=+0.0000%
  [3/10] success=True status=optimal time=0.532700s gap=+0.0000%
  [4/10] success=True status=optimal time=0.431796s gap=+0.0000%
  [5/10] success=True status=optimal time=0.421210s gap=+0.0000%
  [6/10] success=True status=optimal time=0.495722s gap=+0.0000%
  [7/10] success=True status=optimal time=0.478731s gap=+0.0000%
  [8/10] success=True status=optimal time=0.476122s gap=+0.0000%
  [9/10] success=True status=optimal time=0.537204s gap=+0.0000%
  [10/10] success=True status=optimal time=0.531882s gap=+0.0000%

Run 5: best_ablation_model_pglib_opf_case162_ieee_dtc_10000epochs_20260918_104655.pth
NN inference: 0.000071940 s/instance
  [1/10] success=True status=optimal time=0.558419s gap=+0.0000%
  [2/10] success=True status=optimal time=0.546763s gap=+0.0000%
  [3/10] success=True status=optimal time=0.551191s gap=+0.0000%
  [4/10] success=True status=optimal time=0.447637s gap=+0.0000%
  [5/10] success=True status=optimal time=0.479515s gap=+0.0000%
  [6/10] success=True status=optimal time=0.571316s gap=+0.0000%
  [7/10] success=True status=optimal time=0.531740s gap=+0.0000%
  [8/10] success=True status=optimal time=0.626453s gap=+0.0000%
  [9/10] success=True status=optimal time=0.647883s gap=+0.0000%
  [10/10] success=True status=optimal time=0.586657s gap=+0.0000%

====================================================================
162-BUS ABLATION WARM-START SUMMARY
====================================================================
Architecture  Run  N  Success_Rate  NN_Time_s  IPOPT_Time_s  Total_Online_Time_s  Cold_IPOPT_Time_s  Speedup  Feasible_Obj_Gap_pct
Ablated PINN    1 10           1.0   0.000107      0.522183             0.522290           0.656522 1.271634          2.229623e-07
Ablated PINN    2 10           1.0   0.000060      0.540828             0.540888           0.656522 1.220014          2.229625e-07
Ablated PINN    3 10           1.0   0.000061      0.522080             0.522142           0.656522 1.293565          2.229624e-07
Ablated PINN    4 10           1.0   0.000059      0.488179             0.488238           0.656522 1.356843          2.229628e-07
Ablated PINN    5 10           1.0   0.000072      0.554757             0.554829           0.656522 1.195928          2.229624e-07

Saved:
  result/warmstart_ablation_raw_case162_chunk095.csv
  result/warmstart_ablation_runlevel_case162_chunk095.csv
  result/warmstart_ablation_summary_case162_chunk095.csv

Done.
============================================================
Finished : Mon Sep 21 13:58:30 +03 2026
Exit code: 0
============================================================
