============================================================
Array Job ID : 2331132
Task ID      : 69
Node         : node0017
Case         : pglib_opf_case162_ieee_dtc
Bus          : 162
============================================================
Python 3.11.15
PyTorch: 2.8.0+cu129
Pandas: 3.0.3
Pyomo: 6.10.1
Start index : 690
End index   : 700
Chunk ID    : 069
Start time  : Mon Sep 21 13:55:57 +03 2026
Command:
/home/g202210120/.conda/envs/pytorch/bin/python evaluate_warmstart_ablation_array_162.py --start_idx 690 --end_idx 700 --chunk_id 069 
============================================================
162-BUS ABLATED-PINN WARM-START EVALUATION
============================================================
Case       : pglib_opf_case162_ieee_dtc
Bus        : 162
Device     : cpu
Start idx  : 690
End idx    : 700
Chunk ID   : 069

Loading CURRENT dataset: ./dataset/pglib_opf_case162_ieee_dtc_10000.pt
QCQP matrices reconstructed in memory.

Selected test chunk [690, 700) with 10 instance(s); chunk=069
Expected Instance_IDs: [690, 691, 692, 693, 694, 695, 696, 697, 698, 699]

====================================================================
LOADING EXISTING 162-BUS COLD IPOPT BASELINE
====================================================================
Cold reference: result/warmstart_cold_case162.csv
Existing cold reference success: 10/10 (100.00%)
Proceeding with 10 common reference-feasible instance(s).

Building ORIGINAL matrix-QCQP Pyomo model...
Building Pyomo model (this happens only once)...
Model built successfully.
Model built successfully.

====================================================================
ABLATION CHECKPOINTS
====================================================================
Pattern: model/162/*ablation_model*.pth
Found 5 checkpoint(s).
  best_ablation_model_pglib_opf_case162_ieee_dtc_10000epochs_20260918_101829.pth
  best_ablation_model_pglib_opf_case162_ieee_dtc_10000epochs_20260918_102553.pth
  best_ablation_model_pglib_opf_case162_ieee_dtc_10000epochs_20260918_103250.pth
  best_ablation_model_pglib_opf_case162_ieee_dtc_10000epochs_20260918_103950.pth
  best_ablation_model_pglib_opf_case162_ieee_dtc_10000epochs_20260918_104655.pth

====================================================================
ABLATION PINN NN-INITIALIZED IPOPT
====================================================================

Run 1: best_ablation_model_pglib_opf_case162_ieee_dtc_10000epochs_20260918_101829.pth
NN inference: 0.005138925 s/instance
  [1/10] success=True status=optimal time=0.919410s gap=+0.0000%
  [2/10] success=True status=optimal time=1.154562s gap=+0.0000%
  [3/10] success=True status=optimal time=0.967789s gap=+0.0000%
  [4/10] success=True status=optimal time=1.039766s gap=+0.0000%
  [5/10] success=True status=optimal time=0.998405s gap=+0.0000%
  [6/10] success=True status=optimal time=0.608741s gap=+0.0000%
  [7/10] success=True status=optimal time=0.952478s gap=+0.0000%
  [8/10] success=True status=optimal time=0.745236s gap=+0.0000%
  [9/10] success=True status=optimal time=0.919354s gap=+0.0000%
  [10/10] success=True status=optimal time=0.843977s gap=+0.0000%

Run 2: best_ablation_model_pglib_opf_case162_ieee_dtc_10000epochs_20260918_102553.pth
NN inference: 0.004792763 s/instance
  [1/10] success=True status=optimal time=0.798358s gap=+0.0000%
  [2/10] success=True status=optimal time=0.984729s gap=+0.0000%
  [3/10] success=True status=optimal time=0.972563s gap=+0.0000%
  [4/10] success=True status=optimal time=0.899527s gap=+0.0000%
  [5/10] success=True status=optimal time=0.711777s gap=+0.0000%
  [6/10] success=True status=optimal time=0.908773s gap=+0.0000%
  [7/10] success=True status=optimal time=0.806271s gap=+0.0000%
  [8/10] success=True status=optimal time=0.759972s gap=+0.0000%
  [9/10] success=True status=optimal time=0.908469s gap=+0.0000%
  [10/10] success=True status=optimal time=1.067234s gap=+0.0000%

Run 3: best_ablation_model_pglib_opf_case162_ieee_dtc_10000epochs_20260918_103250.pth
NN inference: 0.004821363 s/instance
  [1/10] success=True status=optimal time=0.732559s gap=+0.0000%
  [2/10] success=True status=optimal time=1.319899s gap=+0.0000%
  [3/10] success=True status=optimal time=1.154718s gap=+0.0000%
  [4/10] success=True status=optimal time=1.070071s gap=+0.0000%
  [5/10] success=True status=optimal time=0.814719s gap=+0.0000%
  [6/10] success=True status=optimal time=1.166745s gap=+0.0000%
  [7/10] success=True status=optimal time=0.874497s gap=+0.0000%
  [8/10] success=True status=optimal time=0.751729s gap=+0.0000%
  [9/10] success=True status=optimal time=0.788845s gap=+0.0000%
  [10/10] success=True status=optimal time=0.816957s gap=+0.0000%

Run 4: best_ablation_model_pglib_opf_case162_ieee_dtc_10000epochs_20260918_103950.pth
NN inference: 0.005014521 s/instance
  [1/10] success=True status=optimal time=0.762064s gap=+0.0000%
  [2/10] success=True status=optimal time=1.546292s gap=+0.0000%
  [3/10] success=True status=optimal time=0.820022s gap=+0.0000%
  [4/10] success=True status=optimal time=1.239735s gap=+0.0000%
  [5/10] success=True status=optimal time=0.827619s gap=+0.0000%
  [6/10] success=True status=optimal time=0.740130s gap=+0.0000%
  [7/10] success=True status=optimal time=1.558365s gap=+0.0000%
  [8/10] success=True status=optimal time=0.426147s gap=+0.0000%
  [9/10] success=True status=optimal time=1.599488s gap=+0.0000%
  [10/10] success=True status=optimal time=1.240018s gap=+0.0000%

Run 5: best_ablation_model_pglib_opf_case162_ieee_dtc_10000epochs_20260918_104655.pth
NN inference: 0.004978953 s/instance
  [1/10] success=True status=optimal time=0.983557s gap=+0.0000%
  [2/10] success=True status=optimal time=0.461993s gap=+0.0000%
  [3/10] success=True status=optimal time=0.450653s gap=+0.0000%
  [4/10] success=True status=optimal time=0.464589s gap=+0.0000%
  [5/10] success=True status=optimal time=0.436785s gap=+0.0000%
  [6/10] success=True status=optimal time=1.008345s gap=+0.0000%
  [7/10] success=True status=optimal time=0.427387s gap=+0.0000%
  [8/10] success=True status=optimal time=0.592545s gap=+0.0000%
  [9/10] success=True status=optimal time=0.905373s gap=+0.0000%
  [10/10] success=True status=optimal time=0.832253s gap=+0.0000%

====================================================================
162-BUS ABLATION WARM-START SUMMARY
====================================================================
Architecture  Run  N  Success_Rate  NN_Time_s  IPOPT_Time_s  Total_Online_Time_s  Cold_IPOPT_Time_s  Speedup  Feasible_Obj_Gap_pct
Ablated PINN    1 10           1.0   0.005139      0.914972             0.920111           1.227512 1.362819          2.153789e-07
Ablated PINN    2 10           1.0   0.004793      0.881767             0.886560           1.227512 1.397543          2.153789e-07
Ablated PINN    3 10           1.0   0.004821      0.949074             0.953895           1.227512 1.335979          2.153366e-07
Ablated PINN    4 10           1.0   0.005015      1.075988             1.081002           1.227512 1.302464          2.153788e-07
Ablated PINN    5 10           1.0   0.004979      0.656348             0.661327           1.227512 2.104218          2.153707e-07

Saved:
  result/warmstart_ablation_raw_case162_chunk069.csv
  result/warmstart_ablation_runlevel_case162_chunk069.csv
  result/warmstart_ablation_summary_case162_chunk069.csv

Done.
============================================================
Finished : Mon Sep 21 13:56:52 +03 2026
Exit code: 0
============================================================
