============================================================
Array Job ID : 2331132
Task ID      : 23
Node         : node0020
Case         : pglib_opf_case162_ieee_dtc
Bus          : 162
============================================================
Python 3.11.15
PyTorch: 2.8.0+cu129
Pandas: 3.0.3
Pyomo: 6.10.1
Start index : 230
End index   : 240
Chunk ID    : 023
Start time  : Mon Sep 21 13:47:26 +03 2026
Command:
/home/g202210120/.conda/envs/pytorch/bin/python evaluate_warmstart_ablation_array_162.py --start_idx 230 --end_idx 240 --chunk_id 023 
============================================================
162-BUS ABLATED-PINN WARM-START EVALUATION
============================================================
Case       : pglib_opf_case162_ieee_dtc
Bus        : 162
Device     : cpu
Start idx  : 230
End idx    : 240
Chunk ID   : 023

Loading CURRENT dataset: ./dataset/pglib_opf_case162_ieee_dtc_10000.pt
QCQP matrices reconstructed in memory.

Selected test chunk [230, 240) with 10 instance(s); chunk=023
Expected Instance_IDs: [230, 231, 232, 233, 234, 235, 236, 237, 238, 239]

====================================================================
LOADING EXISTING 162-BUS COLD IPOPT BASELINE
====================================================================
Cold reference: result/warmstart_cold_case162.csv
Existing cold reference success: 9/10 (90.00%)
Cold IPOPT failed on 1 instance(s).
Failed Instance_ID(s): [230]
Those instances are excluded from the paired Ablated-PINN restoration comparison.
Proceeding with 9 common reference-feasible instance(s).

Building ORIGINAL matrix-QCQP Pyomo model...
Building Pyomo model (this happens only once)...
Model built successfully.
Model built successfully.

====================================================================
ABLATION CHECKPOINTS
====================================================================
Pattern: model/162/*ablation_model*.pth
Found 5 checkpoint(s).
  best_ablation_model_pglib_opf_case162_ieee_dtc_10000epochs_20260918_101829.pth
  best_ablation_model_pglib_opf_case162_ieee_dtc_10000epochs_20260918_102553.pth
  best_ablation_model_pglib_opf_case162_ieee_dtc_10000epochs_20260918_103250.pth
  best_ablation_model_pglib_opf_case162_ieee_dtc_10000epochs_20260918_103950.pth
  best_ablation_model_pglib_opf_case162_ieee_dtc_10000epochs_20260918_104655.pth

====================================================================
ABLATION PINN NN-INITIALIZED IPOPT
====================================================================

Run 1: best_ablation_model_pglib_opf_case162_ieee_dtc_10000epochs_20260918_101829.pth
NN inference: 0.000109502 s/instance
  [1/9] success=True status=optimal time=0.510306s gap=+0.0000%
  [2/9] success=True status=optimal time=0.490970s gap=+0.0000%
  [3/9] success=True status=optimal time=0.463976s gap=+0.0000%
  [4/9] success=True status=optimal time=0.508189s gap=+0.0000%
  [5/9] success=True status=optimal time=0.490267s gap=+0.0000%
  [6/9] success=True status=optimal time=0.428036s gap=+0.0000%
  [7/9] success=True status=optimal time=0.426360s gap=+0.0000%
  [8/9] success=True status=optimal time=0.487540s gap=+0.0000%
  [9/9] success=True status=optimal time=0.491684s gap=+0.0000%

Run 2: best_ablation_model_pglib_opf_case162_ieee_dtc_10000epochs_20260918_102553.pth
NN inference: 0.000065570 s/instance
  [1/9] success=True status=optimal time=0.499566s gap=+0.0000%
  [2/9] success=True status=optimal time=0.464643s gap=+0.0000%
  [3/9] success=True status=optimal time=0.421694s gap=+0.0000%
  [4/9] success=True status=optimal time=0.549300s gap=+0.0000%
  [5/9] success=True status=optimal time=0.498326s gap=+0.0000%
  [6/9] success=True status=optimal time=0.463079s gap=+0.0000%
  [7/9] success=True status=optimal time=0.426256s gap=+0.0000%
  [8/9] success=True status=optimal time=0.441984s gap=+0.0000%
  [9/9] success=True status=optimal time=0.437861s gap=+0.0000%

Run 3: best_ablation_model_pglib_opf_case162_ieee_dtc_10000epochs_20260918_103250.pth
NN inference: 0.000069522 s/instance
  [1/9] success=True status=optimal time=0.444889s gap=+0.0000%
  [2/9] success=True status=optimal time=0.465259s gap=+0.0000%
  [3/9] success=True status=optimal time=0.479703s gap=+0.0000%
  [4/9] success=True status=optimal time=0.470481s gap=+0.0000%
  [5/9] success=True status=optimal time=0.494348s gap=+0.0000%
  [6/9] success=True status=optimal time=0.463530s gap=+0.0000%
  [7/9] success=True status=optimal time=0.489143s gap=+0.0000%
  [8/9] success=True status=optimal time=0.601920s gap=+0.0000%
  [9/9] success=True status=optimal time=0.499535s gap=+0.0000%

Run 4: best_ablation_model_pglib_opf_case162_ieee_dtc_10000epochs_20260918_103950.pth
NN inference: 0.000069763 s/instance
  [1/9] success=True status=optimal time=0.528112s gap=+0.0000%
  [2/9] success=True status=optimal time=0.522851s gap=+0.0000%
  [3/9] success=True status=optimal time=0.495889s gap=+0.0000%
  [4/9] success=True status=optimal time=0.483427s gap=+0.0000%
  [5/9] success=True status=optimal time=0.479650s gap=+0.0000%
  [6/9] success=True status=optimal time=0.476868s gap=+0.0000%
  [7/9] success=True status=optimal time=0.457495s gap=+0.0000%
  [8/9] success=True status=optimal time=0.509083s gap=+0.0000%
  [9/9] success=True status=optimal time=0.484696s gap=+0.0000%

Run 5: best_ablation_model_pglib_opf_case162_ieee_dtc_10000epochs_20260918_104655.pth
NN inference: 0.000080596 s/instance
  [1/9] success=True status=optimal time=0.532065s gap=+0.0000%
  [2/9] success=True status=optimal time=0.520544s gap=+0.0000%
  [3/9] success=True status=optimal time=0.486004s gap=+0.0000%
  [4/9] success=True status=optimal time=0.496365s gap=+0.0000%
  [5/9] success=True status=optimal time=0.506396s gap=+0.0000%
  [6/9] success=True status=optimal time=0.503737s gap=+0.0000%
  [7/9] success=True status=optimal time=0.474439s gap=+0.0000%
  [8/9] success=True status=optimal time=0.521726s gap=+0.0000%
  [9/9] success=True status=optimal time=0.489010s gap=+0.0000%

====================================================================
162-BUS ABLATION WARM-START SUMMARY
====================================================================
Architecture  Run  N  Success_Rate  NN_Time_s  IPOPT_Time_s  Total_Online_Time_s  Cold_IPOPT_Time_s  Speedup  Feasible_Obj_Gap_pct
Ablated PINN    1  9           1.0   0.000110      0.477481             0.477590            1.33432 2.810791          1.910596e-07
Ablated PINN    2  9           1.0   0.000066      0.466968             0.467033            1.33432 2.880658          1.910592e-07
Ablated PINN    3  9           1.0   0.000070      0.489868             0.489937            1.33432 2.745331          1.910595e-07
Ablated PINN    4  9           1.0   0.000070      0.493119             0.493189            1.33432 2.712765          1.910897e-07
Ablated PINN    5  9           1.0   0.000081      0.503365             0.503446            1.33432 2.655901          1.910596e-07

Saved:
  result/warmstart_ablation_raw_case162_chunk023.csv
  result/warmstart_ablation_runlevel_case162_chunk023.csv
  result/warmstart_ablation_summary_case162_chunk023.csv

Done.
============================================================
Finished : Mon Sep 21 13:47:54 +03 2026
Exit code: 0
============================================================
