============================================================
Array Job ID : 2331133
Task ID      : 83
Node         : node0017
Case         : pglib_opf_case162_ieee_dtc
Bus          : 162
============================================================
Python 3.11.15
PyTorch: 2.8.0+cu129
Pandas: 3.0.3
Pyomo: 6.10.1
Start index : 830
End index   : 840
Chunk ID    : 083
Start time  : Mon Sep 21 14:04:56 +03 2026
Command:
/home/g202210120/.conda/envs/pytorch/bin/python evaluate_warmstart_ablation_array_162.py --start_idx 830 --end_idx 840 --chunk_id 083 
============================================================
162-BUS ABLATED-PINN WARM-START EVALUATION
============================================================
Case       : pglib_opf_case162_ieee_dtc
Bus        : 162
Device     : cpu
Start idx  : 830
End idx    : 840
Chunk ID   : 083

Loading CURRENT dataset: ./dataset/pglib_opf_case162_ieee_dtc_10000.pt
QCQP matrices reconstructed in memory.

Selected test chunk [830, 840) with 10 instance(s); chunk=083
Expected Instance_IDs: [830, 831, 832, 833, 834, 835, 836, 837, 838, 839]

====================================================================
LOADING EXISTING 162-BUS COLD IPOPT BASELINE
====================================================================
Cold reference: result/warmstart_cold_case162.csv
Existing cold reference success: 10/10 (100.00%)
Proceeding with 10 common reference-feasible instance(s).

Building ORIGINAL matrix-QCQP Pyomo model...
Building Pyomo model (this happens only once)...
Model built successfully.
Model built successfully.

====================================================================
ABLATION CHECKPOINTS
====================================================================
Pattern: model/162/*ablation_model*.pth
Found 5 checkpoint(s).
  best_ablation_model_pglib_opf_case162_ieee_dtc_10000epochs_20260918_101829.pth
  best_ablation_model_pglib_opf_case162_ieee_dtc_10000epochs_20260918_102553.pth
  best_ablation_model_pglib_opf_case162_ieee_dtc_10000epochs_20260918_103250.pth
  best_ablation_model_pglib_opf_case162_ieee_dtc_10000epochs_20260918_103950.pth
  best_ablation_model_pglib_opf_case162_ieee_dtc_10000epochs_20260918_104655.pth

====================================================================
ABLATION PINN NN-INITIALIZED IPOPT
====================================================================

Run 1: best_ablation_model_pglib_opf_case162_ieee_dtc_10000epochs_20260918_101829.pth
NN inference: 0.000116690 s/instance
  [1/10] success=True status=optimal time=0.611028s gap=+0.0000%
  [2/10] success=True status=optimal time=0.590648s gap=+0.0000%
  [3/10] success=True status=optimal time=0.589400s gap=+0.0000%
  [4/10] success=True status=optimal time=0.567134s gap=+0.0000%
  [5/10] success=True status=optimal time=0.631923s gap=+0.0000%
  [6/10] success=True status=optimal time=0.553486s gap=+0.0000%
  [7/10] success=True status=optimal time=0.630661s gap=+0.0000%
  [8/10] success=True status=optimal time=0.667794s gap=+0.0000%
  [9/10] success=True status=optimal time=0.634450s gap=+0.0000%
  [10/10] success=True status=optimal time=0.675624s gap=+0.0000%

Run 2: best_ablation_model_pglib_opf_case162_ieee_dtc_10000epochs_20260918_102553.pth
NN inference: 0.000066067 s/instance
  [1/10] success=True status=optimal time=0.694095s gap=+0.0000%
  [2/10] success=True status=optimal time=0.657463s gap=+0.0000%
  [3/10] success=True status=optimal time=0.568602s gap=+0.0000%
  [4/10] success=True status=optimal time=0.599365s gap=+0.0000%
  [5/10] success=True status=optimal time=0.506720s gap=+0.0000%
  [6/10] success=True status=optimal time=0.536313s gap=+0.0000%
  [7/10] success=True status=optimal time=0.588309s gap=+0.0000%
  [8/10] success=True status=optimal time=0.590405s gap=+0.0000%
  [9/10] success=True status=optimal time=0.589364s gap=+0.0000%
  [10/10] success=True status=optimal time=0.552442s gap=+0.0000%

Run 3: best_ablation_model_pglib_opf_case162_ieee_dtc_10000epochs_20260918_103250.pth
NN inference: 0.000069721 s/instance
  [1/10] success=True status=optimal time=0.565916s gap=+0.0000%
  [2/10] success=True status=optimal time=0.490224s gap=+0.0000%
  [3/10] success=True status=optimal time=0.461866s gap=+0.0000%
  [4/10] success=True status=optimal time=0.491865s gap=+0.0000%
  [5/10] success=True status=optimal time=0.557138s gap=+0.0000%
  [6/10] success=True status=optimal time=0.722083s gap=+0.0000%
  [7/10] success=True status=optimal time=0.545640s gap=+0.0000%
  [8/10] success=True status=optimal time=0.543949s gap=+0.0000%
  [9/10] success=True status=optimal time=0.534310s gap=+0.0000%
  [10/10] success=True status=optimal time=0.492004s gap=+0.0000%

Run 4: best_ablation_model_pglib_opf_case162_ieee_dtc_10000epochs_20260918_103950.pth
NN inference: 0.000080717 s/instance
  [1/10] success=True status=optimal time=0.518010s gap=+0.0000%
  [2/10] success=True status=optimal time=0.483311s gap=+0.0000%
  [3/10] success=True status=optimal time=0.495501s gap=+0.0000%
  [4/10] success=True status=optimal time=0.536586s gap=+0.0000%
  [5/10] success=True status=optimal time=0.542332s gap=+0.0000%
  [6/10] success=True status=optimal time=0.460072s gap=+0.0000%
  [7/10] success=True status=optimal time=0.458279s gap=+0.0000%
  [8/10] success=True status=optimal time=0.484651s gap=+0.0000%
  [9/10] success=True status=optimal time=0.498316s gap=+0.0000%
  [10/10] success=True status=optimal time=0.522411s gap=+0.0000%

Run 5: best_ablation_model_pglib_opf_case162_ieee_dtc_10000epochs_20260918_104655.pth
NN inference: 0.000058139 s/instance
  [1/10] success=True status=optimal time=0.606054s gap=+0.0000%
  [2/10] success=True status=optimal time=0.568889s gap=+0.0000%
  [3/10] success=True status=optimal time=0.520932s gap=+0.0000%
  [4/10] success=True status=optimal time=0.569018s gap=+0.0000%
  [5/10] success=True status=optimal time=0.580863s gap=+0.0000%
  [6/10] success=True status=optimal time=0.507887s gap=+0.0000%
  [7/10] success=True status=optimal time=0.516175s gap=+0.0000%
  [8/10] success=True status=optimal time=0.475980s gap=+0.0000%
  [9/10] success=True status=optimal time=0.475002s gap=+0.0000%
  [10/10] success=True status=optimal time=0.447075s gap=+0.0000%

====================================================================
162-BUS ABLATION WARM-START SUMMARY
====================================================================
Architecture  Run  N  Success_Rate  NN_Time_s  IPOPT_Time_s  Total_Online_Time_s  Cold_IPOPT_Time_s  Speedup  Feasible_Obj_Gap_pct
Ablated PINN    1 10           1.0   0.000117      0.615215             0.615332           1.310847 2.137639          2.163725e-07
Ablated PINN    2 10           1.0   0.000066      0.588308             0.588374           1.310847 2.248547          2.163724e-07
Ablated PINN    3 10           1.0   0.000070      0.540500             0.540569           1.310847 2.462543          2.163726e-07
Ablated PINN    4 10           1.0   0.000081      0.499947             0.500028           1.310847 2.627371          2.163726e-07
Ablated PINN    5 10           1.0   0.000058      0.526788             0.526846           1.310847 2.516164          2.163725e-07

Saved:
  result/warmstart_ablation_raw_case162_chunk083.csv
  result/warmstart_ablation_runlevel_case162_chunk083.csv
  result/warmstart_ablation_summary_case162_chunk083.csv

Done.
============================================================
Finished : Mon Sep 21 14:05:30 +03 2026
Exit code: 0
============================================================
