============================================================
Array Job ID : 2331133
Task ID      : 35
Node         : node0020
Case         : pglib_opf_case162_ieee_dtc
Bus          : 162
============================================================
Python 3.11.15
PyTorch: 2.8.0+cu129
Pandas: 3.0.3
Pyomo: 6.10.1
Start index : 350
End index   : 360
Chunk ID    : 035
Start time  : Mon Sep 21 14:00:56 +03 2026
Command:
/home/g202210120/.conda/envs/pytorch/bin/python evaluate_warmstart_ablation_array_162.py --start_idx 350 --end_idx 360 --chunk_id 035 
============================================================
162-BUS ABLATED-PINN WARM-START EVALUATION
============================================================
Case       : pglib_opf_case162_ieee_dtc
Bus        : 162
Device     : cpu
Start idx  : 350
End idx    : 360
Chunk ID   : 035

Loading CURRENT dataset: ./dataset/pglib_opf_case162_ieee_dtc_10000.pt
QCQP matrices reconstructed in memory.

Selected test chunk [350, 360) with 10 instance(s); chunk=035
Expected Instance_IDs: [350, 351, 352, 353, 354, 355, 356, 357, 358, 359]

====================================================================
LOADING EXISTING 162-BUS COLD IPOPT BASELINE
====================================================================
Cold reference: result/warmstart_cold_case162.csv
Existing cold reference success: 10/10 (100.00%)
Proceeding with 10 common reference-feasible instance(s).

Building ORIGINAL matrix-QCQP Pyomo model...
Building Pyomo model (this happens only once)...
Model built successfully.
Model built successfully.

====================================================================
ABLATION CHECKPOINTS
====================================================================
Pattern: model/162/*ablation_model*.pth
Found 5 checkpoint(s).
  best_ablation_model_pglib_opf_case162_ieee_dtc_10000epochs_20260918_101829.pth
  best_ablation_model_pglib_opf_case162_ieee_dtc_10000epochs_20260918_102553.pth
  best_ablation_model_pglib_opf_case162_ieee_dtc_10000epochs_20260918_103250.pth
  best_ablation_model_pglib_opf_case162_ieee_dtc_10000epochs_20260918_103950.pth
  best_ablation_model_pglib_opf_case162_ieee_dtc_10000epochs_20260918_104655.pth

====================================================================
ABLATION PINN NN-INITIALIZED IPOPT
====================================================================

Run 1: best_ablation_model_pglib_opf_case162_ieee_dtc_10000epochs_20260918_101829.pth
NN inference: 0.000113436 s/instance
  [1/10] success=True status=optimal time=0.483194s gap=+0.0000%
  [2/10] success=True status=optimal time=0.534938s gap=+0.0000%
  [3/10] success=True status=optimal time=0.524046s gap=+0.0000%
  [4/10] success=True status=optimal time=0.494310s gap=+0.0000%
  [5/10] success=True status=optimal time=0.523432s gap=+0.0000%
  [6/10] success=True status=optimal time=0.499882s gap=-0.0000%
  [7/10] success=True status=optimal time=0.522927s gap=-0.0000%
  [8/10] success=True status=optimal time=0.447570s gap=+0.0000%
  [9/10] success=True status=optimal time=0.441151s gap=+0.0000%
  [10/10] success=True status=optimal time=0.432975s gap=+0.0000%

Run 2: best_ablation_model_pglib_opf_case162_ieee_dtc_10000epochs_20260918_102553.pth
NN inference: 0.000056028 s/instance
  [1/10] success=True status=optimal time=0.451845s gap=+0.0000%
  [2/10] success=True status=optimal time=0.471057s gap=+0.0000%
  [3/10] success=True status=optimal time=0.432250s gap=+0.0000%
  [4/10] success=True status=optimal time=0.442221s gap=+0.0000%
  [5/10] success=True status=optimal time=0.530211s gap=+0.0000%
  [6/10] success=True status=optimal time=0.499814s gap=-0.0000%
  [7/10] success=True status=optimal time=0.479334s gap=-0.0000%
  [8/10] success=True status=optimal time=0.470964s gap=+0.0000%
  [9/10] success=True status=optimal time=0.473185s gap=+0.0000%
  [10/10] success=True status=optimal time=0.477099s gap=+0.0000%

Run 3: best_ablation_model_pglib_opf_case162_ieee_dtc_10000epochs_20260918_103250.pth
NN inference: 0.000054667 s/instance
  [1/10] success=True status=optimal time=0.425721s gap=+0.0000%
  [2/10] success=True status=optimal time=0.456027s gap=+0.0000%
  [3/10] success=True status=optimal time=0.409098s gap=+0.0000%
  [4/10] success=True status=optimal time=0.402149s gap=+0.0000%
  [5/10] success=True status=optimal time=0.582617s gap=+0.0000%
  [6/10] success=True status=optimal time=0.655241s gap=-0.0000%
  [7/10] success=True status=optimal time=0.535971s gap=-0.0000%
  [8/10] success=True status=optimal time=0.570491s gap=+0.0000%
  [9/10] success=True status=optimal time=0.576538s gap=+0.0000%
  [10/10] success=True status=optimal time=0.563169s gap=+0.0000%

Run 4: best_ablation_model_pglib_opf_case162_ieee_dtc_10000epochs_20260918_103950.pth
NN inference: 0.000060965 s/instance
  [1/10] success=True status=optimal time=0.536219s gap=+0.0000%
  [2/10] success=True status=optimal time=0.574213s gap=+0.0000%
  [3/10] success=True status=optimal time=0.558005s gap=+0.0000%
  [4/10] success=True status=optimal time=0.525370s gap=+0.0000%
  [5/10] success=True status=optimal time=0.467534s gap=+0.0000%
  [6/10] success=True status=optimal time=0.503076s gap=-0.0000%
  [7/10] success=True status=optimal time=0.513573s gap=-0.0000%
  [8/10] success=True status=optimal time=0.492663s gap=+0.0000%
  [9/10] success=True status=optimal time=0.473539s gap=+0.0000%
  [10/10] success=True status=optimal time=0.460798s gap=+0.0000%

Run 5: best_ablation_model_pglib_opf_case162_ieee_dtc_10000epochs_20260918_104655.pth
NN inference: 0.000072111 s/instance
  [1/10] success=True status=optimal time=0.599317s gap=+0.0000%
  [2/10] success=True status=optimal time=0.490780s gap=+0.0000%
  [3/10] success=True status=optimal time=0.494651s gap=+0.0000%
  [4/10] success=True status=optimal time=0.499657s gap=+0.0000%
  [5/10] success=True status=optimal time=0.548643s gap=+0.0000%
  [6/10] success=True status=optimal time=0.525491s gap=-0.0000%
  [7/10] success=True status=optimal time=0.528907s gap=-0.0000%
  [8/10] success=True status=optimal time=0.526915s gap=+0.0000%
  [9/10] success=True status=optimal time=0.489277s gap=+0.0000%
  [10/10] success=True status=optimal time=0.403938s gap=+0.0000%

====================================================================
162-BUS ABLATION WARM-START SUMMARY
====================================================================
Architecture  Run  N  Success_Rate  NN_Time_s  IPOPT_Time_s  Total_Online_Time_s  Cold_IPOPT_Time_s  Speedup  Feasible_Obj_Gap_pct
Ablated PINN    1 10           1.0   0.000113      0.490442             0.490556           1.275917 2.606571          8.905938e-08
Ablated PINN    2 10           1.0   0.000056      0.472798             0.472854           1.275917 2.701719          8.906058e-08
Ablated PINN    3 10           1.0   0.000055      0.517702             0.517757           1.275917 2.526170          8.906062e-08
Ablated PINN    4 10           1.0   0.000061      0.510499             0.510560           1.275917 2.511094          8.905945e-08
Ablated PINN    5 10           1.0   0.000072      0.510758             0.510830           1.275917 2.513108          8.906068e-08

Saved:
  result/warmstart_ablation_raw_case162_chunk035.csv
  result/warmstart_ablation_runlevel_case162_chunk035.csv
  result/warmstart_ablation_summary_case162_chunk035.csv

Done.
============================================================
Finished : Mon Sep 21 14:01:28 +03 2026
Exit code: 0
============================================================
