============================================================
Array Job ID : 2331132
Task ID      : 46
Node         : node0020
Case         : pglib_opf_case162_ieee_dtc
Bus          : 162
============================================================
Python 3.11.15
PyTorch: 2.8.0+cu129
Pandas: 3.0.3
Pyomo: 6.10.1
Start index : 460
End index   : 470
Chunk ID    : 046
Start time  : Mon Sep 21 13:52:26 +03 2026
Command:
/home/g202210120/.conda/envs/pytorch/bin/python evaluate_warmstart_ablation_array_162.py --start_idx 460 --end_idx 470 --chunk_id 046 
============================================================
162-BUS ABLATED-PINN WARM-START EVALUATION
============================================================
Case       : pglib_opf_case162_ieee_dtc
Bus        : 162
Device     : cpu
Start idx  : 460
End idx    : 470
Chunk ID   : 046

Loading CURRENT dataset: ./dataset/pglib_opf_case162_ieee_dtc_10000.pt
QCQP matrices reconstructed in memory.

Selected test chunk [460, 470) with 10 instance(s); chunk=046
Expected Instance_IDs: [460, 461, 462, 463, 464, 465, 466, 467, 468, 469]

====================================================================
LOADING EXISTING 162-BUS COLD IPOPT BASELINE
====================================================================
Cold reference: result/warmstart_cold_case162.csv
Existing cold reference success: 10/10 (100.00%)
Proceeding with 10 common reference-feasible instance(s).

Building ORIGINAL matrix-QCQP Pyomo model...
Building Pyomo model (this happens only once)...
Model built successfully.
Model built successfully.

====================================================================
ABLATION CHECKPOINTS
====================================================================
Pattern: model/162/*ablation_model*.pth
Found 5 checkpoint(s).
  best_ablation_model_pglib_opf_case162_ieee_dtc_10000epochs_20260918_101829.pth
  best_ablation_model_pglib_opf_case162_ieee_dtc_10000epochs_20260918_102553.pth
  best_ablation_model_pglib_opf_case162_ieee_dtc_10000epochs_20260918_103250.pth
  best_ablation_model_pglib_opf_case162_ieee_dtc_10000epochs_20260918_103950.pth
  best_ablation_model_pglib_opf_case162_ieee_dtc_10000epochs_20260918_104655.pth

====================================================================
ABLATION PINN NN-INITIALIZED IPOPT
====================================================================

Run 1: best_ablation_model_pglib_opf_case162_ieee_dtc_10000epochs_20260918_101829.pth
NN inference: 0.000094464 s/instance
  [1/10] success=True status=optimal time=0.451525s gap=+0.0000%
  [2/10] success=True status=optimal time=0.477821s gap=+0.0000%
  [3/10] success=True status=optimal time=0.404198s gap=+0.0000%
  [4/10] success=True status=optimal time=0.385592s gap=+0.0000%
  [5/10] success=True status=optimal time=0.424944s gap=+0.0000%
  [6/10] success=True status=optimal time=0.397148s gap=+0.0000%
  [7/10] success=True status=optimal time=0.431571s gap=+0.0000%
  [8/10] success=True status=optimal time=0.410772s gap=+0.0000%
  [9/10] success=True status=optimal time=0.464554s gap=+0.0000%
  [10/10] success=True status=optimal time=0.444786s gap=+0.0000%

Run 2: best_ablation_model_pglib_opf_case162_ieee_dtc_10000epochs_20260918_102553.pth
NN inference: 0.000055980 s/instance
  [1/10] success=True status=optimal time=0.500762s gap=+0.0000%
  [2/10] success=True status=optimal time=0.440667s gap=+0.0000%
  [3/10] success=True status=optimal time=0.384766s gap=+0.0000%
  [4/10] success=True status=optimal time=0.396218s gap=+0.0000%
  [5/10] success=True status=optimal time=0.459211s gap=+0.0000%
  [6/10] success=True status=optimal time=0.393826s gap=+0.0000%
  [7/10] success=True status=optimal time=0.401578s gap=+0.0000%
  [8/10] success=True status=optimal time=0.401832s gap=+0.0000%
  [9/10] success=True status=optimal time=0.421189s gap=+0.0000%
  [10/10] success=True status=optimal time=0.460123s gap=+0.0000%

Run 3: best_ablation_model_pglib_opf_case162_ieee_dtc_10000epochs_20260918_103250.pth
NN inference: 0.000058654 s/instance
  [1/10] success=True status=optimal time=0.498665s gap=+0.0000%
  [2/10] success=True status=optimal time=0.429338s gap=+0.0000%
  [3/10] success=True status=optimal time=0.399439s gap=+0.0000%
  [4/10] success=True status=optimal time=0.374881s gap=+0.0000%
  [5/10] success=True status=optimal time=0.398449s gap=+0.0000%
  [6/10] success=True status=optimal time=0.493791s gap=+0.0000%
  [7/10] success=True status=optimal time=0.379727s gap=+0.0000%
  [8/10] success=True status=optimal time=0.431526s gap=+0.0000%
  [9/10] success=True status=optimal time=0.443625s gap=+0.0000%
  [10/10] success=True status=optimal time=0.467678s gap=+0.0000%

Run 4: best_ablation_model_pglib_opf_case162_ieee_dtc_10000epochs_20260918_103950.pth
NN inference: 0.000052194 s/instance
  [1/10] success=True status=optimal time=0.441024s gap=+0.0000%
  [2/10] success=True status=optimal time=0.434892s gap=+0.0000%
  [3/10] success=True status=optimal time=0.408380s gap=+0.0000%
  [4/10] success=True status=optimal time=0.417064s gap=+0.0000%
  [5/10] success=True status=optimal time=0.457330s gap=+0.0000%
  [6/10] success=True status=optimal time=0.406258s gap=+0.0000%
  [7/10] success=True status=optimal time=0.464587s gap=+0.0000%
  [8/10] success=True status=optimal time=0.477190s gap=+0.0000%
  [9/10] success=True status=optimal time=0.439301s gap=+0.0000%
  [10/10] success=True status=optimal time=0.431089s gap=+0.0000%

Run 5: best_ablation_model_pglib_opf_case162_ieee_dtc_10000epochs_20260918_104655.pth
NN inference: 0.000069411 s/instance
  [1/10] success=True status=optimal time=0.478688s gap=+0.0000%
  [2/10] success=True status=optimal time=0.427891s gap=+0.0000%
  [3/10] success=True status=optimal time=0.421576s gap=+0.0000%
  [4/10] success=True status=optimal time=0.433473s gap=+0.0000%
  [5/10] success=True status=optimal time=0.450487s gap=+0.0000%
  [6/10] success=True status=optimal time=0.405169s gap=+0.0000%
  [7/10] success=True status=optimal time=0.382759s gap=+0.0000%
  [8/10] success=True status=optimal time=0.380982s gap=+0.0000%
  [9/10] success=True status=optimal time=0.385962s gap=+0.0000%
  [10/10] success=True status=optimal time=0.422035s gap=+0.0000%

====================================================================
162-BUS ABLATION WARM-START SUMMARY
====================================================================
Architecture  Run  N  Success_Rate  NN_Time_s  IPOPT_Time_s  Total_Online_Time_s  Cold_IPOPT_Time_s  Speedup  Feasible_Obj_Gap_pct
Ablated PINN    1 10           1.0   0.000094      0.429291             0.429386           1.251126 2.916423          3.226650e-07
Ablated PINN    2 10           1.0   0.000056      0.426017             0.426073           1.251126 2.943956          3.226640e-07
Ablated PINN    3 10           1.0   0.000059      0.431712             0.431771           1.251126 2.907502          3.226640e-07
Ablated PINN    4 10           1.0   0.000052      0.437711             0.437764           1.251126 2.861612          3.226649e-07
Ablated PINN    5 10           1.0   0.000069      0.418902             0.418972           1.251126 2.999501          3.226641e-07

Saved:
  result/warmstart_ablation_raw_case162_chunk046.csv
  result/warmstart_ablation_runlevel_case162_chunk046.csv
  result/warmstart_ablation_summary_case162_chunk046.csv

Done.
============================================================
Finished : Mon Sep 21 13:52:54 +03 2026
Exit code: 0
============================================================
