============================================================
Array Job ID : 2331132
Task ID      : 8
Node         : node0020
Case         : pglib_opf_case162_ieee_dtc
Bus          : 162
============================================================
Python 3.11.15
PyTorch: 2.8.0+cu129
Pandas: 3.0.3
Pyomo: 6.10.1
Start index : 80
End index   : 90
Chunk ID    : 008
Start time  : Mon Sep 21 13:44:25 +03 2026
Command:
/home/g202210120/.conda/envs/pytorch/bin/python evaluate_warmstart_ablation_array_162.py --start_idx 80 --end_idx 90 --chunk_id 008 
============================================================
162-BUS ABLATED-PINN WARM-START EVALUATION
============================================================
Case       : pglib_opf_case162_ieee_dtc
Bus        : 162
Device     : cpu
Start idx  : 80
End idx    : 90
Chunk ID   : 008

Loading CURRENT dataset: ./dataset/pglib_opf_case162_ieee_dtc_10000.pt
QCQP matrices reconstructed in memory.

Selected test chunk [80, 90) with 10 instance(s); chunk=008
Expected Instance_IDs: [80, 81, 82, 83, 84, 85, 86, 87, 88, 89]

====================================================================
LOADING EXISTING 162-BUS COLD IPOPT BASELINE
====================================================================
Cold reference: result/warmstart_cold_case162.csv
Existing cold reference success: 10/10 (100.00%)
Proceeding with 10 common reference-feasible instance(s).

Building ORIGINAL matrix-QCQP Pyomo model...
Building Pyomo model (this happens only once)...
Model built successfully.
Model built successfully.

====================================================================
ABLATION CHECKPOINTS
====================================================================
Pattern: model/162/*ablation_model*.pth
Found 5 checkpoint(s).
  best_ablation_model_pglib_opf_case162_ieee_dtc_10000epochs_20260918_101829.pth
  best_ablation_model_pglib_opf_case162_ieee_dtc_10000epochs_20260918_102553.pth
  best_ablation_model_pglib_opf_case162_ieee_dtc_10000epochs_20260918_103250.pth
  best_ablation_model_pglib_opf_case162_ieee_dtc_10000epochs_20260918_103950.pth
  best_ablation_model_pglib_opf_case162_ieee_dtc_10000epochs_20260918_104655.pth

====================================================================
ABLATION PINN NN-INITIALIZED IPOPT
====================================================================

Run 1: best_ablation_model_pglib_opf_case162_ieee_dtc_10000epochs_20260918_101829.pth
NN inference: 0.000094600 s/instance
  [1/10] success=True status=optimal time=0.445668s gap=+0.0000%
  [2/10] success=True status=optimal time=0.474831s gap=+0.0000%
  [3/10] success=True status=optimal time=0.435444s gap=+0.0000%
  [4/10] success=True status=optimal time=0.436752s gap=+0.0000%
  [5/10] success=True status=optimal time=0.452926s gap=+0.0000%
  [6/10] success=True status=optimal time=0.420256s gap=+0.0000%
  [7/10] success=True status=optimal time=0.413451s gap=+0.0000%
  [8/10] success=True status=optimal time=0.388344s gap=+0.0000%
  [9/10] success=True status=optimal time=0.542786s gap=+0.0000%
  [10/10] success=True status=optimal time=0.467715s gap=+0.0000%

Run 2: best_ablation_model_pglib_opf_case162_ieee_dtc_10000epochs_20260918_102553.pth
NN inference: 0.000058350 s/instance
  [1/10] success=True status=optimal time=0.456136s gap=+0.0000%
  [2/10] success=True status=optimal time=0.469422s gap=+0.0000%
  [3/10] success=True status=optimal time=0.517870s gap=+0.0000%
  [4/10] success=True status=optimal time=0.530680s gap=+0.0000%
  [5/10] success=True status=optimal time=0.500878s gap=+0.0000%
  [6/10] success=True status=optimal time=0.538218s gap=+0.0000%
  [7/10] success=True status=optimal time=0.571486s gap=+0.0000%
  [8/10] success=True status=optimal time=0.517322s gap=+0.0000%
  [9/10] success=True status=optimal time=0.518478s gap=+0.0000%
  [10/10] success=True status=optimal time=0.593823s gap=+0.0000%

Run 3: best_ablation_model_pglib_opf_case162_ieee_dtc_10000epochs_20260918_103250.pth
NN inference: 0.000058642 s/instance
  [1/10] success=True status=optimal time=0.487516s gap=+0.0000%
  [2/10] success=True status=optimal time=0.527521s gap=+0.0000%
  [3/10] success=True status=optimal time=0.491222s gap=+0.0000%
  [4/10] success=True status=optimal time=0.510010s gap=+0.0000%
  [5/10] success=True status=optimal time=0.470633s gap=+0.0000%
  [6/10] success=True status=optimal time=0.631178s gap=+0.0000%
  [7/10] success=True status=optimal time=0.641398s gap=+0.0000%
  [8/10] success=True status=optimal time=0.625438s gap=+0.0000%
  [9/10] success=True status=optimal time=0.492488s gap=+0.0000%
  [10/10] success=True status=optimal time=0.543056s gap=+0.0000%

Run 4: best_ablation_model_pglib_opf_case162_ieee_dtc_10000epochs_20260918_103950.pth
NN inference: 0.000057498 s/instance
  [1/10] success=True status=optimal time=0.525959s gap=+0.0000%
  [2/10] success=True status=optimal time=0.587376s gap=+0.0000%
  [3/10] success=True status=optimal time=0.559622s gap=+0.0000%
  [4/10] success=True status=optimal time=0.511046s gap=+0.0000%
  [5/10] success=True status=optimal time=0.673397s gap=+0.0000%
  [6/10] success=True status=optimal time=0.548327s gap=+0.0000%
  [7/10] success=True status=optimal time=0.549879s gap=+0.0000%
  [8/10] success=True status=optimal time=0.573984s gap=+0.0000%
  [9/10] success=True status=optimal time=0.564316s gap=+0.0000%
  [10/10] success=True status=optimal time=0.548318s gap=+0.0000%

Run 5: best_ablation_model_pglib_opf_case162_ieee_dtc_10000epochs_20260918_104655.pth
NN inference: 0.000078951 s/instance
  [1/10] success=True status=optimal time=0.578212s gap=+0.0000%
  [2/10] success=True status=optimal time=0.595505s gap=+0.0000%
  [3/10] success=True status=optimal time=0.545971s gap=+0.0000%
  [4/10] success=True status=optimal time=0.562697s gap=+0.0000%
  [5/10] success=True status=optimal time=0.544784s gap=+0.0000%
  [6/10] success=True status=optimal time=0.557039s gap=+0.0000%
  [7/10] success=True status=optimal time=0.570943s gap=+0.0000%
  [8/10] success=True status=optimal time=0.532657s gap=+0.0000%
  [9/10] success=True status=optimal time=0.535321s gap=+0.0000%
  [10/10] success=True status=optimal time=0.535851s gap=+0.0000%

====================================================================
162-BUS ABLATION WARM-START SUMMARY
====================================================================
Architecture  Run  N  Success_Rate  NN_Time_s  IPOPT_Time_s  Total_Online_Time_s  Cold_IPOPT_Time_s  Speedup  Feasible_Obj_Gap_pct
Ablated PINN    1 10           1.0   0.000095      0.447817             0.447912           0.953995 2.138225          1.891681e-07
Ablated PINN    2 10           1.0   0.000058      0.521431             0.521490           0.953995 1.855966          1.891683e-07
Ablated PINN    3 10           1.0   0.000059      0.542046             0.542105           0.953995 1.809877          1.891683e-07
Ablated PINN    4 10           1.0   0.000057      0.564222             0.564280           0.953995 1.712834          1.891682e-07
Ablated PINN    5 10           1.0   0.000079      0.555898             0.555977           0.953995 1.709324          1.891684e-07

Saved:
  result/warmstart_ablation_raw_case162_chunk008.csv
  result/warmstart_ablation_runlevel_case162_chunk008.csv
  result/warmstart_ablation_summary_case162_chunk008.csv

Done.
============================================================
Finished : Mon Sep 21 13:44:59 +03 2026
Exit code: 0
============================================================
