============================================================
Array Job ID : 2331132
Task ID      : 25
Node         : node0017
Case         : pglib_opf_case162_ieee_dtc
Bus          : 162
============================================================
Python 3.11.15
PyTorch: 2.8.0+cu129
Pandas: 3.0.3
Pyomo: 6.10.1
Start index : 250
End index   : 260
Chunk ID    : 025
Start time  : Mon Sep 21 13:48:27 +03 2026
Command:
/home/g202210120/.conda/envs/pytorch/bin/python evaluate_warmstart_ablation_array_162.py --start_idx 250 --end_idx 260 --chunk_id 025 
============================================================
162-BUS ABLATED-PINN WARM-START EVALUATION
============================================================
Case       : pglib_opf_case162_ieee_dtc
Bus        : 162
Device     : cpu
Start idx  : 250
End idx    : 260
Chunk ID   : 025

Loading CURRENT dataset: ./dataset/pglib_opf_case162_ieee_dtc_10000.pt
QCQP matrices reconstructed in memory.

Selected test chunk [250, 260) with 10 instance(s); chunk=025
Expected Instance_IDs: [250, 251, 252, 253, 254, 255, 256, 257, 258, 259]

====================================================================
LOADING EXISTING 162-BUS COLD IPOPT BASELINE
====================================================================
Cold reference: result/warmstart_cold_case162.csv
Existing cold reference success: 9/10 (90.00%)
Cold IPOPT failed on 1 instance(s).
Failed Instance_ID(s): [253]
Those instances are excluded from the paired Ablated-PINN restoration comparison.
Proceeding with 9 common reference-feasible instance(s).

Building ORIGINAL matrix-QCQP Pyomo model...
Building Pyomo model (this happens only once)...
Model built successfully.
Model built successfully.

====================================================================
ABLATION CHECKPOINTS
====================================================================
Pattern: model/162/*ablation_model*.pth
Found 5 checkpoint(s).
  best_ablation_model_pglib_opf_case162_ieee_dtc_10000epochs_20260918_101829.pth
  best_ablation_model_pglib_opf_case162_ieee_dtc_10000epochs_20260918_102553.pth
  best_ablation_model_pglib_opf_case162_ieee_dtc_10000epochs_20260918_103250.pth
  best_ablation_model_pglib_opf_case162_ieee_dtc_10000epochs_20260918_103950.pth
  best_ablation_model_pglib_opf_case162_ieee_dtc_10000epochs_20260918_104655.pth

====================================================================
ABLATION PINN NN-INITIALIZED IPOPT
====================================================================

Run 1: best_ablation_model_pglib_opf_case162_ieee_dtc_10000epochs_20260918_101829.pth
NN inference: 0.000214734 s/instance
  [1/9] success=True status=optimal time=0.790192s gap=+0.0000%
  [2/9] success=True status=optimal time=0.836348s gap=+0.0000%
  [3/9] success=True status=optimal time=0.872047s gap=+0.0000%
  [4/9] success=True status=optimal time=0.769718s gap=+0.0000%
  [5/9] success=True status=optimal time=0.852563s gap=+0.0000%
  [6/9] success=True status=optimal time=0.751077s gap=+0.0000%
  [7/9] success=True status=optimal time=0.810455s gap=+0.0000%
  [8/9] success=True status=optimal time=0.796176s gap=+0.0000%
  [9/9] success=True status=optimal time=0.761091s gap=+0.0000%

Run 2: best_ablation_model_pglib_opf_case162_ieee_dtc_10000epochs_20260918_102553.pth
NN inference: 0.000114094 s/instance
  [1/9] success=True status=optimal time=0.585293s gap=+0.0000%
  [2/9] success=True status=optimal time=0.794713s gap=+0.0000%
  [3/9] success=True status=optimal time=0.782167s gap=+0.0000%
  [4/9] success=True status=optimal time=0.796922s gap=+0.0000%
  [5/9] success=True status=optimal time=0.862076s gap=+0.0000%
  [6/9] success=True status=optimal time=0.408868s gap=+0.0000%
  [7/9] success=True status=optimal time=0.671990s gap=+0.0000%
  [8/9] success=True status=optimal time=0.993731s gap=+0.0000%
  [9/9] success=True status=optimal time=0.724512s gap=+0.0000%

Run 3: best_ablation_model_pglib_opf_case162_ieee_dtc_10000epochs_20260918_103250.pth
NN inference: 0.000275654 s/instance
  [1/9] success=True status=optimal time=0.721159s gap=+0.0000%
  [2/9] success=True status=optimal time=0.775919s gap=+0.0000%
  [3/9] success=True status=optimal time=0.945680s gap=+0.0000%
  [4/9] success=True status=optimal time=0.827690s gap=+0.0000%
  [5/9] success=True status=optimal time=0.934098s gap=+0.0000%
  [6/9] success=True status=optimal time=0.991207s gap=+0.0000%
  [7/9] success=True status=optimal time=1.075495s gap=+0.0000%
  [8/9] success=True status=optimal time=1.124243s gap=+0.0000%
  [9/9] success=True status=optimal time=0.948189s gap=+0.0000%

Run 4: best_ablation_model_pglib_opf_case162_ieee_dtc_10000epochs_20260918_103950.pth
NN inference: 0.000114695 s/instance
  [1/9] success=True status=optimal time=1.060973s gap=+0.0000%
  [2/9] success=True status=optimal time=1.068132s gap=+0.0000%
  [3/9] success=True status=optimal time=1.093588s gap=+0.0000%
  [4/9] success=True status=optimal time=1.091283s gap=+0.0000%
  [5/9] success=True status=optimal time=1.025712s gap=+0.0000%
  [6/9] success=True status=optimal time=1.017150s gap=+0.0000%
  [7/9] success=True status=optimal time=0.917092s gap=+0.0000%
  [8/9] success=True status=optimal time=1.049324s gap=+0.0000%
  [9/9] success=True status=optimal time=0.917278s gap=+0.0000%

Run 5: best_ablation_model_pglib_opf_case162_ieee_dtc_10000epochs_20260918_104655.pth
NN inference: 0.000122797 s/instance
  [1/9] success=True status=optimal time=0.917161s gap=+0.0000%
  [2/9] success=True status=optimal time=0.506363s gap=+0.0000%
  [3/9] success=True status=optimal time=1.200279s gap=+0.0000%
  [4/9] success=True status=optimal time=0.928437s gap=+0.0000%
  [5/9] success=True status=optimal time=1.027041s gap=+0.0000%
  [6/9] success=True status=optimal time=1.111373s gap=+0.0000%
  [7/9] success=True status=optimal time=0.879452s gap=+0.0000%
  [8/9] success=True status=optimal time=1.085044s gap=+0.0000%
  [9/9] success=True status=optimal time=0.941483s gap=+0.0000%

====================================================================
162-BUS ABLATION WARM-START SUMMARY
====================================================================
Architecture  Run  N  Success_Rate  NN_Time_s  IPOPT_Time_s  Total_Online_Time_s  Cold_IPOPT_Time_s  Speedup  Feasible_Obj_Gap_pct
Ablated PINN    1  9           1.0   0.000215      0.804407             0.804622           1.334116 1.662508          2.063032e-07
Ablated PINN    2  9           1.0   0.000114      0.735586             0.735700           1.334116 1.912203          2.063041e-07
Ablated PINN    3  9           1.0   0.000276      0.927076             0.927351           1.334116 1.470563          2.063129e-07
Ablated PINN    4  9           1.0   0.000115      1.026726             1.026840           1.334116 1.303778          2.063035e-07
Ablated PINN    5  9           1.0   0.000123      0.955181             0.955304           1.334116 1.483773          2.063128e-07

Saved:
  result/warmstart_ablation_raw_case162_chunk025.csv
  result/warmstart_ablation_runlevel_case162_chunk025.csv
  result/warmstart_ablation_summary_case162_chunk025.csv

Done.
============================================================
Finished : Mon Sep 21 13:49:16 +03 2026
Exit code: 0
============================================================
