============================================================
Array Job ID : 2331132
Task ID      : 66
Node         : node0017
Case         : pglib_opf_case162_ieee_dtc
Bus          : 162
============================================================
Python 3.11.15
PyTorch: 2.8.0+cu129
Pandas: 3.0.3
Pyomo: 6.10.1
Start index : 660
End index   : 670
Chunk ID    : 066
Start time  : Mon Sep 21 13:54:56 +03 2026
Command:
/home/g202210120/.conda/envs/pytorch/bin/python evaluate_warmstart_ablation_array_162.py --start_idx 660 --end_idx 670 --chunk_id 066 
============================================================
162-BUS ABLATED-PINN WARM-START EVALUATION
============================================================
Case       : pglib_opf_case162_ieee_dtc
Bus        : 162
Device     : cpu
Start idx  : 660
End idx    : 670
Chunk ID   : 066

Loading CURRENT dataset: ./dataset/pglib_opf_case162_ieee_dtc_10000.pt
QCQP matrices reconstructed in memory.

Selected test chunk [660, 670) with 10 instance(s); chunk=066
Expected Instance_IDs: [660, 661, 662, 663, 664, 665, 666, 667, 668, 669]

====================================================================
LOADING EXISTING 162-BUS COLD IPOPT BASELINE
====================================================================
Cold reference: result/warmstart_cold_case162.csv
Existing cold reference success: 10/10 (100.00%)
Proceeding with 10 common reference-feasible instance(s).

Building ORIGINAL matrix-QCQP Pyomo model...
Building Pyomo model (this happens only once)...
Model built successfully.
Model built successfully.

====================================================================
ABLATION CHECKPOINTS
====================================================================
Pattern: model/162/*ablation_model*.pth
Found 5 checkpoint(s).
  best_ablation_model_pglib_opf_case162_ieee_dtc_10000epochs_20260918_101829.pth
  best_ablation_model_pglib_opf_case162_ieee_dtc_10000epochs_20260918_102553.pth
  best_ablation_model_pglib_opf_case162_ieee_dtc_10000epochs_20260918_103250.pth
  best_ablation_model_pglib_opf_case162_ieee_dtc_10000epochs_20260918_103950.pth
  best_ablation_model_pglib_opf_case162_ieee_dtc_10000epochs_20260918_104655.pth

====================================================================
ABLATION PINN NN-INITIALIZED IPOPT
====================================================================

Run 1: best_ablation_model_pglib_opf_case162_ieee_dtc_10000epochs_20260918_101829.pth
NN inference: 0.000120142 s/instance
  [1/10] success=True status=optimal time=0.553065s gap=+0.0000%
  [2/10] success=True status=optimal time=0.505378s gap=+0.0000%
  [3/10] success=True status=optimal time=0.521037s gap=+0.0000%
  [4/10] success=True status=optimal time=0.544995s gap=+0.0000%
  [5/10] success=True status=optimal time=0.471193s gap=+0.0000%
  [6/10] success=True status=optimal time=0.476129s gap=+0.0000%
  [7/10] success=True status=optimal time=0.450729s gap=+0.0000%
  [8/10] success=True status=optimal time=0.457374s gap=+0.0000%
  [9/10] success=True status=optimal time=0.467901s gap=+0.0000%
  [10/10] success=True status=optimal time=0.428365s gap=+0.0000%

Run 2: best_ablation_model_pglib_opf_case162_ieee_dtc_10000epochs_20260918_102553.pth
NN inference: 0.000059030 s/instance
  [1/10] success=True status=optimal time=0.474775s gap=+0.0000%
  [2/10] success=True status=optimal time=0.498319s gap=+0.0000%
  [3/10] success=True status=optimal time=0.495545s gap=+0.0000%
  [4/10] success=True status=optimal time=0.534252s gap=+0.0000%
  [5/10] success=True status=optimal time=0.538946s gap=+0.0000%
  [6/10] success=True status=optimal time=0.582670s gap=+0.0000%
  [7/10] success=True status=optimal time=0.561876s gap=+0.0000%
  [8/10] success=True status=optimal time=0.627786s gap=+0.0000%
  [9/10] success=True status=optimal time=0.586468s gap=+0.0000%
  [10/10] success=True status=optimal time=0.595711s gap=+0.0000%

Run 3: best_ablation_model_pglib_opf_case162_ieee_dtc_10000epochs_20260918_103250.pth
NN inference: 0.000060112 s/instance
  [1/10] success=True status=optimal time=0.559339s gap=+0.0000%
  [2/10] success=True status=optimal time=0.578080s gap=+0.0000%
  [3/10] success=True status=optimal time=0.591089s gap=+0.0000%
  [4/10] success=True status=optimal time=0.620725s gap=+0.0000%
  [5/10] success=True status=optimal time=0.503253s gap=+0.0000%
  [6/10] success=True status=optimal time=0.672626s gap=+0.0000%
  [7/10] success=True status=optimal time=0.560156s gap=+0.0000%
  [8/10] success=True status=optimal time=0.628425s gap=+0.0000%
  [9/10] success=True status=optimal time=0.598179s gap=+0.0000%
  [10/10] success=True status=optimal time=0.548282s gap=+0.0000%

Run 4: best_ablation_model_pglib_opf_case162_ieee_dtc_10000epochs_20260918_103950.pth
NN inference: 0.000051744 s/instance
  [1/10] success=True status=optimal time=0.522706s gap=+0.0000%
  [2/10] success=True status=optimal time=0.554512s gap=+0.0000%
  [3/10] success=True status=optimal time=0.544805s gap=+0.0000%
  [4/10] success=True status=optimal time=0.545044s gap=+0.0000%
  [5/10] success=True status=optimal time=0.509699s gap=+0.0000%
  [6/10] success=True status=optimal time=0.568997s gap=+0.0000%
  [7/10] success=True status=optimal time=0.557426s gap=+0.0000%
  [8/10] success=True status=optimal time=0.570488s gap=+0.0000%
  [9/10] success=True status=optimal time=0.537506s gap=+0.0000%
  [10/10] success=True status=optimal time=0.581211s gap=+0.0000%

Run 5: best_ablation_model_pglib_opf_case162_ieee_dtc_10000epochs_20260918_104655.pth
NN inference: 0.000066052 s/instance
  [1/10] success=True status=optimal time=0.514221s gap=+0.0000%
  [2/10] success=True status=optimal time=0.524574s gap=+0.0000%
  [3/10] success=True status=optimal time=0.488314s gap=+0.0000%
  [4/10] success=True status=optimal time=0.502380s gap=+0.0000%
  [5/10] success=True status=optimal time=0.438322s gap=+0.0000%
  [6/10] success=True status=optimal time=0.508263s gap=+0.0000%
  [7/10] success=True status=optimal time=0.517039s gap=+0.0000%
  [8/10] success=True status=optimal time=0.605490s gap=+0.0000%
  [9/10] success=True status=optimal time=0.537943s gap=+0.0000%
  [10/10] success=True status=optimal time=0.473291s gap=+0.0000%

====================================================================
162-BUS ABLATION WARM-START SUMMARY
====================================================================
Architecture  Run  N  Success_Rate  NN_Time_s  IPOPT_Time_s  Total_Online_Time_s  Cold_IPOPT_Time_s  Speedup  Feasible_Obj_Gap_pct
Ablated PINN    1 10           1.0   0.000120      0.487617             0.487737           1.277433 2.639209          1.899296e-07
Ablated PINN    2 10           1.0   0.000059      0.549635             0.549694           1.277433 2.342054          1.899293e-07
Ablated PINN    3 10           1.0   0.000060      0.586015             0.586076           1.277433 2.197654          1.899292e-07
Ablated PINN    4 10           1.0   0.000052      0.549239             0.549291           1.277433 2.327879          1.899385e-07
Ablated PINN    5 10           1.0   0.000066      0.510984             0.511050           1.277433 2.525090          1.899363e-07

Saved:
  result/warmstart_ablation_raw_case162_chunk066.csv
  result/warmstart_ablation_runlevel_case162_chunk066.csv
  result/warmstart_ablation_summary_case162_chunk066.csv

Done.
============================================================
Finished : Mon Sep 21 13:55:30 +03 2026
Exit code: 0
============================================================
