============================================================
Array Job ID : 2331133
Task ID      : 44
Node         : node0017
Case         : pglib_opf_case162_ieee_dtc
Bus          : 162
============================================================
Python 3.11.15
PyTorch: 2.8.0+cu129
Pandas: 3.0.3
Pyomo: 6.10.1
Start index : 440
End index   : 450
Chunk ID    : 044
Start time  : Mon Sep 21 14:01:26 +03 2026
Command:
/home/g202210120/.conda/envs/pytorch/bin/python evaluate_warmstart_ablation_array_162.py --start_idx 440 --end_idx 450 --chunk_id 044 
============================================================
162-BUS ABLATED-PINN WARM-START EVALUATION
============================================================
Case       : pglib_opf_case162_ieee_dtc
Bus        : 162
Device     : cpu
Start idx  : 440
End idx    : 450
Chunk ID   : 044

Loading CURRENT dataset: ./dataset/pglib_opf_case162_ieee_dtc_10000.pt
QCQP matrices reconstructed in memory.

Selected test chunk [440, 450) with 10 instance(s); chunk=044
Expected Instance_IDs: [440, 441, 442, 443, 444, 445, 446, 447, 448, 449]

====================================================================
LOADING EXISTING 162-BUS COLD IPOPT BASELINE
====================================================================
Cold reference: result/warmstart_cold_case162.csv
Existing cold reference success: 10/10 (100.00%)
Proceeding with 10 common reference-feasible instance(s).

Building ORIGINAL matrix-QCQP Pyomo model...
Building Pyomo model (this happens only once)...
Model built successfully.
Model built successfully.

====================================================================
ABLATION CHECKPOINTS
====================================================================
Pattern: model/162/*ablation_model*.pth
Found 5 checkpoint(s).
  best_ablation_model_pglib_opf_case162_ieee_dtc_10000epochs_20260918_101829.pth
  best_ablation_model_pglib_opf_case162_ieee_dtc_10000epochs_20260918_102553.pth
  best_ablation_model_pglib_opf_case162_ieee_dtc_10000epochs_20260918_103250.pth
  best_ablation_model_pglib_opf_case162_ieee_dtc_10000epochs_20260918_103950.pth
  best_ablation_model_pglib_opf_case162_ieee_dtc_10000epochs_20260918_104655.pth

====================================================================
ABLATION PINN NN-INITIALIZED IPOPT
====================================================================

Run 1: best_ablation_model_pglib_opf_case162_ieee_dtc_10000epochs_20260918_101829.pth
NN inference: 0.000100291 s/instance
  [1/10] success=True status=optimal time=0.358862s gap=+0.0000%
  [2/10] success=True status=optimal time=0.340215s gap=+0.0000%
  [3/10] success=True status=optimal time=0.340852s gap=+0.0000%
  [4/10] success=True status=optimal time=0.352884s gap=+0.0000%
  [5/10] success=True status=optimal time=0.331641s gap=+0.0000%
  [6/10] success=True status=optimal time=0.336288s gap=+0.0000%
  [7/10] success=True status=optimal time=0.350819s gap=+0.0000%
  [8/10] success=True status=optimal time=0.354409s gap=+0.0000%
  [9/10] success=True status=optimal time=0.345346s gap=+0.0000%
  [10/10] success=True status=optimal time=0.360956s gap=+0.0000%

Run 2: best_ablation_model_pglib_opf_case162_ieee_dtc_10000epochs_20260918_102553.pth
NN inference: 0.000052493 s/instance
  [1/10] success=True status=optimal time=0.375008s gap=+0.0000%
  [2/10] success=True status=optimal time=0.352351s gap=+0.0000%
  [3/10] success=True status=optimal time=0.363589s gap=+0.0000%
  [4/10] success=True status=optimal time=0.358317s gap=+0.0000%
  [5/10] success=True status=optimal time=0.351447s gap=+0.0000%
  [6/10] success=True status=optimal time=0.360881s gap=+0.0000%
  [7/10] success=True status=optimal time=0.354396s gap=+0.0000%
  [8/10] success=True status=optimal time=0.373472s gap=+0.0000%
  [9/10] success=True status=optimal time=0.365788s gap=+0.0000%
  [10/10] success=True status=optimal time=0.376640s gap=+0.0000%

Run 3: best_ablation_model_pglib_opf_case162_ieee_dtc_10000epochs_20260918_103250.pth
NN inference: 0.000053401 s/instance
  [1/10] success=True status=optimal time=0.383395s gap=+0.0000%
  [2/10] success=True status=optimal time=0.360716s gap=+0.0000%
  [3/10] success=True status=optimal time=0.357458s gap=+0.0000%
  [4/10] success=True status=optimal time=0.360488s gap=+0.0000%
  [5/10] success=True status=optimal time=0.370759s gap=+0.0000%
  [6/10] success=True status=optimal time=0.463365s gap=+0.0000%
  [7/10] success=True status=optimal time=0.353265s gap=+0.0000%
  [8/10] success=True status=optimal time=0.369527s gap=+0.0000%
  [9/10] success=True status=optimal time=0.354002s gap=+0.0000%
  [10/10] success=True status=optimal time=0.364346s gap=+0.0000%

Run 4: best_ablation_model_pglib_opf_case162_ieee_dtc_10000epochs_20260918_103950.pth
NN inference: 0.000055215 s/instance
  [1/10] success=True status=optimal time=0.363850s gap=+0.0000%
  [2/10] success=True status=optimal time=0.338232s gap=+0.0000%
  [3/10] success=True status=optimal time=0.356540s gap=+0.0000%
  [4/10] success=True status=optimal time=0.379384s gap=+0.0000%
  [5/10] success=True status=optimal time=0.361911s gap=+0.0000%
  [6/10] success=True status=optimal time=0.343296s gap=+0.0000%
  [7/10] success=True status=optimal time=0.349858s gap=+0.0000%
  [8/10] success=True status=optimal time=0.336946s gap=+0.0000%
  [9/10] success=True status=optimal time=0.337439s gap=+0.0000%
  [10/10] success=True status=optimal time=0.355767s gap=+0.0000%

Run 5: best_ablation_model_pglib_opf_case162_ieee_dtc_10000epochs_20260918_104655.pth
NN inference: 0.000067430 s/instance
  [1/10] success=True status=optimal time=0.371340s gap=+0.0000%
  [2/10] success=True status=optimal time=0.376266s gap=+0.0000%
  [3/10] success=True status=optimal time=0.379069s gap=+0.0000%
  [4/10] success=True status=optimal time=0.366862s gap=+0.0000%
  [5/10] success=True status=optimal time=0.366683s gap=+0.0000%
  [6/10] success=True status=optimal time=0.365987s gap=+0.0000%
  [7/10] success=True status=optimal time=0.357618s gap=+0.0000%
  [8/10] success=True status=optimal time=0.359246s gap=+0.0000%
  [9/10] success=True status=optimal time=0.354769s gap=+0.0000%
  [10/10] success=True status=optimal time=0.368324s gap=+0.0000%

====================================================================
162-BUS ABLATION WARM-START SUMMARY
====================================================================
Architecture  Run  N  Success_Rate  NN_Time_s  IPOPT_Time_s  Total_Online_Time_s  Cold_IPOPT_Time_s  Speedup  Feasible_Obj_Gap_pct
Ablated PINN    1 10           1.0   0.000100      0.347227             0.347327           1.290112 3.717661          1.911607e-07
Ablated PINN    2 10           1.0   0.000052      0.363189             0.363241           1.290112 3.555764          1.911562e-07
Ablated PINN    3 10           1.0   0.000053      0.373732             0.373786           1.290112 3.479567          1.911606e-07
Ablated PINN    4 10           1.0   0.000055      0.352322             0.352378           1.290112 3.668337          1.911608e-07
Ablated PINN    5 10           1.0   0.000067      0.366616             0.366684           1.290112 3.520343          1.911561e-07

Saved:
  result/warmstart_ablation_raw_case162_chunk044.csv
  result/warmstart_ablation_runlevel_case162_chunk044.csv
  result/warmstart_ablation_summary_case162_chunk044.csv

Done.
============================================================
Finished : Mon Sep 21 14:01:50 +03 2026
Exit code: 0
============================================================
