============================================================
Array Job ID : 2331132
Task ID      : 48
Node         : node0020
Case         : pglib_opf_case162_ieee_dtc
Bus          : 162
============================================================
Python 3.11.15
PyTorch: 2.8.0+cu129
Pandas: 3.0.3
Pyomo: 6.10.1
Start index : 480
End index   : 490
Chunk ID    : 048
Start time  : Mon Sep 21 13:52:26 +03 2026
Command:
/home/g202210120/.conda/envs/pytorch/bin/python evaluate_warmstart_ablation_array_162.py --start_idx 480 --end_idx 490 --chunk_id 048 
============================================================
162-BUS ABLATED-PINN WARM-START EVALUATION
============================================================
Case       : pglib_opf_case162_ieee_dtc
Bus        : 162
Device     : cpu
Start idx  : 480
End idx    : 490
Chunk ID   : 048

Loading CURRENT dataset: ./dataset/pglib_opf_case162_ieee_dtc_10000.pt
QCQP matrices reconstructed in memory.

Selected test chunk [480, 490) with 10 instance(s); chunk=048
Expected Instance_IDs: [480, 481, 482, 483, 484, 485, 486, 487, 488, 489]

====================================================================
LOADING EXISTING 162-BUS COLD IPOPT BASELINE
====================================================================
Cold reference: result/warmstart_cold_case162.csv
Existing cold reference success: 10/10 (100.00%)
Proceeding with 10 common reference-feasible instance(s).

Building ORIGINAL matrix-QCQP Pyomo model...
Building Pyomo model (this happens only once)...
Model built successfully.
Model built successfully.

====================================================================
ABLATION CHECKPOINTS
====================================================================
Pattern: model/162/*ablation_model*.pth
Found 5 checkpoint(s).
  best_ablation_model_pglib_opf_case162_ieee_dtc_10000epochs_20260918_101829.pth
  best_ablation_model_pglib_opf_case162_ieee_dtc_10000epochs_20260918_102553.pth
  best_ablation_model_pglib_opf_case162_ieee_dtc_10000epochs_20260918_103250.pth
  best_ablation_model_pglib_opf_case162_ieee_dtc_10000epochs_20260918_103950.pth
  best_ablation_model_pglib_opf_case162_ieee_dtc_10000epochs_20260918_104655.pth

====================================================================
ABLATION PINN NN-INITIALIZED IPOPT
====================================================================

Run 1: best_ablation_model_pglib_opf_case162_ieee_dtc_10000epochs_20260918_101829.pth
NN inference: 0.000102331 s/instance
  [1/10] success=True status=optimal time=0.423394s gap=+0.0000%
  [2/10] success=True status=optimal time=0.444329s gap=+0.0000%
  [3/10] success=True status=optimal time=0.432664s gap=+0.0000%
  [4/10] success=True status=optimal time=0.445547s gap=+0.0000%
  [5/10] success=True status=optimal time=0.503231s gap=+0.0000%
  [6/10] success=True status=optimal time=0.444188s gap=+0.0000%
  [7/10] success=True status=optimal time=0.440795s gap=+0.0000%
  [8/10] success=True status=optimal time=0.428682s gap=+0.0000%
  [9/10] success=True status=optimal time=0.412626s gap=+0.0000%
  [10/10] success=True status=optimal time=0.380564s gap=+0.0000%

Run 2: best_ablation_model_pglib_opf_case162_ieee_dtc_10000epochs_20260918_102553.pth
NN inference: 0.000059984 s/instance
  [1/10] success=True status=optimal time=0.435564s gap=+0.0000%
  [2/10] success=True status=optimal time=0.433326s gap=+0.0000%
  [3/10] success=True status=optimal time=0.423739s gap=+0.0000%
  [4/10] success=True status=optimal time=0.436359s gap=+0.0000%
  [5/10] success=True status=optimal time=0.448390s gap=+0.0000%
  [6/10] success=True status=optimal time=0.391156s gap=+0.0000%
  [7/10] success=True status=optimal time=0.365836s gap=+0.0000%
  [8/10] success=True status=optimal time=0.395395s gap=+0.0000%
  [9/10] success=True status=optimal time=0.393663s gap=+0.0000%
  [10/10] success=True status=optimal time=0.417875s gap=+0.0000%

Run 3: best_ablation_model_pglib_opf_case162_ieee_dtc_10000epochs_20260918_103250.pth
NN inference: 0.000054319 s/instance
  [1/10] success=True status=optimal time=0.442206s gap=+0.0000%
  [2/10] success=True status=optimal time=0.433135s gap=+0.0000%
  [3/10] success=True status=optimal time=0.420285s gap=+0.0000%
  [4/10] success=True status=optimal time=0.451543s gap=+0.0000%
  [5/10] success=True status=optimal time=0.487822s gap=+0.0000%
  [6/10] success=True status=optimal time=0.518661s gap=+0.0000%
  [7/10] success=True status=optimal time=0.441924s gap=+0.0000%
  [8/10] success=True status=optimal time=0.451379s gap=+0.0000%
  [9/10] success=True status=optimal time=0.446810s gap=+0.0000%
  [10/10] success=True status=optimal time=0.441188s gap=+0.0000%

Run 4: best_ablation_model_pglib_opf_case162_ieee_dtc_10000epochs_20260918_103950.pth
NN inference: 0.000058317 s/instance
  [1/10] success=True status=optimal time=0.432092s gap=+0.0000%
  [2/10] success=True status=optimal time=0.423903s gap=+0.0000%
  [3/10] success=True status=optimal time=0.417583s gap=+0.0000%
  [4/10] success=True status=optimal time=0.450238s gap=+0.0000%
  [5/10] success=True status=optimal time=0.504396s gap=+0.0000%
  [6/10] success=True status=optimal time=0.458863s gap=+0.0000%
  [7/10] success=True status=optimal time=0.468325s gap=+0.0000%
  [8/10] success=True status=optimal time=0.448680s gap=+0.0000%
  [9/10] success=True status=optimal time=0.484690s gap=+0.0000%
  [10/10] success=True status=optimal time=0.437880s gap=+0.0000%

Run 5: best_ablation_model_pglib_opf_case162_ieee_dtc_10000epochs_20260918_104655.pth
NN inference: 0.000067760 s/instance
  [1/10] success=True status=optimal time=0.463017s gap=+0.0000%
  [2/10] success=True status=optimal time=0.432250s gap=+0.0000%
  [3/10] success=True status=optimal time=0.425615s gap=+0.0000%
  [4/10] success=True status=optimal time=0.448457s gap=+0.0000%
  [5/10] success=True status=optimal time=0.451108s gap=+0.0000%
  [6/10] success=True status=optimal time=0.395604s gap=+0.0000%
  [7/10] success=True status=optimal time=0.393334s gap=+0.0000%
  [8/10] success=True status=optimal time=0.397921s gap=+0.0000%
  [9/10] success=True status=optimal time=0.400091s gap=+0.0000%
  [10/10] success=True status=optimal time=0.399458s gap=+0.0000%

====================================================================
162-BUS ABLATION WARM-START SUMMARY
====================================================================
Architecture  Run  N  Success_Rate  NN_Time_s  IPOPT_Time_s  Total_Online_Time_s  Cold_IPOPT_Time_s  Speedup  Feasible_Obj_Gap_pct
Ablated PINN    1 10           1.0   0.000102      0.435602             0.435704           1.262378 2.909845          1.873734e-07
Ablated PINN    2 10           1.0   0.000060      0.414130             0.414190           1.262378 3.053385          1.873734e-07
Ablated PINN    3 10           1.0   0.000054      0.453495             0.453550           1.262378 2.790585          1.873736e-07
Ablated PINN    4 10           1.0   0.000058      0.452665             0.452723           1.262378 2.802358          1.873735e-07
Ablated PINN    5 10           1.0   0.000068      0.420686             0.420753           1.262378 3.008015          1.873743e-07

Saved:
  result/warmstart_ablation_raw_case162_chunk048.csv
  result/warmstart_ablation_runlevel_case162_chunk048.csv
  result/warmstart_ablation_summary_case162_chunk048.csv

Done.
============================================================
Finished : Mon Sep 21 13:52:54 +03 2026
Exit code: 0
============================================================
