============================================================
Array Job ID : 2331132
Task ID      : 42
Node         : node0020
Case         : pglib_opf_case162_ieee_dtc
Bus          : 162
============================================================
Python 3.11.15
PyTorch: 2.8.0+cu129
Pandas: 3.0.3
Pyomo: 6.10.1
Start index : 420
End index   : 430
Chunk ID    : 042
Start time  : Mon Sep 21 13:51:26 +03 2026
Command:
/home/g202210120/.conda/envs/pytorch/bin/python evaluate_warmstart_ablation_array_162.py --start_idx 420 --end_idx 430 --chunk_id 042 
============================================================
162-BUS ABLATED-PINN WARM-START EVALUATION
============================================================
Case       : pglib_opf_case162_ieee_dtc
Bus        : 162
Device     : cpu
Start idx  : 420
End idx    : 430
Chunk ID   : 042

Loading CURRENT dataset: ./dataset/pglib_opf_case162_ieee_dtc_10000.pt
QCQP matrices reconstructed in memory.

Selected test chunk [420, 430) with 10 instance(s); chunk=042
Expected Instance_IDs: [420, 421, 422, 423, 424, 425, 426, 427, 428, 429]

====================================================================
LOADING EXISTING 162-BUS COLD IPOPT BASELINE
====================================================================
Cold reference: result/warmstart_cold_case162.csv
Existing cold reference success: 10/10 (100.00%)
Proceeding with 10 common reference-feasible instance(s).

Building ORIGINAL matrix-QCQP Pyomo model...
Building Pyomo model (this happens only once)...
Model built successfully.
Model built successfully.

====================================================================
ABLATION CHECKPOINTS
====================================================================
Pattern: model/162/*ablation_model*.pth
Found 5 checkpoint(s).
  best_ablation_model_pglib_opf_case162_ieee_dtc_10000epochs_20260918_101829.pth
  best_ablation_model_pglib_opf_case162_ieee_dtc_10000epochs_20260918_102553.pth
  best_ablation_model_pglib_opf_case162_ieee_dtc_10000epochs_20260918_103250.pth
  best_ablation_model_pglib_opf_case162_ieee_dtc_10000epochs_20260918_103950.pth
  best_ablation_model_pglib_opf_case162_ieee_dtc_10000epochs_20260918_104655.pth

====================================================================
ABLATION PINN NN-INITIALIZED IPOPT
====================================================================

Run 1: best_ablation_model_pglib_opf_case162_ieee_dtc_10000epochs_20260918_101829.pth
NN inference: 0.000094331 s/instance
  [1/10] success=True status=optimal time=0.519104s gap=+0.0000%
  [2/10] success=True status=optimal time=0.468189s gap=+0.0000%
  [3/10] success=True status=optimal time=0.496716s gap=+0.0000%
  [4/10] success=True status=optimal time=0.393028s gap=+0.0000%
  [5/10] success=True status=optimal time=0.423318s gap=+0.0000%
  [6/10] success=True status=optimal time=0.372369s gap=+0.0000%
  [7/10] success=True status=optimal time=0.461180s gap=+0.0000%
  [8/10] success=True status=optimal time=0.463543s gap=+0.0000%
  [9/10] success=True status=optimal time=0.453928s gap=+0.0000%
  [10/10] success=True status=optimal time=0.472725s gap=+0.0000%

Run 2: best_ablation_model_pglib_opf_case162_ieee_dtc_10000epochs_20260918_102553.pth
NN inference: 0.000055494 s/instance
  [1/10] success=True status=optimal time=0.515204s gap=+0.0000%
  [2/10] success=True status=optimal time=0.513517s gap=+0.0000%
  [3/10] success=True status=optimal time=0.503936s gap=+0.0000%
  [4/10] success=True status=optimal time=0.477820s gap=+0.0000%
  [5/10] success=True status=optimal time=0.481463s gap=+0.0000%
  [6/10] success=True status=optimal time=0.444093s gap=+0.0000%
  [7/10] success=True status=optimal time=0.460777s gap=+0.0000%
  [8/10] success=True status=optimal time=0.421117s gap=+0.0000%
  [9/10] success=True status=optimal time=0.412830s gap=+0.0000%
  [10/10] success=True status=optimal time=0.414288s gap=+0.0000%

Run 3: best_ablation_model_pglib_opf_case162_ieee_dtc_10000epochs_20260918_103250.pth
NN inference: 0.000060213 s/instance
  [1/10] success=True status=optimal time=0.439497s gap=+0.0000%
  [2/10] success=True status=optimal time=0.411362s gap=+0.0000%
  [3/10] success=True status=optimal time=0.418304s gap=+0.0000%
  [4/10] success=True status=optimal time=0.428631s gap=+0.0000%
  [5/10] success=True status=optimal time=0.444935s gap=+0.0000%
  [6/10] success=True status=optimal time=0.538477s gap=+0.0000%
  [7/10] success=True status=optimal time=0.440152s gap=+0.0000%
  [8/10] success=True status=optimal time=0.450263s gap=+0.0000%
  [9/10] success=True status=optimal time=0.427148s gap=+0.0000%
  [10/10] success=True status=optimal time=0.418968s gap=+0.0000%

Run 4: best_ablation_model_pglib_opf_case162_ieee_dtc_10000epochs_20260918_103950.pth
NN inference: 0.000057813 s/instance
  [1/10] success=True status=optimal time=0.415609s gap=+0.0000%
  [2/10] success=True status=optimal time=0.374224s gap=+0.0000%
  [3/10] success=True status=optimal time=0.369872s gap=+0.0000%
  [4/10] success=True status=optimal time=0.387545s gap=+0.0000%
  [5/10] success=True status=optimal time=0.398393s gap=+0.0000%
  [6/10] success=True status=optimal time=0.391973s gap=+0.0000%
  [7/10] success=True status=optimal time=0.452152s gap=+0.0000%
  [8/10] success=True status=optimal time=0.446334s gap=+0.0000%
  [9/10] success=True status=optimal time=0.443339s gap=+0.0000%
  [10/10] success=True status=optimal time=0.397943s gap=+0.0000%

Run 5: best_ablation_model_pglib_opf_case162_ieee_dtc_10000epochs_20260918_104655.pth
NN inference: 0.000070277 s/instance
  [1/10] success=True status=optimal time=0.449636s gap=+0.0000%
  [2/10] success=True status=optimal time=0.479434s gap=+0.0000%
  [3/10] success=True status=optimal time=0.464561s gap=+0.0000%
  [4/10] success=True status=optimal time=0.465382s gap=+0.0000%
  [5/10] success=True status=optimal time=0.459437s gap=+0.0000%
  [6/10] success=True status=optimal time=0.414770s gap=+0.0000%
  [7/10] success=True status=optimal time=0.415675s gap=+0.0000%
  [8/10] success=True status=optimal time=0.367294s gap=+0.0000%
  [9/10] success=True status=optimal time=0.374016s gap=+0.0000%
  [10/10] success=True status=optimal time=0.399273s gap=+0.0000%

====================================================================
162-BUS ABLATION WARM-START SUMMARY
====================================================================
Architecture  Run  N  Success_Rate  NN_Time_s  IPOPT_Time_s  Total_Online_Time_s  Cold_IPOPT_Time_s  Speedup  Feasible_Obj_Gap_pct
Ablated PINN    1 10           1.0   0.000094      0.452410             0.452505           1.263238 2.830020          2.078597e-07
Ablated PINN    2 10           1.0   0.000055      0.464505             0.464560           1.263238 2.732350          2.078604e-07
Ablated PINN    3 10           1.0   0.000060      0.441774             0.441834           1.263238 2.866380          2.078598e-07
Ablated PINN    4 10           1.0   0.000058      0.407738             0.407796           1.263238 3.115660          2.078629e-07
Ablated PINN    5 10           1.0   0.000070      0.428948             0.429018           1.263238 2.958055          2.078606e-07

Saved:
  result/warmstart_ablation_raw_case162_chunk042.csv
  result/warmstart_ablation_runlevel_case162_chunk042.csv
  result/warmstart_ablation_summary_case162_chunk042.csv

Done.
============================================================
Finished : Mon Sep 21 13:51:55 +03 2026
Exit code: 0
============================================================
