============================================================
Array Job ID : 2331133
Task ID      : 34
Node         : node0020
Case         : pglib_opf_case162_ieee_dtc
Bus          : 162
============================================================
Python 3.11.15
PyTorch: 2.8.0+cu129
Pandas: 3.0.3
Pyomo: 6.10.1
Start index : 340
End index   : 350
Chunk ID    : 034
Start time  : Mon Sep 21 14:00:56 +03 2026
Command:
/home/g202210120/.conda/envs/pytorch/bin/python evaluate_warmstart_ablation_array_162.py --start_idx 340 --end_idx 350 --chunk_id 034 
============================================================
162-BUS ABLATED-PINN WARM-START EVALUATION
============================================================
Case       : pglib_opf_case162_ieee_dtc
Bus        : 162
Device     : cpu
Start idx  : 340
End idx    : 350
Chunk ID   : 034

Loading CURRENT dataset: ./dataset/pglib_opf_case162_ieee_dtc_10000.pt
QCQP matrices reconstructed in memory.

Selected test chunk [340, 350) with 10 instance(s); chunk=034
Expected Instance_IDs: [340, 341, 342, 343, 344, 345, 346, 347, 348, 349]

====================================================================
LOADING EXISTING 162-BUS COLD IPOPT BASELINE
====================================================================
Cold reference: result/warmstart_cold_case162.csv
Existing cold reference success: 10/10 (100.00%)
Proceeding with 10 common reference-feasible instance(s).

Building ORIGINAL matrix-QCQP Pyomo model...
Building Pyomo model (this happens only once)...
Model built successfully.
Model built successfully.

====================================================================
ABLATION CHECKPOINTS
====================================================================
Pattern: model/162/*ablation_model*.pth
Found 5 checkpoint(s).
  best_ablation_model_pglib_opf_case162_ieee_dtc_10000epochs_20260918_101829.pth
  best_ablation_model_pglib_opf_case162_ieee_dtc_10000epochs_20260918_102553.pth
  best_ablation_model_pglib_opf_case162_ieee_dtc_10000epochs_20260918_103250.pth
  best_ablation_model_pglib_opf_case162_ieee_dtc_10000epochs_20260918_103950.pth
  best_ablation_model_pglib_opf_case162_ieee_dtc_10000epochs_20260918_104655.pth

====================================================================
ABLATION PINN NN-INITIALIZED IPOPT
====================================================================

Run 1: best_ablation_model_pglib_opf_case162_ieee_dtc_10000epochs_20260918_101829.pth
NN inference: 0.000115159 s/instance
  [1/10] success=True status=optimal time=0.500457s gap=+0.0000%
  [2/10] success=True status=optimal time=0.487066s gap=+0.0000%
  [3/10] success=True status=optimal time=0.488912s gap=+0.0000%
  [4/10] success=True status=optimal time=0.449507s gap=+0.0000%
  [5/10] success=True status=optimal time=0.446600s gap=+0.0000%
  [6/10] success=True status=optimal time=0.474619s gap=+0.0000%
  [7/10] success=True status=optimal time=0.507744s gap=+0.0000%
  [8/10] success=True status=optimal time=0.446741s gap=+0.0000%
  [9/10] success=True status=optimal time=0.425893s gap=+0.0000%
  [10/10] success=True status=optimal time=0.450985s gap=+0.0000%

Run 2: best_ablation_model_pglib_opf_case162_ieee_dtc_10000epochs_20260918_102553.pth
NN inference: 0.000056588 s/instance
  [1/10] success=True status=optimal time=0.471422s gap=+0.0000%
  [2/10] success=True status=optimal time=0.464301s gap=+0.0000%
  [3/10] success=True status=optimal time=0.456084s gap=+0.0000%
  [4/10] success=True status=optimal time=0.455921s gap=+0.0000%
  [5/10] success=True status=optimal time=0.463123s gap=+0.0000%
  [6/10] success=True status=optimal time=0.443393s gap=+0.0000%
  [7/10] success=True status=optimal time=0.468889s gap=+0.0000%
  [8/10] success=True status=optimal time=0.460923s gap=+0.0000%
  [9/10] success=True status=optimal time=0.446749s gap=+0.0000%
  [10/10] success=True status=optimal time=0.455996s gap=+0.0000%

Run 3: best_ablation_model_pglib_opf_case162_ieee_dtc_10000epochs_20260918_103250.pth
NN inference: 0.000058668 s/instance
  [1/10] success=True status=optimal time=0.433860s gap=+0.0000%
  [2/10] success=True status=optimal time=0.427969s gap=+0.0000%
  [3/10] success=True status=optimal time=0.423396s gap=+0.0000%
  [4/10] success=True status=optimal time=0.376788s gap=+0.0000%
  [5/10] success=True status=optimal time=0.482150s gap=+0.0000%
  [6/10] success=True status=optimal time=0.579335s gap=+0.0000%
  [7/10] success=True status=optimal time=0.481225s gap=+0.0000%
  [8/10] success=True status=optimal time=0.451871s gap=+0.0000%
  [9/10] success=True status=optimal time=0.516487s gap=+0.0000%
  [10/10] success=True status=optimal time=0.555529s gap=+0.0000%

Run 4: best_ablation_model_pglib_opf_case162_ieee_dtc_10000epochs_20260918_103950.pth
NN inference: 0.000051509 s/instance
  [1/10] success=True status=optimal time=0.515325s gap=+0.0000%
  [2/10] success=True status=optimal time=0.555349s gap=+0.0000%
  [3/10] success=True status=optimal time=0.564829s gap=+0.0000%
  [4/10] success=True status=optimal time=0.548551s gap=+0.0000%
  [5/10] success=True status=optimal time=0.484372s gap=+0.0000%
  [6/10] success=True status=optimal time=0.478400s gap=+0.0000%
  [7/10] success=True status=optimal time=0.508690s gap=+0.0000%
  [8/10] success=True status=optimal time=0.502039s gap=+0.0000%
  [9/10] success=True status=optimal time=0.449940s gap=+0.0000%
  [10/10] success=True status=optimal time=0.454040s gap=+0.0000%

Run 5: best_ablation_model_pglib_opf_case162_ieee_dtc_10000epochs_20260918_104655.pth
NN inference: 0.000071137 s/instance
  [1/10] success=True status=optimal time=0.455977s gap=+0.0000%
  [2/10] success=True status=optimal time=0.609840s gap=+0.0000%
  [3/10] success=True status=optimal time=0.466656s gap=+0.0000%
  [4/10] success=True status=optimal time=0.402929s gap=+0.0000%
  [5/10] success=True status=optimal time=0.387247s gap=+0.0000%
  [6/10] success=True status=optimal time=0.452018s gap=+0.0000%
  [7/10] success=True status=optimal time=0.503674s gap=+0.0000%
  [8/10] success=True status=optimal time=0.505709s gap=+0.0000%
  [9/10] success=True status=optimal time=0.496627s gap=+0.0000%
  [10/10] success=True status=optimal time=0.508688s gap=+0.0000%

====================================================================
162-BUS ABLATION WARM-START SUMMARY
====================================================================
Architecture  Run  N  Success_Rate  NN_Time_s  IPOPT_Time_s  Total_Online_Time_s  Cold_IPOPT_Time_s  Speedup  Feasible_Obj_Gap_pct
Ablated PINN    1 10           1.0   0.000115      0.467852             0.467967            1.25077 2.673662          1.891385e-07
Ablated PINN    2 10           1.0   0.000057      0.458680             0.458737            1.25077 2.726673          1.891344e-07
Ablated PINN    3 10           1.0   0.000059      0.472861             0.472920            1.25077 2.688186          1.891345e-07
Ablated PINN    4 10           1.0   0.000052      0.506153             0.506205            1.25077 2.480710          1.891384e-07
Ablated PINN    5 10           1.0   0.000071      0.478936             0.479008            1.25077 2.648024          1.891345e-07

Saved:
  result/warmstart_ablation_raw_case162_chunk034.csv
  result/warmstart_ablation_runlevel_case162_chunk034.csv
  result/warmstart_ablation_summary_case162_chunk034.csv

Done.
============================================================
Finished : Mon Sep 21 14:01:27 +03 2026
Exit code: 0
============================================================
