============================================================
Array Job ID : 2331133
Task ID      : 38
Node         : node0017
Case         : pglib_opf_case162_ieee_dtc
Bus          : 162
============================================================
Python 3.11.15
PyTorch: 2.8.0+cu129
Pandas: 3.0.3
Pyomo: 6.10.1
Start index : 380
End index   : 390
Chunk ID    : 038
Start time  : Mon Sep 21 14:00:56 +03 2026
Command:
/home/g202210120/.conda/envs/pytorch/bin/python evaluate_warmstart_ablation_array_162.py --start_idx 380 --end_idx 390 --chunk_id 038 
============================================================
162-BUS ABLATED-PINN WARM-START EVALUATION
============================================================
Case       : pglib_opf_case162_ieee_dtc
Bus        : 162
Device     : cpu
Start idx  : 380
End idx    : 390
Chunk ID   : 038

Loading CURRENT dataset: ./dataset/pglib_opf_case162_ieee_dtc_10000.pt
QCQP matrices reconstructed in memory.

Selected test chunk [380, 390) with 10 instance(s); chunk=038
Expected Instance_IDs: [380, 381, 382, 383, 384, 385, 386, 387, 388, 389]

====================================================================
LOADING EXISTING 162-BUS COLD IPOPT BASELINE
====================================================================
Cold reference: result/warmstart_cold_case162.csv
Existing cold reference success: 10/10 (100.00%)
Proceeding with 10 common reference-feasible instance(s).

Building ORIGINAL matrix-QCQP Pyomo model...
Building Pyomo model (this happens only once)...
Model built successfully.
Model built successfully.

====================================================================
ABLATION CHECKPOINTS
====================================================================
Pattern: model/162/*ablation_model*.pth
Found 5 checkpoint(s).
  best_ablation_model_pglib_opf_case162_ieee_dtc_10000epochs_20260918_101829.pth
  best_ablation_model_pglib_opf_case162_ieee_dtc_10000epochs_20260918_102553.pth
  best_ablation_model_pglib_opf_case162_ieee_dtc_10000epochs_20260918_103250.pth
  best_ablation_model_pglib_opf_case162_ieee_dtc_10000epochs_20260918_103950.pth
  best_ablation_model_pglib_opf_case162_ieee_dtc_10000epochs_20260918_104655.pth

====================================================================
ABLATION PINN NN-INITIALIZED IPOPT
====================================================================

Run 1: best_ablation_model_pglib_opf_case162_ieee_dtc_10000epochs_20260918_101829.pth
NN inference: 0.000099486 s/instance
  [1/10] success=True status=optimal time=0.528920s gap=+0.0000%
  [2/10] success=True status=optimal time=0.514979s gap=+0.0000%
  [3/10] success=True status=optimal time=0.474801s gap=+0.0000%
  [4/10] success=True status=optimal time=0.466869s gap=+0.0000%
  [5/10] success=True status=optimal time=0.395502s gap=+0.0000%
  [6/10] success=True status=optimal time=0.402462s gap=+0.0000%
  [7/10] success=True status=optimal time=0.451587s gap=+0.0000%
  [8/10] success=True status=optimal time=0.511053s gap=+0.0000%
  [9/10] success=True status=optimal time=0.575297s gap=+0.0000%
  [10/10] success=True status=optimal time=0.560406s gap=+0.0000%

Run 2: best_ablation_model_pglib_opf_case162_ieee_dtc_10000epochs_20260918_102553.pth
NN inference: 0.000065373 s/instance
  [1/10] success=True status=optimal time=0.652501s gap=+0.0000%
  [2/10] success=True status=optimal time=0.652245s gap=+0.0000%
  [3/10] success=True status=optimal time=0.577466s gap=+0.0000%
  [4/10] success=True status=optimal time=0.627960s gap=+0.0000%
  [5/10] success=True status=optimal time=0.593394s gap=+0.0000%
  [6/10] success=True status=optimal time=0.592375s gap=+0.0000%
  [7/10] success=True status=optimal time=0.640611s gap=+0.0000%
  [8/10] success=True status=optimal time=0.641442s gap=+0.0000%
  [9/10] success=True status=optimal time=0.553424s gap=+0.0000%
  [10/10] success=True status=optimal time=0.554889s gap=+0.0000%

Run 3: best_ablation_model_pglib_opf_case162_ieee_dtc_10000epochs_20260918_103250.pth
NN inference: 0.000068813 s/instance
  [1/10] success=True status=optimal time=0.591920s gap=+0.0000%
  [2/10] success=True status=optimal time=0.566444s gap=+0.0000%
  [3/10] success=True status=optimal time=0.566836s gap=+0.0000%
  [4/10] success=True status=optimal time=0.523029s gap=+0.0000%
  [5/10] success=True status=optimal time=0.508576s gap=+0.0000%
  [6/10] success=True status=optimal time=0.603372s gap=+0.0000%
  [7/10] success=True status=optimal time=0.469424s gap=+0.0000%
  [8/10] success=True status=optimal time=0.518060s gap=+0.0000%
  [9/10] success=True status=optimal time=0.559888s gap=+0.0000%
  [10/10] success=True status=optimal time=0.582061s gap=+0.0000%

Run 4: best_ablation_model_pglib_opf_case162_ieee_dtc_10000epochs_20260918_103950.pth
NN inference: 0.000068855 s/instance
  [1/10] success=True status=optimal time=0.570464s gap=+0.0000%
  [2/10] success=True status=optimal time=0.540040s gap=+0.0000%
  [3/10] success=True status=optimal time=0.543856s gap=+0.0000%
  [4/10] success=True status=optimal time=0.526102s gap=+0.0000%
  [5/10] success=True status=optimal time=0.495012s gap=+0.0000%
  [6/10] success=True status=optimal time=0.533524s gap=+0.0000%
  [7/10] success=True status=optimal time=0.496833s gap=+0.0000%
  [8/10] success=True status=optimal time=0.414427s gap=+0.0000%
  [9/10] success=True status=optimal time=0.527266s gap=+0.0000%
  [10/10] success=True status=optimal time=0.495820s gap=+0.0000%

Run 5: best_ablation_model_pglib_opf_case162_ieee_dtc_10000epochs_20260918_104655.pth
NN inference: 0.000075535 s/instance
  [1/10] success=True status=optimal time=0.580981s gap=+0.0000%
  [2/10] success=True status=optimal time=0.546701s gap=+0.0000%
  [3/10] success=True status=optimal time=0.492710s gap=+0.0000%
  [4/10] success=True status=optimal time=0.574313s gap=+0.0000%
  [5/10] success=True status=optimal time=0.559735s gap=+0.0000%
  [6/10] success=True status=optimal time=0.565839s gap=+0.0000%
  [7/10] success=True status=optimal time=0.571971s gap=+0.0000%
  [8/10] success=True status=optimal time=0.534730s gap=+0.0000%
  [9/10] success=True status=optimal time=0.483093s gap=+0.0000%
  [10/10] success=True status=optimal time=0.501967s gap=+0.0000%

====================================================================
162-BUS ABLATION WARM-START SUMMARY
====================================================================
Architecture  Run  N  Success_Rate  NN_Time_s  IPOPT_Time_s  Total_Online_Time_s  Cold_IPOPT_Time_s  Speedup  Feasible_Obj_Gap_pct
Ablated PINN    1 10           1.0   0.000099      0.488188             0.488287           1.279603 2.665248          1.914437e-07
Ablated PINN    2 10           1.0   0.000065      0.608631             0.608696           1.279603 2.107566          1.914460e-07
Ablated PINN    3 10           1.0   0.000069      0.548961             0.549030           1.279603 2.354582          1.914459e-07
Ablated PINN    4 10           1.0   0.000069      0.514334             0.514403           1.279603 2.510857          1.914437e-07
Ablated PINN    5 10           1.0   0.000076      0.541204             0.541280           1.279603 2.371167          1.914438e-07

Saved:
  result/warmstart_ablation_raw_case162_chunk038.csv
  result/warmstart_ablation_runlevel_case162_chunk038.csv
  result/warmstart_ablation_summary_case162_chunk038.csv

Done.
============================================================
Finished : Mon Sep 21 14:01:29 +03 2026
Exit code: 0
============================================================
