============================================================
Array Job ID : 2331133
Task ID      : 22
Node         : node0020
Case         : pglib_opf_case162_ieee_dtc
Bus          : 162
============================================================
Python 3.11.15
PyTorch: 2.8.0+cu129
Pandas: 3.0.3
Pyomo: 6.10.1
Start index : 220
End index   : 230
Chunk ID    : 022
Start time  : Mon Sep 21 13:59:26 +03 2026
Command:
/home/g202210120/.conda/envs/pytorch/bin/python evaluate_warmstart_ablation_array_162.py --start_idx 220 --end_idx 230 --chunk_id 022 
============================================================
162-BUS ABLATED-PINN WARM-START EVALUATION
============================================================
Case       : pglib_opf_case162_ieee_dtc
Bus        : 162
Device     : cpu
Start idx  : 220
End idx    : 230
Chunk ID   : 022

Loading CURRENT dataset: ./dataset/pglib_opf_case162_ieee_dtc_10000.pt
QCQP matrices reconstructed in memory.

Selected test chunk [220, 230) with 10 instance(s); chunk=022
Expected Instance_IDs: [220, 221, 222, 223, 224, 225, 226, 227, 228, 229]

====================================================================
LOADING EXISTING 162-BUS COLD IPOPT BASELINE
====================================================================
Cold reference: result/warmstart_cold_case162.csv
Existing cold reference success: 10/10 (100.00%)
Proceeding with 10 common reference-feasible instance(s).

Building ORIGINAL matrix-QCQP Pyomo model...
Building Pyomo model (this happens only once)...
Model built successfully.
Model built successfully.

====================================================================
ABLATION CHECKPOINTS
====================================================================
Pattern: model/162/*ablation_model*.pth
Found 5 checkpoint(s).
  best_ablation_model_pglib_opf_case162_ieee_dtc_10000epochs_20260918_101829.pth
  best_ablation_model_pglib_opf_case162_ieee_dtc_10000epochs_20260918_102553.pth
  best_ablation_model_pglib_opf_case162_ieee_dtc_10000epochs_20260918_103250.pth
  best_ablation_model_pglib_opf_case162_ieee_dtc_10000epochs_20260918_103950.pth
  best_ablation_model_pglib_opf_case162_ieee_dtc_10000epochs_20260918_104655.pth

====================================================================
ABLATION PINN NN-INITIALIZED IPOPT
====================================================================

Run 1: best_ablation_model_pglib_opf_case162_ieee_dtc_10000epochs_20260918_101829.pth
NN inference: 0.000108626 s/instance
  [1/10] success=True status=optimal time=0.396224s gap=+0.0000%
  [2/10] success=True status=optimal time=0.370323s gap=+0.0000%
  [3/10] success=True status=optimal time=0.367538s gap=+0.0000%
  [4/10] success=True status=optimal time=0.392176s gap=+0.0000%
  [5/10] success=True status=optimal time=0.376934s gap=+0.0000%
  [6/10] success=True status=optimal time=0.360651s gap=+0.0000%
  [7/10] success=True status=optimal time=0.369014s gap=+0.0000%
  [8/10] success=True status=optimal time=0.357173s gap=+0.0000%
  [9/10] success=True status=optimal time=0.366331s gap=+0.0000%
  [10/10] success=True status=optimal time=0.354965s gap=+0.0000%

Run 2: best_ablation_model_pglib_opf_case162_ieee_dtc_10000epochs_20260918_102553.pth
NN inference: 0.000051014 s/instance
  [1/10] success=True status=optimal time=0.370299s gap=+0.0000%
  [2/10] success=True status=optimal time=0.349350s gap=+0.0000%
  [3/10] success=True status=optimal time=0.390558s gap=+0.0000%
  [4/10] success=True status=optimal time=0.389722s gap=+0.0000%
  [5/10] success=True status=optimal time=0.382684s gap=+0.0000%
  [6/10] success=True status=optimal time=0.374472s gap=+0.0000%
  [7/10] success=True status=optimal time=0.372133s gap=+0.0000%
  [8/10] success=True status=optimal time=0.369699s gap=+0.0000%
  [9/10] success=True status=optimal time=0.379806s gap=+0.0000%
  [10/10] success=True status=optimal time=0.362259s gap=+0.0000%

Run 3: best_ablation_model_pglib_opf_case162_ieee_dtc_10000epochs_20260918_103250.pth
NN inference: 0.000049690 s/instance
  [1/10] success=True status=optimal time=0.388289s gap=+0.0000%
  [2/10] success=True status=optimal time=0.364172s gap=+0.0000%
  [3/10] success=True status=optimal time=0.364129s gap=+0.0000%
  [4/10] success=True status=optimal time=0.381899s gap=+0.0000%
  [5/10] success=True status=optimal time=0.378325s gap=+0.0000%
  [6/10] success=True status=optimal time=0.514234s gap=+0.0000%
  [7/10] success=True status=optimal time=0.379454s gap=+0.0000%
  [8/10] success=True status=optimal time=0.395646s gap=+0.0000%
  [9/10] success=True status=optimal time=0.382144s gap=+0.0000%
  [10/10] success=True status=optimal time=0.352983s gap=+0.0000%

Run 4: best_ablation_model_pglib_opf_case162_ieee_dtc_10000epochs_20260918_103950.pth
NN inference: 0.000053937 s/instance
  [1/10] success=True status=optimal time=0.344833s gap=+0.0000%
  [2/10] success=True status=optimal time=0.362459s gap=+0.0000%
  [3/10] success=True status=optimal time=0.372774s gap=+0.0000%
  [4/10] success=True status=optimal time=0.382298s gap=+0.0000%
  [5/10] success=True status=optimal time=0.383503s gap=+0.0000%
  [6/10] success=True status=optimal time=0.375589s gap=+0.0000%
  [7/10] success=True status=optimal time=0.400799s gap=+0.0000%
  [8/10] success=True status=optimal time=0.383721s gap=+0.0000%
  [9/10] success=True status=optimal time=0.392533s gap=+0.0000%
  [10/10] success=True status=optimal time=0.395354s gap=+0.0000%

Run 5: best_ablation_model_pglib_opf_case162_ieee_dtc_10000epochs_20260918_104655.pth
NN inference: 0.000070652 s/instance
  [1/10] success=True status=optimal time=0.406612s gap=+0.0000%
  [2/10] success=True status=optimal time=0.396476s gap=+0.0000%
  [3/10] success=True status=optimal time=0.411414s gap=+0.0000%
  [4/10] success=True status=optimal time=0.411323s gap=+0.0000%
  [5/10] success=True status=optimal time=0.400043s gap=+0.0000%
  [6/10] success=True status=optimal time=0.389375s gap=+0.0000%
  [7/10] success=True status=optimal time=0.399848s gap=+0.0000%
  [8/10] success=True status=optimal time=0.403434s gap=+0.0000%
  [9/10] success=True status=optimal time=0.389502s gap=+0.0000%
  [10/10] success=True status=optimal time=0.380704s gap=+0.0000%

====================================================================
162-BUS ABLATION WARM-START SUMMARY
====================================================================
Architecture  Run  N  Success_Rate  NN_Time_s  IPOPT_Time_s  Total_Online_Time_s  Cold_IPOPT_Time_s  Speedup  Feasible_Obj_Gap_pct
Ablated PINN    1 10           1.0   0.000109      0.371133             0.371242           1.267534 3.418101          1.878152e-07
Ablated PINN    2 10           1.0   0.000051      0.374098             0.374149           1.267534 3.394458          1.878159e-07
Ablated PINN    3 10           1.0   0.000050      0.390127             0.390177           1.267534 3.278267          1.877526e-07
Ablated PINN    4 10           1.0   0.000054      0.379386             0.379440           1.267534 3.349656          1.876557e-07
Ablated PINN    5 10           1.0   0.000071      0.398873             0.398944           1.267534 3.180627          1.877458e-07

Saved:
  result/warmstart_ablation_raw_case162_chunk022.csv
  result/warmstart_ablation_runlevel_case162_chunk022.csv
  result/warmstart_ablation_summary_case162_chunk022.csv

Done.
============================================================
Finished : Mon Sep 21 13:59:51 +03 2026
Exit code: 0
============================================================
