============================================================
Array Job ID : 2330876
Task ID      : 7
Node         : node0017
Working dir  : /home/g202210120/projects/ACOPF-feasible
Case         : pglib_opf_case300_ieee
Bus          : 300
============================================================
Python executable:
/home/g202210120/.conda/envs/pytorch/bin/python
Python 3.11.15
Environment check:
PyTorch: 2.8.0+cu129
Pandas: 3.0.3
Pyomo: 6.10.1
Start index : 70
End index   : 80
Chunk ID    : 007
Start time  : Mon Sep 21 10:50:57 +03 2026
Command:
/home/g202210120/.conda/envs/pytorch/bin/python evaluate_warmstart_qcqp_array.py --case_name pglib_opf_case300_ieee --bus_number 300 --start_idx 70 --end_idx 80 --chunk_id 007 
Loading CURRENT dataset: ./dataset/pglib_opf_case300_ieee_10000.pt
QCQP matrices reconstructed in memory.
Selected test chunk [70, 80) with 10 instance(s); chunk=007

Building ORIGINAL matrix-QCQP Pyomo model...
Building Pyomo model (this happens only once)...
Model built successfully.

====================================================================
COLD IPOPT BASELINE: current formulation, current machine
====================================================================
  [   1/10] success=True status=optimal time=0.998259s cost=559360.555507
WARNING: Loading a SolverResults object with a warning status into
model.name="unknown";
    - termination condition: maxIterations
    - message from solver: Ipopt 3.14.19\x3a Maximum CPU Time Exceeded.
  [   7/10] success=False status=maxIterations time=30.359172s cost=nan
WARNING: Loading a SolverResults object with a warning status into
model.name="unknown";
    - termination condition: infeasible
    - message from solver: Ipopt 3.14.19\x3a Converged to a locally infeasible
      point. Problem may be infeasible.
  [  10/10] success=False status=infeasible time=7.299833s cost=nan

Cold IPOPT reference success: 8/10 (80.00%)
Cold IPOPT failed on 2 instance(s).
Failed Instance_ID(s): [76, 79]
These instances are excluded from the paired NN-initialized IPOPT comparison.
Cold baseline saved -> result/warmstart_cold_case300_chunk007.csv
Proceeding with 8 common reference-feasible instances for every architecture and run.


================ PINN Baseline ================
Run 1: best_pinn_model_pglib_opf_case300_ieee_10000epochs_20260723_045017.pth
  [1/8] success=True status=optimal time=0.949530s gap=+0.0000%
  [2/8] success=True status=optimal time=0.822915s gap=-0.0000%
  [3/8] success=True status=optimal time=0.846713s gap=-0.0000%
  [4/8] success=True status=optimal time=0.808873s gap=+0.0000%
  [5/8] success=True status=optimal time=0.824739s gap=+0.0000%
  [6/8] success=True status=optimal time=0.765320s gap=+0.0000%
  [7/8] success=True status=optimal time=0.803699s gap=-0.0000%
  [8/8] success=True status=optimal time=0.687447s gap=-0.0000%
Run 2: best_pinn_model_pglib_opf_case300_ieee_10000epochs_20260723_045657.pth
  [1/8] success=True status=optimal time=0.913641s gap=+0.0000%
  [2/8] success=True status=optimal time=0.783036s gap=-0.0000%
  [3/8] success=True status=optimal time=0.752697s gap=-0.0000%
  [4/8] success=True status=optimal time=0.729510s gap=+0.0000%
  [5/8] success=True status=optimal time=0.740478s gap=-0.0000%
  [6/8] success=True status=optimal time=0.796512s gap=-0.0000%
  [7/8] success=True status=optimal time=0.776618s gap=+0.0000%
  [8/8] success=True status=optimal time=0.758214s gap=-0.0000%
Run 3: best_pinn_model_pglib_opf_case300_ieee_10000epochs_20260723_050339.pth
  [1/8] success=True status=optimal time=0.859352s gap=+0.0000%
  [2/8] success=True status=optimal time=0.824452s gap=+0.0000%
  [3/8] success=True status=optimal time=0.812900s gap=-0.0000%
  [4/8] success=True status=optimal time=0.805907s gap=+0.0000%
  [5/8] success=True status=optimal time=0.724657s gap=-0.0000%
  [6/8] success=True status=optimal time=0.586869s gap=-0.0000%
  [7/8] success=True status=optimal time=0.695962s gap=-0.0000%
  [8/8] success=True status=optimal time=0.716531s gap=-0.0000%
Run 4: best_pinn_model_pglib_opf_case300_ieee_10000epochs_20260723_051021.pth
  [1/8] success=True status=optimal time=0.908709s gap=+0.0000%
  [2/8] success=True status=optimal time=0.776336s gap=-0.0000%
  [3/8] success=True status=optimal time=0.804168s gap=-0.0000%
  [4/8] success=True status=optimal time=0.773130s gap=+0.0000%
  [5/8] success=True status=optimal time=0.784671s gap=-0.0000%
  [6/8] success=True status=optimal time=0.762746s gap=+0.0000%
  [7/8] success=True status=optimal time=0.838876s gap=+0.0000%
  [8/8] success=True status=optimal time=0.777600s gap=-0.0000%
Run 5: best_pinn_model_pglib_opf_case300_ieee_10000epochs_20260723_051658.pth
  [1/8] success=True status=optimal time=0.955261s gap=+0.0000%
  [2/8] success=True status=optimal time=0.842710s gap=-0.0000%
  [3/8] success=True status=optimal time=0.888103s gap=-0.0000%
  [4/8] success=True status=optimal time=0.845240s gap=+0.0000%
  [5/8] success=True status=optimal time=0.856133s gap=+0.0000%
  [6/8] success=True status=optimal time=0.702710s gap=+0.0000%
  [7/8] success=True status=optimal time=0.748819s gap=-0.0000%
  [8/8] success=True status=optimal time=0.663456s gap=-0.0000%

================ DC3 ================
Run 1: best_dc3_model_pglib_opf_case300_ieee_10000epochs_20260723_062300.pth
  [1/8] success=True status=optimal time=0.866341s gap=+0.0000%
  [2/8] success=True status=optimal time=0.773265s gap=-0.0000%
  [3/8] success=True status=optimal time=0.856499s gap=+0.0000%
  [4/8] success=True status=optimal time=0.787869s gap=+0.0000%
  [5/8] success=True status=optimal time=0.865489s gap=+0.0000%
  [6/8] success=True status=optimal time=0.767119s gap=+0.0000%
  [7/8] success=True status=optimal time=0.887835s gap=+0.0000%
  [8/8] success=True status=optimal time=0.824908s gap=-0.0000%
Run 2: best_dc3_model_pglib_opf_case300_ieee_10000epochs_20260723_063933.pth
  [1/8] success=True status=optimal time=0.897153s gap=+0.0000%
  [2/8] success=True status=optimal time=0.836727s gap=+0.0000%
  [3/8] success=True status=optimal time=0.766811s gap=-0.0000%
  [4/8] success=True status=optimal time=0.700906s gap=+0.0000%
  [5/8] success=True status=optimal time=0.771640s gap=+0.0000%
  [6/8] success=True status=optimal time=0.739261s gap=+0.0000%
  [7/8] success=True status=optimal time=0.839802s gap=+0.0000%
  [8/8] success=True status=optimal time=0.778803s gap=-0.0000%
Run 3: best_dc3_model_pglib_opf_case300_ieee_10000epochs_20260723_065605.pth
  [1/8] success=True status=optimal time=0.853834s gap=+0.0000%
  [2/8] success=True status=optimal time=0.804098s gap=-0.0000%
  [3/8] success=True status=optimal time=0.832790s gap=-0.0000%
  [4/8] success=True status=optimal time=0.782821s gap=+0.0000%
  [5/8] success=True status=optimal time=0.816646s gap=+0.0000%
  [6/8] success=True status=optimal time=0.788337s gap=+0.0000%
  [7/8] success=True status=optimal time=0.862450s gap=+0.0000%
  [8/8] success=True status=optimal time=0.825686s gap=-0.0000%
Run 4: best_dc3_model_pglib_opf_case300_ieee_10000epochs_20260723_071229.pth
  [1/8] success=True status=optimal time=0.982042s gap=+0.0000%
  [2/8] success=True status=optimal time=0.921245s gap=-0.0000%
  [3/8] success=True status=optimal time=0.917504s gap=+0.0000%
  [4/8] success=True status=optimal time=0.860445s gap=+0.0000%
  [5/8] success=True status=optimal time=0.882285s gap=+0.0000%
  [6/8] success=True status=optimal time=0.741322s gap=-0.0000%
  [7/8] success=True status=optimal time=0.755313s gap=-0.0000%
  [8/8] success=True status=optimal time=0.653936s gap=-0.0000%
Run 5: best_dc3_model_pglib_opf_case300_ieee_10000epochs_20260723_072901.pth
  [1/8] success=True status=optimal time=0.818879s gap=+0.0000%
  [2/8] success=True status=optimal time=0.783636s gap=-0.0000%
  [3/8] success=True status=optimal time=0.837403s gap=-0.0000%
  [4/8] success=True status=optimal time=0.809681s gap=+0.0000%
  [5/8] success=True status=optimal time=0.826549s gap=+0.0000%
  [6/8] success=True status=optimal time=0.806759s gap=-0.0000%
  [7/8] success=True status=optimal time=0.880389s gap=+0.0000%
  [8/8] success=True status=optimal time=0.818966s gap=-0.0000%

================ FSNet ================
Run 1: best_fsnet_model_pglib_opf_case300_ieee_10000epochs_20260724_003124.pth
  [1/8] success=True status=optimal time=0.911480s gap=+0.0000%
  [2/8] success=True status=optimal time=0.844389s gap=-0.0000%
  [3/8] success=True status=optimal time=0.849465s gap=-0.0000%
  [4/8] success=True status=optimal time=0.776082s gap=+0.0000%
  [5/8] success=True status=optimal time=0.826446s gap=+0.0000%
  [6/8] success=True status=optimal time=0.779023s gap=-0.0000%
  [7/8] success=True status=optimal time=0.821899s gap=-0.0000%
  [8/8] success=True status=optimal time=0.738480s gap=-0.0000%
Run 2: best_fsnet_model_pglib_opf_case300_ieee_10000epochs_20260724_010306.pth
  [1/8] success=True status=optimal time=0.822149s gap=+0.0000%
  [2/8] success=True status=optimal time=0.759642s gap=-0.0000%
  [3/8] success=True status=optimal time=0.758210s gap=-0.0000%
  [4/8] success=True status=optimal time=0.758369s gap=+0.0000%
  [5/8] success=True status=optimal time=0.805457s gap=+0.0000%
  [6/8] success=True status=optimal time=0.776898s gap=+0.0000%
  [7/8] success=True status=optimal time=0.869533s gap=+0.0000%
  [8/8] success=True status=optimal time=0.795835s gap=-0.0000%
Run 3: best_fsnet_model_pglib_opf_case300_ieee_10000epochs_20260724_013347.pth
  [1/8] success=True status=optimal time=0.924022s gap=+0.0000%
  [2/8] success=True status=optimal time=0.840515s gap=-0.0000%
  [3/8] success=True status=optimal time=0.829745s gap=+0.0000%
  [4/8] success=True status=optimal time=0.732753s gap=+0.0000%
  [5/8] success=True status=optimal time=0.588653s gap=+0.0000%
  [6/8] success=True status=optimal time=0.656342s gap=+0.0000%
  [7/8] success=True status=optimal time=0.822981s gap=-0.0000%
  [8/8] success=True status=optimal time=0.791924s gap=-0.0000%
Run 4: best_fsnet_model_pglib_opf_case300_ieee_10000epochs_20260724_020357.pth
  [1/8] success=True status=optimal time=0.876206s gap=+0.0000%
  [2/8] success=True status=optimal time=0.806435s gap=-0.0000%
  [3/8] success=True status=optimal time=0.832422s gap=+0.0000%
  [4/8] success=True status=optimal time=0.793241s gap=+0.0000%
  [5/8] success=True status=optimal time=0.802257s gap=+0.0000%
  [6/8] success=True status=optimal time=0.754883s gap=+0.0000%
  [7/8] success=True status=optimal time=0.829411s gap=+0.0000%
  [8/8] success=True status=optimal time=0.705359s gap=-0.0000%
Run 5: best_fsnet_model_pglib_opf_case300_ieee_10000epochs_20260724_023440.pth
  [1/8] success=True status=optimal time=0.709779s gap=+0.0000%
  [2/8] success=True status=optimal time=0.653956s gap=-0.0000%
  [3/8] success=True status=optimal time=0.744373s gap=+0.0000%
  [4/8] success=True status=optimal time=0.767688s gap=+0.0000%
  [5/8] success=True status=optimal time=0.841978s gap=-0.0000%
  [6/8] success=True status=optimal time=0.797391s gap=-0.0000%
  [7/8] success=True status=optimal time=0.889417s gap=+0.0000%
  [8/8] success=True status=optimal time=0.842894s gap=-0.0000%

================ KKT ================
Run 1: best_hardkkt_pglib_opf_case300_ieee_10000epochs_20260723_190025.pth
  [1/8] success=True status=optimal time=0.922850s gap=+0.0000%
  [2/8] success=True status=optimal time=0.875840s gap=-0.0000%
  [3/8] success=True status=optimal time=0.910400s gap=-0.0000%
  [4/8] success=True status=optimal time=0.798913s gap=+0.0000%
  [5/8] success=True status=optimal time=0.792367s gap=-0.0000%
  [6/8] success=True status=optimal time=0.693547s gap=-0.0000%
  [7/8] success=True status=optimal time=0.819676s gap=-0.0000%
  [8/8] success=True status=optimal time=0.725090s gap=-0.0000%
Run 2: best_hardkkt_pglib_opf_case300_ieee_10000epochs_20260723_193621.pth
  [1/8] success=True status=optimal time=0.801789s gap=+0.0000%
  [2/8] success=True status=optimal time=0.760508s gap=+0.0000%
  [3/8] success=True status=optimal time=0.784168s gap=-0.0000%
  [4/8] success=True status=optimal time=0.721586s gap=+0.0000%
  [5/8] success=True status=optimal time=0.738662s gap=+0.0000%
  [6/8] success=True status=optimal time=0.753022s gap=+0.0000%
  [7/8] success=True status=optimal time=0.851708s gap=-0.0000%
  [8/8] success=True status=optimal time=0.795478s gap=-0.0000%
Run 3: best_hardkkt_pglib_opf_case300_ieee_10000epochs_20260723_201123.pth
  [1/8] success=True status=optimal time=0.911076s gap=+0.0000%
  [2/8] success=True status=optimal time=0.854378s gap=-0.0000%
  [3/8] success=True status=optimal time=0.832309s gap=-0.0000%
  [4/8] success=True status=optimal time=0.705385s gap=+0.0000%
  [5/8] success=True status=optimal time=0.735178s gap=+0.0000%
  [6/8] success=True status=optimal time=0.624951s gap=+0.0000%
  [7/8] success=True status=optimal time=0.864302s gap=-0.0000%
  [8/8] success=True status=optimal time=0.877118s gap=-0.0000%
Run 4: best_hardkkt_pglib_opf_case300_ieee_10000epochs_20260723_204704.pth
  [1/8] success=True status=optimal time=0.972367s gap=+0.0000%
  [2/8] success=True status=optimal time=0.826742s gap=+0.0000%
  [3/8] success=True status=optimal time=0.883592s gap=+0.0000%
  [4/8] success=True status=optimal time=0.811046s gap=+0.0000%
  [5/8] success=True status=optimal time=0.827407s gap=+0.0000%
  [6/8] success=True status=optimal time=0.763696s gap=+0.0000%
  [7/8] success=True status=optimal time=0.779511s gap=+0.0000%
  [8/8] success=True status=optimal time=0.696723s gap=-0.0000%
Run 5: best_hardkkt_pglib_opf_case300_ieee_10000epochs_20260723_212158.pth
  [1/8] success=True status=optimal time=0.866248s gap=+0.0000%
  [2/8] success=True status=optimal time=0.732862s gap=-0.0000%
  [3/8] success=True status=optimal time=0.722929s gap=-0.0000%
  [4/8] success=True status=optimal time=0.793713s gap=+0.0000%
  [5/8] success=True status=optimal time=0.887830s gap=+0.0000%
  [6/8] success=True status=optimal time=0.860428s gap=+0.0000%
  [7/8] success=True status=optimal time=0.853718s gap=-0.0000%
  [8/8] success=True status=optimal time=0.742766s gap=+0.0000%

================ Rahul's Model ================
Run 1: best_rahul_model_pglib_opf_case300_ieee_10000epochs_20260724_233544.pth
  [1/8] success=True status=optimal time=0.813474s gap=+0.0000%
  [2/8] success=True status=optimal time=0.750637s gap=-0.0000%
  [3/8] success=True status=optimal time=0.734237s gap=-0.0000%
  [4/8] success=True status=optimal time=0.676010s gap=+0.0000%
  [5/8] success=True status=optimal time=0.817469s gap=-0.0000%
  [6/8] success=True status=optimal time=0.824748s gap=+0.0000%
  [7/8] success=True status=optimal time=0.893694s gap=+0.0000%
  [8/8] success=True status=optimal time=0.832728s gap=-0.0000%
Run 2: best_rahul_model_pglib_opf_case300_ieee_10000epochs_20260724_234750.pth
  [1/8] success=True status=optimal time=0.916472s gap=+0.0000%
  [2/8] success=True status=optimal time=0.877855s gap=-0.0000%
  [3/8] success=True status=optimal time=0.877425s gap=-0.0000%
  [4/8] success=True status=optimal time=0.825833s gap=+0.0000%
  [5/8] success=True status=optimal time=0.811646s gap=+0.0000%
  [6/8] success=True status=optimal time=0.723560s gap=-0.0000%
  [7/8] success=True status=optimal time=0.687623s gap=+0.0000%
  [8/8] success=True status=optimal time=0.689970s gap=-0.0000%
Run 3: best_rahul_model_pglib_opf_case300_ieee_10000epochs_20260724_235952.pth
  [1/8] success=True status=optimal time=0.788485s gap=-0.0000%
  [2/8] success=True status=optimal time=0.824215s gap=-0.0000%
  [3/8] success=True status=optimal time=0.867051s gap=-0.0000%
  [4/8] success=True status=optimal time=0.857443s gap=+0.0000%
  [5/8] success=True status=optimal time=0.845053s gap=-0.0000%
  [6/8] success=True status=optimal time=0.799224s gap=+0.0000%
  [7/8] success=True status=optimal time=0.849078s gap=-0.0000%
  [8/8] success=True status=optimal time=0.830729s gap=-0.0000%
Run 4: best_rahul_model_pglib_opf_case300_ieee_10000epochs_20260725_001150.pth
  [1/8] success=True status=optimal time=0.793804s gap=+0.0000%
  [2/8] success=True status=optimal time=0.749759s gap=+0.0000%
  [3/8] success=True status=optimal time=0.720615s gap=+0.0000%
  [4/8] success=True status=optimal time=0.746132s gap=+0.0000%
  [5/8] success=True status=optimal time=0.819120s gap=+0.0000%
  [6/8] success=True status=optimal time=0.820187s gap=-0.0000%
  [7/8] success=True status=optimal time=0.904895s gap=-0.0000%
  [8/8] success=True status=optimal time=0.836498s gap=-0.0000%
Run 5: best_rahul_model_pglib_opf_case300_ieee_10000epochs_20260725_002350.pth
  [1/8] success=True status=optimal time=0.882124s gap=-0.0000%
  [2/8] success=True status=optimal time=0.817331s gap=-0.0000%
  [3/8] success=True status=optimal time=0.774168s gap=+0.0000%
  [4/8] success=True status=optimal time=0.753430s gap=+0.0000%
  [5/8] success=True status=optimal time=0.780368s gap=-0.0000%
  [6/8] success=True status=optimal time=0.711945s gap=-0.0000%
  [7/8] success=True status=optimal time=0.822722s gap=-0.0000%
  [8/8] success=True status=optimal time=0.773496s gap=-0.0000%

Done.
============================================================
Finished : Mon Sep 21 10:54:39 +03 2026
Exit code: 0
============================================================
