============================================================
Array Job ID : 2330876
Task ID      : 33
Node         : node0017
Working dir  : /home/g202210120/projects/ACOPF-feasible
Case         : pglib_opf_case300_ieee
Bus          : 300
============================================================
Python executable:
/home/g202210120/.conda/envs/pytorch/bin/python
Python 3.11.15
Environment check:
PyTorch: 2.8.0+cu129
Pandas: 3.0.3
Pyomo: 6.10.1
Start index : 330
End index   : 340
Chunk ID    : 033
Start time  : Mon Sep 21 11:03:56 +03 2026
Command:
/home/g202210120/.conda/envs/pytorch/bin/python evaluate_warmstart_qcqp_array.py --case_name pglib_opf_case300_ieee --bus_number 300 --start_idx 330 --end_idx 340 --chunk_id 033 
Loading CURRENT dataset: ./dataset/pglib_opf_case300_ieee_10000.pt
QCQP matrices reconstructed in memory.
Selected test chunk [330, 340) with 10 instance(s); chunk=033

Building ORIGINAL matrix-QCQP Pyomo model...
Building Pyomo model (this happens only once)...
Model built successfully.

====================================================================
COLD IPOPT BASELINE: current formulation, current machine
====================================================================
  [   1/10] success=True status=optimal time=0.783548s cost=570240.321586
WARNING: Loading a SolverResults object with a warning status into
model.name="unknown";
    - termination condition: infeasible
    - message from solver: Ipopt 3.14.19\x3a Converged to a locally infeasible
      point. Problem may be infeasible.
  [  10/10] success=False status=infeasible time=15.571759s cost=nan

Cold IPOPT reference success: 9/10 (90.00%)
Cold IPOPT failed on 1 instance(s).
Failed Instance_ID(s): [339]
These instances are excluded from the paired NN-initialized IPOPT comparison.
Cold baseline saved -> result/warmstart_cold_case300_chunk033.csv
Proceeding with 9 common reference-feasible instances for every architecture and run.


================ PINN Baseline ================
Run 1: best_pinn_model_pglib_opf_case300_ieee_10000epochs_20260723_045017.pth
  [1/9] success=True status=optimal time=0.801876s gap=-0.0000%
  [2/9] success=True status=optimal time=0.844857s gap=-0.0000%
  [3/9] success=True status=optimal time=0.836318s gap=-0.0000%
  [4/9] success=True status=optimal time=0.801215s gap=+0.0000%
  [5/9] success=True status=optimal time=0.862512s gap=+0.0000%
  [6/9] success=True status=optimal time=0.840837s gap=-0.0000%
  [7/9] success=True status=optimal time=0.821637s gap=+0.0000%
  [8/9] success=True status=optimal time=0.832379s gap=-0.0000%
  [9/9] success=True status=optimal time=0.791626s gap=-0.0000%
Run 2: best_pinn_model_pglib_opf_case300_ieee_10000epochs_20260723_045657.pth
  [1/9] success=True status=optimal time=0.835366s gap=-0.0000%
  [2/9] success=True status=optimal time=0.727087s gap=-0.0000%
  [3/9] success=True status=optimal time=0.665136s gap=-0.0000%
  [4/9] success=True status=optimal time=0.593135s gap=-0.0000%
  [5/9] success=True status=optimal time=0.735739s gap=-0.0000%
  [6/9] success=True status=optimal time=0.770524s gap=+0.0000%
  [7/9] success=True status=optimal time=0.798498s gap=-0.0000%
  [8/9] success=True status=optimal time=0.828679s gap=+0.0000%
  [9/9] success=True status=optimal time=0.789765s gap=-0.0000%
Run 3: best_pinn_model_pglib_opf_case300_ieee_10000epochs_20260723_050339.pth
  [1/9] success=True status=optimal time=0.795108s gap=-0.0000%
  [2/9] success=True status=optimal time=0.830314s gap=-0.0000%
  [3/9] success=True status=optimal time=0.856838s gap=-0.0000%
  [4/9] success=True status=optimal time=0.805879s gap=+0.0000%
  [5/9] success=True status=optimal time=0.873157s gap=+0.0000%
  [6/9] success=True status=optimal time=0.844680s gap=-0.0000%
  [7/9] success=True status=optimal time=0.859005s gap=-0.0000%
  [8/9] success=True status=optimal time=0.877337s gap=+0.0000%
  [9/9] success=True status=optimal time=0.862483s gap=-0.0000%
Run 4: best_pinn_model_pglib_opf_case300_ieee_10000epochs_20260723_051021.pth
  [1/9] success=True status=optimal time=0.796877s gap=-0.0000%
  [2/9] success=True status=optimal time=0.834061s gap=-0.0000%
  [3/9] success=True status=optimal time=0.870039s gap=-0.0000%
  [4/9] success=True status=optimal time=0.771339s gap=+0.0000%
  [5/9] success=True status=optimal time=0.794744s gap=+0.0000%
  [6/9] success=True status=optimal time=0.750180s gap=-0.0000%
  [7/9] success=True status=optimal time=0.730144s gap=+0.0000%
  [8/9] success=True status=optimal time=0.736012s gap=+0.0000%
  [9/9] success=True status=optimal time=0.750030s gap=-0.0000%
Run 5: best_pinn_model_pglib_opf_case300_ieee_10000epochs_20260723_051658.pth
  [1/9] success=True status=optimal time=0.811845s gap=-0.0000%
  [2/9] success=True status=optimal time=0.865756s gap=+0.0000%
  [3/9] success=True status=optimal time=0.848648s gap=-0.0000%
  [4/9] success=True status=optimal time=0.851699s gap=+0.0000%
  [5/9] success=True status=optimal time=0.901860s gap=+0.0000%
  [6/9] success=True status=optimal time=0.876988s gap=+0.0000%
  [7/9] success=True status=optimal time=0.919761s gap=+0.0000%
  [8/9] success=True status=optimal time=0.872849s gap=-0.0000%
  [9/9] success=True status=optimal time=0.860070s gap=-0.0000%

================ DC3 ================
Run 1: best_dc3_model_pglib_opf_case300_ieee_10000epochs_20260723_062300.pth
  [1/9] success=True status=optimal time=0.850309s gap=+0.0000%
  [2/9] success=True status=optimal time=0.871532s gap=-0.0000%
  [3/9] success=True status=optimal time=0.907271s gap=-0.0000%
  [4/9] success=True status=optimal time=0.841362s gap=+0.0000%
  [5/9] success=True status=optimal time=0.920186s gap=+0.0000%
  [6/9] success=True status=optimal time=0.873827s gap=-0.0000%
  [7/9] success=True status=optimal time=0.896393s gap=-0.0000%
  [8/9] success=True status=optimal time=0.954520s gap=-0.0000%
  [9/9] success=True status=optimal time=0.865943s gap=-0.0000%
Run 2: best_dc3_model_pglib_opf_case300_ieee_10000epochs_20260723_063933.pth
  [1/9] success=True status=optimal time=0.808920s gap=-0.0000%
  [2/9] success=True status=optimal time=0.825687s gap=-0.0000%
  [3/9] success=True status=optimal time=0.886281s gap=-0.0000%
  [4/9] success=True status=optimal time=0.840819s gap=+0.0000%
  [5/9] success=True status=optimal time=0.938917s gap=-0.0000%
  [6/9] success=True status=optimal time=0.869164s gap=+0.0000%
  [7/9] success=True status=optimal time=0.837533s gap=+0.0000%
  [8/9] success=True status=optimal time=0.840042s gap=+0.0000%
  [9/9] success=True status=optimal time=0.677131s gap=-0.0000%
Run 3: best_dc3_model_pglib_opf_case300_ieee_10000epochs_20260723_065605.pth
  [1/9] success=True status=optimal time=0.629826s gap=-0.0000%
  [2/9] success=True status=optimal time=0.787542s gap=-0.0000%
  [3/9] success=True status=optimal time=0.860246s gap=-0.0000%
  [4/9] success=True status=optimal time=0.888541s gap=+0.0000%
  [5/9] success=True status=optimal time=0.891874s gap=+0.0000%
  [6/9] success=True status=optimal time=0.868702s gap=+0.0000%
  [7/9] success=True status=optimal time=0.911025s gap=-0.0000%
  [8/9] success=True status=optimal time=0.917090s gap=-0.0000%
  [9/9] success=True status=optimal time=0.864663s gap=-0.0000%
Run 4: best_dc3_model_pglib_opf_case300_ieee_10000epochs_20260723_071229.pth
  [1/9] success=True status=optimal time=0.856408s gap=+0.0000%
  [2/9] success=True status=optimal time=0.882533s gap=-0.0000%
  [3/9] success=True status=optimal time=0.893670s gap=-0.0000%
  [4/9] success=True status=optimal time=0.825777s gap=+0.0000%
  [5/9] success=True status=optimal time=0.942003s gap=+0.0000%
  [6/9] success=True status=optimal time=0.895448s gap=+0.0000%
  [7/9] success=True status=optimal time=0.869806s gap=-0.0000%
  [8/9] success=True status=optimal time=0.890544s gap=+0.0000%
  [9/9] success=True status=optimal time=0.833924s gap=-0.0000%
Run 5: best_dc3_model_pglib_opf_case300_ieee_10000epochs_20260723_072901.pth
  [1/9] success=True status=optimal time=0.797375s gap=-0.0000%
  [2/9] success=True status=optimal time=0.830385s gap=-0.0000%
  [3/9] success=True status=optimal time=0.863378s gap=-0.0000%
  [4/9] success=True status=optimal time=0.837862s gap=+0.0000%
  [5/9] success=True status=optimal time=0.893918s gap=+0.0000%
  [6/9] success=True status=optimal time=0.842381s gap=-0.0000%
  [7/9] success=True status=optimal time=0.872794s gap=-0.0000%
  [8/9] success=True status=optimal time=0.907670s gap=-0.0000%
  [9/9] success=True status=optimal time=0.825342s gap=-0.0000%

================ FSNet ================
Run 1: best_fsnet_model_pglib_opf_case300_ieee_10000epochs_20260724_003124.pth
  [1/9] success=True status=optimal time=0.814288s gap=-0.0000%
  [2/9] success=True status=optimal time=0.825710s gap=-0.0000%
  [3/9] success=True status=optimal time=0.890405s gap=-0.0000%
  [4/9] success=True status=optimal time=0.850605s gap=-0.0000%
  [5/9] success=True status=optimal time=0.939354s gap=+0.0000%
  [6/9] success=True status=optimal time=1.117818s gap=-0.0000%
  [7/9] success=True status=optimal time=1.074305s gap=-0.0000%
  [8/9] success=True status=optimal time=1.061406s gap=-0.0000%
  [9/9] success=True status=optimal time=0.962268s gap=-0.0000%
Run 2: best_fsnet_model_pglib_opf_case300_ieee_10000epochs_20260724_010306.pth
  [1/9] success=True status=optimal time=0.851032s gap=-0.0000%
  [2/9] success=True status=optimal time=0.839569s gap=-0.0000%
  [3/9] success=True status=optimal time=0.834909s gap=-0.0000%
  [4/9] success=True status=optimal time=0.714086s gap=+0.0000%
  [5/9] success=True status=optimal time=0.767438s gap=+0.0000%
  [6/9] success=True status=optimal time=0.736411s gap=+0.0000%
  [7/9] success=True status=optimal time=0.695077s gap=+0.0000%
  [8/9] success=True status=optimal time=0.674026s gap=+0.0000%
  [9/9] success=True status=optimal time=0.644641s gap=-0.0000%
Run 3: best_fsnet_model_pglib_opf_case300_ieee_10000epochs_20260724_013347.pth
  [1/9] success=True status=optimal time=0.608861s gap=-0.0000%
  [2/9] success=True status=optimal time=0.684540s gap=-0.0000%
  [3/9] success=True status=optimal time=0.769497s gap=-0.0000%
  [4/9] success=True status=optimal time=0.778655s gap=+0.0000%
  [5/9] success=True status=optimal time=0.844268s gap=+0.0000%
  [6/9] success=True status=optimal time=0.848647s gap=+0.0000%
  [7/9] success=True status=optimal time=0.807614s gap=-0.0000%
  [8/9] success=True status=optimal time=0.818377s gap=+0.0000%
  [9/9] success=True status=optimal time=0.772783s gap=-0.0000%
Run 4: best_fsnet_model_pglib_opf_case300_ieee_10000epochs_20260724_020357.pth
  [1/9] success=True status=optimal time=0.811200s gap=-0.0000%
  [2/9] success=True status=optimal time=0.823860s gap=-0.0000%
  [3/9] success=True status=optimal time=0.710281s gap=-0.0000%
  [4/9] success=True status=optimal time=0.620012s gap=+0.0000%
  [5/9] success=True status=optimal time=0.669466s gap=+0.0000%
  [6/9] success=True status=optimal time=0.661573s gap=-0.0000%
  [7/9] success=True status=optimal time=0.743476s gap=-0.0000%
  [8/9] success=True status=optimal time=0.760609s gap=+0.0000%
  [9/9] success=True status=optimal time=0.769926s gap=-0.0000%
Run 5: best_fsnet_model_pglib_opf_case300_ieee_10000epochs_20260724_023440.pth
  [1/9] success=True status=optimal time=0.719553s gap=-0.0000%
  [2/9] success=True status=optimal time=0.682793s gap=-0.0000%
  [3/9] success=True status=optimal time=0.700548s gap=-0.0000%
  [4/9] success=True status=optimal time=0.569956s gap=+0.0000%
  [5/9] success=True status=optimal time=0.708300s gap=+0.0000%
  [6/9] success=True status=optimal time=0.722976s gap=-0.0000%
  [7/9] success=True status=optimal time=0.762537s gap=+0.0000%
  [8/9] success=True status=optimal time=0.791732s gap=-0.0000%
  [9/9] success=True status=optimal time=0.788004s gap=-0.0000%

================ KKT ================
Run 1: best_hardkkt_pglib_opf_case300_ieee_10000epochs_20260723_190025.pth
  [1/9] success=True status=optimal time=0.769853s gap=-0.0000%
  [2/9] success=True status=optimal time=0.780779s gap=-0.0000%
  [3/9] success=True status=optimal time=0.879145s gap=-0.0000%
  [4/9] success=True status=optimal time=0.812367s gap=+0.0000%
  [5/9] success=True status=optimal time=0.823740s gap=-0.0000%
  [6/9] success=True status=optimal time=0.827518s gap=-0.0000%
  [7/9] success=True status=optimal time=0.965008s gap=-0.0000%
  [8/9] success=True status=optimal time=0.973141s gap=-0.0000%
  [9/9] success=True status=optimal time=0.968158s gap=-0.0000%
Run 2: best_hardkkt_pglib_opf_case300_ieee_10000epochs_20260723_193621.pth
  [1/9] success=True status=optimal time=0.918925s gap=-0.0000%
  [2/9] success=True status=optimal time=0.951343s gap=-0.0000%
  [3/9] success=True status=optimal time=1.064318s gap=-0.0000%
  [4/9] success=True status=optimal time=0.742854s gap=+0.0000%
  [5/9] success=True status=optimal time=0.859239s gap=-0.0000%
  [6/9] success=True status=optimal time=0.795449s gap=+0.0000%
  [7/9] success=True status=optimal time=0.748824s gap=+0.0000%
  [8/9] success=True status=optimal time=0.770196s gap=+0.0000%
  [9/9] success=True status=optimal time=0.744553s gap=-0.0000%
Run 3: best_hardkkt_pglib_opf_case300_ieee_10000epochs_20260723_201123.pth
  [1/9] success=True status=optimal time=0.559738s gap=-0.0000%
  [2/9] success=True status=optimal time=0.663429s gap=-0.0000%
  [3/9] success=True status=optimal time=0.740892s gap=-0.0000%
  [4/9] success=True status=optimal time=0.756883s gap=-0.0000%
  [5/9] success=True status=optimal time=0.800752s gap=+0.0000%
  [6/9] success=True status=optimal time=0.757963s gap=+0.0000%
  [7/9] success=True status=optimal time=0.740707s gap=-0.0000%
  [8/9] success=True status=optimal time=0.793389s gap=-0.0000%
  [9/9] success=True status=optimal time=0.745285s gap=-0.0000%
Run 4: best_hardkkt_pglib_opf_case300_ieee_10000epochs_20260723_204704.pth
  [1/9] success=True status=optimal time=0.728031s gap=-0.0000%
  [2/9] success=True status=optimal time=0.677320s gap=-0.0000%
  [3/9] success=True status=optimal time=0.631743s gap=-0.0000%
  [4/9] success=True status=optimal time=0.620852s gap=+0.0000%
  [5/9] success=True status=optimal time=0.718094s gap=+0.0000%
  [6/9] success=True status=optimal time=0.739094s gap=+0.0000%
  [7/9] success=True status=optimal time=0.781187s gap=+0.0000%
  [8/9] success=True status=optimal time=0.803268s gap=-0.0000%
  [9/9] success=True status=optimal time=0.758418s gap=-0.0000%
Run 5: best_hardkkt_pglib_opf_case300_ieee_10000epochs_20260723_212158.pth
  [1/9] success=True status=optimal time=0.769659s gap=-0.0000%
  [2/9] success=True status=optimal time=0.767165s gap=-0.0000%
  [3/9] success=True status=optimal time=0.733805s gap=-0.0000%
  [4/9] success=True status=optimal time=0.719975s gap=+0.0000%
  [5/9] success=True status=optimal time=0.711497s gap=-0.0000%
  [6/9] success=True status=optimal time=0.732192s gap=-0.0000%
  [7/9] success=True status=optimal time=0.685937s gap=-0.0000%
  [8/9] success=True status=optimal time=0.700761s gap=-0.0000%
  [9/9] success=True status=optimal time=0.816660s gap=-0.0000%

================ Rahul's Model ================
Run 1: best_rahul_model_pglib_opf_case300_ieee_10000epochs_20260724_233544.pth
  [1/9] success=True status=optimal time=0.826980s gap=-0.0000%
  [2/9] success=True status=optimal time=0.933363s gap=-0.0000%
  [3/9] success=True status=optimal time=0.912039s gap=-0.0000%
  [4/9] success=True status=optimal time=0.949831s gap=+0.0000%
  [5/9] success=True status=optimal time=1.156194s gap=+0.0000%
  [6/9] success=True status=optimal time=0.712718s gap=+0.0000%
  [7/9] success=True status=optimal time=0.815514s gap=-0.0000%
  [8/9] success=True status=optimal time=0.861622s gap=+0.0000%
  [9/9] success=True status=optimal time=0.825416s gap=+0.0000%
Run 2: best_rahul_model_pglib_opf_case300_ieee_10000epochs_20260724_234750.pth
  [1/9] success=True status=optimal time=0.727287s gap=-0.0000%
  [2/9] success=True status=optimal time=0.939027s gap=-0.0000%
  [3/9] success=True status=optimal time=0.677674s gap=-0.0000%
  [4/9] success=True status=optimal time=0.578861s gap=+0.0000%
  [5/9] success=True status=optimal time=0.687216s gap=+0.0000%
  [6/9] success=True status=optimal time=0.733430s gap=-0.0000%
  [7/9] success=True status=optimal time=0.765374s gap=+0.0000%
  [8/9] success=True status=optimal time=0.802917s gap=-0.0000%
  [9/9] success=True status=optimal time=0.749984s gap=-0.0000%
Run 3: best_rahul_model_pglib_opf_case300_ieee_10000epochs_20260724_235952.pth
  [1/9] success=True status=optimal time=0.739401s gap=-0.0000%
  [2/9] success=True status=optimal time=0.726965s gap=-0.0000%
  [3/9] success=True status=optimal time=0.714950s gap=-0.0000%
  [4/9] success=True status=optimal time=0.628544s gap=+0.0000%
  [5/9] success=True status=optimal time=0.672036s gap=+0.0000%
  [6/9] success=True status=optimal time=0.651140s gap=-0.0000%
  [7/9] success=True status=optimal time=0.654771s gap=-0.0000%
  [8/9] success=True status=optimal time=0.779852s gap=-0.0000%
  [9/9] success=True status=optimal time=0.696670s gap=-0.0000%
Run 4: best_rahul_model_pglib_opf_case300_ieee_10000epochs_20260725_001150.pth
  [1/9] success=True status=optimal time=0.740940s gap=-0.0000%
  [2/9] success=True status=optimal time=0.874160s gap=-0.0000%
  [3/9] success=True status=optimal time=0.842047s gap=+0.0000%
  [4/9] success=True status=optimal time=0.779828s gap=+0.0000%
  [5/9] success=True status=optimal time=0.922481s gap=+0.0000%
  [6/9] success=True status=optimal time=0.870526s gap=-0.0000%
  [7/9] success=True status=optimal time=0.969541s gap=+0.0000%
  [8/9] success=True status=optimal time=0.924794s gap=+0.0000%
  [9/9] success=True status=optimal time=0.822996s gap=-0.0000%
Run 5: best_rahul_model_pglib_opf_case300_ieee_10000epochs_20260725_002350.pth
  [1/9] success=True status=optimal time=0.821638s gap=-0.0000%
  [2/9] success=True status=optimal time=0.974494s gap=+0.0000%
  [3/9] success=True status=optimal time=1.045424s gap=-0.0000%
  [4/9] success=True status=optimal time=1.064607s gap=+0.0000%
  [5/9] success=True status=optimal time=1.098040s gap=-0.0000%
  [6/9] success=True status=optimal time=1.213680s gap=+0.0000%
  [7/9] success=True status=optimal time=0.872616s gap=-0.0000%
  [8/9] success=True status=optimal time=0.985468s gap=-0.0000%
  [9/9] success=True status=optimal time=0.907155s gap=-0.0000%

Done.
============================================================
Finished : Mon Sep 21 11:07:37 +03 2026
Exit code: 0
============================================================
