============================================================
Array Job ID : 2330876
Task ID      : 70
Node         : node0017
Working dir  : /home/g202210120/projects/ACOPF-feasible
Case         : pglib_opf_case300_ieee
Bus          : 300
============================================================
Python executable:
/home/g202210120/.conda/envs/pytorch/bin/python
Python 3.11.15
Environment check:
PyTorch: 2.8.0+cu129
Pandas: 3.0.3
Pyomo: 6.10.1
Start index : 700
End index   : 710
Chunk ID    : 070
Start time  : Mon Sep 21 11:19:36 +03 2026
Command:
/home/g202210120/.conda/envs/pytorch/bin/python evaluate_warmstart_qcqp_array.py --case_name pglib_opf_case300_ieee --bus_number 300 --start_idx 700 --end_idx 710 --chunk_id 070 
============================================================
Finished : Mon Sep 21 11:19:50 +03 2026
Exit code: 137
============================================================
