============================================================
Array Job ID : 2330876
Task ID      : 66
Node         : node0017
Working dir  : /home/g202210120/projects/ACOPF-feasible
Case         : pglib_opf_case300_ieee
Bus          : 300
============================================================
Python executable:
/home/g202210120/.conda/envs/pytorch/bin/python
Python 3.11.15
Environment check:
PyTorch: 2.8.0+cu129
Pandas: 3.0.3
Pyomo: 6.10.1
Start index : 660
End index   : 670
Chunk ID    : 066
Start time  : Mon Sep 21 11:17:06 +03 2026
Command:
/home/g202210120/.conda/envs/pytorch/bin/python evaluate_warmstart_qcqp_array.py --case_name pglib_opf_case300_ieee --bus_number 300 --start_idx 660 --end_idx 670 --chunk_id 066 
Loading CURRENT dataset: ./dataset/pglib_opf_case300_ieee_10000.pt
QCQP matrices reconstructed in memory.
Selected test chunk [660, 670) with 10 instance(s); chunk=066

Building ORIGINAL matrix-QCQP Pyomo model...
Building Pyomo model (this happens only once)...
Model built successfully.

====================================================================
COLD IPOPT BASELINE: current formulation, current machine
====================================================================
  [   1/10] success=True status=optimal time=0.839012s cost=544207.093757
WARNING: Loading a SolverResults object with a warning status into
model.name="unknown";
    - termination condition: maxIterations
    - message from solver: Ipopt 3.14.19\x3a Maximum CPU Time Exceeded.
  [   3/10] success=False status=maxIterations time=23.329552s cost=nan
  [  10/10] success=True status=optimal time=0.830105s cost=555307.430896

Cold IPOPT reference success: 9/10 (90.00%)
Cold IPOPT failed on 1 instance(s).
Failed Instance_ID(s): [662]
These instances are excluded from the paired NN-initialized IPOPT comparison.
Cold baseline saved -> result/warmstart_cold_case300_chunk066.csv
Proceeding with 9 common reference-feasible instances for every architecture and run.


================ PINN Baseline ================
Run 1: best_pinn_model_pglib_opf_case300_ieee_10000epochs_20260723_045017.pth
  [1/9] success=True status=optimal time=0.811065s gap=+0.0000%
  [2/9] success=True status=optimal time=0.792971s gap=-0.0000%
  [3/9] success=True status=optimal time=0.853187s gap=-0.0000%
  [4/9] success=True status=optimal time=0.795707s gap=-0.0000%
  [5/9] success=True status=optimal time=0.854489s gap=-0.0000%
  [6/9] success=True status=optimal time=0.790711s gap=+0.0000%
  [7/9] success=True status=optimal time=0.864251s gap=-0.0000%
  [8/9] success=True status=optimal time=0.807522s gap=+0.0000%
  [9/9] success=True status=optimal time=0.839943s gap=+0.0000%
Run 2: best_pinn_model_pglib_opf_case300_ieee_10000epochs_20260723_045657.pth
  [1/9] success=True status=optimal time=0.800402s gap=+0.0000%
  [2/9] success=True status=optimal time=0.792712s gap=-0.0000%
  [3/9] success=True status=optimal time=0.850497s gap=-0.0000%
  [4/9] success=True status=optimal time=0.794052s gap=+0.0000%
  [5/9] success=True status=optimal time=0.819441s gap=-0.0000%
  [6/9] success=True status=optimal time=0.808756s gap=-0.0000%
  [7/9] success=True status=optimal time=0.872655s gap=-0.0000%
  [8/9] success=True status=optimal time=0.867373s gap=-0.0000%
  [9/9] success=True status=optimal time=0.856947s gap=-0.0000%
Run 3: best_pinn_model_pglib_opf_case300_ieee_10000epochs_20260723_050339.pth
  [1/9] success=True status=optimal time=0.835331s gap=-0.0000%
  [2/9] success=True status=optimal time=0.821919s gap=+0.0000%
  [3/9] success=True status=optimal time=0.847739s gap=+0.0000%
  [4/9] success=True status=optimal time=0.742474s gap=-0.0000%
  [5/9] success=True status=optimal time=0.695155s gap=-0.0000%
  [6/9] success=True status=optimal time=0.739518s gap=+0.0000%
  [7/9] success=True status=optimal time=0.793499s gap=-0.0000%
  [8/9] success=True status=optimal time=0.767637s gap=-0.0000%
  [9/9] success=True status=optimal time=0.802493s gap=+0.0000%
Run 4: best_pinn_model_pglib_opf_case300_ieee_10000epochs_20260723_051021.pth
  [1/9] success=True status=optimal time=0.808697s gap=-0.0000%
  [2/9] success=True status=optimal time=0.813988s gap=+0.0000%
  [3/9] success=True status=optimal time=0.756745s gap=+0.0000%
  [4/9] success=True status=optimal time=0.749977s gap=-0.0000%
  [5/9] success=True status=optimal time=0.782536s gap=-0.0000%
  [6/9] success=True status=optimal time=0.789066s gap=+0.0000%
  [7/9] success=True status=optimal time=0.781230s gap=-0.0000%
  [8/9] success=True status=optimal time=0.783029s gap=+0.0000%
  [9/9] success=True status=optimal time=0.803008s gap=+0.0000%
Run 5: best_pinn_model_pglib_opf_case300_ieee_10000epochs_20260723_051658.pth
  [1/9] success=True status=optimal time=0.832737s gap=+0.0000%
  [2/9] success=True status=optimal time=0.866133s gap=+0.0000%
  [3/9] success=True status=optimal time=0.905929s gap=-0.0000%
  [4/9] success=True status=optimal time=0.851295s gap=-0.0000%
  [5/9] success=True status=optimal time=0.861763s gap=-0.0000%
  [6/9] success=True status=optimal time=0.832665s gap=+0.0000%
  [7/9] success=True status=optimal time=0.736161s gap=-0.0000%
  [8/9] success=True status=optimal time=0.578668s gap=+0.0000%
  [9/9] success=True status=optimal time=0.782418s gap=-0.0000%

================ DC3 ================
Run 1: best_dc3_model_pglib_opf_case300_ieee_10000epochs_20260723_062300.pth
  [1/9] success=True status=optimal time=0.853955s gap=+0.0000%
  [2/9] success=True status=optimal time=0.913449s gap=-0.0000%
  [3/9] success=True status=optimal time=0.927647s gap=+0.0000%
  [4/9] success=True status=optimal time=0.847590s gap=-0.0000%
  [5/9] success=True status=optimal time=0.826461s gap=-0.0000%
  [6/9] success=True status=optimal time=0.836933s gap=-0.0000%
  [7/9] success=True status=optimal time=0.857903s gap=-0.0000%
  [8/9] success=True status=optimal time=0.798783s gap=+0.0000%
  [9/9] success=True status=optimal time=0.806201s gap=+0.0000%
Run 2: best_dc3_model_pglib_opf_case300_ieee_10000epochs_20260723_063933.pth
  [1/9] success=True status=optimal time=0.868083s gap=+0.0000%
  [2/9] success=True status=optimal time=0.759852s gap=+0.0000%
  [3/9] success=True status=optimal time=0.715085s gap=+0.0000%
  [4/9] success=True status=optimal time=0.707535s gap=+0.0000%
  [5/9] success=True status=optimal time=0.777425s gap=-0.0000%
  [6/9] success=True status=optimal time=0.727387s gap=+0.0000%
  [7/9] success=True status=optimal time=0.682180s gap=-0.0000%
  [8/9] success=True status=optimal time=0.613565s gap=-0.0000%
  [9/9] success=True status=optimal time=0.633115s gap=-0.0000%
Run 3: best_dc3_model_pglib_opf_case300_ieee_10000epochs_20260723_065605.pth
  [1/9] success=True status=optimal time=0.736233s gap=+0.0000%
  [2/9] success=True status=optimal time=0.786810s gap=+0.0000%
  [3/9] success=True status=optimal time=0.782060s gap=+0.0000%
  [4/9] success=True status=optimal time=0.776150s gap=-0.0000%
  [5/9] success=True status=optimal time=0.783155s gap=-0.0000%
  [6/9] success=True status=optimal time=0.716751s gap=+0.0000%
  [7/9] success=True status=optimal time=0.732494s gap=-0.0000%
  [8/9] success=True status=optimal time=0.676967s gap=+0.0000%
  [9/9] success=True status=optimal time=0.702510s gap=+0.0000%
Run 4: best_dc3_model_pglib_opf_case300_ieee_10000epochs_20260723_071229.pth
  [1/9] success=True status=optimal time=0.682238s gap=+0.0000%
  [2/9] success=True status=optimal time=0.696011s gap=-0.0000%
  [3/9] success=True status=optimal time=0.685529s gap=+0.0000%
  [4/9] success=True status=optimal time=0.698743s gap=+0.0000%
  [5/9] success=True status=optimal time=0.720763s gap=-0.0000%
  [6/9] success=True status=optimal time=0.708140s gap=-0.0000%
  [7/9] success=True status=optimal time=0.607741s gap=+0.0000%
  [8/9] success=True status=optimal time=0.676990s gap=+0.0000%
  [9/9] success=True status=optimal time=0.767397s gap=+0.0000%
Run 5: best_dc3_model_pglib_opf_case300_ieee_10000epochs_20260723_072901.pth
  [1/9] success=True status=optimal time=0.865241s gap=+0.0000%
  [2/9] success=True status=optimal time=0.859321s gap=+0.0000%
  [3/9] success=True status=optimal time=0.858597s gap=-0.0000%
  [4/9] success=True status=optimal time=0.748016s gap=+0.0000%
  [5/9] success=True status=optimal time=0.633795s gap=+0.0000%
  [6/9] success=True status=optimal time=0.639975s gap=+0.0000%
  [7/9] success=True status=optimal time=0.724201s gap=-0.0000%
  [8/9] success=True status=optimal time=0.808633s gap=-0.0000%
  [9/9] success=True status=optimal time=0.707323s gap=-0.0000%

================ FSNet ================
Run 1: best_fsnet_model_pglib_opf_case300_ieee_10000epochs_20260724_003124.pth
  [1/9] success=True status=optimal time=0.682825s gap=+0.0000%
  [2/9] success=True status=optimal time=0.714819s gap=-0.0000%
  [3/9] success=True status=optimal time=0.682662s gap=+0.0000%
  [4/9] success=True status=optimal time=0.785828s gap=-0.0000%
  [5/9] success=True status=optimal time=0.708055s gap=-0.0000%
  [6/9] success=True status=optimal time=0.747376s gap=+0.0000%
  [7/9] success=True status=optimal time=0.749285s gap=-0.0000%
  [8/9] success=True status=optimal time=0.707123s gap=+0.0000%
  [9/9] success=True status=optimal time=0.755865s gap=+0.0000%
Run 2: best_fsnet_model_pglib_opf_case300_ieee_10000epochs_20260724_010306.pth
  [1/9] success=True status=optimal time=0.684655s gap=+0.0000%
  [2/9] success=True status=optimal time=0.863200s gap=-0.0000%
  [3/9] success=True status=optimal time=0.881115s gap=+0.0000%
  [4/9] success=True status=optimal time=0.910082s gap=-0.0000%
  [5/9] success=True status=optimal time=1.035549s gap=-0.0000%
  [6/9] success=True status=optimal time=0.930701s gap=+0.0000%
  [7/9] success=True status=optimal time=1.139373s gap=-0.0000%
  [8/9] success=True status=optimal time=0.854453s gap=+0.0000%
  [9/9] success=True status=optimal time=0.900728s gap=-0.0000%
Run 3: best_fsnet_model_pglib_opf_case300_ieee_10000epochs_20260724_013347.pth
  [1/9] success=True status=optimal time=0.910577s gap=+0.0000%
  [2/9] success=True status=optimal time=0.880792s gap=-0.0000%
  [3/9] success=True status=optimal time=0.855037s gap=-0.0000%
  [4/9] success=True status=optimal time=0.813505s gap=-0.0000%
  [5/9] success=True status=optimal time=0.858686s gap=+0.0000%
  [6/9] success=True status=optimal time=0.777630s gap=+0.0000%
  [7/9] success=True status=optimal time=0.843398s gap=-0.0000%
  [8/9] success=True status=optimal time=0.734285s gap=+0.0000%
  [9/9] success=True status=optimal time=0.748603s gap=+0.0000%
Run 4: best_fsnet_model_pglib_opf_case300_ieee_10000epochs_20260724_020357.pth
  [1/9] success=True status=optimal time=0.721927s gap=+0.0000%
  [2/9] success=True status=optimal time=0.750159s gap=-0.0000%
  [3/9] success=True status=optimal time=0.786686s gap=+0.0000%
  [4/9] success=True status=optimal time=0.735978s gap=-0.0000%
  [5/9] success=True status=optimal time=0.798725s gap=+0.0000%
  [6/9] success=True status=optimal time=0.787137s gap=+0.0000%
  [7/9] success=True status=optimal time=0.824229s gap=-0.0000%
  [8/9] success=True status=optimal time=0.786197s gap=-0.0000%
  [9/9] success=True status=optimal time=0.782310s gap=-0.0000%
Run 5: best_fsnet_model_pglib_opf_case300_ieee_10000epochs_20260724_023440.pth
  [1/9] success=True status=optimal time=0.774249s gap=+0.0000%
  [2/9] success=True status=optimal time=0.727087s gap=-0.0000%
  [3/9] success=True status=optimal time=0.705004s gap=+0.0000%
  [4/9] success=True status=optimal time=0.666836s gap=+0.0000%
  [5/9] success=True status=optimal time=0.761359s gap=-0.0000%
  [6/9] success=True status=optimal time=0.732718s gap=+0.0000%
  [7/9] success=True status=optimal time=0.743930s gap=-0.0000%
  [8/9] success=True status=optimal time=0.735563s gap=-0.0000%
  [9/9] success=True status=optimal time=0.784246s gap=+0.0000%

================ KKT ================
Run 1: best_hardkkt_pglib_opf_case300_ieee_10000epochs_20260723_190025.pth
  [1/9] success=True status=optimal time=0.695524s gap=+0.0000%
  [2/9] success=True status=optimal time=0.694377s gap=-0.0000%
  [3/9] success=True status=optimal time=0.890666s gap=+0.0000%
  [4/9] success=True status=optimal time=1.033969s gap=-0.0000%
  [5/9] success=True status=optimal time=1.090542s gap=-0.0000%
  [6/9] success=True status=optimal time=1.064173s gap=+0.0000%
  [7/9] success=True status=optimal time=1.165995s gap=-0.0000%
  [8/9] success=True status=optimal time=0.909502s gap=-0.0000%
  [9/9] success=True status=optimal time=0.675939s gap=-0.0000%
Run 2: best_hardkkt_pglib_opf_case300_ieee_10000epochs_20260723_193621.pth
  [1/9] success=True status=optimal time=3.901090s gap=+0.0000%
  [2/9] success=True status=optimal time=0.671917s gap=-0.0000%
  [3/9] success=True status=optimal time=0.743205s gap=-0.0000%
  [4/9] success=True status=optimal time=0.733086s gap=-0.0000%
  [5/9] success=True status=optimal time=0.758905s gap=-0.0000%
  [6/9] success=True status=optimal time=0.736611s gap=+0.0000%
  [7/9] success=True status=optimal time=0.783330s gap=-0.0000%
  [8/9] success=True status=optimal time=0.693963s gap=+0.0000%
  [9/9] success=True status=optimal time=0.688494s gap=+0.0000%
Run 3: best_hardkkt_pglib_opf_case300_ieee_10000epochs_20260723_201123.pth
  [1/9] success=True status=optimal time=0.664770s gap=+0.0000%
  [2/9] success=True status=optimal time=0.685842s gap=-0.0000%
  [3/9] success=True status=optimal time=0.834973s gap=-0.0000%
  [4/9] success=True status=optimal time=0.808515s gap=-0.0000%
  [5/9] success=True status=optimal time=0.807909s gap=-0.0000%
  [6/9] success=True status=optimal time=0.785849s gap=-0.0000%
  [7/9] success=True status=optimal time=0.985923s gap=-0.0000%
  [8/9] success=True status=optimal time=0.844545s gap=-0.0000%
  [9/9] success=True status=optimal time=0.782039s gap=-0.0000%
Run 4: best_hardkkt_pglib_opf_case300_ieee_10000epochs_20260723_204704.pth
  [1/9] success=True status=optimal time=0.821217s gap=+0.0000%
  [2/9] success=True status=optimal time=0.817464s gap=-0.0000%
  [3/9] success=True status=optimal time=0.833023s gap=+0.0000%
  [4/9] success=True status=optimal time=0.767122s gap=-0.0000%
  [5/9] success=True status=optimal time=0.836418s gap=-0.0000%
  [6/9] success=True status=optimal time=0.842874s gap=+0.0000%
  [7/9] success=True status=optimal time=0.835131s gap=-0.0000%
  [8/9] success=True status=optimal time=0.816945s gap=+0.0000%
  [9/9] success=True status=optimal time=0.881986s gap=+0.0000%
Run 5: best_hardkkt_pglib_opf_case300_ieee_10000epochs_20260723_212158.pth
  [1/9] success=True status=optimal time=0.867446s gap=+0.0000%
  [2/9] success=True status=optimal time=0.931901s gap=-0.0000%
  [3/9] success=True status=optimal time=1.038899s gap=-0.0000%
  [4/9] success=True status=optimal time=1.136305s gap=+0.0000%
  [5/9] success=True status=optimal time=0.997056s gap=-0.0000%
  [6/9] success=True status=optimal time=0.973332s gap=+0.0000%
  [7/9] success=True status=optimal time=1.014820s gap=+0.0000%
  [8/9] success=True status=optimal time=0.942087s gap=+0.0000%
  [9/9] success=True status=optimal time=0.948474s gap=+0.0000%

================ Rahul's Model ================
Run 1: best_rahul_model_pglib_opf_case300_ieee_10000epochs_20260724_233544.pth
  [1/9] success=True status=optimal time=0.978884s gap=+0.0000%
  [2/9] success=True status=optimal time=0.972164s gap=-0.0000%
  [3/9] success=True status=optimal time=0.952549s gap=-0.0000%
  [4/9] success=True status=optimal time=0.923172s gap=+0.0000%
  [5/9] success=True status=optimal time=0.901691s gap=-0.0000%
  [6/9] success=True status=optimal time=0.966945s gap=+0.0000%
  [7/9] success=True status=optimal time=0.959904s gap=+0.0000%
  [8/9] success=True status=optimal time=0.894487s gap=-0.0000%
  [9/9] success=True status=optimal time=0.884253s gap=+0.0000%
Run 2: best_rahul_model_pglib_opf_case300_ieee_10000epochs_20260724_234750.pth
  [1/9] success=True status=optimal time=0.888088s gap=+0.0000%
  [2/9] success=True status=optimal time=0.936538s gap=+0.0000%
  [3/9] success=True status=optimal time=0.925984s gap=-0.0000%
  [4/9] success=True status=optimal time=0.853465s gap=-0.0000%
  [5/9] success=True status=optimal time=0.928554s gap=-0.0000%
  [6/9] success=True status=optimal time=0.917659s gap=+0.0000%
  [7/9] success=True status=optimal time=0.924489s gap=-0.0000%
  [8/9] success=True status=optimal time=0.892130s gap=-0.0000%
  [9/9] success=True status=optimal time=0.903017s gap=+0.0000%
Run 3: best_rahul_model_pglib_opf_case300_ieee_10000epochs_20260724_235952.pth
  [1/9] success=True status=optimal time=0.888638s gap=+0.0000%
  [2/9] success=True status=optimal time=0.895290s gap=+0.0000%
  [3/9] success=True status=optimal time=0.941284s gap=-0.0000%
  [4/9] success=True status=optimal time=0.902924s gap=-0.0000%
  [5/9] success=True status=optimal time=0.923275s gap=-0.0000%
  [6/9] success=True status=optimal time=0.929624s gap=+0.0000%
  [7/9] success=True status=optimal time=0.950106s gap=-0.0000%
  [8/9] success=True status=optimal time=0.886919s gap=+0.0000%
  [9/9] success=True status=optimal time=0.872497s gap=+0.0000%
Run 4: best_rahul_model_pglib_opf_case300_ieee_10000epochs_20260725_001150.pth
  [1/9] success=True status=optimal time=0.857180s gap=+0.0000%
  [2/9] success=True status=optimal time=0.864050s gap=-0.0000%
  [3/9] success=True status=optimal time=0.895149s gap=-0.0000%
  [4/9] success=True status=optimal time=0.819003s gap=+0.0000%
  [5/9] success=True status=optimal time=0.836190s gap=-0.0000%
  [6/9] success=True status=optimal time=0.826830s gap=+0.0000%
  [7/9] success=True status=optimal time=0.808875s gap=-0.0000%
  [8/9] success=True status=optimal time=0.762271s gap=-0.0000%
  [9/9] success=True status=optimal time=0.827649s gap=+0.0000%
Run 5: best_rahul_model_pglib_opf_case300_ieee_10000epochs_20260725_002350.pth
  [1/9] success=True status=optimal time=0.837324s gap=+0.0000%
  [2/9] success=True status=optimal time=0.801395s gap=+0.0000%
  [3/9] success=True status=optimal time=0.860047s gap=-0.0000%
  [4/9] success=True status=optimal time=0.802941s gap=-0.0000%
  [5/9] success=True status=optimal time=0.894619s gap=-0.0000%
  [6/9] success=True status=optimal time=0.919939s gap=+0.0000%
  [7/9] success=True status=optimal time=0.822668s gap=-0.0000%
  [8/9] success=True status=optimal time=0.803062s gap=+0.0000%
  [9/9] success=True status=optimal time=0.830073s gap=+0.0000%

Done.
============================================================
Finished : Mon Sep 21 11:21:00 +03 2026
Exit code: 0
============================================================
