============================================================
Array Job ID : 2330876
Task ID      : 42
Node         : node0017
Working dir  : /home/g202210120/projects/ACOPF-feasible
Case         : pglib_opf_case300_ieee
Bus          : 300
============================================================
Python executable:
/home/g202210120/.conda/envs/pytorch/bin/python
Python 3.11.15
Environment check:
PyTorch: 2.8.0+cu129
Pandas: 3.0.3
Pyomo: 6.10.1
Start index : 420
End index   : 430
Chunk ID    : 042
Start time  : Mon Sep 21 11:07:55 +03 2026
Command:
/home/g202210120/.conda/envs/pytorch/bin/python evaluate_warmstart_qcqp_array.py --case_name pglib_opf_case300_ieee --bus_number 300 --start_idx 420 --end_idx 430 --chunk_id 042 
Loading CURRENT dataset: ./dataset/pglib_opf_case300_ieee_10000.pt
QCQP matrices reconstructed in memory.
Selected test chunk [420, 430) with 10 instance(s); chunk=042

Building ORIGINAL matrix-QCQP Pyomo model...
Building Pyomo model (this happens only once)...
Model built successfully.

====================================================================
COLD IPOPT BASELINE: current formulation, current machine
====================================================================
  [   1/10] success=True status=optimal time=1.004691s cost=574657.484655
  [  10/10] success=True status=optimal time=0.944091s cost=569681.021477

Cold IPOPT reference success: 10/10 (100.00%)
Cold baseline saved -> result/warmstart_cold_case300_chunk042.csv
Proceeding with 10 common reference-feasible instances for every architecture and run.


================ PINN Baseline ================
Run 1: best_pinn_model_pglib_opf_case300_ieee_10000epochs_20260723_045017.pth
  [1/10] success=True status=optimal time=0.957505s gap=+0.0000%
  [2/10] success=True status=optimal time=0.868294s gap=+0.0000%
  [3/10] success=True status=optimal time=0.894086s gap=-0.0000%
  [4/10] success=True status=optimal time=0.867001s gap=-0.0000%
  [5/10] success=True status=optimal time=1.002505s gap=+0.0000%
  [6/10] success=True status=optimal time=0.917301s gap=+0.0000%
  [7/10] success=True status=optimal time=0.940796s gap=-0.0000%
  [8/10] success=True status=optimal time=0.839142s gap=+0.0000%
  [9/10] success=True status=optimal time=0.863253s gap=+0.0000%
  [10/10] success=True status=optimal time=0.861801s gap=-0.0000%
Run 2: best_pinn_model_pglib_opf_case300_ieee_10000epochs_20260723_045657.pth
  [1/10] success=True status=optimal time=0.946695s gap=+0.0000%
  [2/10] success=True status=optimal time=0.844313s gap=-0.0000%
  [3/10] success=True status=optimal time=0.854286s gap=+0.0000%
  [4/10] success=True status=optimal time=0.824605s gap=-0.0000%
  [5/10] success=True status=optimal time=0.888994s gap=-0.0000%
  [6/10] success=True status=optimal time=0.932587s gap=+0.0000%
  [7/10] success=True status=optimal time=0.925204s gap=+0.0000%
  [8/10] success=True status=optimal time=0.862591s gap=+0.0000%
  [9/10] success=True status=optimal time=0.955865s gap=+0.0000%
  [10/10] success=True status=optimal time=0.860024s gap=+0.0000%
Run 3: best_pinn_model_pglib_opf_case300_ieee_10000epochs_20260723_050339.pth
  [1/10] success=True status=optimal time=0.988681s gap=+0.0000%
  [2/10] success=True status=optimal time=0.876543s gap=-0.0000%
  [3/10] success=True status=optimal time=0.917853s gap=+0.0000%
  [4/10] success=True status=optimal time=0.950857s gap=-0.0000%
  [5/10] success=True status=optimal time=1.028570s gap=-0.0000%
  [6/10] success=True status=optimal time=0.930314s gap=+0.0000%
  [7/10] success=True status=optimal time=0.917954s gap=-0.0000%
  [8/10] success=True status=optimal time=0.864117s gap=+0.0000%
  [9/10] success=True status=optimal time=0.880132s gap=+0.0000%
  [10/10] success=True status=optimal time=0.870577s gap=-0.0000%
Run 4: best_pinn_model_pglib_opf_case300_ieee_10000epochs_20260723_051021.pth
  [1/10] success=True status=optimal time=0.943264s gap=+0.0000%
  [2/10] success=True status=optimal time=0.852078s gap=-0.0000%
  [3/10] success=True status=optimal time=0.854007s gap=-0.0000%
  [4/10] success=True status=optimal time=0.922930s gap=-0.0000%
  [5/10] success=True status=optimal time=0.982448s gap=-0.0000%
  [6/10] success=True status=optimal time=1.020823s gap=+0.0000%
  [7/10] success=True status=optimal time=0.950609s gap=+0.0000%
  [8/10] success=True status=optimal time=0.908175s gap=+0.0000%
  [9/10] success=True status=optimal time=0.918434s gap=+0.0000%
  [10/10] success=True status=optimal time=0.853497s gap=-0.0000%
Run 5: best_pinn_model_pglib_opf_case300_ieee_10000epochs_20260723_051658.pth
  [1/10] success=True status=optimal time=1.026037s gap=+0.0000%
  [2/10] success=True status=optimal time=0.880001s gap=-0.0000%
  [3/10] success=True status=optimal time=0.886130s gap=+0.0000%
  [4/10] success=True status=optimal time=0.893474s gap=+0.0000%
  [5/10] success=True status=optimal time=0.969834s gap=-0.0000%
  [6/10] success=True status=optimal time=0.967761s gap=+0.0000%
  [7/10] success=True status=optimal time=0.910399s gap=-0.0000%
  [8/10] success=True status=optimal time=0.877392s gap=+0.0000%
  [9/10] success=True status=optimal time=0.913495s gap=+0.0000%
  [10/10] success=True status=optimal time=0.842867s gap=-0.0000%

================ DC3 ================
Run 1: best_dc3_model_pglib_opf_case300_ieee_10000epochs_20260723_062300.pth
  [1/10] success=True status=optimal time=0.916108s gap=+0.0000%
  [2/10] success=True status=optimal time=0.831159s gap=-0.0000%
  [3/10] success=True status=optimal time=0.841752s gap=+0.0000%
  [4/10] success=True status=optimal time=0.843468s gap=-0.0000%
  [5/10] success=True status=optimal time=0.878595s gap=-0.0000%
  [6/10] success=True status=optimal time=0.899435s gap=+0.0000%
  [7/10] success=True status=optimal time=0.870600s gap=+0.0000%
  [8/10] success=True status=optimal time=0.804786s gap=+0.0000%
  [9/10] success=True status=optimal time=0.865564s gap=-0.0000%
  [10/10] success=True status=optimal time=0.793571s gap=-0.0000%
Run 2: best_dc3_model_pglib_opf_case300_ieee_10000epochs_20260723_063933.pth
  [1/10] success=True status=optimal time=0.787381s gap=-0.0000%
  [2/10] success=True status=optimal time=0.632878s gap=-0.0000%
  [3/10] success=True status=optimal time=0.628822s gap=+0.0000%
  [4/10] success=True status=optimal time=0.748923s gap=+0.0000%
  [5/10] success=True status=optimal time=0.938837s gap=-0.0000%
  [6/10] success=True status=optimal time=0.947655s gap=+0.0000%
  [7/10] success=True status=optimal time=0.851110s gap=-0.0000%
  [8/10] success=True status=optimal time=0.849826s gap=+0.0000%
  [9/10] success=True status=optimal time=0.865070s gap=-0.0000%
  [10/10] success=True status=optimal time=0.831233s gap=-0.0000%
Run 3: best_dc3_model_pglib_opf_case300_ieee_10000epochs_20260723_065605.pth
  [1/10] success=True status=optimal time=0.890105s gap=+0.0000%
  [2/10] success=True status=optimal time=0.840035s gap=-0.0000%
  [3/10] success=True status=optimal time=0.765265s gap=+0.0000%
  [4/10] success=True status=optimal time=0.830103s gap=+0.0000%
  [5/10] success=True status=optimal time=0.912539s gap=-0.0000%
  [6/10] success=True status=optimal time=0.886008s gap=+0.0000%
  [7/10] success=True status=optimal time=0.870598s gap=-0.0000%
  [8/10] success=True status=optimal time=0.863447s gap=+0.0000%
  [9/10] success=True status=optimal time=0.852329s gap=+0.0000%
  [10/10] success=True status=optimal time=0.733944s gap=-0.0000%
Run 4: best_dc3_model_pglib_opf_case300_ieee_10000epochs_20260723_071229.pth
  [1/10] success=True status=optimal time=0.743129s gap=+0.0000%
  [2/10] success=True status=optimal time=0.720819s gap=-0.0000%
  [3/10] success=True status=optimal time=0.781154s gap=+0.0000%
  [4/10] success=True status=optimal time=0.873307s gap=+0.0000%
  [5/10] success=True status=optimal time=0.940385s gap=-0.0000%
  [6/10] success=True status=optimal time=0.917535s gap=-0.0000%
  [7/10] success=True status=optimal time=0.897366s gap=-0.0000%
  [8/10] success=True status=optimal time=0.835038s gap=+0.0000%
  [9/10] success=True status=optimal time=0.849908s gap=+0.0000%
  [10/10] success=True status=optimal time=0.931144s gap=-0.0000%
Run 5: best_dc3_model_pglib_opf_case300_ieee_10000epochs_20260723_072901.pth
  [1/10] success=True status=optimal time=0.960871s gap=+0.0000%
  [2/10] success=True status=optimal time=0.836777s gap=-0.0000%
  [3/10] success=True status=optimal time=0.875113s gap=-0.0000%
  [4/10] success=True status=optimal time=0.795265s gap=+0.0000%
  [5/10] success=True status=optimal time=0.864239s gap=-0.0000%
  [6/10] success=True status=optimal time=0.869681s gap=+0.0000%
  [7/10] success=True status=optimal time=0.857560s gap=-0.0000%
  [8/10] success=True status=optimal time=0.803202s gap=+0.0000%
  [9/10] success=True status=optimal time=0.794167s gap=-0.0000%
  [10/10] success=True status=optimal time=0.576383s gap=-0.0000%

================ FSNet ================
Run 1: best_fsnet_model_pglib_opf_case300_ieee_10000epochs_20260724_003124.pth
  [1/10] success=True status=optimal time=0.773137s gap=+0.0000%
  [2/10] success=True status=optimal time=0.791093s gap=-0.0000%
  [3/10] success=True status=optimal time=0.821333s gap=-0.0000%
  [4/10] success=True status=optimal time=0.845345s gap=+0.0000%
  [5/10] success=True status=optimal time=0.975794s gap=-0.0000%
  [6/10] success=True status=optimal time=1.017558s gap=+0.0000%
  [7/10] success=True status=optimal time=0.885764s gap=-0.0000%
  [8/10] success=True status=optimal time=0.850006s gap=+0.0000%
  [9/10] success=True status=optimal time=0.884988s gap=+0.0000%
  [10/10] success=True status=optimal time=0.831419s gap=-0.0000%
Run 2: best_fsnet_model_pglib_opf_case300_ieee_10000epochs_20260724_010306.pth
  [1/10] success=True status=optimal time=0.925132s gap=+0.0000%
  [2/10] success=True status=optimal time=0.853800s gap=+0.0000%
  [3/10] success=True status=optimal time=0.883587s gap=+0.0000%
  [4/10] success=True status=optimal time=0.818554s gap=-0.0000%
  [5/10] success=True status=optimal time=0.845686s gap=-0.0000%
  [6/10] success=True status=optimal time=0.905338s gap=+0.0000%
  [7/10] success=True status=optimal time=0.890573s gap=-0.0000%
  [8/10] success=True status=optimal time=0.791672s gap=+0.0000%
  [9/10] success=True status=optimal time=0.936571s gap=+0.0000%
  [10/10] success=True status=optimal time=0.827367s gap=-0.0000%
Run 3: best_fsnet_model_pglib_opf_case300_ieee_10000epochs_20260724_013347.pth
  [1/10] success=True status=optimal time=0.810307s gap=+0.0000%
  [2/10] success=True status=optimal time=0.729601s gap=+0.0000%
  [3/10] success=True status=optimal time=0.814693s gap=+0.0000%
  [4/10] success=True status=optimal time=0.800627s gap=+0.0000%
  [5/10] success=True status=optimal time=0.856175s gap=-0.0000%
  [6/10] success=True status=optimal time=0.890335s gap=+0.0000%
  [7/10] success=True status=optimal time=0.678300s gap=+0.0000%
  [8/10] success=True status=optimal time=0.676575s gap=+0.0000%
  [9/10] success=True status=optimal time=0.807145s gap=-0.0000%
  [10/10] success=True status=optimal time=0.829476s gap=-0.0000%
Run 4: best_fsnet_model_pglib_opf_case300_ieee_10000epochs_20260724_020357.pth
  [1/10] success=True status=optimal time=0.877506s gap=+0.0000%
  [2/10] success=True status=optimal time=0.828114s gap=-0.0000%
  [3/10] success=True status=optimal time=0.874970s gap=+0.0000%
  [4/10] success=True status=optimal time=0.878371s gap=+0.0000%
  [5/10] success=True status=optimal time=0.869943s gap=-0.0000%
  [6/10] success=True status=optimal time=0.824747s gap=+0.0000%
  [7/10] success=True status=optimal time=0.724301s gap=+0.0000%
  [8/10] success=True status=optimal time=0.614129s gap=+0.0000%
  [9/10] success=True status=optimal time=0.928282s gap=+0.0000%
  [10/10] success=True status=optimal time=0.866139s gap=-0.0000%
Run 5: best_fsnet_model_pglib_opf_case300_ieee_10000epochs_20260724_023440.pth
  [1/10] success=True status=optimal time=0.781498s gap=+0.0000%
  [2/10] success=True status=optimal time=0.714389s gap=-0.0000%
  [3/10] success=True status=optimal time=0.656311s gap=+0.0000%
  [4/10] success=True status=optimal time=0.668016s gap=+0.0000%
  [5/10] success=True status=optimal time=0.717872s gap=-0.0000%
  [6/10] success=True status=optimal time=0.853311s gap=+0.0000%
  [7/10] success=True status=optimal time=0.733826s gap=-0.0000%
  [8/10] success=True status=optimal time=0.708834s gap=+0.0000%
  [9/10] success=True status=optimal time=0.742217s gap=+0.0000%
  [10/10] success=True status=optimal time=0.705287s gap=-0.0000%

================ KKT ================
Run 1: best_hardkkt_pglib_opf_case300_ieee_10000epochs_20260723_190025.pth
  [1/10] success=True status=optimal time=0.773670s gap=+0.0000%
  [2/10] success=True status=optimal time=0.757281s gap=-0.0000%
  [3/10] success=True status=optimal time=0.770861s gap=+0.0000%
  [4/10] success=True status=optimal time=0.701231s gap=+0.0000%
  [5/10] success=True status=optimal time=0.687263s gap=-0.0000%
  [6/10] success=True status=optimal time=0.715841s gap=+0.0000%
  [7/10] success=True status=optimal time=0.653163s gap=-0.0000%
  [8/10] success=True status=optimal time=0.634726s gap=+0.0000%
  [9/10] success=True status=optimal time=0.828772s gap=+0.0000%
  [10/10] success=True status=optimal time=0.795834s gap=-0.0000%
Run 2: best_hardkkt_pglib_opf_case300_ieee_10000epochs_20260723_193621.pth
  [1/10] success=True status=optimal time=0.798973s gap=+0.0000%
  [2/10] success=True status=optimal time=0.748929s gap=+0.0000%
  [3/10] success=True status=optimal time=0.790710s gap=+0.0000%
  [4/10] success=True status=optimal time=0.831870s gap=+0.0000%
  [5/10] success=True status=optimal time=1.022782s gap=-0.0000%
  [6/10] success=True status=optimal time=1.001080s gap=+0.0000%
  [7/10] success=True status=optimal time=1.033644s gap=+0.0000%
  [8/10] success=True status=optimal time=0.970151s gap=+0.0000%
  [9/10] success=True status=optimal time=1.107100s gap=-0.0000%
  [10/10] success=True status=optimal time=1.039996s gap=-0.0000%
Run 3: best_hardkkt_pglib_opf_case300_ieee_10000epochs_20260723_201123.pth
  [1/10] success=True status=optimal time=0.954795s gap=+0.0000%
  [2/10] success=True status=optimal time=0.857833s gap=-0.0000%
  [3/10] success=True status=optimal time=0.892884s gap=+0.0000%
  [4/10] success=True status=optimal time=0.934745s gap=-0.0000%
  [5/10] success=True status=optimal time=0.962620s gap=-0.0000%
  [6/10] success=True status=optimal time=0.893890s gap=+0.0000%
  [7/10] success=True status=optimal time=0.938324s gap=-0.0000%
  [8/10] success=True status=optimal time=0.880557s gap=+0.0000%
  [9/10] success=True status=optimal time=0.893681s gap=-0.0000%
  [10/10] success=True status=optimal time=0.941082s gap=-0.0000%
Run 4: best_hardkkt_pglib_opf_case300_ieee_10000epochs_20260723_204704.pth
  [1/10] success=True status=optimal time=0.996471s gap=+0.0000%
  [2/10] success=True status=optimal time=0.833017s gap=-0.0000%
  [3/10] success=True status=optimal time=0.853585s gap=+0.0000%
  [4/10] success=True status=optimal time=0.818603s gap=+0.0000%
  [5/10] success=True status=optimal time=0.885152s gap=-0.0000%
  [6/10] success=True status=optimal time=0.892045s gap=+0.0000%
  [7/10] success=True status=optimal time=0.896138s gap=+0.0000%
  [8/10] success=True status=optimal time=0.824497s gap=+0.0000%
  [9/10] success=True status=optimal time=0.820383s gap=-0.0000%
  [10/10] success=True status=optimal time=0.793843s gap=-0.0000%
Run 5: best_hardkkt_pglib_opf_case300_ieee_10000epochs_20260723_212158.pth
  [1/10] success=True status=optimal time=0.863727s gap=+0.0000%
  [2/10] success=True status=optimal time=0.796887s gap=-0.0000%
  [3/10] success=True status=optimal time=0.862938s gap=-0.0000%
  [4/10] success=True status=optimal time=0.984895s gap=-0.0000%
  [5/10] success=True status=optimal time=0.947777s gap=-0.0000%
  [6/10] success=True status=optimal time=0.980784s gap=+0.0000%
  [7/10] success=True status=optimal time=0.924105s gap=+0.0000%
  [8/10] success=True status=optimal time=0.994107s gap=+0.0000%
  [9/10] success=True status=optimal time=0.976005s gap=+0.0000%
  [10/10] success=True status=optimal time=0.972836s gap=-0.0000%

================ Rahul's Model ================
Run 1: best_rahul_model_pglib_opf_case300_ieee_10000epochs_20260724_233544.pth
  [1/10] success=True status=optimal time=1.109288s gap=+0.0000%
  [2/10] success=True status=optimal time=1.093745s gap=-0.0000%
  [3/10] success=True status=optimal time=1.037585s gap=+0.0000%
  [4/10] success=True status=optimal time=0.971413s gap=-0.0000%
  [5/10] success=True status=optimal time=1.027628s gap=-0.0000%
  [6/10] success=True status=optimal time=1.075956s gap=-0.0000%
  [7/10] success=True status=optimal time=1.044368s gap=+0.0000%
  [8/10] success=True status=optimal time=0.963024s gap=+0.0000%
  [9/10] success=True status=optimal time=0.905681s gap=+0.0000%
  [10/10] success=True status=optimal time=0.887462s gap=-0.0000%
Run 2: best_rahul_model_pglib_opf_case300_ieee_10000epochs_20260724_234750.pth
  [1/10] success=True status=optimal time=0.826792s gap=+0.0000%
  [2/10] success=True status=optimal time=0.634198s gap=+0.0000%
  [3/10] success=True status=optimal time=0.878269s gap=-0.0000%
  [4/10] success=True status=optimal time=0.936829s gap=-0.0000%
  [5/10] success=True status=optimal time=1.072108s gap=-0.0000%
  [6/10] success=True status=optimal time=1.025349s gap=+0.0000%
  [7/10] success=True status=optimal time=0.974766s gap=+0.0000%
  [8/10] success=True status=optimal time=0.910115s gap=+0.0000%
  [9/10] success=True status=optimal time=0.910060s gap=-0.0000%
  [10/10] success=True status=optimal time=0.872739s gap=-0.0000%
Run 3: best_rahul_model_pglib_opf_case300_ieee_10000epochs_20260724_235952.pth
  [1/10] success=True status=optimal time=0.987587s gap=+0.0000%
  [2/10] success=True status=optimal time=0.829948s gap=+0.0000%
  [3/10] success=True status=optimal time=0.875189s gap=+0.0000%
  [4/10] success=True status=optimal time=0.874172s gap=+0.0000%
  [5/10] success=True status=optimal time=0.919415s gap=-0.0000%
  [6/10] success=True status=optimal time=0.929887s gap=+0.0000%
  [7/10] success=True status=optimal time=0.922998s gap=+0.0000%
  [8/10] success=True status=optimal time=0.886260s gap=+0.0000%
  [9/10] success=True status=optimal time=0.860248s gap=+0.0000%
  [10/10] success=True status=optimal time=0.834207s gap=-0.0000%
Run 4: best_rahul_model_pglib_opf_case300_ieee_10000epochs_20260725_001150.pth
  [1/10] success=True status=optimal time=0.896171s gap=+0.0000%
  [2/10] success=True status=optimal time=0.808057s gap=-0.0000%
  [3/10] success=True status=optimal time=0.847607s gap=+0.0000%
  [4/10] success=True status=optimal time=0.862899s gap=-0.0000%
  [5/10] success=True status=optimal time=0.955764s gap=-0.0000%
  [6/10] success=True status=optimal time=0.903685s gap=+0.0000%
  [7/10] success=True status=optimal time=0.836763s gap=+0.0000%
  [8/10] success=True status=optimal time=0.870267s gap=+0.0000%
  [9/10] success=True status=optimal time=0.790669s gap=-0.0000%
  [10/10] success=True status=optimal time=0.753800s gap=-0.0000%
Run 5: best_rahul_model_pglib_opf_case300_ieee_10000epochs_20260725_002350.pth
  [1/10] success=True status=optimal time=0.842840s gap=+0.0000%
  [2/10] success=True status=optimal time=0.744804s gap=+0.0000%
  [3/10] success=True status=optimal time=0.862875s gap=-0.0000%
  [4/10] success=True status=optimal time=0.819567s gap=+0.0000%
  [5/10] success=True status=optimal time=0.916824s gap=-0.0000%
  [6/10] success=True status=optimal time=0.916096s gap=+0.0000%
  [7/10] success=True status=optimal time=0.895807s gap=-0.0000%
  [8/10] success=True status=optimal time=0.804916s gap=+0.0000%
  [9/10] success=True status=optimal time=0.884150s gap=-0.0000%
  [10/10] success=True status=optimal time=0.858747s gap=-0.0000%

Done.
============================================================
Finished : Mon Sep 21 11:11:57 +03 2026
Exit code: 0
============================================================
