============================================================
Array Job ID : 2330876
Task ID      : 14
Node         : node0020
Working dir  : /home/g202210120/projects/ACOPF-feasible
Case         : pglib_opf_case300_ieee
Bus          : 300
============================================================
Python executable:
/home/g202210120/.conda/envs/pytorch/bin/python
Python 3.11.15
Environment check:
PyTorch: 2.8.0+cu129
Pandas: 3.0.3
Pyomo: 6.10.1
Start index : 140
End index   : 150
Chunk ID    : 014
Start time  : Mon Sep 21 10:55:44 +03 2026
Command:
/home/g202210120/.conda/envs/pytorch/bin/python evaluate_warmstart_qcqp_array.py --case_name pglib_opf_case300_ieee --bus_number 300 --start_idx 140 --end_idx 150 --chunk_id 014 
Loading CURRENT dataset: ./dataset/pglib_opf_case300_ieee_10000.pt
QCQP matrices reconstructed in memory.
Selected test chunk [140, 150) with 10 instance(s); chunk=014

Building ORIGINAL matrix-QCQP Pyomo model...
Building Pyomo model (this happens only once)...
Model built successfully.

====================================================================
COLD IPOPT BASELINE: current formulation, current machine
====================================================================
  [   1/10] success=True status=optimal time=0.848139s cost=561208.987861
WARNING: Loading a SolverResults object with a warning status into
model.name="unknown";
    - termination condition: maxIterations
    - message from solver: Ipopt 3.14.19\x3a Maximum CPU Time Exceeded.
  [   7/10] success=False status=maxIterations time=26.801025s cost=nan
  [  10/10] success=True status=optimal time=0.755631s cost=558966.958198

Cold IPOPT reference success: 9/10 (90.00%)
Cold IPOPT failed on 1 instance(s).
Failed Instance_ID(s): [146]
These instances are excluded from the paired NN-initialized IPOPT comparison.
Cold baseline saved -> result/warmstart_cold_case300_chunk014.csv
Proceeding with 9 common reference-feasible instances for every architecture and run.


================ PINN Baseline ================
Run 1: best_pinn_model_pglib_opf_case300_ieee_10000epochs_20260723_045017.pth
  [1/9] success=True status=optimal time=0.825808s gap=+0.0000%
  [2/9] success=True status=optimal time=0.822504s gap=+0.0000%
  [3/9] success=True status=optimal time=0.835199s gap=-0.0000%
  [4/9] success=True status=optimal time=0.784576s gap=+0.0000%
  [5/9] success=True status=optimal time=0.754201s gap=+0.0000%
  [6/9] success=True status=optimal time=0.836400s gap=-0.0000%
  [7/9] success=True status=optimal time=0.760665s gap=+0.0000%
  [8/9] success=True status=optimal time=0.775760s gap=+0.0000%
  [9/9] success=True status=optimal time=0.709876s gap=-0.0000%
Run 2: best_pinn_model_pglib_opf_case300_ieee_10000epochs_20260723_045657.pth
  [1/9] success=True status=optimal time=0.725686s gap=+0.0000%
  [2/9] success=True status=optimal time=0.752073s gap=-0.0000%
  [3/9] success=True status=optimal time=0.782292s gap=+0.0000%
  [4/9] success=True status=optimal time=0.716626s gap=-0.0000%
  [5/9] success=True status=optimal time=0.798861s gap=+0.0000%
  [6/9] success=True status=optimal time=0.874971s gap=-0.0000%
  [7/9] success=True status=optimal time=0.817813s gap=+0.0000%
  [8/9] success=True status=optimal time=0.831147s gap=+0.0000%
  [9/9] success=True status=optimal time=0.776472s gap=-0.0000%
Run 3: best_pinn_model_pglib_opf_case300_ieee_10000epochs_20260723_050339.pth
  [1/9] success=True status=optimal time=0.793273s gap=+0.0000%
  [2/9] success=True status=optimal time=0.857687s gap=+0.0000%
  [3/9] success=True status=optimal time=0.893766s gap=-0.0000%
  [4/9] success=True status=optimal time=0.847995s gap=+0.0000%
  [5/9] success=True status=optimal time=0.825001s gap=+0.0000%
  [6/9] success=True status=optimal time=0.835901s gap=-0.0000%
  [7/9] success=True status=optimal time=0.773118s gap=+0.0000%
  [8/9] success=True status=optimal time=0.810552s gap=+0.0000%
  [9/9] success=True status=optimal time=0.737004s gap=-0.0000%
Run 4: best_pinn_model_pglib_opf_case300_ieee_10000epochs_20260723_051021.pth
  [1/9] success=True status=optimal time=0.757901s gap=+0.0000%
  [2/9] success=True status=optimal time=0.765520s gap=+0.0000%
  [3/9] success=True status=optimal time=0.779188s gap=-0.0000%
  [4/9] success=True status=optimal time=0.752021s gap=+0.0000%
  [5/9] success=True status=optimal time=0.655087s gap=+0.0000%
  [6/9] success=True status=optimal time=0.685409s gap=-0.0000%
  [7/9] success=True status=optimal time=0.650986s gap=-0.0000%
  [8/9] success=True status=optimal time=0.705101s gap=+0.0000%
  [9/9] success=True status=optimal time=0.802836s gap=-0.0000%
Run 5: best_pinn_model_pglib_opf_case300_ieee_10000epochs_20260723_051658.pth
  [1/9] success=True status=optimal time=0.805213s gap=+0.0000%
  [2/9] success=True status=optimal time=0.843074s gap=+0.0000%
  [3/9] success=True status=optimal time=0.929949s gap=+0.0000%
  [4/9] success=True status=optimal time=0.926201s gap=+0.0000%
  [5/9] success=True status=optimal time=0.893589s gap=+0.0000%
  [6/9] success=True status=optimal time=0.889066s gap=-0.0000%
  [7/9] success=True status=optimal time=0.794657s gap=+0.0000%
  [8/9] success=True status=optimal time=0.853767s gap=+0.0000%
  [9/9] success=True status=optimal time=0.820994s gap=-0.0000%

================ DC3 ================
Run 1: best_dc3_model_pglib_opf_case300_ieee_10000epochs_20260723_062300.pth
  [1/9] success=True status=optimal time=0.894115s gap=+0.0000%
  [2/9] success=True status=optimal time=0.844180s gap=+0.0000%
  [3/9] success=True status=optimal time=0.870046s gap=-0.0000%
  [4/9] success=True status=optimal time=0.816999s gap=+0.0000%
  [5/9] success=True status=optimal time=0.777218s gap=+0.0000%
  [6/9] success=True status=optimal time=0.855591s gap=-0.0000%
  [7/9] success=True status=optimal time=0.811572s gap=+0.0000%
  [8/9] success=True status=optimal time=0.810139s gap=+0.0000%
  [9/9] success=True status=optimal time=0.782015s gap=-0.0000%
Run 2: best_dc3_model_pglib_opf_case300_ieee_10000epochs_20260723_063933.pth
  [1/9] success=True status=optimal time=0.781846s gap=+0.0000%
  [2/9] success=True status=optimal time=0.831219s gap=+0.0000%
  [3/9] success=True status=optimal time=0.883884s gap=-0.0000%
  [4/9] success=True status=optimal time=0.843784s gap=-0.0000%
  [5/9] success=True status=optimal time=0.791967s gap=-0.0000%
  [6/9] success=True status=optimal time=0.826941s gap=-0.0000%
  [7/9] success=True status=optimal time=0.788968s gap=+0.0000%
  [8/9] success=True status=optimal time=0.800322s gap=+0.0000%
  [9/9] success=True status=optimal time=0.755139s gap=-0.0000%
Run 3: best_dc3_model_pglib_opf_case300_ieee_10000epochs_20260723_065605.pth
  [1/9] success=True status=optimal time=0.777702s gap=+0.0000%
  [2/9] success=True status=optimal time=0.807014s gap=+0.0000%
  [3/9] success=True status=optimal time=0.854691s gap=-0.0000%
  [4/9] success=True status=optimal time=0.779881s gap=+0.0000%
  [5/9] success=True status=optimal time=0.760069s gap=+0.0000%
  [6/9] success=True status=optimal time=0.827412s gap=-0.0000%
  [7/9] success=True status=optimal time=0.749822s gap=+0.0000%
  [8/9] success=True status=optimal time=0.799987s gap=+0.0000%
  [9/9] success=True status=optimal time=0.710991s gap=-0.0000%
Run 4: best_dc3_model_pglib_opf_case300_ieee_10000epochs_20260723_071229.pth
  [1/9] success=True status=optimal time=0.745642s gap=+0.0000%
  [2/9] success=True status=optimal time=0.784507s gap=+0.0000%
  [3/9] success=True status=optimal time=0.806133s gap=+0.0000%
  [4/9] success=True status=optimal time=0.761707s gap=+0.0000%
  [5/9] success=True status=optimal time=0.759381s gap=+0.0000%
  [6/9] success=True status=optimal time=0.805981s gap=-0.0000%
  [7/9] success=True status=optimal time=0.751552s gap=+0.0000%
  [8/9] success=True status=optimal time=0.773402s gap=+0.0000%
  [9/9] success=True status=optimal time=0.718450s gap=-0.0000%
Run 5: best_dc3_model_pglib_opf_case300_ieee_10000epochs_20260723_072901.pth
  [1/9] success=True status=optimal time=0.733873s gap=+0.0000%
  [2/9] success=True status=optimal time=0.761891s gap=+0.0000%
  [3/9] success=True status=optimal time=0.895308s gap=-0.0000%
  [4/9] success=True status=optimal time=0.840622s gap=+0.0000%
  [5/9] success=True status=optimal time=0.811075s gap=+0.0000%
  [6/9] success=True status=optimal time=0.874450s gap=-0.0000%
  [7/9] success=True status=optimal time=0.821601s gap=+0.0000%
  [8/9] success=True status=optimal time=0.817221s gap=+0.0000%
  [9/9] success=True status=optimal time=0.799629s gap=-0.0000%

================ FSNet ================
Run 1: best_fsnet_model_pglib_opf_case300_ieee_10000epochs_20260724_003124.pth
  [1/9] success=True status=optimal time=0.823339s gap=+0.0000%
  [2/9] success=True status=optimal time=0.812213s gap=+0.0000%
  [3/9] success=True status=optimal time=0.870422s gap=-0.0000%
  [4/9] success=True status=optimal time=0.784017s gap=-0.0000%
  [5/9] success=True status=optimal time=0.760955s gap=+0.0000%
  [6/9] success=True status=optimal time=0.775743s gap=-0.0000%
  [7/9] success=True status=optimal time=0.683242s gap=+0.0000%
  [8/9] success=True status=optimal time=0.704165s gap=+0.0000%
  [9/9] success=True status=optimal time=0.616618s gap=-0.0000%
Run 2: best_fsnet_model_pglib_opf_case300_ieee_10000epochs_20260724_010306.pth
  [1/9] success=True status=optimal time=0.679477s gap=+0.0000%
  [2/9] success=True status=optimal time=0.701785s gap=+0.0000%
  [3/9] success=True status=optimal time=0.756333s gap=+0.0000%
  [4/9] success=True status=optimal time=0.769641s gap=-0.0000%
  [5/9] success=True status=optimal time=0.739803s gap=+0.0000%
  [6/9] success=True status=optimal time=0.818261s gap=+0.0000%
  [7/9] success=True status=optimal time=0.797431s gap=+0.0000%
  [8/9] success=True status=optimal time=0.867944s gap=+0.0000%
  [9/9] success=True status=optimal time=0.827171s gap=-0.0000%
Run 3: best_fsnet_model_pglib_opf_case300_ieee_10000epochs_20260724_013347.pth
  [1/9] success=True status=optimal time=0.861958s gap=+0.0000%
  [2/9] success=True status=optimal time=0.935845s gap=+0.0000%
  [3/9] success=True status=optimal time=1.003391s gap=-0.0000%
  [4/9] success=True status=optimal time=0.904562s gap=+0.0000%
  [5/9] success=True status=optimal time=0.855679s gap=+0.0000%
  [6/9] success=True status=optimal time=0.926441s gap=-0.0000%
  [7/9] success=True status=optimal time=0.853411s gap=+0.0000%
  [8/9] success=True status=optimal time=1.004118s gap=+0.0000%
  [9/9] success=True status=optimal time=0.797910s gap=-0.0000%
Run 4: best_fsnet_model_pglib_opf_case300_ieee_10000epochs_20260724_020357.pth
  [1/9] success=True status=optimal time=0.880301s gap=+0.0000%
  [2/9] success=True status=optimal time=0.887019s gap=+0.0000%
  [3/9] success=True status=optimal time=0.908559s gap=-0.0000%
  [4/9] success=True status=optimal time=0.892287s gap=-0.0000%
  [5/9] success=True status=optimal time=0.906775s gap=+0.0000%
  [6/9] success=True status=optimal time=0.947226s gap=+0.0000%
  [7/9] success=True status=optimal time=0.972714s gap=+0.0000%
  [8/9] success=True status=optimal time=0.882255s gap=+0.0000%
  [9/9] success=True status=optimal time=0.857545s gap=-0.0000%
Run 5: best_fsnet_model_pglib_opf_case300_ieee_10000epochs_20260724_023440.pth
  [1/9] success=True status=optimal time=0.903272s gap=+0.0000%
  [2/9] success=True status=optimal time=0.910943s gap=+0.0000%
  [3/9] success=True status=optimal time=0.954923s gap=+0.0000%
  [4/9] success=True status=optimal time=0.875529s gap=-0.0000%
  [5/9] success=True status=optimal time=0.839564s gap=+0.0000%
  [6/9] success=True status=optimal time=0.904246s gap=-0.0000%
  [7/9] success=True status=optimal time=0.792471s gap=+0.0000%
  [8/9] success=True status=optimal time=0.834737s gap=+0.0000%
  [9/9] success=True status=optimal time=0.809742s gap=+0.0000%

================ KKT ================
Run 1: best_hardkkt_pglib_opf_case300_ieee_10000epochs_20260723_190025.pth
  [1/9] success=True status=optimal time=0.858822s gap=+0.0000%
  [2/9] success=True status=optimal time=0.854162s gap=+0.0000%
  [3/9] success=True status=optimal time=0.896984s gap=-0.0000%
  [4/9] success=True status=optimal time=0.861229s gap=-0.0000%
  [5/9] success=True status=optimal time=0.837101s gap=+0.0000%
  [6/9] success=True status=optimal time=0.899230s gap=-0.0000%
  [7/9] success=True status=optimal time=0.852484s gap=+0.0000%
  [8/9] success=True status=optimal time=0.864992s gap=+0.0000%
  [9/9] success=True status=optimal time=0.813203s gap=+0.0000%
Run 2: best_hardkkt_pglib_opf_case300_ieee_10000epochs_20260723_193621.pth
  [1/9] success=True status=optimal time=0.758661s gap=+0.0000%
  [2/9] success=True status=optimal time=0.755858s gap=+0.0000%
  [3/9] success=True status=optimal time=0.782138s gap=-0.0000%
  [4/9] success=True status=optimal time=0.724475s gap=-0.0000%
  [5/9] success=True status=optimal time=0.716900s gap=+0.0000%
  [6/9] success=True status=optimal time=0.797224s gap=-0.0000%
  [7/9] success=True status=optimal time=0.668617s gap=+0.0000%
  [8/9] success=True status=optimal time=0.714476s gap=+0.0000%
  [9/9] success=True status=optimal time=0.709067s gap=+0.0000%
Run 3: best_hardkkt_pglib_opf_case300_ieee_10000epochs_20260723_201123.pth
  [1/9] success=True status=optimal time=0.779798s gap=+0.0000%
  [2/9] success=True status=optimal time=0.903051s gap=+0.0000%
  [3/9] success=True status=optimal time=1.009148s gap=+0.0000%
  [4/9] success=True status=optimal time=0.927147s gap=-0.0000%
  [5/9] success=True status=optimal time=0.872031s gap=+0.0000%
  [6/9] success=True status=optimal time=0.959113s gap=-0.0000%
  [7/9] success=True status=optimal time=0.859695s gap=+0.0000%
  [8/9] success=True status=optimal time=0.921939s gap=+0.0000%
  [9/9] success=True status=optimal time=0.852581s gap=-0.0000%
Run 4: best_hardkkt_pglib_opf_case300_ieee_10000epochs_20260723_204704.pth
  [1/9] success=True status=optimal time=0.867851s gap=+0.0000%
  [2/9] success=True status=optimal time=0.856192s gap=-0.0000%
  [3/9] success=True status=optimal time=0.912771s gap=+0.0000%
  [4/9] success=True status=optimal time=0.868686s gap=+0.0000%
  [5/9] success=True status=optimal time=0.792909s gap=+0.0000%
  [6/9] success=True status=optimal time=0.870157s gap=-0.0000%
  [7/9] success=True status=optimal time=0.755404s gap=+0.0000%
  [8/9] success=True status=optimal time=0.763654s gap=+0.0000%
  [9/9] success=True status=optimal time=0.689846s gap=-0.0000%
Run 5: best_hardkkt_pglib_opf_case300_ieee_10000epochs_20260723_212158.pth
  [1/9] success=True status=optimal time=0.805414s gap=+0.0000%
  [2/9] success=True status=optimal time=0.860210s gap=-0.0000%
  [3/9] success=True status=optimal time=0.886950s gap=-0.0000%
  [4/9] success=True status=optimal time=0.820281s gap=-0.0000%
  [5/9] success=True status=optimal time=0.832437s gap=+0.0000%
  [6/9] success=True status=optimal time=0.877638s gap=-0.0000%
  [7/9] success=True status=optimal time=0.938945s gap=+0.0000%
  [8/9] success=True status=optimal time=0.984792s gap=+0.0000%
  [9/9] success=True status=optimal time=0.928871s gap=+0.0000%

================ Rahul's Model ================
Run 1: best_rahul_model_pglib_opf_case300_ieee_10000epochs_20260724_233544.pth
  [1/9] success=True status=optimal time=0.989004s gap=+0.0000%
  [2/9] success=True status=optimal time=1.037389s gap=+0.0000%
  [3/9] success=True status=optimal time=1.095074s gap=-0.0000%
  [4/9] success=True status=optimal time=0.994809s gap=+0.0000%
  [5/9] success=True status=optimal time=0.939950s gap=+0.0000%
  [6/9] success=True status=optimal time=0.983881s gap=+0.0000%
  [7/9] success=True status=optimal time=0.953513s gap=-0.0000%
  [8/9] success=True status=optimal time=1.080794s gap=+0.0000%
  [9/9] success=True status=optimal time=0.910865s gap=-0.0000%
Run 2: best_rahul_model_pglib_opf_case300_ieee_10000epochs_20260724_234750.pth
  [1/9] success=True status=optimal time=0.918226s gap=+0.0000%
  [2/9] success=True status=optimal time=0.937540s gap=+0.0000%
  [3/9] success=True status=optimal time=1.000460s gap=-0.0000%
  [4/9] success=True status=optimal time=0.954000s gap=-0.0000%
  [5/9] success=True status=optimal time=0.893163s gap=+0.0000%
  [6/9] success=True status=optimal time=0.972402s gap=-0.0000%
  [7/9] success=True status=optimal time=0.955757s gap=-0.0000%
  [8/9] success=True status=optimal time=0.948928s gap=+0.0000%
  [9/9] success=True status=optimal time=0.913691s gap=+0.0000%
Run 3: best_rahul_model_pglib_opf_case300_ieee_10000epochs_20260724_235952.pth
  [1/9] success=True status=optimal time=0.920711s gap=+0.0000%
  [2/9] success=True status=optimal time=0.989361s gap=+0.0000%
  [3/9] success=True status=optimal time=0.956252s gap=+0.0000%
  [4/9] success=True status=optimal time=0.899768s gap=+0.0000%
  [5/9] success=True status=optimal time=0.870086s gap=+0.0000%
  [6/9] success=True status=optimal time=0.934455s gap=-0.0000%
  [7/9] success=True status=optimal time=0.870340s gap=+0.0000%
  [8/9] success=True status=optimal time=0.879298s gap=+0.0000%
  [9/9] success=True status=optimal time=0.873932s gap=-0.0000%
Run 4: best_rahul_model_pglib_opf_case300_ieee_10000epochs_20260725_001150.pth
  [1/9] success=True status=optimal time=0.888853s gap=+0.0000%
  [2/9] success=True status=optimal time=0.910465s gap=+0.0000%
  [3/9] success=True status=optimal time=0.918325s gap=-0.0000%
  [4/9] success=True status=optimal time=0.970447s gap=-0.0000%
  [5/9] success=True status=optimal time=0.844816s gap=+0.0000%
  [6/9] success=True status=optimal time=0.642086s gap=-0.0000%
  [7/9] success=True status=optimal time=0.731696s gap=+0.0000%
  [8/9] success=True status=optimal time=0.762514s gap=+0.0000%
  [9/9] success=True status=optimal time=0.663674s gap=-0.0000%
Run 5: best_rahul_model_pglib_opf_case300_ieee_10000epochs_20260725_002350.pth
  [1/9] success=True status=optimal time=0.680024s gap=+0.0000%
  [2/9] success=True status=optimal time=0.707482s gap=-0.0000%
  [3/9] success=True status=optimal time=0.748558s gap=-0.0000%
  [4/9] success=True status=optimal time=0.731490s gap=-0.0000%
  [5/9] success=True status=optimal time=0.687904s gap=+0.0000%
  [6/9] success=True status=optimal time=0.745628s gap=-0.0000%
  [7/9] success=True status=optimal time=0.626890s gap=-0.0000%
  [8/9] success=True status=optimal time=0.597634s gap=+0.0000%
  [9/9] success=True status=optimal time=0.545779s gap=-0.0000%

Done.
============================================================
Finished : Mon Sep 21 11:01:47 +03 2026
Exit code: 0
============================================================
