============================================================
Array Job ID : 2330876
Task ID      : 5
Node         : node0020
Working dir  : /home/g202210120/projects/ACOPF-feasible
Case         : pglib_opf_case300_ieee
Bus          : 300
============================================================
Python executable:
/home/g202210120/.conda/envs/pytorch/bin/python
Python 3.11.15
Environment check:
PyTorch: 2.8.0+cu129
Pandas: 3.0.3
Pyomo: 6.10.1
Start index : 50
End index   : 60
Chunk ID    : 005
Start time  : Mon Sep 21 10:50:57 +03 2026
Command:
/home/g202210120/.conda/envs/pytorch/bin/python evaluate_warmstart_qcqp_array.py --case_name pglib_opf_case300_ieee --bus_number 300 --start_idx 50 --end_idx 60 --chunk_id 005 
Loading CURRENT dataset: ./dataset/pglib_opf_case300_ieee_10000.pt
QCQP matrices reconstructed in memory.
Selected test chunk [50, 60) with 10 instance(s); chunk=005

Building ORIGINAL matrix-QCQP Pyomo model...
Building Pyomo model (this happens only once)...
Model built successfully.

====================================================================
COLD IPOPT BASELINE: current formulation, current machine
====================================================================
  [   1/10] success=True status=optimal time=1.515700s cost=565870.011876
  [  10/10] success=True status=optimal time=0.969492s cost=566297.713386

Cold IPOPT reference success: 10/10 (100.00%)
Cold baseline saved -> result/warmstart_cold_case300_chunk005.csv
Proceeding with 10 common reference-feasible instances for every architecture and run.


================ PINN Baseline ================
Run 1: best_pinn_model_pglib_opf_case300_ieee_10000epochs_20260723_045017.pth
  [1/10] success=True status=optimal time=0.951324s gap=-0.0000%
  [2/10] success=True status=optimal time=0.971299s gap=-0.0000%
  [3/10] success=True status=optimal time=1.031925s gap=+0.0000%
  [4/10] success=True status=optimal time=1.053416s gap=-0.0000%
  [5/10] success=True status=optimal time=0.991331s gap=-0.0000%
  [6/10] success=True status=optimal time=0.824836s gap=-0.0000%
  [7/10] success=True status=optimal time=0.795531s gap=+0.0000%
  [8/10] success=True status=optimal time=0.841341s gap=-0.0000%
  [9/10] success=True status=optimal time=0.926060s gap=+0.0000%
  [10/10] success=True status=optimal time=1.051481s gap=-0.0000%
Run 2: best_pinn_model_pglib_opf_case300_ieee_10000epochs_20260723_045657.pth
  [1/10] success=True status=optimal time=0.873907s gap=+0.0000%
  [2/10] success=True status=optimal time=0.916934s gap=-0.0000%
  [3/10] success=True status=optimal time=0.993457s gap=+0.0000%
  [4/10] success=True status=optimal time=1.000180s gap=+0.0000%
  [5/10] success=True status=optimal time=0.985104s gap=+0.0000%
  [6/10] success=True status=optimal time=0.894091s gap=+0.0000%
  [7/10] success=True status=optimal time=0.933473s gap=+0.0000%
  [8/10] success=True status=optimal time=0.836475s gap=-0.0000%
  [9/10] success=True status=optimal time=0.868133s gap=-0.0000%
  [10/10] success=True status=optimal time=0.844156s gap=-0.0000%
Run 3: best_pinn_model_pglib_opf_case300_ieee_10000epochs_20260723_050339.pth
  [1/10] success=True status=optimal time=0.829304s gap=+0.0000%
  [2/10] success=True status=optimal time=0.837546s gap=-0.0000%
  [3/10] success=True status=optimal time=0.866820s gap=+0.0000%
  [4/10] success=True status=optimal time=0.815783s gap=+0.0000%
  [5/10] success=True status=optimal time=0.824968s gap=-0.0000%
  [6/10] success=True status=optimal time=0.752139s gap=+0.0000%
  [7/10] success=True status=optimal time=0.775217s gap=+0.0000%
  [8/10] success=True status=optimal time=0.707891s gap=-0.0000%
  [9/10] success=True status=optimal time=0.754053s gap=+0.0000%
  [10/10] success=True status=optimal time=0.794331s gap=+0.0000%
Run 4: best_pinn_model_pglib_opf_case300_ieee_10000epochs_20260723_051021.pth
  [1/10] success=True status=optimal time=0.767483s gap=-0.0000%
  [2/10] success=True status=optimal time=0.808252s gap=-0.0000%
  [3/10] success=True status=optimal time=0.959440s gap=+0.0000%
  [4/10] success=True status=optimal time=0.961557s gap=+0.0000%
  [5/10] success=True status=optimal time=0.960058s gap=+0.0000%
  [6/10] success=True status=optimal time=0.835235s gap=-0.0000%
  [7/10] success=True status=optimal time=0.852971s gap=+0.0000%
  [8/10] success=True status=optimal time=0.767058s gap=-0.0000%
  [9/10] success=True status=optimal time=0.847407s gap=-0.0000%
  [10/10] success=True status=optimal time=0.818177s gap=+0.0000%
Run 5: best_pinn_model_pglib_opf_case300_ieee_10000epochs_20260723_051658.pth
  [1/10] success=True status=optimal time=0.802878s gap=+0.0000%
  [2/10] success=True status=optimal time=0.794671s gap=-0.0000%
  [3/10] success=True status=optimal time=0.803598s gap=-0.0000%
  [4/10] success=True status=optimal time=0.817290s gap=-0.0000%
  [5/10] success=True status=optimal time=0.896733s gap=+0.0000%
  [6/10] success=True status=optimal time=0.830127s gap=+0.0000%
  [7/10] success=True status=optimal time=0.849971s gap=+0.0000%
  [8/10] success=True status=optimal time=0.811741s gap=-0.0000%
  [9/10] success=True status=optimal time=0.865711s gap=-0.0000%
  [10/10] success=True status=optimal time=0.903032s gap=+0.0000%

================ DC3 ================
Run 1: best_dc3_model_pglib_opf_case300_ieee_10000epochs_20260723_062300.pth
  [1/10] success=True status=optimal time=0.882046s gap=+0.0000%
  [2/10] success=True status=optimal time=0.851213s gap=-0.0000%
  [3/10] success=True status=optimal time=0.908516s gap=+0.0000%
  [4/10] success=True status=optimal time=0.934539s gap=+0.0000%
  [5/10] success=True status=optimal time=0.967327s gap=-0.0000%
  [6/10] success=True status=optimal time=0.921878s gap=-0.0000%
  [7/10] success=True status=optimal time=0.939893s gap=+0.0000%
  [8/10] success=True status=optimal time=0.904884s gap=-0.0000%
  [9/10] success=True status=optimal time=0.941067s gap=+0.0000%
  [10/10] success=True status=optimal time=0.947303s gap=-0.0000%
Run 2: best_dc3_model_pglib_opf_case300_ieee_10000epochs_20260723_063933.pth
  [1/10] success=True status=optimal time=0.977164s gap=+0.0000%
  [2/10] success=True status=optimal time=0.944503s gap=-0.0000%
  [3/10] success=True status=optimal time=0.989671s gap=-0.0000%
  [4/10] success=True status=optimal time=0.989661s gap=+0.0000%
  [5/10] success=True status=optimal time=0.958607s gap=-0.0000%
  [6/10] success=True status=optimal time=0.896818s gap=-0.0000%
  [7/10] success=True status=optimal time=0.878739s gap=+0.0000%
  [8/10] success=True status=optimal time=0.805314s gap=-0.0000%
  [9/10] success=True status=optimal time=0.861739s gap=+0.0000%
  [10/10] success=True status=optimal time=0.855066s gap=-0.0000%
Run 3: best_dc3_model_pglib_opf_case300_ieee_10000epochs_20260723_065605.pth
  [1/10] success=True status=optimal time=0.880631s gap=+0.0000%
  [2/10] success=True status=optimal time=0.861009s gap=-0.0000%
  [3/10] success=True status=optimal time=0.927600s gap=+0.0000%
  [4/10] success=True status=optimal time=0.947280s gap=+0.0000%
  [5/10] success=True status=optimal time=0.865849s gap=+0.0000%
  [6/10] success=True status=optimal time=0.822190s gap=-0.0000%
  [7/10] success=True status=optimal time=0.786301s gap=+0.0000%
  [8/10] success=True status=optimal time=0.677943s gap=-0.0000%
  [9/10] success=True status=optimal time=0.777320s gap=+0.0000%
  [10/10] success=True status=optimal time=0.813098s gap=+0.0000%
Run 4: best_dc3_model_pglib_opf_case300_ieee_10000epochs_20260723_071229.pth
  [1/10] success=True status=optimal time=0.814901s gap=-0.0000%
  [2/10] success=True status=optimal time=0.820422s gap=-0.0000%
  [3/10] success=True status=optimal time=0.901077s gap=+0.0000%
  [4/10] success=True status=optimal time=0.891345s gap=+0.0000%
  [5/10] success=True status=optimal time=0.821084s gap=+0.0000%
  [6/10] success=True status=optimal time=0.809768s gap=+0.0000%
  [7/10] success=True status=optimal time=0.879069s gap=-0.0000%
  [8/10] success=True status=optimal time=0.805462s gap=+0.0000%
  [9/10] success=True status=optimal time=0.864753s gap=+0.0000%
  [10/10] success=True status=optimal time=0.899059s gap=+0.0000%
Run 5: best_dc3_model_pglib_opf_case300_ieee_10000epochs_20260723_072901.pth
  [1/10] success=True status=optimal time=0.900789s gap=+0.0000%
  [2/10] success=True status=optimal time=0.874378s gap=-0.0000%
  [3/10] success=True status=optimal time=0.932140s gap=+0.0000%
  [4/10] success=True status=optimal time=0.915839s gap=+0.0000%
  [5/10] success=True status=optimal time=0.847095s gap=-0.0000%
  [6/10] success=True status=optimal time=0.796605s gap=-0.0000%
  [7/10] success=True status=optimal time=0.801887s gap=+0.0000%
  [8/10] success=True status=optimal time=0.748712s gap=-0.0000%
  [9/10] success=True status=optimal time=0.783946s gap=-0.0000%
  [10/10] success=True status=optimal time=0.748588s gap=-0.0000%

================ FSNet ================
Run 1: best_fsnet_model_pglib_opf_case300_ieee_10000epochs_20260724_003124.pth
  [1/10] success=True status=optimal time=0.747323s gap=+0.0000%
  [2/10] success=True status=optimal time=0.689479s gap=-0.0000%
  [3/10] success=True status=optimal time=0.734059s gap=+0.0000%
  [4/10] success=True status=optimal time=0.736732s gap=-0.0000%
  [5/10] success=True status=optimal time=0.826660s gap=-0.0000%
  [6/10] success=True status=optimal time=0.921404s gap=+0.0000%
  [7/10] success=True status=optimal time=0.968675s gap=+0.0000%
  [8/10] success=True status=optimal time=0.914882s gap=-0.0000%
  [9/10] success=True status=optimal time=0.914863s gap=-0.0000%
  [10/10] success=True status=optimal time=0.884230s gap=-0.0000%
Run 2: best_fsnet_model_pglib_opf_case300_ieee_10000epochs_20260724_010306.pth
  [1/10] success=True status=optimal time=0.903662s gap=+0.0000%
  [2/10] success=True status=optimal time=0.917180s gap=-0.0000%
  [3/10] success=True status=optimal time=0.986466s gap=-0.0000%
  [4/10] success=True status=optimal time=0.998341s gap=+0.0000%
  [5/10] success=True status=optimal time=0.905467s gap=-0.0000%
  [6/10] success=True status=optimal time=0.827639s gap=+0.0000%
  [7/10] success=True status=optimal time=0.859010s gap=+0.0000%
  [8/10] success=True status=optimal time=0.828473s gap=-0.0000%
  [9/10] success=True status=optimal time=0.861641s gap=+0.0000%
  [10/10] success=True status=optimal time=0.842996s gap=-0.0000%
Run 3: best_fsnet_model_pglib_opf_case300_ieee_10000epochs_20260724_013347.pth
  [1/10] success=True status=optimal time=0.793112s gap=-0.0000%
  [2/10] success=True status=optimal time=0.747355s gap=-0.0000%
  [3/10] success=True status=optimal time=0.877355s gap=+0.0000%
  [4/10] success=True status=optimal time=0.901210s gap=-0.0000%
  [5/10] success=True status=optimal time=0.808819s gap=-0.0000%
  [6/10] success=True status=optimal time=0.757878s gap=-0.0000%
  [7/10] success=True status=optimal time=0.764065s gap=+0.0000%
  [8/10] success=True status=optimal time=0.737839s gap=-0.0000%
  [9/10] success=True status=optimal time=1.016827s gap=-0.0000%
  [10/10] success=True status=optimal time=0.975724s gap=+0.0000%
Run 4: best_fsnet_model_pglib_opf_case300_ieee_10000epochs_20260724_020357.pth
  [1/10] success=True status=optimal time=0.932782s gap=+0.0000%
  [2/10] success=True status=optimal time=0.976418s gap=-0.0000%
  [3/10] success=True status=optimal time=1.078397s gap=+0.0000%
  [4/10] success=True status=optimal time=1.110555s gap=+0.0000%
  [5/10] success=True status=optimal time=1.065883s gap=+0.0000%
  [6/10] success=True status=optimal time=0.911307s gap=+0.0000%
  [7/10] success=True status=optimal time=0.934811s gap=+0.0000%
  [8/10] success=True status=optimal time=0.868905s gap=-0.0000%
  [9/10] success=True status=optimal time=0.956218s gap=+0.0000%
  [10/10] success=True status=optimal time=0.843999s gap=-0.0000%
Run 5: best_fsnet_model_pglib_opf_case300_ieee_10000epochs_20260724_023440.pth
  [1/10] success=True status=optimal time=1.133398s gap=-0.0000%
  [2/10] success=True status=optimal time=1.331245s gap=-0.0000%
  [3/10] success=True status=optimal time=1.504558s gap=+0.0000%
  [4/10] success=True status=optimal time=1.573584s gap=+0.0000%
  [5/10] success=True status=optimal time=1.426769s gap=+0.0000%
  [6/10] success=True status=optimal time=1.268758s gap=-0.0000%
  [7/10] success=True status=optimal time=1.305150s gap=+0.0000%
  [8/10] success=True status=optimal time=1.248922s gap=+0.0000%
  [9/10] success=True status=optimal time=1.290700s gap=-0.0000%
  [10/10] success=True status=optimal time=1.243755s gap=-0.0000%

================ KKT ================
Run 1: best_hardkkt_pglib_opf_case300_ieee_10000epochs_20260723_190025.pth
  [1/10] success=True status=optimal time=1.329747s gap=+0.0000%
  [2/10] success=True status=optimal time=1.261325s gap=+0.0000%
  [3/10] success=True status=optimal time=1.394043s gap=-0.0000%
  [4/10] success=True status=optimal time=1.435510s gap=+0.0000%
  [5/10] success=True status=optimal time=1.350067s gap=+0.0000%
  [6/10] success=True status=optimal time=1.261452s gap=-0.0000%
  [7/10] success=True status=optimal time=1.325030s gap=+0.0000%
  [8/10] success=True status=optimal time=1.215078s gap=+0.0000%
  [9/10] success=True status=optimal time=1.409500s gap=-0.0000%
  [10/10] success=True status=optimal time=1.302325s gap=+0.0000%
Run 2: best_hardkkt_pglib_opf_case300_ieee_10000epochs_20260723_193621.pth
  [1/10] success=True status=optimal time=1.204270s gap=-0.0000%
  [2/10] success=True status=optimal time=1.197898s gap=-0.0000%
  [3/10] success=True status=optimal time=1.298196s gap=+0.0000%
  [4/10] success=True status=optimal time=1.323306s gap=-0.0000%
  [5/10] success=True status=optimal time=1.282969s gap=-0.0000%
  [6/10] success=True status=optimal time=1.121408s gap=-0.0000%
  [7/10] success=True status=optimal time=1.172937s gap=-0.0000%
  [8/10] success=True status=optimal time=1.109399s gap=+0.0000%
  [9/10] success=True status=optimal time=1.413585s gap=-0.0000%
  [10/10] success=True status=optimal time=1.273049s gap=-0.0000%
Run 3: best_hardkkt_pglib_opf_case300_ieee_10000epochs_20260723_201123.pth
  [1/10] success=True status=optimal time=0.955811s gap=+0.0000%
  [2/10] success=True status=optimal time=0.866788s gap=-0.0000%
  [3/10] success=True status=optimal time=0.956728s gap=+0.0000%
  [4/10] success=True status=optimal time=0.948042s gap=+0.0000%
  [5/10] success=True status=optimal time=0.863954s gap=+0.0000%
  [6/10] success=True status=optimal time=0.837016s gap=-0.0000%
  [7/10] success=True status=optimal time=0.828822s gap=+0.0000%
  [8/10] success=True status=optimal time=0.769962s gap=+0.0000%
  [9/10] success=True status=optimal time=0.814919s gap=-0.0000%
  [10/10] success=True status=optimal time=0.800940s gap=+0.0000%
Run 4: best_hardkkt_pglib_opf_case300_ieee_10000epochs_20260723_204704.pth
  [1/10] success=True status=optimal time=0.767257s gap=+0.0000%
  [2/10] success=True status=optimal time=0.762480s gap=-0.0000%
  [3/10] success=True status=optimal time=0.833448s gap=+0.0000%
  [4/10] success=True status=optimal time=0.846942s gap=+0.0000%
  [5/10] success=True status=optimal time=0.794515s gap=-0.0000%
  [6/10] success=True status=optimal time=0.761573s gap=-0.0000%
  [7/10] success=True status=optimal time=0.765580s gap=+0.0000%
  [8/10] success=True status=optimal time=0.726988s gap=+0.0000%
  [9/10] success=True status=optimal time=0.729239s gap=+0.0000%
  [10/10] success=True status=optimal time=0.867434s gap=-0.0000%
Run 5: best_hardkkt_pglib_opf_case300_ieee_10000epochs_20260723_212158.pth
  [1/10] success=True status=optimal time=0.868778s gap=-0.0000%
  [2/10] success=True status=optimal time=0.880459s gap=+0.0000%
  [3/10] success=True status=optimal time=0.927902s gap=+0.0000%
  [4/10] success=True status=optimal time=0.989590s gap=+0.0000%
  [5/10] success=True status=optimal time=0.925019s gap=+0.0000%
  [6/10] success=True status=optimal time=0.835845s gap=+0.0000%
  [7/10] success=True status=optimal time=0.809857s gap=+0.0000%
  [8/10] success=True status=optimal time=0.786192s gap=+0.0000%
  [9/10] success=True status=optimal time=0.816858s gap=+0.0000%
  [10/10] success=True status=optimal time=0.909667s gap=-0.0000%

================ Rahul's Model ================
Run 1: best_rahul_model_pglib_opf_case300_ieee_10000epochs_20260724_233544.pth
  [1/10] success=True status=optimal time=0.832539s gap=-0.0000%
  [2/10] success=True status=optimal time=0.868424s gap=-0.0000%
  [3/10] success=True status=optimal time=0.881173s gap=+0.0000%
  [4/10] success=True status=optimal time=0.884691s gap=-0.0000%
  [5/10] success=True status=optimal time=0.832540s gap=+0.0000%
  [6/10] success=True status=optimal time=0.792179s gap=+0.0000%
  [7/10] success=True status=optimal time=0.812483s gap=+0.0000%
  [8/10] success=True status=optimal time=0.777059s gap=-0.0000%
  [9/10] success=True status=optimal time=0.831147s gap=+0.0000%
  [10/10] success=True status=optimal time=0.828441s gap=+0.0000%
Run 2: best_rahul_model_pglib_opf_case300_ieee_10000epochs_20260724_234750.pth
  [1/10] success=True status=optimal time=0.821669s gap=+0.0000%
  [2/10] success=True status=optimal time=0.802498s gap=-0.0000%
  [3/10] success=True status=optimal time=0.865886s gap=+0.0000%
  [4/10] success=True status=optimal time=0.840454s gap=+0.0000%
  [5/10] success=True status=optimal time=0.793711s gap=-0.0000%
  [6/10] success=True status=optimal time=0.772043s gap=+0.0000%
  [7/10] success=True status=optimal time=0.769827s gap=-0.0000%
  [8/10] success=True status=optimal time=0.732894s gap=-0.0000%
  [9/10] success=True status=optimal time=0.804107s gap=-0.0000%
  [10/10] success=True status=optimal time=0.858687s gap=-0.0000%
Run 3: best_rahul_model_pglib_opf_case300_ieee_10000epochs_20260724_235952.pth
  [1/10] success=True status=optimal time=0.897814s gap=+0.0000%
  [2/10] success=True status=optimal time=0.881861s gap=-0.0000%
  [3/10] success=True status=optimal time=0.850983s gap=+0.0000%
  [4/10] success=True status=optimal time=0.840258s gap=-0.0000%
  [5/10] success=True status=optimal time=0.866927s gap=-0.0000%
  [6/10] success=True status=optimal time=0.881852s gap=+0.0000%
  [7/10] success=True status=optimal time=0.762514s gap=+0.0000%
  [8/10] success=True status=optimal time=0.682408s gap=-0.0000%
  [9/10] success=True status=optimal time=0.742519s gap=+0.0000%
  [10/10] success=True status=optimal time=0.700309s gap=+0.0000%
Run 4: best_rahul_model_pglib_opf_case300_ieee_10000epochs_20260725_001150.pth
  [1/10] success=True status=optimal time=0.574406s gap=+0.0000%
  [2/10] success=True status=optimal time=0.654911s gap=-0.0000%
  [3/10] success=True status=optimal time=0.688236s gap=+0.0000%
  [4/10] success=True status=optimal time=0.746870s gap=-0.0000%
  [5/10] success=True status=optimal time=0.738366s gap=-0.0000%
  [6/10] success=True status=optimal time=0.742383s gap=+0.0000%
  [7/10] success=True status=optimal time=0.756624s gap=-0.0000%
  [8/10] success=True status=optimal time=0.798989s gap=-0.0000%
  [9/10] success=True status=optimal time=0.865314s gap=-0.0000%
  [10/10] success=True status=optimal time=0.841718s gap=+0.0000%
Run 5: best_rahul_model_pglib_opf_case300_ieee_10000epochs_20260725_002350.pth
  [1/10] success=True status=optimal time=0.838291s gap=-0.0000%
  [2/10] success=True status=optimal time=0.827849s gap=-0.0000%
  [3/10] success=True status=optimal time=0.896171s gap=+0.0000%
  [4/10] success=True status=optimal time=0.922837s gap=+0.0000%
  [5/10] success=True status=optimal time=0.849342s gap=-0.0000%
  [6/10] success=True status=optimal time=0.771931s gap=+0.0000%
  [7/10] success=True status=optimal time=0.758402s gap=+0.0000%
  [8/10] success=True status=optimal time=0.535311s gap=-0.0000%
  [9/10] success=True status=optimal time=0.553466s gap=-0.0000%
  [10/10] success=True status=optimal time=0.549759s gap=-0.0000%

Done.
============================================================
Finished : Mon Sep 21 10:55:37 +03 2026
Exit code: 0
============================================================
