============================================================
Array Job ID : 2330876
Task ID      : 75
Node         : node0017
Working dir  : /home/g202210120/projects/ACOPF-feasible
Case         : pglib_opf_case300_ieee
Bus          : 300
============================================================
Python executable:
/home/g202210120/.conda/envs/pytorch/bin/python
Python 3.11.15
Environment check:
PyTorch: 2.8.0+cu129
Pandas: 3.0.3
Pyomo: 6.10.1
Start index : 750
End index   : 760
Chunk ID    : 075
Start time  : Mon Sep 21 11:21:06 +03 2026
Command:
/home/g202210120/.conda/envs/pytorch/bin/python evaluate_warmstart_qcqp_array.py --case_name pglib_opf_case300_ieee --bus_number 300 --start_idx 750 --end_idx 760 --chunk_id 075 
============================================================
Finished : Mon Sep 21 11:21:19 +03 2026
Exit code: 137
============================================================
