Job ID: 12027
Executing: ACOPF_ablation.py --case_name pglib_opf_case57_ieee --epochs 10000
Node: issnode1
GPU Allocated: 0
CUDA Hardware Acceleration Active: NVIDIA GeForce RTX 4090
Problem Geometry Linked -> Matrix Samples: 10000

Beginning execution of parallelized training matrix loops...
Epoch    0 | Val Loss: 186.0878 | Val Cost: 5268.43 | Val Max P-Miss: 2.1053 | Max Q-Miss: 0.8381 | Val Max Gen Viol: 0.4247 | Val Max Thermal: 0.0000 [*SAVED BEST*]
Epoch  100 | Val Loss: 13.6620 | Val Cost: 3205.44 | Val Max P-Miss: 0.4690 | Max Q-Miss: 0.2876 | Val Max Gen Viol: 4.6234 | Val Max Thermal: 0.0000 [*SAVED BEST*]
Epoch  200 | Val Loss: 6.2117 | Val Cost: -13402.16 | Val Max P-Miss: 0.4584 | Max Q-Miss: 0.2548 | Val Max Gen Viol: 7.2963 | Val Max Thermal: 2.1440 [*SAVED BEST*]
Epoch  300 | Val Loss: -3.1870 | Val Cost: -22779.66 | Val Max P-Miss: 0.2534 | Max Q-Miss: 0.4341 | Val Max Gen Viol: 8.6180 | Val Max Thermal: 6.8204 [*SAVED BEST*]
Epoch  400 | Val Loss: -6.3373 | Val Cost: -36280.20 | Val Max P-Miss: 0.5460 | Max Q-Miss: 0.3177 | Val Max Gen Viol: 11.2865 | Val Max Thermal: 9.1019 [*SAVED BEST*]
Epoch  500 | Val Loss: -10.8808 | Val Cost: -44228.61 | Val Max P-Miss: 0.3477 | Max Q-Miss: 0.4139 | Val Max Gen Viol: 12.9793 | Val Max Thermal: 9.0577 [*SAVED BEST*]
Epoch  600 | Val Loss: -11.0380 | Val Cost: -45127.56 | Val Max P-Miss: 0.4221 | Max Q-Miss: 0.3198 | Val Max Gen Viol: 13.5540 | Val Max Thermal: 9.3240 [*SAVED BEST*]
Epoch  700 | Val Loss: -13.4862 | Val Cost: -48046.59 | Val Max P-Miss: 0.2545 | Max Q-Miss: 0.4816 | Val Max Gen Viol: 13.9452 | Val Max Thermal: 7.6092 [*SAVED BEST*]
Epoch  800 | Val Loss: -17.9491 | Val Cost: -54531.86 | Val Max P-Miss: 0.4406 | Max Q-Miss: 0.3716 | Val Max Gen Viol: 14.9263 | Val Max Thermal: 8.0259 [*SAVED BEST*]
Epoch  900 | Val Loss: -17.4285 | Val Cost: -54254.12 | Val Max P-Miss: 0.3489 | Max Q-Miss: 0.3855 | Val Max Gen Viol: 15.0397 | Val Max Thermal: 7.8361
Epoch 1000 | Val Loss: -18.6206 | Val Cost: -57777.41 | Val Max P-Miss: 0.3088 | Max Q-Miss: 0.3547 | Val Max Gen Viol: 15.3058 | Val Max Thermal: 8.9339 [*SAVED BEST*]
Epoch 1100 | Val Loss: -12.2431 | Val Cost: -57687.34 | Val Max P-Miss: 0.3533 | Max Q-Miss: 0.4191 | Val Max Gen Viol: 15.2799 | Val Max Thermal: 7.2752
Epoch 1200 | Val Loss: -21.6828 | Val Cost: -61136.83 | Val Max P-Miss: 0.2909 | Max Q-Miss: 0.2715 | Val Max Gen Viol: 15.7461 | Val Max Thermal: 7.5813 [*SAVED BEST*]
Epoch 1300 | Val Loss: -21.9760 | Val Cost: -60199.65 | Val Max P-Miss: 0.2155 | Max Q-Miss: 0.3346 | Val Max Gen Viol: 15.5415 | Val Max Thermal: 7.5486 [*SAVED BEST*]
Epoch 1400 | Val Loss: -22.0930 | Val Cost: -61744.83 | Val Max P-Miss: 0.2271 | Max Q-Miss: 0.2825 | Val Max Gen Viol: 15.7541 | Val Max Thermal: 7.3702 [*SAVED BEST*]
Epoch 1500 | Val Loss: -22.7407 | Val Cost: -62754.71 | Val Max P-Miss: 0.2641 | Max Q-Miss: 0.2370 | Val Max Gen Viol: 15.8624 | Val Max Thermal: 7.6980 [*SAVED BEST*]
Epoch 1600 | Val Loss: -20.0281 | Val Cost: -58510.70 | Val Max P-Miss: 0.2703 | Max Q-Miss: 0.2310 | Val Max Gen Viol: 15.2729 | Val Max Thermal: 7.0355
Epoch 1700 | Val Loss: -23.2452 | Val Cost: -63533.95 | Val Max P-Miss: 0.1744 | Max Q-Miss: 0.2117 | Val Max Gen Viol: 15.9248 | Val Max Thermal: 7.3934 [*SAVED BEST*]
Epoch 1800 | Val Loss: -23.3858 | Val Cost: -62384.42 | Val Max P-Miss: 0.2729 | Max Q-Miss: 0.2349 | Val Max Gen Viol: 15.8137 | Val Max Thermal: 7.6549 [*SAVED BEST*]
Epoch 1900 | Val Loss: -24.0767 | Val Cost: -64523.62 | Val Max P-Miss: 0.2406 | Max Q-Miss: 0.3145 | Val Max Gen Viol: 16.0723 | Val Max Thermal: 7.6493 [*SAVED BEST*]
Epoch 2000 | Val Loss: -23.8878 | Val Cost: -64354.65 | Val Max P-Miss: 0.2388 | Max Q-Miss: 0.1845 | Val Max Gen Viol: 16.0388 | Val Max Thermal: 7.4869
Epoch 2100 | Val Loss: -24.2123 | Val Cost: -64293.91 | Val Max P-Miss: 0.2639 | Max Q-Miss: 0.2058 | Val Max Gen Viol: 15.9953 | Val Max Thermal: 7.3126 [*SAVED BEST*]
Epoch 2200 | Val Loss: -25.4310 | Val Cost: -64515.43 | Val Max P-Miss: 0.1547 | Max Q-Miss: 0.1311 | Val Max Gen Viol: 16.0264 | Val Max Thermal: 7.3037 [*SAVED BEST*]
Epoch 2300 | Val Loss: -24.8411 | Val Cost: -64851.15 | Val Max P-Miss: 0.1609 | Max Q-Miss: 0.2247 | Val Max Gen Viol: 16.0090 | Val Max Thermal: 7.6071
Epoch 2400 | Val Loss: -24.3316 | Val Cost: -65062.91 | Val Max P-Miss: 0.2396 | Max Q-Miss: 0.2908 | Val Max Gen Viol: 16.1048 | Val Max Thermal: 7.7489
Epoch 2500 | Val Loss: -24.5055 | Val Cost: -65444.92 | Val Max P-Miss: 0.1762 | Max Q-Miss: 0.1904 | Val Max Gen Viol: 16.0661 | Val Max Thermal: 7.4441
Epoch 2600 | Val Loss: -24.3049 | Val Cost: -63930.88 | Val Max P-Miss: 0.1959 | Max Q-Miss: 0.1740 | Val Max Gen Viol: 15.9139 | Val Max Thermal: 6.9647
Epoch 2700 | Val Loss: -25.5596 | Val Cost: -66364.23 | Val Max P-Miss: 0.1562 | Max Q-Miss: 0.2069 | Val Max Gen Viol: 16.1921 | Val Max Thermal: 7.7825 [*SAVED BEST*]
Epoch 2800 | Val Loss: -25.3553 | Val Cost: -66764.27 | Val Max P-Miss: 0.1642 | Max Q-Miss: 0.2406 | Val Max Gen Viol: 16.1900 | Val Max Thermal: 7.6672
Epoch 2900 | Val Loss: -24.1966 | Val Cost: -66482.01 | Val Max P-Miss: 0.2171 | Max Q-Miss: 0.1801 | Val Max Gen Viol: 16.2213 | Val Max Thermal: 7.4259
Epoch 3000 | Val Loss: -24.9567 | Val Cost: -66616.29 | Val Max P-Miss: 0.2360 | Max Q-Miss: 0.1763 | Val Max Gen Viol: 16.1911 | Val Max Thermal: 7.3204
Epoch 3100 | Val Loss: -25.9244 | Val Cost: -67640.94 | Val Max P-Miss: 0.1598 | Max Q-Miss: 0.1878 | Val Max Gen Viol: 16.3280 | Val Max Thermal: 7.7106 [*SAVED BEST*]
Epoch 3200 | Val Loss: -23.8818 | Val Cost: -65447.01 | Val Max P-Miss: 0.3213 | Max Q-Miss: 0.3385 | Val Max Gen Viol: 16.1023 | Val Max Thermal: 7.3818
Epoch 3300 | Val Loss: -26.0195 | Val Cost: -65694.47 | Val Max P-Miss: 0.1770 | Max Q-Miss: 0.1071 | Val Max Gen Viol: 16.0972 | Val Max Thermal: 7.3207 [*SAVED BEST*]
Epoch 3400 | Val Loss: -24.7892 | Val Cost: -65977.59 | Val Max P-Miss: 0.2864 | Max Q-Miss: 0.1844 | Val Max Gen Viol: 16.0826 | Val Max Thermal: 7.1395
Epoch 3500 | Val Loss: -25.8486 | Val Cost: -67644.25 | Val Max P-Miss: 0.1497 | Max Q-Miss: 0.1736 | Val Max Gen Viol: 16.3259 | Val Max Thermal: 7.4364
Epoch 3600 | Val Loss: -23.6020 | Val Cost: -65985.93 | Val Max P-Miss: 0.1944 | Max Q-Miss: 0.2013 | Val Max Gen Viol: 16.1337 | Val Max Thermal: 7.1652
Epoch 3700 | Val Loss: -23.1516 | Val Cost: -67069.14 | Val Max P-Miss: 0.2092 | Max Q-Miss: 0.2269 | Val Max Gen Viol: 16.2825 | Val Max Thermal: 7.6847
Epoch 3800 | Val Loss: -26.3798 | Val Cost: -68271.45 | Val Max P-Miss: 0.1579 | Max Q-Miss: 0.1624 | Val Max Gen Viol: 16.4215 | Val Max Thermal: 7.6839 [*SAVED BEST*]
Epoch 3900 | Val Loss: -26.3794 | Val Cost: -68234.23 | Val Max P-Miss: 0.1588 | Max Q-Miss: 0.2283 | Val Max Gen Viol: 16.3835 | Val Max Thermal: 7.6894
Epoch 4000 | Val Loss: -25.9985 | Val Cost: -67856.87 | Val Max P-Miss: 0.1516 | Max Q-Miss: 0.1545 | Val Max Gen Viol: 16.3556 | Val Max Thermal: 7.4196
Epoch 4100 | Val Loss: -25.9456 | Val Cost: -67851.47 | Val Max P-Miss: 0.2026 | Max Q-Miss: 0.1677 | Val Max Gen Viol: 16.3548 | Val Max Thermal: 7.4429
Epoch 4200 | Val Loss: -26.6237 | Val Cost: -68278.59 | Val Max P-Miss: 0.1605 | Max Q-Miss: 0.2192 | Val Max Gen Viol: 16.4049 | Val Max Thermal: 7.6634 [*SAVED BEST*]
Epoch 4300 | Val Loss: -26.8010 | Val Cost: -68566.78 | Val Max P-Miss: 0.1923 | Max Q-Miss: 0.1466 | Val Max Gen Viol: 16.4657 | Val Max Thermal: 7.5642 [*SAVED BEST*]
Epoch 4400 | Val Loss: -26.2914 | Val Cost: -67328.52 | Val Max P-Miss: 0.1591 | Max Q-Miss: 0.1185 | Val Max Gen Viol: 16.2600 | Val Max Thermal: 7.1823
Epoch 4500 | Val Loss: -26.3517 | Val Cost: -68372.74 | Val Max P-Miss: 0.1567 | Max Q-Miss: 0.2130 | Val Max Gen Viol: 16.4124 | Val Max Thermal: 7.6978
Epoch 4600 | Val Loss: -26.0006 | Val Cost: -67948.71 | Val Max P-Miss: 0.2298 | Max Q-Miss: 0.1423 | Val Max Gen Viol: 16.3315 | Val Max Thermal: 7.5069
Epoch 4700 | Val Loss: -22.6148 | Val Cost: -64074.27 | Val Max P-Miss: 0.2783 | Max Q-Miss: 0.2016 | Val Max Gen Viol: 16.0842 | Val Max Thermal: 7.0827
Epoch 4800 | Val Loss: -26.1911 | Val Cost: -67982.90 | Val Max P-Miss: 0.1530 | Max Q-Miss: 0.2118 | Val Max Gen Viol: 16.4015 | Val Max Thermal: 7.5135
Epoch 4900 | Val Loss: -27.2861 | Val Cost: -68933.92 | Val Max P-Miss: 0.1716 | Max Q-Miss: 0.1304 | Val Max Gen Viol: 16.5267 | Val Max Thermal: 7.5987 [*SAVED BEST*]
Epoch 5000 | Val Loss: -26.4761 | Val Cost: -68390.25 | Val Max P-Miss: 0.1195 | Max Q-Miss: 0.1208 | Val Max Gen Viol: 16.4174 | Val Max Thermal: 7.7027
Epoch 5100 | Val Loss: -26.4279 | Val Cost: -68760.23 | Val Max P-Miss: 0.2095 | Max Q-Miss: 0.1629 | Val Max Gen Viol: 16.4768 | Val Max Thermal: 7.7161
Epoch 5200 | Val Loss: -26.7440 | Val Cost: -68480.13 | Val Max P-Miss: 0.1307 | Max Q-Miss: 0.1394 | Val Max Gen Viol: 16.4793 | Val Max Thermal: 7.7542
Epoch 5300 | Val Loss: -24.9013 | Val Cost: -67356.55 | Val Max P-Miss: 0.1902 | Max Q-Miss: 0.1429 | Val Max Gen Viol: 16.2997 | Val Max Thermal: 7.5904
Epoch 5400 | Val Loss: -26.4956 | Val Cost: -67897.46 | Val Max P-Miss: 0.1045 | Max Q-Miss: 0.1599 | Val Max Gen Viol: 16.3798 | Val Max Thermal: 7.6915
Epoch 5500 | Val Loss: -27.0598 | Val Cost: -69149.67 | Val Max P-Miss: 0.1309 | Max Q-Miss: 0.1387 | Val Max Gen Viol: 16.5682 | Val Max Thermal: 8.0555
Epoch 5600 | Val Loss: -27.3276 | Val Cost: -69136.45 | Val Max P-Miss: 0.1728 | Max Q-Miss: 0.1336 | Val Max Gen Viol: 16.5421 | Val Max Thermal: 7.8665 [*SAVED BEST*]
Epoch 5700 | Val Loss: -26.8460 | Val Cost: -68999.34 | Val Max P-Miss: 0.0982 | Max Q-Miss: 0.1632 | Val Max Gen Viol: 16.5203 | Val Max Thermal: 8.1050
Epoch 5800 | Val Loss: -22.8746 | Val Cost: -68338.74 | Val Max P-Miss: 0.3475 | Max Q-Miss: 0.3011 | Val Max Gen Viol: 16.4538 | Val Max Thermal: 7.6221
Epoch 5900 | Val Loss: -27.0146 | Val Cost: -68476.00 | Val Max P-Miss: 0.1582 | Max Q-Miss: 0.1054 | Val Max Gen Viol: 16.4257 | Val Max Thermal: 7.7494
Epoch 6000 | Val Loss: -24.4181 | Val Cost: -68139.16 | Val Max P-Miss: 0.1856 | Max Q-Miss: 0.1640 | Val Max Gen Viol: 16.3782 | Val Max Thermal: 7.7707
Epoch 6100 | Val Loss: -26.6896 | Val Cost: -68967.17 | Val Max P-Miss: 0.1808 | Max Q-Miss: 0.1301 | Val Max Gen Viol: 16.5151 | Val Max Thermal: 7.7559
Epoch 6200 | Val Loss: -26.6815 | Val Cost: -68952.71 | Val Max P-Miss: 0.1434 | Max Q-Miss: 0.1208 | Val Max Gen Viol: 16.5247 | Val Max Thermal: 8.1035
Epoch 6300 | Val Loss: -27.3835 | Val Cost: -68689.34 | Val Max P-Miss: 0.1425 | Max Q-Miss: 0.0792 | Val Max Gen Viol: 16.5021 | Val Max Thermal: 7.9001 [*SAVED BEST*]
Epoch 6400 | Val Loss: -26.3730 | Val Cost: -68196.26 | Val Max P-Miss: 0.1369 | Max Q-Miss: 0.1463 | Val Max Gen Viol: 16.4632 | Val Max Thermal: 7.9349
Epoch 6500 | Val Loss: -25.3508 | Val Cost: -67867.96 | Val Max P-Miss: 0.2314 | Max Q-Miss: 0.2521 | Val Max Gen Viol: 16.3750 | Val Max Thermal: 7.6595
Epoch 6600 | Val Loss: -26.1554 | Val Cost: -68703.98 | Val Max P-Miss: 0.1430 | Max Q-Miss: 0.1281 | Val Max Gen Viol: 16.4871 | Val Max Thermal: 7.9592
Epoch 6700 | Val Loss: -27.2987 | Val Cost: -69207.91 | Val Max P-Miss: 0.1707 | Max Q-Miss: 0.1126 | Val Max Gen Viol: 16.5790 | Val Max Thermal: 7.9657
Epoch 6800 | Val Loss: -25.6973 | Val Cost: -68256.31 | Val Max P-Miss: 0.1775 | Max Q-Miss: 0.1130 | Val Max Gen Viol: 16.4078 | Val Max Thermal: 7.4978
Epoch 6900 | Val Loss: -26.8593 | Val Cost: -68709.30 | Val Max P-Miss: 0.1391 | Max Q-Miss: 0.1046 | Val Max Gen Viol: 16.4915 | Val Max Thermal: 8.0529
Epoch 7000 | Val Loss: -26.5401 | Val Cost: -68877.63 | Val Max P-Miss: 0.1698 | Max Q-Miss: 0.1053 | Val Max Gen Viol: 16.5158 | Val Max Thermal: 8.0755
Epoch 7100 | Val Loss: -26.6346 | Val Cost: -68959.81 | Val Max P-Miss: 0.1809 | Max Q-Miss: 0.1078 | Val Max Gen Viol: 16.5419 | Val Max Thermal: 7.9998
Epoch 7200 | Val Loss: -26.8291 | Val Cost: -69244.23 | Val Max P-Miss: 0.1851 | Max Q-Miss: 0.1402 | Val Max Gen Viol: 16.5754 | Val Max Thermal: 8.0012
Epoch 7300 | Val Loss: -27.1856 | Val Cost: -69214.05 | Val Max P-Miss: 0.1442 | Max Q-Miss: 0.1926 | Val Max Gen Viol: 16.5875 | Val Max Thermal: 8.3065
Epoch 7400 | Val Loss: -27.1483 | Val Cost: -69358.48 | Val Max P-Miss: 0.1796 | Max Q-Miss: 0.1331 | Val Max Gen Viol: 16.6045 | Val Max Thermal: 8.0591
Epoch 7500 | Val Loss: -27.3797 | Val Cost: -69495.05 | Val Max P-Miss: 0.1365 | Max Q-Miss: 0.1356 | Val Max Gen Viol: 16.6414 | Val Max Thermal: 8.4160
Epoch 7600 | Val Loss: -28.0331 | Val Cost: -69203.69 | Val Max P-Miss: 0.1111 | Max Q-Miss: 0.0750 | Val Max Gen Viol: 16.5999 | Val Max Thermal: 8.2418 [*SAVED BEST*]
Epoch 7700 | Val Loss: -27.4390 | Val Cost: -69466.16 | Val Max P-Miss: 0.1320 | Max Q-Miss: 0.1251 | Val Max Gen Viol: 16.6372 | Val Max Thermal: 8.3398
Epoch 7800 | Val Loss: -25.4390 | Val Cost: -69269.77 | Val Max P-Miss: 0.2254 | Max Q-Miss: 0.1861 | Val Max Gen Viol: 16.6006 | Val Max Thermal: 8.2190
Epoch 7900 | Val Loss: -27.5537 | Val Cost: -69562.41 | Val Max P-Miss: 0.1292 | Max Q-Miss: 0.1070 | Val Max Gen Viol: 16.6692 | Val Max Thermal: 8.4739
Epoch 8000 | Val Loss: -26.7220 | Val Cost: -68957.84 | Val Max P-Miss: 0.2292 | Max Q-Miss: 0.1137 | Val Max Gen Viol: 16.5519 | Val Max Thermal: 8.1628
Epoch 8100 | Val Loss: -26.8891 | Val Cost: -69216.73 | Val Max P-Miss: 0.1536 | Max Q-Miss: 0.1282 | Val Max Gen Viol: 16.5925 | Val Max Thermal: 8.2646
Epoch 8200 | Val Loss: -26.3882 | Val Cost: -68956.27 | Val Max P-Miss: 0.1741 | Max Q-Miss: 0.0753 | Val Max Gen Viol: 16.5295 | Val Max Thermal: 8.0697
Epoch 8300 | Val Loss: -27.4270 | Val Cost: -69445.68 | Val Max P-Miss: 0.1329 | Max Q-Miss: 0.1189 | Val Max Gen Viol: 16.6285 | Val Max Thermal: 8.3697
Epoch 8400 | Val Loss: -27.4810 | Val Cost: -69563.38 | Val Max P-Miss: 0.1327 | Max Q-Miss: 0.1246 | Val Max Gen Viol: 16.6541 | Val Max Thermal: 8.4413
Epoch 8500 | Val Loss: -27.4813 | Val Cost: -69465.22 | Val Max P-Miss: 0.1621 | Max Q-Miss: 0.1068 | Val Max Gen Viol: 16.6331 | Val Max Thermal: 8.2372
Epoch 8600 | Val Loss: -27.3319 | Val Cost: -69293.83 | Val Max P-Miss: 0.1538 | Max Q-Miss: 0.2001 | Val Max Gen Viol: 16.6185 | Val Max Thermal: 8.3552
Epoch 8700 | Val Loss: -27.5354 | Val Cost: -69475.30 | Val Max P-Miss: 0.1215 | Max Q-Miss: 0.1841 | Val Max Gen Viol: 16.6332 | Val Max Thermal: 8.4079
Epoch 8800 | Val Loss: -27.1655 | Val Cost: -69481.20 | Val Max P-Miss: 0.1274 | Max Q-Miss: 0.1216 | Val Max Gen Viol: 16.6691 | Val Max Thermal: 8.3915
Epoch 8900 | Val Loss: -26.9214 | Val Cost: -69053.94 | Val Max P-Miss: 0.1760 | Max Q-Miss: 0.1296 | Val Max Gen Viol: 16.5986 | Val Max Thermal: 8.2939
Epoch 9000 | Val Loss: -26.6115 | Val Cost: -68357.75 | Val Max P-Miss: 0.1866 | Max Q-Miss: 0.0902 | Val Max Gen Viol: 16.5135 | Val Max Thermal: 8.2669
Epoch 9100 | Val Loss: -26.2946 | Val Cost: -69675.31 | Val Max P-Miss: 0.1758 | Max Q-Miss: 0.1504 | Val Max Gen Viol: 16.6697 | Val Max Thermal: 8.2957
Epoch 9200 | Val Loss: -27.3272 | Val Cost: -69103.73 | Val Max P-Miss: 0.1613 | Max Q-Miss: 0.1878 | Val Max Gen Viol: 16.5852 | Val Max Thermal: 8.1919
Epoch 9300 | Val Loss: -27.4610 | Val Cost: -69405.12 | Val Max P-Miss: 0.1371 | Max Q-Miss: 0.1101 | Val Max Gen Viol: 16.6363 | Val Max Thermal: 8.4656
Epoch 9400 | Val Loss: -27.6309 | Val Cost: -69701.74 | Val Max P-Miss: 0.1393 | Max Q-Miss: 0.1117 | Val Max Gen Viol: 16.7035 | Val Max Thermal: 8.4145
Epoch 9500 | Val Loss: -27.1045 | Val Cost: -68893.17 | Val Max P-Miss: 0.1428 | Max Q-Miss: 0.1594 | Val Max Gen Viol: 16.5556 | Val Max Thermal: 8.1113
Epoch 9600 | Val Loss: -27.4713 | Val Cost: -68823.25 | Val Max P-Miss: 0.1356 | Max Q-Miss: 0.0791 | Val Max Gen Viol: 16.5900 | Val Max Thermal: 8.3552
Epoch 9700 | Val Loss: -27.4463 | Val Cost: -69523.70 | Val Max P-Miss: 0.1349 | Max Q-Miss: 0.1980 | Val Max Gen Viol: 16.6562 | Val Max Thermal: 8.5626
Epoch 9800 | Val Loss: -27.6840 | Val Cost: -69364.80 | Val Max P-Miss: 0.1315 | Max Q-Miss: 0.0927 | Val Max Gen Viol: 16.6116 | Val Max Thermal: 8.3796
Epoch 9900 | Val Loss: -27.3687 | Val Cost: -69407.60 | Val Max P-Miss: 0.1338 | Max Q-Miss: 0.1145 | Val Max Gen Viol: 16.6423 | Val Max Thermal: 8.3152

==================================================
Training Complete!
Total Training Time: 00h 06m 50.98s
Best model weights saved to: ./model/best_ablation_model_pglib_opf_case57_ieee_10000epochs_20260918_101118.pth
==================================================

