Job ID: 12029
Executing: ACOPF_ablation.py --case_name pglib_opf_case162_ieee_dtc --epochs 10000
Node: issnode1
GPU Allocated: 0
CUDA Hardware Acceleration Active: NVIDIA GeForce RTX 4090
Problem Geometry Linked -> Matrix Samples: 10000

Beginning execution of parallelized training matrix loops...
Epoch    0 | Val Loss: 4242.2407 | Val Cost: -1424.38 | Val Max P-Miss: 23.1526 | Max Q-Miss: 6.7803 | Val Max Gen Viol: 0.1330 | Val Max Thermal: 1.0563 [*SAVED BEST*]
Epoch  100 | Val Loss: 412.0472 | Val Cost: 56601.80 | Val Max P-Miss: 3.0820 | Max Q-Miss: 2.1274 | Val Max Gen Viol: 5.1638 | Val Max Thermal: 23.4778 [*SAVED BEST*]
Epoch  200 | Val Loss: 249.5925 | Val Cost: 61095.28 | Val Max P-Miss: 2.3370 | Max Q-Miss: 1.9256 | Val Max Gen Viol: 4.5890 | Val Max Thermal: 17.3763 [*SAVED BEST*]
Epoch  300 | Val Loss: 165.3580 | Val Cost: 68451.84 | Val Max P-Miss: 1.9262 | Max Q-Miss: 1.8884 | Val Max Gen Viol: 5.6368 | Val Max Thermal: 18.6083 [*SAVED BEST*]
Epoch  400 | Val Loss: 151.0160 | Val Cost: 67127.85 | Val Max P-Miss: 1.7764 | Max Q-Miss: 1.0313 | Val Max Gen Viol: 5.6900 | Val Max Thermal: 18.7324 [*SAVED BEST*]
Epoch  500 | Val Loss: 175.4630 | Val Cost: 64716.75 | Val Max P-Miss: 2.2913 | Max Q-Miss: 1.1502 | Val Max Gen Viol: 4.9361 | Val Max Thermal: 11.5007
Epoch  600 | Val Loss: 201.2670 | Val Cost: 62403.28 | Val Max P-Miss: 2.1978 | Max Q-Miss: 1.1596 | Val Max Gen Viol: 4.6610 | Val Max Thermal: 12.3263
Epoch  700 | Val Loss: 129.6561 | Val Cost: 68422.92 | Val Max P-Miss: 1.6215 | Max Q-Miss: 1.3082 | Val Max Gen Viol: 5.6114 | Val Max Thermal: 18.7543 [*SAVED BEST*]
Epoch  800 | Val Loss: 122.4572 | Val Cost: 69566.76 | Val Max P-Miss: 1.6947 | Max Q-Miss: 0.9837 | Val Max Gen Viol: 5.6739 | Val Max Thermal: 17.5411 [*SAVED BEST*]
Epoch  900 | Val Loss: 122.1310 | Val Cost: 69057.25 | Val Max P-Miss: 1.5646 | Max Q-Miss: 0.9593 | Val Max Gen Viol: 5.6497 | Val Max Thermal: 17.5101 [*SAVED BEST*]
Epoch 1000 | Val Loss: 125.6712 | Val Cost: 67849.64 | Val Max P-Miss: 1.2151 | Max Q-Miss: 1.0182 | Val Max Gen Viol: 5.6412 | Val Max Thermal: 19.0280
Epoch 1100 | Val Loss: 167.1260 | Val Cost: 62955.98 | Val Max P-Miss: 1.5955 | Max Q-Miss: 1.0117 | Val Max Gen Viol: 4.9875 | Val Max Thermal: 13.9509
Epoch 1200 | Val Loss: 113.5803 | Val Cost: 65656.71 | Val Max P-Miss: 1.1158 | Max Q-Miss: 0.9266 | Val Max Gen Viol: 5.5592 | Val Max Thermal: 19.5407 [*SAVED BEST*]
Epoch 1300 | Val Loss: 111.3580 | Val Cost: 66245.77 | Val Max P-Miss: 1.2666 | Max Q-Miss: 0.8794 | Val Max Gen Viol: 5.5259 | Val Max Thermal: 18.1808 [*SAVED BEST*]
Epoch 1400 | Val Loss: 108.2296 | Val Cost: 62936.66 | Val Max P-Miss: 0.9349 | Max Q-Miss: 0.9434 | Val Max Gen Viol: 5.8971 | Val Max Thermal: 18.8424 [*SAVED BEST*]
Epoch 1500 | Val Loss: 114.8139 | Val Cost: 65783.96 | Val Max P-Miss: 1.1402 | Max Q-Miss: 0.9392 | Val Max Gen Viol: 5.4815 | Val Max Thermal: 15.1818
Epoch 1600 | Val Loss: 122.6276 | Val Cost: 64479.97 | Val Max P-Miss: 1.5218 | Max Q-Miss: 1.0655 | Val Max Gen Viol: 4.9052 | Val Max Thermal: 13.0701
Epoch 1700 | Val Loss: 115.3445 | Val Cost: 65301.94 | Val Max P-Miss: 0.9816 | Max Q-Miss: 1.1501 | Val Max Gen Viol: 5.6909 | Val Max Thermal: 16.0352
Epoch 1800 | Val Loss: 98.3505 | Val Cost: 64509.03 | Val Max P-Miss: 1.0473 | Max Q-Miss: 0.8363 | Val Max Gen Viol: 6.1205 | Val Max Thermal: 18.4961 [*SAVED BEST*]
Epoch 1900 | Val Loss: 103.2821 | Val Cost: 64486.51 | Val Max P-Miss: 0.8646 | Max Q-Miss: 0.8560 | Val Max Gen Viol: 5.8650 | Val Max Thermal: 16.3748
Epoch 2000 | Val Loss: 133.2785 | Val Cost: 59959.69 | Val Max P-Miss: 1.8146 | Max Q-Miss: 1.0967 | Val Max Gen Viol: 4.3796 | Val Max Thermal: 9.0517
Epoch 2100 | Val Loss: 97.4050 | Val Cost: 65080.07 | Val Max P-Miss: 1.2752 | Max Q-Miss: 0.8918 | Val Max Gen Viol: 5.3470 | Val Max Thermal: 14.3567 [*SAVED BEST*]
Epoch 2200 | Val Loss: 98.3721 | Val Cost: 65118.88 | Val Max P-Miss: 0.9329 | Max Q-Miss: 0.8725 | Val Max Gen Viol: 6.0623 | Val Max Thermal: 16.7766
Epoch 2300 | Val Loss: 95.2813 | Val Cost: 63822.31 | Val Max P-Miss: 0.8394 | Max Q-Miss: 0.8146 | Val Max Gen Viol: 6.4713 | Val Max Thermal: 18.6756 [*SAVED BEST*]
Epoch 2400 | Val Loss: 93.6169 | Val Cost: 63538.25 | Val Max P-Miss: 0.7690 | Max Q-Miss: 0.7871 | Val Max Gen Viol: 6.6059 | Val Max Thermal: 17.8094 [*SAVED BEST*]
Epoch 2500 | Val Loss: 98.8297 | Val Cost: 65670.02 | Val Max P-Miss: 1.0026 | Max Q-Miss: 0.7688 | Val Max Gen Viol: 6.1628 | Val Max Thermal: 15.8069
Epoch 2600 | Val Loss: 113.9923 | Val Cost: 62394.36 | Val Max P-Miss: 0.8562 | Max Q-Miss: 0.9354 | Val Max Gen Viol: 5.3951 | Val Max Thermal: 12.6446
Epoch 2700 | Val Loss: 95.8240 | Val Cost: 63282.22 | Val Max P-Miss: 0.8728 | Max Q-Miss: 0.7504 | Val Max Gen Viol: 6.8227 | Val Max Thermal: 17.9142
Epoch 2800 | Val Loss: 120.3663 | Val Cost: 62254.22 | Val Max P-Miss: 0.7428 | Max Q-Miss: 0.9996 | Val Max Gen Viol: 5.9074 | Val Max Thermal: 14.8159
Epoch 2900 | Val Loss: 95.4359 | Val Cost: 64576.13 | Val Max P-Miss: 0.7597 | Max Q-Miss: 0.8204 | Val Max Gen Viol: 6.0865 | Val Max Thermal: 13.8868
Epoch 3000 | Val Loss: 92.1773 | Val Cost: 62748.13 | Val Max P-Miss: 0.7474 | Max Q-Miss: 0.8143 | Val Max Gen Viol: 6.9617 | Val Max Thermal: 18.3317 [*SAVED BEST*]
Epoch 3100 | Val Loss: 91.2014 | Val Cost: 63042.13 | Val Max P-Miss: 0.7839 | Max Q-Miss: 0.7483 | Val Max Gen Viol: 6.9486 | Val Max Thermal: 17.4707 [*SAVED BEST*]
Epoch 3200 | Val Loss: 86.6971 | Val Cost: 62636.86 | Val Max P-Miss: 0.7116 | Max Q-Miss: 0.7241 | Val Max Gen Viol: 7.1359 | Val Max Thermal: 17.6654 [*SAVED BEST*]
Epoch 3300 | Val Loss: 96.2508 | Val Cost: 65240.08 | Val Max P-Miss: 1.0784 | Max Q-Miss: 0.7908 | Val Max Gen Viol: 6.0787 | Val Max Thermal: 15.4083
Epoch 3400 | Val Loss: 85.8630 | Val Cost: 62549.19 | Val Max P-Miss: 0.7014 | Max Q-Miss: 0.8218 | Val Max Gen Viol: 7.4095 | Val Max Thermal: 17.9314 [*SAVED BEST*]
Epoch 3500 | Val Loss: 86.7416 | Val Cost: 62612.72 | Val Max P-Miss: 0.7291 | Max Q-Miss: 0.6947 | Val Max Gen Viol: 7.2247 | Val Max Thermal: 18.6531
Epoch 3600 | Val Loss: 88.1221 | Val Cost: 62496.39 | Val Max P-Miss: 0.7997 | Max Q-Miss: 0.7031 | Val Max Gen Viol: 7.2686 | Val Max Thermal: 17.1406
Epoch 3700 | Val Loss: 96.3947 | Val Cost: 65372.36 | Val Max P-Miss: 1.1662 | Max Q-Miss: 0.7352 | Val Max Gen Viol: 5.9836 | Val Max Thermal: 13.0174
Epoch 3800 | Val Loss: 87.1072 | Val Cost: 62847.79 | Val Max P-Miss: 1.0463 | Max Q-Miss: 0.6837 | Val Max Gen Viol: 7.1757 | Val Max Thermal: 16.6216
Epoch 3900 | Val Loss: 88.2118 | Val Cost: 62365.33 | Val Max P-Miss: 1.0368 | Max Q-Miss: 0.6832 | Val Max Gen Viol: 7.3423 | Val Max Thermal: 17.1325
Epoch 4000 | Val Loss: 89.6942 | Val Cost: 65087.66 | Val Max P-Miss: 0.9697 | Max Q-Miss: 0.7100 | Val Max Gen Viol: 6.3586 | Val Max Thermal: 15.8200
Epoch 4100 | Val Loss: 85.7829 | Val Cost: 62036.96 | Val Max P-Miss: 1.0324 | Max Q-Miss: 0.6745 | Val Max Gen Viol: 7.3870 | Val Max Thermal: 18.1902 [*SAVED BEST*]
Epoch 4200 | Val Loss: 86.7908 | Val Cost: 61842.29 | Val Max P-Miss: 1.0607 | Max Q-Miss: 0.6991 | Val Max Gen Viol: 7.4234 | Val Max Thermal: 18.0914
Epoch 4300 | Val Loss: 86.0322 | Val Cost: 63445.24 | Val Max P-Miss: 1.0525 | Max Q-Miss: 0.6769 | Val Max Gen Viol: 6.9662 | Val Max Thermal: 16.5970
Epoch 4400 | Val Loss: 86.3687 | Val Cost: 62487.48 | Val Max P-Miss: 1.0747 | Max Q-Miss: 0.6965 | Val Max Gen Viol: 7.2985 | Val Max Thermal: 18.9542
Epoch 4500 | Val Loss: 84.6657 | Val Cost: 62185.04 | Val Max P-Miss: 1.0464 | Max Q-Miss: 0.8069 | Val Max Gen Viol: 7.5108 | Val Max Thermal: 17.3262 [*SAVED BEST*]
Epoch 4600 | Val Loss: 85.1415 | Val Cost: 62381.11 | Val Max P-Miss: 1.0680 | Max Q-Miss: 0.7045 | Val Max Gen Viol: 7.4067 | Val Max Thermal: 16.6205
Epoch 4700 | Val Loss: 84.3974 | Val Cost: 61810.60 | Val Max P-Miss: 1.0707 | Max Q-Miss: 0.6972 | Val Max Gen Viol: 7.6176 | Val Max Thermal: 18.1489 [*SAVED BEST*]
Epoch 4800 | Val Loss: 86.3751 | Val Cost: 61759.26 | Val Max P-Miss: 1.0338 | Max Q-Miss: 0.7002 | Val Max Gen Viol: 7.5473 | Val Max Thermal: 17.8069
Epoch 4900 | Val Loss: 88.3598 | Val Cost: 61683.50 | Val Max P-Miss: 1.0320 | Max Q-Miss: 0.7069 | Val Max Gen Viol: 7.3709 | Val Max Thermal: 16.1317
Epoch 5000 | Val Loss: 86.2251 | Val Cost: 63083.04 | Val Max P-Miss: 1.0536 | Max Q-Miss: 0.6848 | Val Max Gen Viol: 7.1463 | Val Max Thermal: 16.4567
Epoch 5100 | Val Loss: 81.7511 | Val Cost: 61598.26 | Val Max P-Miss: 1.0089 | Max Q-Miss: 0.6743 | Val Max Gen Viol: 7.7241 | Val Max Thermal: 18.5505 [*SAVED BEST*]
Epoch 5200 | Val Loss: 81.8854 | Val Cost: 61598.32 | Val Max P-Miss: 1.0154 | Max Q-Miss: 0.6743 | Val Max Gen Viol: 7.7835 | Val Max Thermal: 17.7237
Epoch 5300 | Val Loss: 82.2951 | Val Cost: 62326.08 | Val Max P-Miss: 1.0005 | Max Q-Miss: 0.6264 | Val Max Gen Viol: 7.5321 | Val Max Thermal: 18.1254
Epoch 5400 | Val Loss: 101.1027 | Val Cost: 62914.24 | Val Max P-Miss: 1.2849 | Max Q-Miss: 0.8417 | Val Max Gen Viol: 7.2439 | Val Max Thermal: 17.0194
Epoch 5500 | Val Loss: 94.3449 | Val Cost: 61893.95 | Val Max P-Miss: 0.9893 | Max Q-Miss: 0.7647 | Val Max Gen Viol: 7.1304 | Val Max Thermal: 14.8383
Epoch 5600 | Val Loss: 81.6159 | Val Cost: 61448.62 | Val Max P-Miss: 0.9758 | Max Q-Miss: 0.6573 | Val Max Gen Viol: 8.0009 | Val Max Thermal: 18.2517 [*SAVED BEST*]
Epoch 5700 | Val Loss: 105.4572 | Val Cost: 64969.08 | Val Max P-Miss: 1.7927 | Max Q-Miss: 0.7977 | Val Max Gen Viol: 5.6169 | Val Max Thermal: 14.7912
Epoch 5800 | Val Loss: 81.1992 | Val Cost: 61562.74 | Val Max P-Miss: 0.9587 | Max Q-Miss: 0.6358 | Val Max Gen Viol: 7.9905 | Val Max Thermal: 19.0586 [*SAVED BEST*]
Epoch 5900 | Val Loss: 84.3576 | Val Cost: 61784.11 | Val Max P-Miss: 0.9732 | Max Q-Miss: 0.7201 | Val Max Gen Viol: 7.8632 | Val Max Thermal: 17.2764
Epoch 6000 | Val Loss: 107.1910 | Val Cost: 62252.98 | Val Max P-Miss: 1.1694 | Max Q-Miss: 0.8753 | Val Max Gen Viol: 5.6200 | Val Max Thermal: 10.5784
Epoch 6100 | Val Loss: 110.0424 | Val Cost: 60544.81 | Val Max P-Miss: 1.1396 | Max Q-Miss: 0.9300 | Val Max Gen Viol: 6.5270 | Val Max Thermal: 12.4848
Epoch 6200 | Val Loss: 79.4726 | Val Cost: 61469.04 | Val Max P-Miss: 0.9207 | Max Q-Miss: 0.6501 | Val Max Gen Viol: 8.0899 | Val Max Thermal: 18.4795 [*SAVED BEST*]
Epoch 6300 | Val Loss: 79.1264 | Val Cost: 62421.36 | Val Max P-Miss: 0.8930 | Max Q-Miss: 0.7058 | Val Max Gen Viol: 7.7802 | Val Max Thermal: 18.3068 [*SAVED BEST*]
Epoch 6400 | Val Loss: 94.1827 | Val Cost: 62414.91 | Val Max P-Miss: 0.9230 | Max Q-Miss: 0.7717 | Val Max Gen Viol: 7.2137 | Val Max Thermal: 15.8742
Epoch 6500 | Val Loss: 85.7365 | Val Cost: 62570.84 | Val Max P-Miss: 0.9221 | Max Q-Miss: 0.7426 | Val Max Gen Viol: 6.6361 | Val Max Thermal: 13.8202
Epoch 6600 | Val Loss: 83.2419 | Val Cost: 62026.46 | Val Max P-Miss: 0.9450 | Max Q-Miss: 0.6810 | Val Max Gen Viol: 7.6686 | Val Max Thermal: 17.3635
Epoch 6700 | Val Loss: 117.5006 | Val Cost: 61428.32 | Val Max P-Miss: 1.1302 | Max Q-Miss: 1.0234 | Val Max Gen Viol: 8.3926 | Val Max Thermal: 17.6040
Epoch 6800 | Val Loss: 80.8258 | Val Cost: 61242.48 | Val Max P-Miss: 0.8138 | Max Q-Miss: 0.7031 | Val Max Gen Viol: 8.2926 | Val Max Thermal: 18.0550
Epoch 6900 | Val Loss: 81.4601 | Val Cost: 61407.28 | Val Max P-Miss: 0.8178 | Max Q-Miss: 0.7893 | Val Max Gen Viol: 8.3053 | Val Max Thermal: 18.1727
Epoch 7000 | Val Loss: 85.9512 | Val Cost: 63238.52 | Val Max P-Miss: 0.8083 | Max Q-Miss: 0.7029 | Val Max Gen Viol: 7.3997 | Val Max Thermal: 17.1460
Epoch 7100 | Val Loss: 91.4488 | Val Cost: 62481.32 | Val Max P-Miss: 0.9547 | Max Q-Miss: 0.7752 | Val Max Gen Viol: 7.1394 | Val Max Thermal: 16.1192
Epoch 7200 | Val Loss: 79.8625 | Val Cost: 61251.03 | Val Max P-Miss: 0.8119 | Max Q-Miss: 0.6966 | Val Max Gen Viol: 8.2742 | Val Max Thermal: 17.7770
Epoch 7300 | Val Loss: 77.4840 | Val Cost: 61274.56 | Val Max P-Miss: 0.7839 | Max Q-Miss: 0.5981 | Val Max Gen Viol: 8.3247 | Val Max Thermal: 17.4984 [*SAVED BEST*]
Epoch 7400 | Val Loss: 91.5357 | Val Cost: 62640.34 | Val Max P-Miss: 0.9610 | Max Q-Miss: 0.8281 | Val Max Gen Viol: 7.3023 | Val Max Thermal: 15.6713
Epoch 7500 | Val Loss: 80.6025 | Val Cost: 61142.04 | Val Max P-Miss: 0.8390 | Max Q-Miss: 0.6372 | Val Max Gen Viol: 8.3205 | Val Max Thermal: 17.9028
Epoch 7600 | Val Loss: 89.3326 | Val Cost: 61320.64 | Val Max P-Miss: 0.9379 | Max Q-Miss: 0.8966 | Val Max Gen Viol: 6.9949 | Val Max Thermal: 14.0875
Epoch 7700 | Val Loss: 77.7137 | Val Cost: 61111.77 | Val Max P-Miss: 0.8015 | Max Q-Miss: 0.5978 | Val Max Gen Viol: 8.4818 | Val Max Thermal: 18.3196
Epoch 7800 | Val Loss: 77.6916 | Val Cost: 61118.36 | Val Max P-Miss: 0.8365 | Max Q-Miss: 0.5896 | Val Max Gen Viol: 8.4722 | Val Max Thermal: 17.7984
Epoch 7900 | Val Loss: 81.7426 | Val Cost: 61151.26 | Val Max P-Miss: 1.0975 | Max Q-Miss: 0.6223 | Val Max Gen Viol: 8.3029 | Val Max Thermal: 17.1477
Epoch 8000 | Val Loss: 105.4123 | Val Cost: 61850.90 | Val Max P-Miss: 1.2009 | Max Q-Miss: 0.6614 | Val Max Gen Viol: 7.6698 | Val Max Thermal: 15.0117
Epoch 8100 | Val Loss: 87.3742 | Val Cost: 61189.77 | Val Max P-Miss: 0.8336 | Max Q-Miss: 0.8135 | Val Max Gen Viol: 8.5361 | Val Max Thermal: 18.1796
Epoch 8200 | Val Loss: 88.5845 | Val Cost: 61208.55 | Val Max P-Miss: 0.9038 | Max Q-Miss: 0.7719 | Val Max Gen Viol: 8.4359 | Val Max Thermal: 18.6121
Epoch 8300 | Val Loss: 75.5415 | Val Cost: 61212.70 | Val Max P-Miss: 0.8384 | Max Q-Miss: 0.5908 | Val Max Gen Viol: 8.4679 | Val Max Thermal: 18.0782 [*SAVED BEST*]
Epoch 8400 | Val Loss: 88.6237 | Val Cost: 62749.38 | Val Max P-Miss: 0.8509 | Max Q-Miss: 0.8443 | Val Max Gen Viol: 7.1986 | Val Max Thermal: 15.2835
Epoch 8500 | Val Loss: 75.2564 | Val Cost: 61080.78 | Val Max P-Miss: 0.8782 | Max Q-Miss: 0.5758 | Val Max Gen Viol: 8.5501 | Val Max Thermal: 18.4978 [*SAVED BEST*]
Epoch 8600 | Val Loss: 76.0496 | Val Cost: 61145.15 | Val Max P-Miss: 0.9020 | Max Q-Miss: 0.6082 | Val Max Gen Viol: 8.5668 | Val Max Thermal: 18.4571
Epoch 8700 | Val Loss: 77.9645 | Val Cost: 61008.25 | Val Max P-Miss: 0.8291 | Max Q-Miss: 0.6914 | Val Max Gen Viol: 8.5755 | Val Max Thermal: 18.4182
Epoch 8800 | Val Loss: 75.6983 | Val Cost: 61141.64 | Val Max P-Miss: 0.8881 | Max Q-Miss: 0.5967 | Val Max Gen Viol: 8.5121 | Val Max Thermal: 18.1504
Epoch 8900 | Val Loss: 93.5583 | Val Cost: 61943.84 | Val Max P-Miss: 1.0008 | Max Q-Miss: 0.8288 | Val Max Gen Viol: 7.5258 | Val Max Thermal: 14.9599
Epoch 9000 | Val Loss: 82.7481 | Val Cost: 61955.32 | Val Max P-Miss: 0.9651 | Max Q-Miss: 0.5796 | Val Max Gen Viol: 7.5736 | Val Max Thermal: 14.9008
Epoch 9100 | Val Loss: 75.9391 | Val Cost: 60936.26 | Val Max P-Miss: 0.7955 | Max Q-Miss: 0.5752 | Val Max Gen Viol: 8.6786 | Val Max Thermal: 18.6494
Epoch 9200 | Val Loss: 84.3971 | Val Cost: 61940.75 | Val Max P-Miss: 0.8231 | Max Q-Miss: 0.7040 | Val Max Gen Viol: 7.1748 | Val Max Thermal: 14.9212
Epoch 9300 | Val Loss: 99.3974 | Val Cost: 59768.82 | Val Max P-Miss: 1.3410 | Max Q-Miss: 0.8313 | Val Max Gen Viol: 6.5757 | Val Max Thermal: 13.3149
Epoch 9400 | Val Loss: 75.9935 | Val Cost: 61056.44 | Val Max P-Miss: 0.8160 | Max Q-Miss: 0.6243 | Val Max Gen Viol: 8.6748 | Val Max Thermal: 19.0024
Epoch 9500 | Val Loss: 76.9485 | Val Cost: 60927.08 | Val Max P-Miss: 0.8173 | Max Q-Miss: 0.5900 | Val Max Gen Viol: 8.5809 | Val Max Thermal: 18.3871
Epoch 9600 | Val Loss: 75.1748 | Val Cost: 60928.30 | Val Max P-Miss: 0.8227 | Max Q-Miss: 0.5994 | Val Max Gen Viol: 8.6216 | Val Max Thermal: 17.7706 [*SAVED BEST*]
Epoch 9700 | Val Loss: 76.0859 | Val Cost: 61044.61 | Val Max P-Miss: 0.8755 | Max Q-Miss: 0.5836 | Val Max Gen Viol: 8.6214 | Val Max Thermal: 18.4741
Epoch 9800 | Val Loss: 77.7749 | Val Cost: 62488.17 | Val Max P-Miss: 0.7934 | Max Q-Miss: 0.6996 | Val Max Gen Viol: 7.8152 | Val Max Thermal: 15.9569
Epoch 9900 | Val Loss: 96.0296 | Val Cost: 59829.23 | Val Max P-Miss: 0.9932 | Max Q-Miss: 0.7643 | Val Max Gen Viol: 7.2843 | Val Max Thermal: 15.5853

==================================================
Training Complete!
Total Training Time: 00h 07m 04.68s
Best model weights saved to: ./model/best_ablation_model_pglib_opf_case162_ieee_dtc_10000epochs_20260918_101829.pth
==================================================

