Job ID: 12030
Executing: ACOPF_ablation.py --case_name pglib_opf_case162_ieee_dtc --epochs 10000
Node: issnode1
GPU Allocated: 0
CUDA Hardware Acceleration Active: NVIDIA GeForce RTX 4090
Problem Geometry Linked -> Matrix Samples: 10000

Beginning execution of parallelized training matrix loops...
Epoch    0 | Val Loss: 3790.8071 | Val Cost: -1429.88 | Val Max P-Miss: 22.4046 | Max Q-Miss: 2.8980 | Val Max Gen Viol: 0.1310 | Val Max Thermal: 0.0000 [*SAVED BEST*]
Epoch  100 | Val Loss: 230.2828 | Val Cost: 67707.41 | Val Max P-Miss: 2.4547 | Max Q-Miss: 1.5710 | Val Max Gen Viol: 5.8373 | Val Max Thermal: 38.7647 [*SAVED BEST*]
Epoch  200 | Val Loss: 279.6792 | Val Cost: 63583.75 | Val Max P-Miss: 2.3459 | Max Q-Miss: 1.3086 | Val Max Gen Viol: 5.1076 | Val Max Thermal: 20.1659
Epoch  300 | Val Loss: 211.7485 | Val Cost: 67032.62 | Val Max P-Miss: 1.8354 | Max Q-Miss: 1.3567 | Val Max Gen Viol: 5.2552 | Val Max Thermal: 30.3234 [*SAVED BEST*]
Epoch  400 | Val Loss: 202.6257 | Val Cost: 72937.04 | Val Max P-Miss: 1.6116 | Max Q-Miss: 1.1393 | Val Max Gen Viol: 5.3475 | Val Max Thermal: 23.8182 [*SAVED BEST*]
Epoch  500 | Val Loss: 355.4796 | Val Cost: 70610.05 | Val Max P-Miss: 3.6106 | Max Q-Miss: 3.1343 | Val Max Gen Viol: 5.6111 | Val Max Thermal: 43.9239
Epoch  600 | Val Loss: 151.8716 | Val Cost: 70637.32 | Val Max P-Miss: 1.4530 | Max Q-Miss: 1.2425 | Val Max Gen Viol: 5.5034 | Val Max Thermal: 26.6673 [*SAVED BEST*]
Epoch  700 | Val Loss: 107.1598 | Val Cost: 70835.63 | Val Max P-Miss: 1.2338 | Max Q-Miss: 0.9414 | Val Max Gen Viol: 5.6686 | Val Max Thermal: 17.3895 [*SAVED BEST*]
Epoch  800 | Val Loss: 112.6787 | Val Cost: 67892.63 | Val Max P-Miss: 1.3200 | Max Q-Miss: 0.9662 | Val Max Gen Viol: 5.3928 | Val Max Thermal: 12.9106
Epoch  900 | Val Loss: 124.3383 | Val Cost: 64997.56 | Val Max P-Miss: 1.1494 | Max Q-Miss: 0.9912 | Val Max Gen Viol: 5.2100 | Val Max Thermal: 13.1938
Epoch 1000 | Val Loss: 95.6742 | Val Cost: 67595.18 | Val Max P-Miss: 1.0027 | Max Q-Miss: 1.1263 | Val Max Gen Viol: 6.1206 | Val Max Thermal: 16.5695 [*SAVED BEST*]
Epoch 1100 | Val Loss: 94.6021 | Val Cost: 67180.89 | Val Max P-Miss: 1.0915 | Max Q-Miss: 0.8466 | Val Max Gen Viol: 6.6835 | Val Max Thermal: 16.5673 [*SAVED BEST*]
Epoch 1200 | Val Loss: 132.5621 | Val Cost: 63470.04 | Val Max P-Miss: 1.3368 | Max Q-Miss: 0.8569 | Val Max Gen Viol: 6.3891 | Val Max Thermal: 14.4795
Epoch 1300 | Val Loss: 96.1979 | Val Cost: 64312.16 | Val Max P-Miss: 1.1543 | Max Q-Miss: 0.9554 | Val Max Gen Viol: 7.7686 | Val Max Thermal: 17.1362
Epoch 1400 | Val Loss: 86.6703 | Val Cost: 65518.17 | Val Max P-Miss: 1.1373 | Max Q-Miss: 0.9552 | Val Max Gen Viol: 7.8096 | Val Max Thermal: 16.1100 [*SAVED BEST*]
Epoch 1500 | Val Loss: 101.4868 | Val Cost: 60323.98 | Val Max P-Miss: 1.1359 | Max Q-Miss: 1.0065 | Val Max Gen Viol: 8.1408 | Val Max Thermal: 16.8751
Epoch 1600 | Val Loss: 79.2192 | Val Cost: 60623.95 | Val Max P-Miss: 0.8955 | Max Q-Miss: 0.8327 | Val Max Gen Viol: 9.8004 | Val Max Thermal: 20.9618 [*SAVED BEST*]
Epoch 1700 | Val Loss: 124.3823 | Val Cost: 59650.65 | Val Max P-Miss: 1.5055 | Max Q-Miss: 0.8913 | Val Max Gen Viol: 9.3663 | Val Max Thermal: 19.2488
Epoch 1800 | Val Loss: 77.7612 | Val Cost: 60227.94 | Val Max P-Miss: 0.7760 | Max Q-Miss: 1.0771 | Val Max Gen Viol: 10.3583 | Val Max Thermal: 20.8337 [*SAVED BEST*]
Epoch 1900 | Val Loss: 84.1934 | Val Cost: 59209.91 | Val Max P-Miss: 1.0144 | Max Q-Miss: 0.6915 | Val Max Gen Viol: 10.0571 | Val Max Thermal: 20.0636
Epoch 2000 | Val Loss: 76.0187 | Val Cost: 59861.38 | Val Max P-Miss: 0.8337 | Max Q-Miss: 0.6985 | Val Max Gen Viol: 10.5450 | Val Max Thermal: 20.9620 [*SAVED BEST*]
Epoch 2100 | Val Loss: 80.4333 | Val Cost: 59298.79 | Val Max P-Miss: 0.7692 | Max Q-Miss: 0.7164 | Val Max Gen Viol: 10.5985 | Val Max Thermal: 21.0209
Epoch 2200 | Val Loss: 77.5276 | Val Cost: 59562.18 | Val Max P-Miss: 1.0008 | Max Q-Miss: 0.6833 | Val Max Gen Viol: 10.9602 | Val Max Thermal: 21.1747
Epoch 2300 | Val Loss: 69.7673 | Val Cost: 61790.88 | Val Max P-Miss: 0.6775 | Max Q-Miss: 0.7097 | Val Max Gen Viol: 10.6291 | Val Max Thermal: 19.5786 [*SAVED BEST*]
Epoch 2400 | Val Loss: 76.1366 | Val Cost: 60451.29 | Val Max P-Miss: 0.8891 | Max Q-Miss: 0.7150 | Val Max Gen Viol: 10.4792 | Val Max Thermal: 19.0400
Epoch 2500 | Val Loss: 71.7187 | Val Cost: 60291.05 | Val Max P-Miss: 0.7670 | Max Q-Miss: 0.6875 | Val Max Gen Viol: 10.7437 | Val Max Thermal: 19.5601
Epoch 2600 | Val Loss: 67.9184 | Val Cost: 59762.13 | Val Max P-Miss: 0.7095 | Max Q-Miss: 0.6756 | Val Max Gen Viol: 11.0238 | Val Max Thermal: 20.3900 [*SAVED BEST*]
Epoch 2700 | Val Loss: 75.1500 | Val Cost: 60267.48 | Val Max P-Miss: 1.1118 | Max Q-Miss: 0.6847 | Val Max Gen Viol: 10.5436 | Val Max Thermal: 18.8921
Epoch 2800 | Val Loss: 98.1856 | Val Cost: 59135.64 | Val Max P-Miss: 0.9020 | Max Q-Miss: 0.8939 | Val Max Gen Viol: 10.0254 | Val Max Thermal: 17.7576
Epoch 2900 | Val Loss: 70.5180 | Val Cost: 58251.68 | Val Max P-Miss: 0.9669 | Max Q-Miss: 0.6241 | Val Max Gen Viol: 11.4617 | Val Max Thermal: 21.3278
Epoch 3000 | Val Loss: 82.5230 | Val Cost: 59881.34 | Val Max P-Miss: 1.1635 | Max Q-Miss: 0.7248 | Val Max Gen Viol: 9.7372 | Val Max Thermal: 17.0007
Epoch 3100 | Val Loss: 86.1676 | Val Cost: 58338.36 | Val Max P-Miss: 1.4705 | Max Q-Miss: 0.7863 | Val Max Gen Viol: 8.6701 | Val Max Thermal: 12.9229
Epoch 3200 | Val Loss: 67.5410 | Val Cost: 57941.23 | Val Max P-Miss: 0.7654 | Max Q-Miss: 0.5509 | Val Max Gen Viol: 11.4114 | Val Max Thermal: 20.3013 [*SAVED BEST*]
Epoch 3300 | Val Loss: 76.5770 | Val Cost: 57004.19 | Val Max P-Miss: 0.9497 | Max Q-Miss: 0.5508 | Val Max Gen Viol: 9.9110 | Val Max Thermal: 17.9510
Epoch 3400 | Val Loss: 65.0037 | Val Cost: 57705.00 | Val Max P-Miss: 0.6688 | Max Q-Miss: 0.9460 | Val Max Gen Viol: 11.8163 | Val Max Thermal: 21.3791 [*SAVED BEST*]
Epoch 3500 | Val Loss: 92.2286 | Val Cost: 59705.82 | Val Max P-Miss: 0.9398 | Max Q-Miss: 0.7926 | Val Max Gen Viol: 9.7472 | Val Max Thermal: 16.5858
Epoch 3600 | Val Loss: 77.8951 | Val Cost: 57751.59 | Val Max P-Miss: 0.9766 | Max Q-Miss: 0.6289 | Val Max Gen Viol: 10.3572 | Val Max Thermal: 17.5138
Epoch 3700 | Val Loss: 67.4667 | Val Cost: 57554.89 | Val Max P-Miss: 0.6667 | Max Q-Miss: 0.9151 | Val Max Gen Viol: 11.8339 | Val Max Thermal: 20.4891
Epoch 3800 | Val Loss: 67.5251 | Val Cost: 57646.48 | Val Max P-Miss: 0.6724 | Max Q-Miss: 0.6603 | Val Max Gen Viol: 11.3975 | Val Max Thermal: 19.5853
Epoch 3900 | Val Loss: 66.3306 | Val Cost: 57355.35 | Val Max P-Miss: 0.8508 | Max Q-Miss: 0.5471 | Val Max Gen Viol: 11.7973 | Val Max Thermal: 20.4514
Epoch 4000 | Val Loss: 62.9721 | Val Cost: 57941.20 | Val Max P-Miss: 0.6577 | Max Q-Miss: 0.7820 | Val Max Gen Viol: 11.7119 | Val Max Thermal: 20.1090 [*SAVED BEST*]
Epoch 4100 | Val Loss: 76.5677 | Val Cost: 58768.87 | Val Max P-Miss: 0.7687 | Max Q-Miss: 1.0258 | Val Max Gen Viol: 11.0047 | Val Max Thermal: 18.4880
Epoch 4200 | Val Loss: 72.1103 | Val Cost: 58816.96 | Val Max P-Miss: 0.6930 | Max Q-Miss: 0.7799 | Val Max Gen Viol: 10.9903 | Val Max Thermal: 17.9620
Epoch 4300 | Val Loss: 102.1754 | Val Cost: 58071.66 | Val Max P-Miss: 1.1329 | Max Q-Miss: 0.6847 | Val Max Gen Viol: 9.7936 | Val Max Thermal: 16.3927
Epoch 4400 | Val Loss: 65.4437 | Val Cost: 57017.96 | Val Max P-Miss: 0.8122 | Max Q-Miss: 0.5925 | Val Max Gen Viol: 11.9458 | Val Max Thermal: 19.8891
Epoch 4500 | Val Loss: 79.1373 | Val Cost: 58764.91 | Val Max P-Miss: 0.7770 | Max Q-Miss: 0.7500 | Val Max Gen Viol: 9.1231 | Val Max Thermal: 14.8550
Epoch 4600 | Val Loss: 68.1418 | Val Cost: 59002.32 | Val Max P-Miss: 0.6968 | Max Q-Miss: 0.6497 | Val Max Gen Viol: 11.2327 | Val Max Thermal: 18.2987
Epoch 4700 | Val Loss: 64.8742 | Val Cost: 56880.91 | Val Max P-Miss: 0.7277 | Max Q-Miss: 0.7097 | Val Max Gen Viol: 12.0146 | Val Max Thermal: 19.9901
Epoch 4800 | Val Loss: 60.9970 | Val Cost: 56581.68 | Val Max P-Miss: 0.6646 | Max Q-Miss: 0.7253 | Val Max Gen Viol: 12.1720 | Val Max Thermal: 20.1562 [*SAVED BEST*]
Epoch 4900 | Val Loss: 59.3459 | Val Cost: 56727.55 | Val Max P-Miss: 0.6769 | Max Q-Miss: 0.4643 | Val Max Gen Viol: 12.1657 | Val Max Thermal: 19.9471 [*SAVED BEST*]
Epoch 5000 | Val Loss: 60.8011 | Val Cost: 56541.01 | Val Max P-Miss: 0.7039 | Max Q-Miss: 0.5590 | Val Max Gen Viol: 12.1419 | Val Max Thermal: 19.8821
Epoch 5100 | Val Loss: 61.3100 | Val Cost: 56776.63 | Val Max P-Miss: 0.7966 | Max Q-Miss: 0.4557 | Val Max Gen Viol: 11.9882 | Val Max Thermal: 19.5242
Epoch 5200 | Val Loss: 81.4647 | Val Cost: 59464.59 | Val Max P-Miss: 0.8253 | Max Q-Miss: 0.5501 | Val Max Gen Viol: 10.1388 | Val Max Thermal: 14.7088
Epoch 5300 | Val Loss: 77.2128 | Val Cost: 57075.29 | Val Max P-Miss: 0.9837 | Max Q-Miss: 0.7180 | Val Max Gen Viol: 10.5559 | Val Max Thermal: 17.0505
Epoch 5400 | Val Loss: 61.1190 | Val Cost: 56882.83 | Val Max P-Miss: 0.7263 | Max Q-Miss: 0.5319 | Val Max Gen Viol: 12.0835 | Val Max Thermal: 18.8007
Epoch 5500 | Val Loss: 61.9299 | Val Cost: 56686.71 | Val Max P-Miss: 0.7340 | Max Q-Miss: 0.4889 | Val Max Gen Viol: 12.2336 | Val Max Thermal: 18.9398
Epoch 5600 | Val Loss: 61.9811 | Val Cost: 56479.61 | Val Max P-Miss: 0.7552 | Max Q-Miss: 0.6052 | Val Max Gen Viol: 12.2737 | Val Max Thermal: 19.2226
Epoch 5700 | Val Loss: 63.1553 | Val Cost: 58830.79 | Val Max P-Miss: 0.7779 | Max Q-Miss: 0.5079 | Val Max Gen Viol: 11.0460 | Val Max Thermal: 16.5745
Epoch 5800 | Val Loss: 61.9397 | Val Cost: 56465.40 | Val Max P-Miss: 0.7521 | Max Q-Miss: 0.5446 | Val Max Gen Viol: 12.2002 | Val Max Thermal: 18.9788
Epoch 5900 | Val Loss: 62.8191 | Val Cost: 57731.07 | Val Max P-Miss: 0.8455 | Max Q-Miss: 0.4884 | Val Max Gen Viol: 11.8225 | Val Max Thermal: 18.2728
Epoch 6000 | Val Loss: 61.0810 | Val Cost: 56577.52 | Val Max P-Miss: 0.7426 | Max Q-Miss: 0.4893 | Val Max Gen Viol: 12.1610 | Val Max Thermal: 18.6812
Epoch 6100 | Val Loss: 81.9224 | Val Cost: 55834.86 | Val Max P-Miss: 0.8299 | Max Q-Miss: 0.6458 | Val Max Gen Viol: 11.1898 | Val Max Thermal: 17.1870
Epoch 6200 | Val Loss: 60.9128 | Val Cost: 56429.06 | Val Max P-Miss: 0.7360 | Max Q-Miss: 0.5113 | Val Max Gen Viol: 12.2048 | Val Max Thermal: 18.4030
Epoch 6300 | Val Loss: 61.4234 | Val Cost: 56423.95 | Val Max P-Miss: 0.7019 | Max Q-Miss: 0.7922 | Val Max Gen Viol: 12.4013 | Val Max Thermal: 18.9004
Epoch 6400 | Val Loss: 70.4551 | Val Cost: 57005.16 | Val Max P-Miss: 0.8169 | Max Q-Miss: 0.5414 | Val Max Gen Viol: 11.6284 | Val Max Thermal: 17.2066
Epoch 6500 | Val Loss: 60.5926 | Val Cost: 56340.05 | Val Max P-Miss: 0.7485 | Max Q-Miss: 0.5051 | Val Max Gen Viol: 12.3065 | Val Max Thermal: 18.4673
Epoch 6600 | Val Loss: 58.4239 | Val Cost: 56263.06 | Val Max P-Miss: 0.7132 | Max Q-Miss: 0.4676 | Val Max Gen Viol: 12.3628 | Val Max Thermal: 18.7656 [*SAVED BEST*]
Epoch 6700 | Val Loss: 63.8306 | Val Cost: 58620.58 | Val Max P-Miss: 0.6909 | Max Q-Miss: 0.6078 | Val Max Gen Viol: 11.6428 | Val Max Thermal: 16.9436
Epoch 6800 | Val Loss: 58.5186 | Val Cost: 56157.07 | Val Max P-Miss: 0.7310 | Max Q-Miss: 0.5304 | Val Max Gen Viol: 12.4129 | Val Max Thermal: 18.4617
Epoch 6900 | Val Loss: 60.2141 | Val Cost: 56542.73 | Val Max P-Miss: 0.7489 | Max Q-Miss: 0.4431 | Val Max Gen Viol: 12.1932 | Val Max Thermal: 17.9755
Epoch 7000 | Val Loss: 61.1157 | Val Cost: 57285.35 | Val Max P-Miss: 0.7493 | Max Q-Miss: 0.6310 | Val Max Gen Viol: 11.9185 | Val Max Thermal: 17.1115
Epoch 7100 | Val Loss: 57.6288 | Val Cost: 56054.01 | Val Max P-Miss: 0.7444 | Max Q-Miss: 0.6625 | Val Max Gen Viol: 12.5524 | Val Max Thermal: 18.6117 [*SAVED BEST*]
Epoch 7200 | Val Loss: 62.4806 | Val Cost: 56310.17 | Val Max P-Miss: 0.7040 | Max Q-Miss: 0.5616 | Val Max Gen Viol: 12.1266 | Val Max Thermal: 17.8626
Epoch 7300 | Val Loss: 68.9880 | Val Cost: 56985.43 | Val Max P-Miss: 0.7062 | Max Q-Miss: 0.6192 | Val Max Gen Viol: 10.6843 | Val Max Thermal: 15.3778
Epoch 7400 | Val Loss: 59.7145 | Val Cost: 56214.71 | Val Max P-Miss: 0.7358 | Max Q-Miss: 0.4042 | Val Max Gen Viol: 12.3149 | Val Max Thermal: 18.0128
Epoch 7500 | Val Loss: 90.7070 | Val Cost: 58572.40 | Val Max P-Miss: 0.9091 | Max Q-Miss: 0.5209 | Val Max Gen Viol: 11.1070 | Val Max Thermal: 15.3945
Epoch 7600 | Val Loss: 57.1460 | Val Cost: 56149.74 | Val Max P-Miss: 0.7417 | Max Q-Miss: 0.3908 | Val Max Gen Viol: 12.5015 | Val Max Thermal: 18.1673 [*SAVED BEST*]
Epoch 7700 | Val Loss: 62.2545 | Val Cost: 57320.50 | Val Max P-Miss: 0.7221 | Max Q-Miss: 0.5082 | Val Max Gen Viol: 12.0006 | Val Max Thermal: 17.0574
Epoch 7800 | Val Loss: 60.5484 | Val Cost: 56289.51 | Val Max P-Miss: 0.7842 | Max Q-Miss: 0.4774 | Val Max Gen Viol: 12.3076 | Val Max Thermal: 17.6606
Epoch 7900 | Val Loss: 61.0625 | Val Cost: 56709.48 | Val Max P-Miss: 0.6915 | Max Q-Miss: 0.4052 | Val Max Gen Viol: 12.1318 | Val Max Thermal: 17.3996
Epoch 8000 | Val Loss: 58.2670 | Val Cost: 56888.58 | Val Max P-Miss: 0.7489 | Max Q-Miss: 0.4136 | Val Max Gen Viol: 12.3278 | Val Max Thermal: 17.6773
Epoch 8100 | Val Loss: 61.1679 | Val Cost: 57248.48 | Val Max P-Miss: 0.7306 | Max Q-Miss: 0.5797 | Val Max Gen Viol: 11.9652 | Val Max Thermal: 16.8276
Epoch 8200 | Val Loss: 59.1488 | Val Cost: 55959.63 | Val Max P-Miss: 0.7699 | Max Q-Miss: 0.6541 | Val Max Gen Viol: 12.6071 | Val Max Thermal: 17.9225
Epoch 8300 | Val Loss: 71.4135 | Val Cost: 58941.20 | Val Max P-Miss: 0.7314 | Max Q-Miss: 0.5639 | Val Max Gen Viol: 10.6578 | Val Max Thermal: 13.4745
Epoch 8400 | Val Loss: 58.0190 | Val Cost: 55934.59 | Val Max P-Miss: 0.7709 | Max Q-Miss: 0.5965 | Val Max Gen Viol: 12.6017 | Val Max Thermal: 17.8078
Epoch 8500 | Val Loss: 60.8729 | Val Cost: 57751.53 | Val Max P-Miss: 0.7931 | Max Q-Miss: 0.4967 | Val Max Gen Viol: 11.8118 | Val Max Thermal: 15.7887
Epoch 8600 | Val Loss: 58.5348 | Val Cost: 56077.31 | Val Max P-Miss: 0.7840 | Max Q-Miss: 0.4721 | Val Max Gen Viol: 12.4459 | Val Max Thermal: 17.4066
Epoch 8700 | Val Loss: 81.3038 | Val Cost: 58332.17 | Val Max P-Miss: 0.8752 | Max Q-Miss: 0.6171 | Val Max Gen Viol: 10.3177 | Val Max Thermal: 13.3116
Epoch 8800 | Val Loss: 59.0672 | Val Cost: 56204.01 | Val Max P-Miss: 0.7508 | Max Q-Miss: 0.7747 | Val Max Gen Viol: 12.5785 | Val Max Thermal: 17.3780
Epoch 8900 | Val Loss: 58.0773 | Val Cost: 55815.01 | Val Max P-Miss: 0.7504 | Max Q-Miss: 0.5265 | Val Max Gen Viol: 12.7186 | Val Max Thermal: 17.8122
Epoch 9000 | Val Loss: 57.1790 | Val Cost: 56054.19 | Val Max P-Miss: 0.7666 | Max Q-Miss: 0.5711 | Val Max Gen Viol: 12.6047 | Val Max Thermal: 17.5023
Epoch 9100 | Val Loss: 56.6263 | Val Cost: 56050.56 | Val Max P-Miss: 0.7910 | Max Q-Miss: 0.5496 | Val Max Gen Viol: 12.4774 | Val Max Thermal: 17.1712 [*SAVED BEST*]
Epoch 9200 | Val Loss: 57.1611 | Val Cost: 56070.07 | Val Max P-Miss: 0.7430 | Max Q-Miss: 0.5763 | Val Max Gen Viol: 12.6521 | Val Max Thermal: 17.2682
Epoch 9300 | Val Loss: 55.7138 | Val Cost: 55887.88 | Val Max P-Miss: 0.7354 | Max Q-Miss: 0.3614 | Val Max Gen Viol: 12.7681 | Val Max Thermal: 17.6180 [*SAVED BEST*]
Epoch 9400 | Val Loss: 61.8353 | Val Cost: 57609.00 | Val Max P-Miss: 0.7993 | Max Q-Miss: 0.5488 | Val Max Gen Viol: 12.0558 | Val Max Thermal: 16.1386
Epoch 9500 | Val Loss: 58.6837 | Val Cost: 56312.54 | Val Max P-Miss: 0.6933 | Max Q-Miss: 0.5368 | Val Max Gen Viol: 12.4494 | Val Max Thermal: 17.1287
Epoch 9600 | Val Loss: 64.7629 | Val Cost: 57748.05 | Val Max P-Miss: 0.6962 | Max Q-Miss: 0.7430 | Val Max Gen Viol: 11.3312 | Val Max Thermal: 14.7768
Epoch 9700 | Val Loss: 59.3630 | Val Cost: 56241.32 | Val Max P-Miss: 0.7303 | Max Q-Miss: 0.4410 | Val Max Gen Viol: 12.4599 | Val Max Thermal: 17.0614
Epoch 9800 | Val Loss: 56.6376 | Val Cost: 55951.40 | Val Max P-Miss: 0.7301 | Max Q-Miss: 0.3641 | Val Max Gen Viol: 12.7550 | Val Max Thermal: 17.3072
Epoch 9900 | Val Loss: 58.2895 | Val Cost: 55931.35 | Val Max P-Miss: 0.7609 | Max Q-Miss: 0.5363 | Val Max Gen Viol: 12.6245 | Val Max Thermal: 17.2584

==================================================
Training Complete!
Total Training Time: 00h 06m 39.79s
Best model weights saved to: ./model/best_ablation_model_pglib_opf_case162_ieee_dtc_10000epochs_20260918_102553.pth
==================================================

