Job ID: 12033
Executing: ACOPF_ablation.py --case_name pglib_opf_case162_ieee_dtc --epochs 10000
Node: issnode1
GPU Allocated: 0
CUDA Hardware Acceleration Active: NVIDIA GeForce RTX 4090
Problem Geometry Linked -> Matrix Samples: 10000

Beginning execution of parallelized training matrix loops...
Epoch    0 | Val Loss: 4139.8911 | Val Cost: -1131.16 | Val Max P-Miss: 22.9256 | Max Q-Miss: 3.6127 | Val Max Gen Viol: 0.0888 | Val Max Thermal: 0.0000 [*SAVED BEST*]
Epoch  100 | Val Loss: 242.5455 | Val Cost: 64857.55 | Val Max P-Miss: 2.5224 | Max Q-Miss: 1.3244 | Val Max Gen Viol: 5.7856 | Val Max Thermal: 43.8412 [*SAVED BEST*]
Epoch  200 | Val Loss: 206.6531 | Val Cost: 64621.99 | Val Max P-Miss: 2.3906 | Max Q-Miss: 1.0804 | Val Max Gen Viol: 5.4998 | Val Max Thermal: 28.0851 [*SAVED BEST*]
Epoch  300 | Val Loss: 159.3529 | Val Cost: 69044.88 | Val Max P-Miss: 1.9118 | Max Q-Miss: 1.7104 | Val Max Gen Viol: 5.5938 | Val Max Thermal: 26.8359 [*SAVED BEST*]
Epoch  400 | Val Loss: 168.8757 | Val Cost: 65318.66 | Val Max P-Miss: 2.0769 | Max Q-Miss: 1.2425 | Val Max Gen Viol: 4.6574 | Val Max Thermal: 14.8002
Epoch  500 | Val Loss: 188.0617 | Val Cost: 69277.72 | Val Max P-Miss: 2.0294 | Max Q-Miss: 1.0546 | Val Max Gen Viol: 5.0526 | Val Max Thermal: 13.8389
Epoch  600 | Val Loss: 115.0981 | Val Cost: 70965.03 | Val Max P-Miss: 1.4701 | Max Q-Miss: 1.1192 | Val Max Gen Viol: 5.6373 | Val Max Thermal: 20.1283 [*SAVED BEST*]
Epoch  700 | Val Loss: 122.0381 | Val Cost: 70461.31 | Val Max P-Miss: 1.4823 | Max Q-Miss: 1.0273 | Val Max Gen Viol: 5.2796 | Val Max Thermal: 16.4219
Epoch  800 | Val Loss: 103.9350 | Val Cost: 70093.02 | Val Max P-Miss: 1.4687 | Max Q-Miss: 0.8143 | Val Max Gen Viol: 5.7925 | Val Max Thermal: 18.4816 [*SAVED BEST*]
Epoch  900 | Val Loss: 102.3421 | Val Cost: 67056.08 | Val Max P-Miss: 1.1411 | Max Q-Miss: 0.9399 | Val Max Gen Viol: 5.6051 | Val Max Thermal: 19.1256 [*SAVED BEST*]
Epoch 1000 | Val Loss: 132.9659 | Val Cost: 62920.89 | Val Max P-Miss: 2.0890 | Max Q-Miss: 0.8697 | Val Max Gen Viol: 4.8046 | Val Max Thermal: 14.0021
Epoch 1100 | Val Loss: 102.5432 | Val Cost: 65003.96 | Val Max P-Miss: 1.6166 | Max Q-Miss: 1.1155 | Val Max Gen Viol: 5.5810 | Val Max Thermal: 17.7981
Epoch 1200 | Val Loss: 88.2486 | Val Cost: 63362.98 | Val Max P-Miss: 0.9041 | Max Q-Miss: 1.1316 | Val Max Gen Viol: 7.2463 | Val Max Thermal: 20.2933 [*SAVED BEST*]
Epoch 1300 | Val Loss: 134.5852 | Val Cost: 64656.91 | Val Max P-Miss: 1.0525 | Max Q-Miss: 1.0045 | Val Max Gen Viol: 6.6284 | Val Max Thermal: 19.1212
Epoch 1400 | Val Loss: 92.7384 | Val Cost: 61863.88 | Val Max P-Miss: 1.0381 | Max Q-Miss: 0.8773 | Val Max Gen Viol: 7.8745 | Val Max Thermal: 21.0329
Epoch 1500 | Val Loss: 99.1337 | Val Cost: 60685.97 | Val Max P-Miss: 1.1097 | Max Q-Miss: 0.8611 | Val Max Gen Viol: 7.4139 | Val Max Thermal: 19.6269
Epoch 1600 | Val Loss: 76.4057 | Val Cost: 60259.57 | Val Max P-Miss: 0.7530 | Max Q-Miss: 0.8908 | Val Max Gen Viol: 9.4435 | Val Max Thermal: 23.8459 [*SAVED BEST*]
Epoch 1700 | Val Loss: 113.1812 | Val Cost: 58116.16 | Val Max P-Miss: 1.2328 | Max Q-Miss: 1.0720 | Val Max Gen Viol: 6.2845 | Val Max Thermal: 15.9340
Epoch 1800 | Val Loss: 83.8670 | Val Cost: 60569.39 | Val Max P-Miss: 0.8845 | Max Q-Miss: 0.9089 | Val Max Gen Viol: 9.0489 | Val Max Thermal: 21.1892
Epoch 1900 | Val Loss: 92.3162 | Val Cost: 60017.27 | Val Max P-Miss: 0.8893 | Max Q-Miss: 0.8009 | Val Max Gen Viol: 8.4023 | Val Max Thermal: 20.0458
Epoch 2000 | Val Loss: 81.1776 | Val Cost: 59839.11 | Val Max P-Miss: 1.0063 | Max Q-Miss: 0.7650 | Val Max Gen Viol: 10.1512 | Val Max Thermal: 22.0309
Epoch 2100 | Val Loss: 82.2355 | Val Cost: 59520.93 | Val Max P-Miss: 0.8975 | Max Q-Miss: 0.7655 | Val Max Gen Viol: 9.5196 | Val Max Thermal: 19.9462
Epoch 2200 | Val Loss: 76.8531 | Val Cost: 58732.41 | Val Max P-Miss: 1.0183 | Max Q-Miss: 0.6993 | Val Max Gen Viol: 10.5574 | Val Max Thermal: 22.3129
Epoch 2300 | Val Loss: 77.6625 | Val Cost: 57703.20 | Val Max P-Miss: 0.8569 | Max Q-Miss: 0.6850 | Val Max Gen Viol: 10.9048 | Val Max Thermal: 22.8513
Epoch 2400 | Val Loss: 77.2819 | Val Cost: 60579.96 | Val Max P-Miss: 0.9576 | Max Q-Miss: 0.7221 | Val Max Gen Viol: 10.4062 | Val Max Thermal: 21.3219
Epoch 2500 | Val Loss: 83.9734 | Val Cost: 59942.13 | Val Max P-Miss: 0.9926 | Max Q-Miss: 0.9004 | Val Max Gen Viol: 8.6789 | Val Max Thermal: 16.8322
Epoch 2600 | Val Loss: 114.1785 | Val Cost: 54446.68 | Val Max P-Miss: 1.2429 | Max Q-Miss: 0.9212 | Val Max Gen Viol: 7.2778 | Val Max Thermal: 14.3455
Epoch 2700 | Val Loss: 78.3050 | Val Cost: 57338.68 | Val Max P-Miss: 0.6679 | Max Q-Miss: 0.9282 | Val Max Gen Viol: 10.7410 | Val Max Thermal: 20.8709
Epoch 2800 | Val Loss: 81.8586 | Val Cost: 59307.51 | Val Max P-Miss: 0.7191 | Max Q-Miss: 0.6819 | Val Max Gen Viol: 9.6608 | Val Max Thermal: 16.9233
Epoch 2900 | Val Loss: 72.3811 | Val Cost: 57447.95 | Val Max P-Miss: 0.8509 | Max Q-Miss: 0.6190 | Val Max Gen Viol: 11.5337 | Val Max Thermal: 22.0271 [*SAVED BEST*]
Epoch 3000 | Val Loss: 82.2983 | Val Cost: 56872.52 | Val Max P-Miss: 0.8042 | Max Q-Miss: 0.7315 | Val Max Gen Viol: 10.0304 | Val Max Thermal: 18.7674
Epoch 3100 | Val Loss: 131.0255 | Val Cost: 55116.57 | Val Max P-Miss: 1.4632 | Max Q-Miss: 0.8811 | Val Max Gen Viol: 10.1238 | Val Max Thermal: 17.4247
Epoch 3200 | Val Loss: 76.5725 | Val Cost: 60112.52 | Val Max P-Miss: 0.8262 | Max Q-Miss: 0.7298 | Val Max Gen Viol: 10.3600 | Val Max Thermal: 18.3723
Epoch 3300 | Val Loss: 74.9182 | Val Cost: 58678.86 | Val Max P-Miss: 0.6900 | Max Q-Miss: 0.6719 | Val Max Gen Viol: 10.7670 | Val Max Thermal: 19.0402
Epoch 3400 | Val Loss: 65.9029 | Val Cost: 58931.04 | Val Max P-Miss: 0.7026 | Max Q-Miss: 0.5374 | Val Max Gen Viol: 11.3042 | Val Max Thermal: 20.1920 [*SAVED BEST*]
Epoch 3500 | Val Loss: 69.6193 | Val Cost: 56624.96 | Val Max P-Miss: 0.8447 | Max Q-Miss: 0.5838 | Val Max Gen Viol: 11.7659 | Val Max Thermal: 20.9160
Epoch 3600 | Val Loss: 69.4084 | Val Cost: 56967.69 | Val Max P-Miss: 0.8769 | Max Q-Miss: 0.5632 | Val Max Gen Viol: 11.8725 | Val Max Thermal: 20.9935
Epoch 3700 | Val Loss: 72.4443 | Val Cost: 57068.99 | Val Max P-Miss: 0.7980 | Max Q-Miss: 0.5911 | Val Max Gen Viol: 11.5882 | Val Max Thermal: 19.8995
Epoch 3800 | Val Loss: 67.3721 | Val Cost: 57180.76 | Val Max P-Miss: 0.7042 | Max Q-Miss: 0.7416 | Val Max Gen Viol: 11.9915 | Val Max Thermal: 21.0548
Epoch 3900 | Val Loss: 76.2020 | Val Cost: 58026.25 | Val Max P-Miss: 0.7913 | Max Q-Miss: 0.5841 | Val Max Gen Viol: 11.7917 | Val Max Thermal: 19.9246
Epoch 4000 | Val Loss: 69.1028 | Val Cost: 56594.68 | Val Max P-Miss: 0.7733 | Max Q-Miss: 0.5753 | Val Max Gen Viol: 11.9442 | Val Max Thermal: 20.1852
Epoch 4100 | Val Loss: 72.0345 | Val Cost: 56965.45 | Val Max P-Miss: 0.7602 | Max Q-Miss: 0.6343 | Val Max Gen Viol: 11.7979 | Val Max Thermal: 19.8867
Epoch 4200 | Val Loss: 65.3726 | Val Cost: 56644.93 | Val Max P-Miss: 0.9746 | Max Q-Miss: 0.5240 | Val Max Gen Viol: 12.1096 | Val Max Thermal: 20.5484 [*SAVED BEST*]
Epoch 4300 | Val Loss: 67.1854 | Val Cost: 58027.07 | Val Max P-Miss: 0.8043 | Max Q-Miss: 0.6315 | Val Max Gen Viol: 11.2682 | Val Max Thermal: 18.4985
Epoch 4400 | Val Loss: 69.4918 | Val Cost: 59531.83 | Val Max P-Miss: 0.7604 | Max Q-Miss: 0.5931 | Val Max Gen Viol: 10.2679 | Val Max Thermal: 15.4092
Epoch 4500 | Val Loss: 73.7492 | Val Cost: 58858.15 | Val Max P-Miss: 0.8201 | Max Q-Miss: 0.7114 | Val Max Gen Viol: 10.9208 | Val Max Thermal: 17.4953
Epoch 4600 | Val Loss: 76.3188 | Val Cost: 57339.15 | Val Max P-Miss: 0.9276 | Max Q-Miss: 0.6805 | Val Max Gen Viol: 11.3197 | Val Max Thermal: 18.1494
Epoch 4700 | Val Loss: 181.5971 | Val Cost: 55662.29 | Val Max P-Miss: 2.3535 | Max Q-Miss: 1.3001 | Val Max Gen Viol: 11.5117 | Val Max Thermal: 16.6117
Epoch 4800 | Val Loss: 63.3004 | Val Cost: 56332.62 | Val Max P-Miss: 0.7458 | Max Q-Miss: 0.5770 | Val Max Gen Viol: 12.2109 | Val Max Thermal: 19.8133 [*SAVED BEST*]
Epoch 4900 | Val Loss: 65.6594 | Val Cost: 56631.76 | Val Max P-Miss: 0.7878 | Max Q-Miss: 0.5210 | Val Max Gen Viol: 12.0728 | Val Max Thermal: 19.2093
Epoch 5000 | Val Loss: 69.7959 | Val Cost: 58420.39 | Val Max P-Miss: 0.8941 | Max Q-Miss: 0.5863 | Val Max Gen Viol: 11.2209 | Val Max Thermal: 17.2797
Epoch 5100 | Val Loss: 68.8278 | Val Cost: 58559.54 | Val Max P-Miss: 0.9481 | Max Q-Miss: 0.5384 | Val Max Gen Viol: 11.1785 | Val Max Thermal: 16.9047
Epoch 5200 | Val Loss: 62.4386 | Val Cost: 56340.96 | Val Max P-Miss: 0.7710 | Max Q-Miss: 0.5042 | Val Max Gen Viol: 12.1367 | Val Max Thermal: 18.9786 [*SAVED BEST*]
Epoch 5300 | Val Loss: 63.5622 | Val Cost: 57097.14 | Val Max P-Miss: 0.6993 | Max Q-Miss: 0.6008 | Val Max Gen Viol: 12.0115 | Val Max Thermal: 18.5531
Epoch 5400 | Val Loss: 62.6693 | Val Cost: 56245.00 | Val Max P-Miss: 0.7929 | Max Q-Miss: 0.6787 | Val Max Gen Viol: 12.4633 | Val Max Thermal: 19.5941
Epoch 5500 | Val Loss: 60.1572 | Val Cost: 57851.36 | Val Max P-Miss: 0.6997 | Max Q-Miss: 0.5561 | Val Max Gen Viol: 12.0378 | Val Max Thermal: 18.0835 [*SAVED BEST*]
Epoch 5600 | Val Loss: 61.5939 | Val Cost: 56158.63 | Val Max P-Miss: 0.7137 | Max Q-Miss: 0.5663 | Val Max Gen Viol: 12.4343 | Val Max Thermal: 19.0287
Epoch 5700 | Val Loss: 72.8873 | Val Cost: 58520.80 | Val Max P-Miss: 0.7767 | Max Q-Miss: 0.5485 | Val Max Gen Viol: 11.1217 | Val Max Thermal: 16.2411
Epoch 5800 | Val Loss: 60.6523 | Val Cost: 56009.52 | Val Max P-Miss: 0.7306 | Max Q-Miss: 0.5165 | Val Max Gen Viol: 12.5527 | Val Max Thermal: 19.1704
Epoch 5900 | Val Loss: 63.5146 | Val Cost: 58672.12 | Val Max P-Miss: 0.7282 | Max Q-Miss: 0.5484 | Val Max Gen Viol: 11.7167 | Val Max Thermal: 17.0801
Epoch 6000 | Val Loss: 63.0779 | Val Cost: 56344.46 | Val Max P-Miss: 0.7912 | Max Q-Miss: 0.5257 | Val Max Gen Viol: 12.3684 | Val Max Thermal: 18.6189
Epoch 6100 | Val Loss: 60.7066 | Val Cost: 56139.04 | Val Max P-Miss: 0.8147 | Max Q-Miss: 0.5867 | Val Max Gen Viol: 12.3985 | Val Max Thermal: 18.4763
Epoch 6200 | Val Loss: 65.0378 | Val Cost: 57237.79 | Val Max P-Miss: 0.7105 | Max Q-Miss: 0.6806 | Val Max Gen Viol: 11.4355 | Val Max Thermal: 16.4542
Epoch 6300 | Val Loss: 74.9175 | Val Cost: 57970.89 | Val Max P-Miss: 0.7851 | Max Q-Miss: 0.5681 | Val Max Gen Viol: 11.3970 | Val Max Thermal: 15.9124
Epoch 6400 | Val Loss: 61.0562 | Val Cost: 56121.48 | Val Max P-Miss: 0.7621 | Max Q-Miss: 0.4559 | Val Max Gen Viol: 12.4216 | Val Max Thermal: 18.4949
Epoch 6500 | Val Loss: 69.5552 | Val Cost: 57401.05 | Val Max P-Miss: 0.7508 | Max Q-Miss: 0.5797 | Val Max Gen Viol: 11.3100 | Val Max Thermal: 15.1735
Epoch 6600 | Val Loss: 60.6779 | Val Cost: 56020.74 | Val Max P-Miss: 0.8327 | Max Q-Miss: 0.5560 | Val Max Gen Viol: 12.4944 | Val Max Thermal: 18.3201
Epoch 6700 | Val Loss: 58.5123 | Val Cost: 56239.13 | Val Max P-Miss: 0.8019 | Max Q-Miss: 0.4379 | Val Max Gen Viol: 12.4589 | Val Max Thermal: 18.2493 [*SAVED BEST*]
Epoch 6800 | Val Loss: 62.0177 | Val Cost: 56053.28 | Val Max P-Miss: 0.8158 | Max Q-Miss: 0.5765 | Val Max Gen Viol: 12.5869 | Val Max Thermal: 18.4113
Epoch 6900 | Val Loss: 59.6493 | Val Cost: 58028.23 | Val Max P-Miss: 0.8319 | Max Q-Miss: 0.4961 | Val Max Gen Viol: 11.7285 | Val Max Thermal: 16.5344
Epoch 7000 | Val Loss: 63.5101 | Val Cost: 56640.86 | Val Max P-Miss: 0.8993 | Max Q-Miss: 0.5038 | Val Max Gen Viol: 12.4446 | Val Max Thermal: 18.0695
Epoch 7100 | Val Loss: 63.3834 | Val Cost: 57953.02 | Val Max P-Miss: 0.8337 | Max Q-Miss: 0.5165 | Val Max Gen Viol: 11.7901 | Val Max Thermal: 16.2736
Epoch 7200 | Val Loss: 87.7900 | Val Cost: 57763.73 | Val Max P-Miss: 0.9219 | Max Q-Miss: 0.7030 | Val Max Gen Viol: 10.8896 | Val Max Thermal: 14.9589
Epoch 7300 | Val Loss: 62.3905 | Val Cost: 56184.87 | Val Max P-Miss: 0.8443 | Max Q-Miss: 0.4603 | Val Max Gen Viol: 12.2865 | Val Max Thermal: 17.4470
Epoch 7400 | Val Loss: 97.4804 | Val Cost: 58019.46 | Val Max P-Miss: 0.8332 | Max Q-Miss: 0.6900 | Val Max Gen Viol: 11.6470 | Val Max Thermal: 15.3433
Epoch 7500 | Val Loss: 60.0952 | Val Cost: 55971.86 | Val Max P-Miss: 0.8282 | Max Q-Miss: 0.4626 | Val Max Gen Viol: 12.6537 | Val Max Thermal: 18.0365
Epoch 7600 | Val Loss: 58.4460 | Val Cost: 56086.41 | Val Max P-Miss: 0.8194 | Max Q-Miss: 0.4690 | Val Max Gen Viol: 12.5624 | Val Max Thermal: 17.9723 [*SAVED BEST*]
Epoch 7700 | Val Loss: 59.6230 | Val Cost: 56050.81 | Val Max P-Miss: 0.8403 | Max Q-Miss: 0.5992 | Val Max Gen Viol: 12.6399 | Val Max Thermal: 17.8771
Epoch 7800 | Val Loss: 86.9011 | Val Cost: 57380.02 | Val Max P-Miss: 0.9194 | Max Q-Miss: 0.6559 | Val Max Gen Viol: 11.1889 | Val Max Thermal: 14.4702
Epoch 7900 | Val Loss: 58.8673 | Val Cost: 56819.18 | Val Max P-Miss: 0.7543 | Max Q-Miss: 0.5405 | Val Max Gen Viol: 12.3153 | Val Max Thermal: 17.5399
Epoch 8000 | Val Loss: 71.9215 | Val Cost: 57903.86 | Val Max P-Miss: 0.8741 | Max Q-Miss: 0.5162 | Val Max Gen Viol: 11.7048 | Val Max Thermal: 15.9100
Epoch 8100 | Val Loss: 75.0458 | Val Cost: 58650.18 | Val Max P-Miss: 0.9195 | Max Q-Miss: 0.5664 | Val Max Gen Viol: 11.1779 | Val Max Thermal: 13.7909
Epoch 8200 | Val Loss: 59.7117 | Val Cost: 55913.30 | Val Max P-Miss: 0.8199 | Max Q-Miss: 0.5430 | Val Max Gen Viol: 12.7860 | Val Max Thermal: 18.0021
Epoch 8300 | Val Loss: 59.0526 | Val Cost: 56241.88 | Val Max P-Miss: 0.7763 | Max Q-Miss: 0.5334 | Val Max Gen Viol: 12.5354 | Val Max Thermal: 17.4453
Epoch 8400 | Val Loss: 58.0438 | Val Cost: 55984.75 | Val Max P-Miss: 0.7983 | Max Q-Miss: 0.4427 | Val Max Gen Viol: 12.6427 | Val Max Thermal: 17.7810 [*SAVED BEST*]
Epoch 8500 | Val Loss: 63.6952 | Val Cost: 58674.75 | Val Max P-Miss: 0.8640 | Max Q-Miss: 0.5625 | Val Max Gen Viol: 11.5684 | Val Max Thermal: 15.7214
Epoch 8600 | Val Loss: 58.3694 | Val Cost: 56007.55 | Val Max P-Miss: 0.8215 | Max Q-Miss: 0.5071 | Val Max Gen Viol: 12.6911 | Val Max Thermal: 17.6494
Epoch 8700 | Val Loss: 59.0227 | Val Cost: 57715.38 | Val Max P-Miss: 0.8076 | Max Q-Miss: 0.4890 | Val Max Gen Viol: 12.0398 | Val Max Thermal: 16.3886
Epoch 8800 | Val Loss: 59.8095 | Val Cost: 56005.81 | Val Max P-Miss: 0.8396 | Max Q-Miss: 0.4455 | Val Max Gen Viol: 12.4375 | Val Max Thermal: 17.2449
Epoch 8900 | Val Loss: 58.6577 | Val Cost: 55953.36 | Val Max P-Miss: 0.7890 | Max Q-Miss: 0.4118 | Val Max Gen Viol: 12.6845 | Val Max Thermal: 17.5731
Epoch 9000 | Val Loss: 55.6126 | Val Cost: 55715.00 | Val Max P-Miss: 0.8572 | Max Q-Miss: 0.3289 | Val Max Gen Viol: 12.5771 | Val Max Thermal: 17.2890 [*SAVED BEST*]
Epoch 9100 | Val Loss: 77.0411 | Val Cost: 57285.75 | Val Max P-Miss: 0.8245 | Max Q-Miss: 0.6780 | Val Max Gen Viol: 11.2721 | Val Max Thermal: 13.9029
Epoch 9200 | Val Loss: 67.9941 | Val Cost: 56297.04 | Val Max P-Miss: 0.9662 | Max Q-Miss: 0.4755 | Val Max Gen Viol: 12.1841 | Val Max Thermal: 16.4115
Epoch 9300 | Val Loss: 57.8871 | Val Cost: 55914.62 | Val Max P-Miss: 0.8414 | Max Q-Miss: 0.5346 | Val Max Gen Viol: 12.8352 | Val Max Thermal: 17.5427
Epoch 9400 | Val Loss: 57.4344 | Val Cost: 56122.76 | Val Max P-Miss: 0.8646 | Max Q-Miss: 0.3915 | Val Max Gen Viol: 12.7043 | Val Max Thermal: 17.1757
Epoch 9500 | Val Loss: 61.2190 | Val Cost: 55735.61 | Val Max P-Miss: 0.9283 | Max Q-Miss: 0.3703 | Val Max Gen Viol: 12.9303 | Val Max Thermal: 17.6382
Epoch 9600 | Val Loss: 56.8944 | Val Cost: 55763.93 | Val Max P-Miss: 0.8466 | Max Q-Miss: 0.5234 | Val Max Gen Viol: 12.8465 | Val Max Thermal: 17.4525
Epoch 9700 | Val Loss: 94.5289 | Val Cost: 56481.52 | Val Max P-Miss: 1.0183 | Max Q-Miss: 0.6483 | Val Max Gen Viol: 10.2765 | Val Max Thermal: 12.9990
Epoch 9800 | Val Loss: 56.4875 | Val Cost: 56293.65 | Val Max P-Miss: 0.8160 | Max Q-Miss: 0.4591 | Val Max Gen Viol: 12.8008 | Val Max Thermal: 17.2992
Epoch 9900 | Val Loss: 59.2067 | Val Cost: 55803.65 | Val Max P-Miss: 0.8147 | Max Q-Miss: 0.3613 | Val Max Gen Viol: 12.7392 | Val Max Thermal: 17.1975

==================================================
Training Complete!
Total Training Time: 00h 06m 47.22s
Best model weights saved to: ./model/best_ablation_model_pglib_opf_case162_ieee_dtc_10000epochs_20260918_104655.pth
==================================================

