Job ID: 12073
Executing: ACOPF_ablation.py --case_name pglib_opf_case300_ieee --epochs 10000
Node: issnode1
GPU Allocated: 0
CUDA Hardware Acceleration Active: NVIDIA GeForce RTX 4090
Problem Geometry Linked -> Matrix Samples: 10000

Beginning execution of parallelized training matrix loops...
Epoch    0 | Val Loss: 3255.8887 | Val Cost: -7958.70 | Val Max P-Miss: 11.3400 | Max Q-Miss: 7.6168 | Val Max Gen Viol: 0.3964 | Val Max Thermal: 0.0000 [*SAVED BEST*]
Epoch  100 | Val Loss: 570.0181 | Val Cost: 168111.05 | Val Max P-Miss: 2.9586 | Max Q-Miss: 1.9737 | Val Max Gen Viol: 11.6111 | Val Max Thermal: 48.5378 [*SAVED BEST*]
Epoch  200 | Val Loss: 309.8942 | Val Cost: 78443.08 | Val Max P-Miss: 2.5302 | Max Q-Miss: 2.2241 | Val Max Gen Viol: 13.2017 | Val Max Thermal: 46.7109 [*SAVED BEST*]
Epoch  300 | Val Loss: 184.6570 | Val Cost: 32613.24 | Val Max P-Miss: 2.0740 | Max Q-Miss: 1.6964 | Val Max Gen Viol: 16.1446 | Val Max Thermal: 58.4533 [*SAVED BEST*]
Epoch  400 | Val Loss: 185.7067 | Val Cost: -40440.63 | Val Max P-Miss: 2.3754 | Max Q-Miss: 1.5110 | Val Max Gen Viol: 18.0123 | Val Max Thermal: 42.9383
Epoch  500 | Val Loss: 115.6637 | Val Cost: -80468.73 | Val Max P-Miss: 1.9421 | Max Q-Miss: 1.7436 | Val Max Gen Viol: 21.5065 | Val Max Thermal: 56.2096 [*SAVED BEST*]
Epoch  600 | Val Loss: 105.2615 | Val Cost: -91908.93 | Val Max P-Miss: 2.2843 | Max Q-Miss: 2.0437 | Val Max Gen Viol: 22.5721 | Val Max Thermal: 54.5997 [*SAVED BEST*]
Epoch  700 | Val Loss: 59.1366 | Val Cost: -188788.55 | Val Max P-Miss: 1.9335 | Max Q-Miss: 1.7980 | Val Max Gen Viol: 27.1083 | Val Max Thermal: 49.1327 [*SAVED BEST*]
Epoch  800 | Val Loss: 45.9601 | Val Cost: -202473.81 | Val Max P-Miss: 2.2455 | Max Q-Miss: 1.7599 | Val Max Gen Viol: 28.5428 | Val Max Thermal: 51.7188 [*SAVED BEST*]
Epoch  900 | Val Loss: 18.5448 | Val Cost: -228222.31 | Val Max P-Miss: 1.7936 | Max Q-Miss: 1.6405 | Val Max Gen Viol: 30.7412 | Val Max Thermal: 49.3176 [*SAVED BEST*]
Epoch 1000 | Val Loss: 103.3168 | Val Cost: -239140.66 | Val Max P-Miss: 2.1099 | Max Q-Miss: 1.8989 | Val Max Gen Viol: 30.5392 | Val Max Thermal: 37.5887
Epoch 1100 | Val Loss: 114.9469 | Val Cost: -296623.56 | Val Max P-Miss: 3.1681 | Max Q-Miss: 2.1619 | Val Max Gen Viol: 33.8567 | Val Max Thermal: 46.5281
Epoch 1200 | Val Loss: 68.4370 | Val Cost: -267123.50 | Val Max P-Miss: 1.7626 | Max Q-Miss: 2.5403 | Val Max Gen Viol: 32.3436 | Val Max Thermal: 45.3082
Epoch 1300 | Val Loss: 43.6324 | Val Cost: -331629.19 | Val Max P-Miss: 2.5454 | Max Q-Miss: 1.9724 | Val Max Gen Viol: 33.8882 | Val Max Thermal: 37.2359
Epoch 1400 | Val Loss: 45.9250 | Val Cost: -348307.09 | Val Max P-Miss: 2.0910 | Max Q-Miss: 2.5064 | Val Max Gen Viol: 35.0484 | Val Max Thermal: 35.7330
Epoch 1500 | Val Loss: -45.5959 | Val Cost: -373736.88 | Val Max P-Miss: 2.0663 | Max Q-Miss: 1.6098 | Val Max Gen Viol: 35.8676 | Val Max Thermal: 41.7374 [*SAVED BEST*]
Epoch 1600 | Val Loss: -54.7920 | Val Cost: -365931.72 | Val Max P-Miss: 1.7539 | Max Q-Miss: 1.4103 | Val Max Gen Viol: 36.2696 | Val Max Thermal: 41.4690 [*SAVED BEST*]
Epoch 1700 | Val Loss: -54.0028 | Val Cost: -400857.50 | Val Max P-Miss: 2.2304 | Max Q-Miss: 1.8361 | Val Max Gen Viol: 38.4785 | Val Max Thermal: 37.4566
Epoch 1800 | Val Loss: -68.2709 | Val Cost: -408890.66 | Val Max P-Miss: 1.8839 | Max Q-Miss: 1.6364 | Val Max Gen Viol: 39.6628 | Val Max Thermal: 34.7976 [*SAVED BEST*]
Epoch 1900 | Val Loss: -70.0056 | Val Cost: -408769.94 | Val Max P-Miss: 1.8457 | Max Q-Miss: 1.7549 | Val Max Gen Viol: 40.5674 | Val Max Thermal: 38.8079 [*SAVED BEST*]
Epoch 2000 | Val Loss: -42.7328 | Val Cost: -401375.00 | Val Max P-Miss: 1.7447 | Max Q-Miss: 1.2415 | Val Max Gen Viol: 40.6157 | Val Max Thermal: 35.9560
Epoch 2100 | Val Loss: -45.1182 | Val Cost: -430359.19 | Val Max P-Miss: 2.6244 | Max Q-Miss: 1.8495 | Val Max Gen Viol: 42.4609 | Val Max Thermal: 35.6112
Epoch 2200 | Val Loss: -54.0716 | Val Cost: -424142.56 | Val Max P-Miss: 2.8236 | Max Q-Miss: 2.3876 | Val Max Gen Viol: 42.7276 | Val Max Thermal: 36.2275
Epoch 2300 | Val Loss: -59.7342 | Val Cost: -415116.12 | Val Max P-Miss: 1.6812 | Max Q-Miss: 1.6645 | Val Max Gen Viol: 42.2659 | Val Max Thermal: 36.3108
Epoch 2400 | Val Loss: -9.7181 | Val Cost: -430775.12 | Val Max P-Miss: 2.3618 | Max Q-Miss: 2.3912 | Val Max Gen Viol: 43.4846 | Val Max Thermal: 32.5425
Epoch 2500 | Val Loss: -90.4503 | Val Cost: -445842.47 | Val Max P-Miss: 1.7976 | Max Q-Miss: 1.5309 | Val Max Gen Viol: 44.6643 | Val Max Thermal: 35.9738 [*SAVED BEST*]
Epoch 2600 | Val Loss: -93.4168 | Val Cost: -454169.28 | Val Max P-Miss: 1.7948 | Max Q-Miss: 1.2421 | Val Max Gen Viol: 45.1674 | Val Max Thermal: 31.6302 [*SAVED BEST*]
Epoch 2700 | Val Loss: -86.6198 | Val Cost: -460244.50 | Val Max P-Miss: 2.3400 | Max Q-Miss: 1.8338 | Val Max Gen Viol: 45.8679 | Val Max Thermal: 33.2173
Epoch 2800 | Val Loss: -93.1804 | Val Cost: -463090.78 | Val Max P-Miss: 2.1854 | Max Q-Miss: 1.7593 | Val Max Gen Viol: 46.3304 | Val Max Thermal: 32.0741
Epoch 2900 | Val Loss: -110.7614 | Val Cost: -476623.47 | Val Max P-Miss: 1.6749 | Max Q-Miss: 1.5465 | Val Max Gen Viol: 46.8930 | Val Max Thermal: 31.5652 [*SAVED BEST*]
Epoch 3000 | Val Loss: -114.9561 | Val Cost: -482313.12 | Val Max P-Miss: 1.7119 | Max Q-Miss: 1.3713 | Val Max Gen Viol: 47.3684 | Val Max Thermal: 30.2192 [*SAVED BEST*]
Epoch 3100 | Val Loss: -114.8418 | Val Cost: -481193.12 | Val Max P-Miss: 1.7150 | Max Q-Miss: 1.3886 | Val Max Gen Viol: 47.6255 | Val Max Thermal: 30.5496
Epoch 3200 | Val Loss: -114.7335 | Val Cost: -482685.94 | Val Max P-Miss: 1.7535 | Max Q-Miss: 1.6168 | Val Max Gen Viol: 47.7690 | Val Max Thermal: 31.2417
Epoch 3300 | Val Loss: -85.7031 | Val Cost: -486140.34 | Val Max P-Miss: 2.8361 | Max Q-Miss: 2.4184 | Val Max Gen Viol: 48.0733 | Val Max Thermal: 30.5501
Epoch 3400 | Val Loss: -29.0240 | Val Cost: -471221.72 | Val Max P-Miss: 2.1227 | Max Q-Miss: 1.8181 | Val Max Gen Viol: 47.3849 | Val Max Thermal: 31.8326
Epoch 3500 | Val Loss: -118.4720 | Val Cost: -506892.25 | Val Max P-Miss: 2.3044 | Max Q-Miss: 1.8336 | Val Max Gen Viol: 49.2937 | Val Max Thermal: 27.6775 [*SAVED BEST*]
Epoch 3600 | Val Loss: -85.3741 | Val Cost: -506476.94 | Val Max P-Miss: 1.6520 | Max Q-Miss: 1.4972 | Val Max Gen Viol: 49.0608 | Val Max Thermal: 26.5522
Epoch 3700 | Val Loss: -127.8758 | Val Cost: -515922.78 | Val Max P-Miss: 1.7912 | Max Q-Miss: 1.5892 | Val Max Gen Viol: 49.8386 | Val Max Thermal: 27.8149 [*SAVED BEST*]
Epoch 3800 | Val Loss: -107.2676 | Val Cost: -513839.25 | Val Max P-Miss: 2.2027 | Max Q-Miss: 1.3939 | Val Max Gen Viol: 49.8315 | Val Max Thermal: 27.1177
Epoch 3900 | Val Loss: -119.5577 | Val Cost: -521277.41 | Val Max P-Miss: 2.2720 | Max Q-Miss: 2.2505 | Val Max Gen Viol: 50.1727 | Val Max Thermal: 26.6607
Epoch 4000 | Val Loss: -50.4811 | Val Cost: -483402.44 | Val Max P-Miss: 2.1229 | Max Q-Miss: 1.4570 | Val Max Gen Viol: 47.4624 | Val Max Thermal: 19.5676
Epoch 4100 | Val Loss: -143.2812 | Val Cost: -528204.81 | Val Max P-Miss: 1.6794 | Max Q-Miss: 1.3870 | Val Max Gen Viol: 51.0037 | Val Max Thermal: 25.4995 [*SAVED BEST*]
Epoch 4200 | Val Loss: -134.1894 | Val Cost: -532240.19 | Val Max P-Miss: 1.8663 | Max Q-Miss: 1.6810 | Val Max Gen Viol: 51.3016 | Val Max Thermal: 25.9658
Epoch 4300 | Val Loss: -52.1566 | Val Cost: -509642.38 | Val Max P-Miss: 2.2568 | Max Q-Miss: 1.5656 | Val Max Gen Viol: 49.7376 | Val Max Thermal: 19.4883
Epoch 4400 | Val Loss: -133.3173 | Val Cost: -542682.06 | Val Max P-Miss: 2.1065 | Max Q-Miss: 2.2632 | Val Max Gen Viol: 52.0572 | Val Max Thermal: 24.5206
Epoch 4500 | Val Loss: -149.3907 | Val Cost: -551022.62 | Val Max P-Miss: 1.6781 | Max Q-Miss: 1.5319 | Val Max Gen Viol: 52.3295 | Val Max Thermal: 23.7925 [*SAVED BEST*]
Epoch 4600 | Val Loss: -127.9659 | Val Cost: -532801.44 | Val Max P-Miss: 2.1361 | Max Q-Miss: 1.5486 | Val Max Gen Viol: 51.3328 | Val Max Thermal: 26.0363
Epoch 4700 | Val Loss: -144.4938 | Val Cost: -551941.69 | Val Max P-Miss: 1.8306 | Max Q-Miss: 2.0483 | Val Max Gen Viol: 52.3092 | Val Max Thermal: 24.1442
Epoch 4800 | Val Loss: -154.6083 | Val Cost: -560039.75 | Val Max P-Miss: 1.8995 | Max Q-Miss: 1.4933 | Val Max Gen Viol: 52.6995 | Val Max Thermal: 23.4951 [*SAVED BEST*]
Epoch 4900 | Val Loss: -75.5953 | Val Cost: -528213.31 | Val Max P-Miss: 2.6091 | Max Q-Miss: 1.9244 | Val Max Gen Viol: 51.0686 | Val Max Thermal: 28.0980
Epoch 5000 | Val Loss: -154.7372 | Val Cost: -568691.12 | Val Max P-Miss: 1.7540 | Max Q-Miss: 1.6894 | Val Max Gen Viol: 52.7910 | Val Max Thermal: 23.3245 [*SAVED BEST*]
Epoch 5100 | Val Loss: -35.0331 | Val Cost: -548187.31 | Val Max P-Miss: 2.7015 | Max Q-Miss: 3.5508 | Val Max Gen Viol: 51.3419 | Val Max Thermal: 23.5612
Epoch 5200 | Val Loss: -148.0034 | Val Cost: -565939.50 | Val Max P-Miss: 1.8281 | Max Q-Miss: 2.1875 | Val Max Gen Viol: 52.3925 | Val Max Thermal: 22.6991
Epoch 5300 | Val Loss: -165.5068 | Val Cost: -584117.94 | Val Max P-Miss: 1.9846 | Max Q-Miss: 1.5112 | Val Max Gen Viol: 52.7426 | Val Max Thermal: 23.6641 [*SAVED BEST*]
Epoch 5400 | Val Loss: -145.1278 | Val Cost: -579593.62 | Val Max P-Miss: 2.3073 | Max Q-Miss: 2.4757 | Val Max Gen Viol: 52.3704 | Val Max Thermal: 23.0886
Epoch 5500 | Val Loss: -146.5251 | Val Cost: -579543.38 | Val Max P-Miss: 1.6895 | Max Q-Miss: 1.9113 | Val Max Gen Viol: 52.1874 | Val Max Thermal: 22.5365
Epoch 5600 | Val Loss: -164.6708 | Val Cost: -589819.81 | Val Max P-Miss: 1.9426 | Max Q-Miss: 2.0688 | Val Max Gen Viol: 52.4990 | Val Max Thermal: 23.0795
Epoch 5700 | Val Loss: -160.8773 | Val Cost: -592781.88 | Val Max P-Miss: 2.1479 | Max Q-Miss: 1.8638 | Val Max Gen Viol: 52.5512 | Val Max Thermal: 23.3062
Epoch 5800 | Val Loss: -164.9258 | Val Cost: -595630.25 | Val Max P-Miss: 2.1486 | Max Q-Miss: 1.7508 | Val Max Gen Viol: 52.5657 | Val Max Thermal: 23.2222
Epoch 5900 | Val Loss: -170.9676 | Val Cost: -596295.06 | Val Max P-Miss: 1.6532 | Max Q-Miss: 1.7338 | Val Max Gen Viol: 52.5381 | Val Max Thermal: 23.1251 [*SAVED BEST*]
Epoch 6000 | Val Loss: -163.2624 | Val Cost: -596770.75 | Val Max P-Miss: 1.9023 | Max Q-Miss: 1.8487 | Val Max Gen Viol: 52.2628 | Val Max Thermal: 22.9150
Epoch 6100 | Val Loss: -172.5762 | Val Cost: -609200.88 | Val Max P-Miss: 1.9884 | Max Q-Miss: 1.7676 | Val Max Gen Viol: 52.5382 | Val Max Thermal: 23.7611 [*SAVED BEST*]
Epoch 6200 | Val Loss: -165.2590 | Val Cost: -604314.94 | Val Max P-Miss: 1.9767 | Max Q-Miss: 1.8387 | Val Max Gen Viol: 52.2989 | Val Max Thermal: 23.2553
Epoch 6300 | Val Loss: -174.4152 | Val Cost: -594348.44 | Val Max P-Miss: 1.7241 | Max Q-Miss: 1.8459 | Val Max Gen Viol: 51.7288 | Val Max Thermal: 22.5471 [*SAVED BEST*]
Epoch 6400 | Val Loss: -171.2776 | Val Cost: -611190.06 | Val Max P-Miss: 1.8554 | Max Q-Miss: 2.2281 | Val Max Gen Viol: 52.2179 | Val Max Thermal: 23.6435
Epoch 6500 | Val Loss: -176.0913 | Val Cost: -616899.94 | Val Max P-Miss: 1.9206 | Max Q-Miss: 1.6490 | Val Max Gen Viol: 52.3722 | Val Max Thermal: 23.5286 [*SAVED BEST*]
Epoch 6600 | Val Loss: -165.3151 | Val Cost: -615785.44 | Val Max P-Miss: 2.4707 | Max Q-Miss: 1.8399 | Val Max Gen Viol: 52.3077 | Val Max Thermal: 23.3120
Epoch 6700 | Val Loss: -164.1564 | Val Cost: -608310.69 | Val Max P-Miss: 1.8974 | Max Q-Miss: 1.2267 | Val Max Gen Viol: 51.7934 | Val Max Thermal: 22.1607
Epoch 6800 | Val Loss: -168.0478 | Val Cost: -596714.50 | Val Max P-Miss: 1.7429 | Max Q-Miss: 1.7703 | Val Max Gen Viol: 51.2764 | Val Max Thermal: 24.2296
Epoch 6900 | Val Loss: -157.5021 | Val Cost: -617639.69 | Val Max P-Miss: 1.9123 | Max Q-Miss: 2.4129 | Val Max Gen Viol: 52.0041 | Val Max Thermal: 22.2900
Epoch 7000 | Val Loss: -36.1811 | Val Cost: -482385.88 | Val Max P-Miss: 1.9060 | Max Q-Miss: 1.3316 | Val Max Gen Viol: 44.3463 | Val Max Thermal: 14.7250
Epoch 7100 | Val Loss: -184.1598 | Val Cost: -629160.94 | Val Max P-Miss: 1.8629 | Max Q-Miss: 1.6122 | Val Max Gen Viol: 52.2881 | Val Max Thermal: 23.5156 [*SAVED BEST*]
Epoch 7200 | Val Loss: -140.4687 | Val Cost: -617820.12 | Val Max P-Miss: 1.9651 | Max Q-Miss: 1.8166 | Val Max Gen Viol: 51.5424 | Val Max Thermal: 22.0323
Epoch 7300 | Val Loss: -178.2839 | Val Cost: -627953.12 | Val Max P-Miss: 1.8525 | Max Q-Miss: 1.9198 | Val Max Gen Viol: 52.2627 | Val Max Thermal: 23.0329
Epoch 7400 | Val Loss: -140.0282 | Val Cost: -633181.62 | Val Max P-Miss: 2.1557 | Max Q-Miss: 1.8614 | Val Max Gen Viol: 52.6819 | Val Max Thermal: 23.2284
Epoch 7500 | Val Loss: -98.8155 | Val Cost: -635121.81 | Val Max P-Miss: 2.8346 | Max Q-Miss: 1.3398 | Val Max Gen Viol: 53.4651 | Val Max Thermal: 22.6794
Epoch 7600 | Val Loss: -186.0556 | Val Cost: -628558.06 | Val Max P-Miss: 1.9647 | Max Q-Miss: 1.5054 | Val Max Gen Viol: 53.1257 | Val Max Thermal: 22.6037 [*SAVED BEST*]
Epoch 7700 | Val Loss: -185.5001 | Val Cost: -635899.88 | Val Max P-Miss: 1.8178 | Max Q-Miss: 1.4476 | Val Max Gen Viol: 54.1781 | Val Max Thermal: 22.8385
Epoch 7800 | Val Loss: -193.3238 | Val Cost: -640968.75 | Val Max P-Miss: 1.9198 | Max Q-Miss: 1.9606 | Val Max Gen Viol: 54.4340 | Val Max Thermal: 23.6964 [*SAVED BEST*]
Epoch 7900 | Val Loss: -121.7157 | Val Cost: -636385.44 | Val Max P-Miss: 1.8484 | Max Q-Miss: 2.3189 | Val Max Gen Viol: 54.5532 | Val Max Thermal: 22.6030
Epoch 8000 | Val Loss: -195.4010 | Val Cost: -644127.81 | Val Max P-Miss: 1.6579 | Max Q-Miss: 1.6364 | Val Max Gen Viol: 55.2532 | Val Max Thermal: 23.6911 [*SAVED BEST*]
Epoch 8100 | Val Loss: -139.7598 | Val Cost: -619075.38 | Val Max P-Miss: 1.8922 | Max Q-Miss: 2.0109 | Val Max Gen Viol: 54.1073 | Val Max Thermal: 21.4368
Epoch 8200 | Val Loss: 78.9891 | Val Cost: -638112.31 | Val Max P-Miss: 4.3245 | Max Q-Miss: 3.3913 | Val Max Gen Viol: 55.2252 | Val Max Thermal: 22.8586
Epoch 8300 | Val Loss: -203.8980 | Val Cost: -646862.25 | Val Max P-Miss: 1.6626 | Max Q-Miss: 1.7626 | Val Max Gen Viol: 56.1358 | Val Max Thermal: 23.7942 [*SAVED BEST*]
Epoch 8400 | Val Loss: -178.9618 | Val Cost: -645844.25 | Val Max P-Miss: 1.7882 | Max Q-Miss: 2.1193 | Val Max Gen Viol: 56.2445 | Val Max Thermal: 22.8916
Epoch 8500 | Val Loss: -199.7244 | Val Cost: -653778.56 | Val Max P-Miss: 1.6578 | Max Q-Miss: 1.9660 | Val Max Gen Viol: 57.2362 | Val Max Thermal: 23.9307
Epoch 8600 | Val Loss: -193.3188 | Val Cost: -650228.88 | Val Max P-Miss: 1.8083 | Max Q-Miss: 1.7522 | Val Max Gen Viol: 57.2064 | Val Max Thermal: 23.2637
Epoch 8700 | Val Loss: 24.6185 | Val Cost: -533185.50 | Val Max P-Miss: 2.5959 | Max Q-Miss: 1.7434 | Val Max Gen Viol: 47.7191 | Val Max Thermal: 12.2790
Epoch 8800 | Val Loss: -194.3647 | Val Cost: -655547.94 | Val Max P-Miss: 1.6723 | Max Q-Miss: 1.6617 | Val Max Gen Viol: 58.0168 | Val Max Thermal: 23.6041
Epoch 8900 | Val Loss: -171.0509 | Val Cost: -638955.56 | Val Max P-Miss: 1.7316 | Max Q-Miss: 1.6248 | Val Max Gen Viol: 57.1848 | Val Max Thermal: 21.2096
Epoch 9000 | Val Loss: -143.8002 | Val Cost: -649064.62 | Val Max P-Miss: 3.0423 | Max Q-Miss: 1.8337 | Val Max Gen Viol: 57.8102 | Val Max Thermal: 22.5313
Epoch 9100 | Val Loss: -201.5010 | Val Cost: -658616.88 | Val Max P-Miss: 1.9329 | Max Q-Miss: 1.6861 | Val Max Gen Viol: 58.7142 | Val Max Thermal: 23.5817
Epoch 9200 | Val Loss: -189.2158 | Val Cost: -657279.25 | Val Max P-Miss: 1.7421 | Max Q-Miss: 2.0589 | Val Max Gen Viol: 58.7050 | Val Max Thermal: 23.2752
Epoch 9300 | Val Loss: -185.9754 | Val Cost: -662981.31 | Val Max P-Miss: 1.8457 | Max Q-Miss: 2.4757 | Val Max Gen Viol: 59.2939 | Val Max Thermal: 23.5949
Epoch 9400 | Val Loss: -201.5030 | Val Cost: -664315.81 | Val Max P-Miss: 1.6581 | Max Q-Miss: 1.7652 | Val Max Gen Viol: 59.9093 | Val Max Thermal: 23.9333
Epoch 9500 | Val Loss: -200.3962 | Val Cost: -666104.25 | Val Max P-Miss: 1.7210 | Max Q-Miss: 1.6729 | Val Max Gen Viol: 60.1706 | Val Max Thermal: 24.0285
Epoch 9600 | Val Loss: -202.0514 | Val Cost: -647451.19 | Val Max P-Miss: 1.6501 | Max Q-Miss: 2.2794 | Val Max Gen Viol: 59.2443 | Val Max Thermal: 21.9490
Epoch 9700 | Val Loss: -164.4753 | Val Cost: -670089.25 | Val Max P-Miss: 2.2346 | Max Q-Miss: 2.3699 | Val Max Gen Viol: 60.5601 | Val Max Thermal: 24.0463
Epoch 9800 | Val Loss: -211.5209 | Val Cost: -673113.25 | Val Max P-Miss: 1.9213 | Max Q-Miss: 1.4037 | Val Max Gen Viol: 61.1139 | Val Max Thermal: 24.0941 [*SAVED BEST*]
Epoch 9900 | Val Loss: -180.0225 | Val Cost: -652555.19 | Val Max P-Miss: 2.1593 | Max Q-Miss: 2.5602 | Val Max Gen Viol: 60.1430 | Val Max Thermal: 22.5331

==================================================
Training Complete!
Total Training Time: 00h 09m 31.51s
Best model weights saved to: ./model/best_ablation_model_pglib_opf_case300_ieee_10000epochs_20260918_141939.pth
==================================================

