Job ID: 12071
Executing: ACOPF_ablation.py --case_name pglib_opf_case300_ieee --epochs 10000
Node: issnode1
GPU Allocated: 0
CUDA Hardware Acceleration Active: NVIDIA GeForce RTX 4090
Problem Geometry Linked -> Matrix Samples: 10000

Beginning execution of parallelized training matrix loops...
Epoch    0 | Val Loss: 3258.2964 | Val Cost: -6453.36 | Val Max P-Miss: 11.3754 | Max Q-Miss: 7.3550 | Val Max Gen Viol: 0.3524 | Val Max Thermal: 0.0000 [*SAVED BEST*]
Epoch  100 | Val Loss: 397.8188 | Val Cost: 173606.28 | Val Max P-Miss: 3.7534 | Max Q-Miss: 1.9180 | Val Max Gen Viol: 11.9576 | Val Max Thermal: 47.1716 [*SAVED BEST*]
Epoch  200 | Val Loss: 326.2085 | Val Cost: 96456.44 | Val Max P-Miss: 2.8509 | Max Q-Miss: 2.3425 | Val Max Gen Viol: 13.1615 | Val Max Thermal: 37.9469 [*SAVED BEST*]
Epoch  300 | Val Loss: 172.1805 | Val Cost: 20898.63 | Val Max P-Miss: 2.0929 | Max Q-Miss: 1.9884 | Val Max Gen Viol: 15.3712 | Val Max Thermal: 53.6018 [*SAVED BEST*]
Epoch  400 | Val Loss: 130.8720 | Val Cost: -56619.38 | Val Max P-Miss: 1.7395 | Max Q-Miss: 2.1683 | Val Max Gen Viol: 17.2173 | Val Max Thermal: 59.2149 [*SAVED BEST*]
Epoch  500 | Val Loss: 119.7100 | Val Cost: -94489.34 | Val Max P-Miss: 1.9424 | Max Q-Miss: 1.8692 | Val Max Gen Viol: 18.4932 | Val Max Thermal: 49.8403 [*SAVED BEST*]
Epoch  600 | Val Loss: 32.8719 | Val Cost: -213267.56 | Val Max P-Miss: 1.9266 | Max Q-Miss: 1.3855 | Val Max Gen Viol: 22.7746 | Val Max Thermal: 51.8336 [*SAVED BEST*]
Epoch  700 | Val Loss: 141.6516 | Val Cost: -216306.83 | Val Max P-Miss: 1.7438 | Max Q-Miss: 2.0926 | Val Max Gen Viol: 23.8489 | Val Max Thermal: 49.7794
Epoch  800 | Val Loss: 60.2418 | Val Cost: -276952.50 | Val Max P-Miss: 2.6624 | Max Q-Miss: 3.3070 | Val Max Gen Viol: 27.1372 | Val Max Thermal: 47.7433
Epoch  900 | Val Loss: -32.3564 | Val Cost: -359074.91 | Val Max P-Miss: 2.0742 | Max Q-Miss: 1.2063 | Val Max Gen Viol: 31.0440 | Val Max Thermal: 40.9739 [*SAVED BEST*]
Epoch 1000 | Val Loss: -52.2395 | Val Cost: -392976.00 | Val Max P-Miss: 2.2025 | Max Q-Miss: 1.7480 | Val Max Gen Viol: 33.1780 | Val Max Thermal: 42.2210 [*SAVED BEST*]
Epoch 1100 | Val Loss: 114.6118 | Val Cost: -387105.00 | Val Max P-Miss: 2.0683 | Max Q-Miss: 2.7425 | Val Max Gen Viol: 31.8452 | Val Max Thermal: 33.8495
Epoch 1200 | Val Loss: -58.4430 | Val Cost: -387491.06 | Val Max P-Miss: 1.8386 | Max Q-Miss: 1.2967 | Val Max Gen Viol: 33.7821 | Val Max Thermal: 43.0068 [*SAVED BEST*]
Epoch 1300 | Val Loss: 31.7941 | Val Cost: -331432.50 | Val Max P-Miss: 1.9811 | Max Q-Miss: 2.0916 | Val Max Gen Viol: 30.0703 | Val Max Thermal: 34.0924
Epoch 1400 | Val Loss: -102.2676 | Val Cost: -459577.69 | Val Max P-Miss: 2.1926 | Max Q-Miss: 1.2064 | Val Max Gen Viol: 35.0620 | Val Max Thermal: 40.5810 [*SAVED BEST*]
Epoch 1500 | Val Loss: -40.4705 | Val Cost: -476336.06 | Val Max P-Miss: 1.9129 | Max Q-Miss: 2.0949 | Val Max Gen Viol: 36.5413 | Val Max Thermal: 41.3893
Epoch 1600 | Val Loss: -110.5311 | Val Cost: -490109.59 | Val Max P-Miss: 1.7236 | Max Q-Miss: 1.7670 | Val Max Gen Viol: 37.8613 | Val Max Thermal: 40.2116 [*SAVED BEST*]
Epoch 1700 | Val Loss: -98.7774 | Val Cost: -499151.34 | Val Max P-Miss: 1.8593 | Max Q-Miss: 1.5377 | Val Max Gen Viol: 39.1648 | Val Max Thermal: 38.3127
Epoch 1800 | Val Loss: -112.9298 | Val Cost: -528564.25 | Val Max P-Miss: 2.1810 | Max Q-Miss: 2.6261 | Val Max Gen Viol: 41.0443 | Val Max Thermal: 37.2882 [*SAVED BEST*]
Epoch 1900 | Val Loss: -120.6125 | Val Cost: -534779.88 | Val Max P-Miss: 1.8850 | Max Q-Miss: 1.6363 | Val Max Gen Viol: 42.1622 | Val Max Thermal: 35.4904 [*SAVED BEST*]
Epoch 2000 | Val Loss: -31.0590 | Val Cost: -491516.69 | Val Max P-Miss: 2.3383 | Max Q-Miss: 2.5441 | Val Max Gen Viol: 40.6911 | Val Max Thermal: 33.6712
Epoch 2100 | Val Loss: 329.0087 | Val Cost: -550031.25 | Val Max P-Miss: 3.3553 | Max Q-Miss: 3.6533 | Val Max Gen Viol: 44.0478 | Val Max Thermal: 87.7996
Epoch 2200 | Val Loss: -140.3286 | Val Cost: -555255.62 | Val Max P-Miss: 1.7909 | Max Q-Miss: 2.0570 | Val Max Gen Viol: 44.4637 | Val Max Thermal: 33.4411 [*SAVED BEST*]
Epoch 2300 | Val Loss: -115.8299 | Val Cost: -553587.31 | Val Max P-Miss: 2.5317 | Max Q-Miss: 1.6983 | Val Max Gen Viol: 44.7717 | Val Max Thermal: 32.0660
Epoch 2400 | Val Loss: -148.1210 | Val Cost: -563126.69 | Val Max P-Miss: 1.6930 | Max Q-Miss: 1.8637 | Val Max Gen Viol: 45.6906 | Val Max Thermal: 33.9376 [*SAVED BEST*]
Epoch 2500 | Val Loss: -63.8139 | Val Cost: -558476.44 | Val Max P-Miss: 2.6225 | Max Q-Miss: 2.6759 | Val Max Gen Viol: 45.9714 | Val Max Thermal: 32.3834
Epoch 2600 | Val Loss: -132.0011 | Val Cost: -560256.44 | Val Max P-Miss: 1.8850 | Max Q-Miss: 1.6808 | Val Max Gen Viol: 46.1721 | Val Max Thermal: 33.3490
Epoch 2700 | Val Loss: 1.8457 | Val Cost: -535440.44 | Val Max P-Miss: 2.4249 | Max Q-Miss: 3.7108 | Val Max Gen Viol: 44.5275 | Val Max Thermal: 26.3416
Epoch 2800 | Val Loss: -170.4066 | Val Cost: -602218.69 | Val Max P-Miss: 1.6710 | Max Q-Miss: 1.8729 | Val Max Gen Viol: 48.5938 | Val Max Thermal: 31.4954 [*SAVED BEST*]
Epoch 2900 | Val Loss: -165.8405 | Val Cost: -596981.19 | Val Max P-Miss: 1.8578 | Max Q-Miss: 1.8351 | Val Max Gen Viol: 48.4653 | Val Max Thermal: 28.9341
Epoch 3000 | Val Loss: -97.1372 | Val Cost: -588968.50 | Val Max P-Miss: 2.5542 | Max Q-Miss: 2.8038 | Val Max Gen Viol: 48.3101 | Val Max Thermal: 28.9322
Epoch 3100 | Val Loss: -180.7677 | Val Cost: -615045.00 | Val Max P-Miss: 1.8153 | Max Q-Miss: 1.4313 | Val Max Gen Viol: 49.8683 | Val Max Thermal: 29.0569 [*SAVED BEST*]
Epoch 3200 | Val Loss: -134.2818 | Val Cost: -608663.81 | Val Max P-Miss: 2.6956 | Max Q-Miss: 2.1726 | Val Max Gen Viol: 49.9289 | Val Max Thermal: 29.9764
Epoch 3300 | Val Loss: -168.8362 | Val Cost: -616544.69 | Val Max P-Miss: 2.1583 | Max Q-Miss: 1.7869 | Val Max Gen Viol: 50.3255 | Val Max Thermal: 28.8849
Epoch 3400 | Val Loss: -176.5025 | Val Cost: -618136.38 | Val Max P-Miss: 1.6954 | Max Q-Miss: 2.0660 | Val Max Gen Viol: 50.4734 | Val Max Thermal: 29.6661
Epoch 3500 | Val Loss: -185.8460 | Val Cost: -639163.25 | Val Max P-Miss: 1.6500 | Max Q-Miss: 2.0152 | Val Max Gen Viol: 51.7411 | Val Max Thermal: 27.6048 [*SAVED BEST*]
Epoch 3600 | Val Loss: -157.9334 | Val Cost: -631859.62 | Val Max P-Miss: 2.0137 | Max Q-Miss: 1.9615 | Val Max Gen Viol: 51.2894 | Val Max Thermal: 27.6208
Epoch 3700 | Val Loss: -152.5167 | Val Cost: -615928.06 | Val Max P-Miss: 2.3863 | Max Q-Miss: 2.1616 | Val Max Gen Viol: 50.7457 | Val Max Thermal: 29.1213
Epoch 3800 | Val Loss: -193.8425 | Val Cost: -648130.88 | Val Max P-Miss: 1.6450 | Max Q-Miss: 1.7937 | Val Max Gen Viol: 51.9966 | Val Max Thermal: 26.9976 [*SAVED BEST*]
Epoch 3900 | Val Loss: -184.1589 | Val Cost: -649840.19 | Val Max P-Miss: 1.6562 | Max Q-Miss: 2.0728 | Val Max Gen Viol: 52.1296 | Val Max Thermal: 27.1633
Epoch 4000 | Val Loss: -198.1652 | Val Cost: -666517.00 | Val Max P-Miss: 1.6643 | Max Q-Miss: 2.0242 | Val Max Gen Viol: 53.1362 | Val Max Thermal: 25.9082 [*SAVED BEST*]
Epoch 4100 | Val Loss: -204.4406 | Val Cost: -665925.75 | Val Max P-Miss: 1.6638 | Max Q-Miss: 1.8553 | Val Max Gen Viol: 53.0573 | Val Max Thermal: 25.9188 [*SAVED BEST*]
Epoch 4200 | Val Loss: -211.5114 | Val Cost: -657990.38 | Val Max P-Miss: 1.8061 | Max Q-Miss: 1.2023 | Val Max Gen Viol: 52.6763 | Val Max Thermal: 26.4086 [*SAVED BEST*]
Epoch 4300 | Val Loss: -209.1265 | Val Cost: -678923.44 | Val Max P-Miss: 1.6877 | Max Q-Miss: 1.7840 | Val Max Gen Viol: 53.7022 | Val Max Thermal: 24.7388
Epoch 4400 | Val Loss: -145.3755 | Val Cost: -675350.31 | Val Max P-Miss: 2.7308 | Max Q-Miss: 2.3338 | Val Max Gen Viol: 53.7465 | Val Max Thermal: 24.5990
Epoch 4500 | Val Loss: -201.9120 | Val Cost: -674992.81 | Val Max P-Miss: 1.7738 | Max Q-Miss: 1.2419 | Val Max Gen Viol: 53.4804 | Val Max Thermal: 23.5240
Epoch 4600 | Val Loss: -195.7593 | Val Cost: -677438.00 | Val Max P-Miss: 1.6527 | Max Q-Miss: 1.9647 | Val Max Gen Viol: 53.6885 | Val Max Thermal: 25.2605
Epoch 4700 | Val Loss: -211.0822 | Val Cost: -681825.31 | Val Max P-Miss: 1.7934 | Max Q-Miss: 1.8803 | Val Max Gen Viol: 53.9291 | Val Max Thermal: 24.4145
Epoch 4800 | Val Loss: -209.5421 | Val Cost: -689001.12 | Val Max P-Miss: 1.9708 | Max Q-Miss: 1.7267 | Val Max Gen Viol: 54.2658 | Val Max Thermal: 24.2184
Epoch 4900 | Val Loss: -219.1120 | Val Cost: -695724.19 | Val Max P-Miss: 1.6795 | Max Q-Miss: 1.9665 | Val Max Gen Viol: 54.5000 | Val Max Thermal: 24.2432 [*SAVED BEST*]
Epoch 5000 | Val Loss: -182.1307 | Val Cost: -664664.88 | Val Max P-Miss: 2.2424 | Max Q-Miss: 2.0814 | Val Max Gen Viol: 53.2643 | Val Max Thermal: 26.3804
Epoch 5100 | Val Loss: -103.0119 | Val Cost: -690589.38 | Val Max P-Miss: 2.5032 | Max Q-Miss: 2.3434 | Val Max Gen Viol: 54.0861 | Val Max Thermal: 22.8448
Epoch 5200 | Val Loss: -131.9349 | Val Cost: -691804.50 | Val Max P-Miss: 2.1124 | Max Q-Miss: 2.2823 | Val Max Gen Viol: 54.0466 | Val Max Thermal: 23.3103
Epoch 5300 | Val Loss: -223.9106 | Val Cost: -709844.56 | Val Max P-Miss: 1.7808 | Max Q-Miss: 1.8808 | Val Max Gen Viol: 55.1024 | Val Max Thermal: 23.9969 [*SAVED BEST*]
Epoch 5400 | Val Loss: -150.7527 | Val Cost: -703544.25 | Val Max P-Miss: 1.6815 | Max Q-Miss: 3.6638 | Val Max Gen Viol: 54.4827 | Val Max Thermal: 24.1405
Epoch 5500 | Val Loss: -216.9889 | Val Cost: -713237.94 | Val Max P-Miss: 1.6663 | Max Q-Miss: 1.8672 | Val Max Gen Viol: 54.6898 | Val Max Thermal: 23.8074
Epoch 5600 | Val Loss: -203.6715 | Val Cost: -711634.81 | Val Max P-Miss: 1.6532 | Max Q-Miss: 2.7254 | Val Max Gen Viol: 54.6172 | Val Max Thermal: 23.6953
Epoch 5700 | Val Loss: -230.9204 | Val Cost: -709272.50 | Val Max P-Miss: 1.6918 | Max Q-Miss: 1.6762 | Val Max Gen Viol: 53.9341 | Val Max Thermal: 25.3981 [*SAVED BEST*]
Epoch 5800 | Val Loss: -219.1912 | Val Cost: -712599.75 | Val Max P-Miss: 1.7240 | Max Q-Miss: 2.1831 | Val Max Gen Viol: 54.1159 | Val Max Thermal: 23.4986
Epoch 5900 | Val Loss: -179.9719 | Val Cost: -690138.94 | Val Max P-Miss: 2.0423 | Max Q-Miss: 1.7503 | Val Max Gen Viol: 53.1220 | Val Max Thermal: 23.7145
Epoch 6000 | Val Loss: -227.9511 | Val Cost: -725013.81 | Val Max P-Miss: 1.8679 | Max Q-Miss: 2.0750 | Val Max Gen Viol: 54.5481 | Val Max Thermal: 23.8612
Epoch 6100 | Val Loss: 41.7271 | Val Cost: -725885.56 | Val Max P-Miss: 3.2818 | Max Q-Miss: 2.0959 | Val Max Gen Viol: 54.6557 | Val Max Thermal: 29.0640
Epoch 6200 | Val Loss: -232.7066 | Val Cost: -742084.50 | Val Max P-Miss: 1.7502 | Max Q-Miss: 2.1447 | Val Max Gen Viol: 55.1212 | Val Max Thermal: 24.5963 [*SAVED BEST*]
Epoch 6300 | Val Loss: -247.2484 | Val Cost: -734753.44 | Val Max P-Miss: 1.6873 | Max Q-Miss: 1.4504 | Val Max Gen Viol: 54.7754 | Val Max Thermal: 24.3529 [*SAVED BEST*]
Epoch 6400 | Val Loss: -219.1834 | Val Cost: -731704.62 | Val Max P-Miss: 1.8749 | Max Q-Miss: 2.3148 | Val Max Gen Viol: 54.5386 | Val Max Thermal: 23.9470
Epoch 6500 | Val Loss: -227.0048 | Val Cost: -728766.62 | Val Max P-Miss: 1.9344 | Max Q-Miss: 1.4329 | Val Max Gen Viol: 54.1812 | Val Max Thermal: 23.3586
Epoch 6600 | Val Loss: -237.7648 | Val Cost: -744289.06 | Val Max P-Miss: 1.6476 | Max Q-Miss: 2.1165 | Val Max Gen Viol: 54.8770 | Val Max Thermal: 24.1261
Epoch 6700 | Val Loss: -250.7253 | Val Cost: -740397.69 | Val Max P-Miss: 1.6678 | Max Q-Miss: 1.4102 | Val Max Gen Viol: 54.4866 | Val Max Thermal: 23.9173 [*SAVED BEST*]
Epoch 6800 | Val Loss: -175.7353 | Val Cost: -700658.38 | Val Max P-Miss: 2.0479 | Max Q-Miss: 1.7299 | Val Max Gen Viol: 52.4418 | Val Max Thermal: 20.4323
Epoch 6900 | Val Loss: -227.7036 | Val Cost: -745659.44 | Val Max P-Miss: 2.0662 | Max Q-Miss: 1.1116 | Val Max Gen Viol: 54.5758 | Val Max Thermal: 23.7296
Epoch 7000 | Val Loss: -223.2323 | Val Cost: -750818.12 | Val Max P-Miss: 3.3425 | Max Q-Miss: 1.2044 | Val Max Gen Viol: 54.7063 | Val Max Thermal: 24.1855
Epoch 7100 | Val Loss: -227.5147 | Val Cost: -742286.00 | Val Max P-Miss: 1.7067 | Max Q-Miss: 1.4193 | Val Max Gen Viol: 53.9527 | Val Max Thermal: 23.2994
Epoch 7200 | Val Loss: -198.7586 | Val Cost: -758678.06 | Val Max P-Miss: 2.3563 | Max Q-Miss: 2.3363 | Val Max Gen Viol: 54.6856 | Val Max Thermal: 23.9477
Epoch 7300 | Val Loss: -159.2984 | Val Cost: -761720.44 | Val Max P-Miss: 3.1918 | Max Q-Miss: 3.0445 | Val Max Gen Viol: 54.5734 | Val Max Thermal: 23.9933
Epoch 7400 | Val Loss: -245.7810 | Val Cost: -757616.12 | Val Max P-Miss: 1.6568 | Max Q-Miss: 2.1695 | Val Max Gen Viol: 54.3499 | Val Max Thermal: 24.1861
Epoch 7500 | Val Loss: -222.9057 | Val Cost: -765747.25 | Val Max P-Miss: 1.6446 | Max Q-Miss: 2.7223 | Val Max Gen Viol: 54.7550 | Val Max Thermal: 24.2617
Epoch 7600 | Val Loss: -236.0711 | Val Cost: -749455.06 | Val Max P-Miss: 1.7260 | Max Q-Miss: 1.6858 | Val Max Gen Viol: 53.8685 | Val Max Thermal: 24.3303
Epoch 7700 | Val Loss: -186.2919 | Val Cost: -754017.69 | Val Max P-Miss: 3.5773 | Max Q-Miss: 1.8780 | Val Max Gen Viol: 53.9234 | Val Max Thermal: 23.4288
Epoch 7800 | Val Loss: -227.8979 | Val Cost: -763570.44 | Val Max P-Miss: 1.7085 | Max Q-Miss: 2.2415 | Val Max Gen Viol: 54.3215 | Val Max Thermal: 23.9628
Epoch 7900 | Val Loss: -193.2054 | Val Cost: -760856.00 | Val Max P-Miss: 1.9749 | Max Q-Miss: 1.7450 | Val Max Gen Viol: 54.2438 | Val Max Thermal: 24.3363
Epoch 8000 | Val Loss: -258.1646 | Val Cost: -767189.50 | Val Max P-Miss: 1.7450 | Max Q-Miss: 1.3200 | Val Max Gen Viol: 54.4645 | Val Max Thermal: 23.8988 [*SAVED BEST*]
Epoch 8100 | Val Loss: -58.0542 | Val Cost: -748847.19 | Val Max P-Miss: 3.2116 | Max Q-Miss: 2.9906 | Val Max Gen Viol: 52.9469 | Val Max Thermal: 20.9371
Epoch 8200 | Val Loss: -215.0842 | Val Cost: -771309.75 | Val Max P-Miss: 1.7849 | Max Q-Miss: 1.9031 | Val Max Gen Viol: 54.3658 | Val Max Thermal: 24.4051
Epoch 8300 | Val Loss: -248.1016 | Val Cost: -765274.56 | Val Max P-Miss: 1.8913 | Max Q-Miss: 1.6792 | Val Max Gen Viol: 54.0094 | Val Max Thermal: 23.7321
Epoch 8400 | Val Loss: -246.1634 | Val Cost: -774117.19 | Val Max P-Miss: 1.6573 | Max Q-Miss: 2.0208 | Val Max Gen Viol: 54.5640 | Val Max Thermal: 24.2342
Epoch 8500 | Val Loss: -178.4430 | Val Cost: -774363.38 | Val Max P-Miss: 2.2957 | Max Q-Miss: 1.9281 | Val Max Gen Viol: 55.0332 | Val Max Thermal: 23.4624
Epoch 8600 | Val Loss: -230.8944 | Val Cost: -767498.25 | Val Max P-Miss: 1.7840 | Max Q-Miss: 1.5730 | Val Max Gen Viol: 54.7367 | Val Max Thermal: 22.8980
Epoch 8700 | Val Loss: -258.0909 | Val Cost: -784335.94 | Val Max P-Miss: 1.6800 | Max Q-Miss: 1.8982 | Val Max Gen Viol: 55.8412 | Val Max Thermal: 24.3454
Epoch 8800 | Val Loss: -243.2287 | Val Cost: -772452.69 | Val Max P-Miss: 1.7270 | Max Q-Miss: 1.7779 | Val Max Gen Viol: 55.2369 | Val Max Thermal: 24.1158
Epoch 8900 | Val Loss: -224.4742 | Val Cost: -778542.81 | Val Max P-Miss: 1.7092 | Max Q-Miss: 1.5316 | Val Max Gen Viol: 55.8713 | Val Max Thermal: 23.6552
Epoch 9000 | Val Loss: -247.1236 | Val Cost: -790917.56 | Val Max P-Miss: 1.9637 | Max Q-Miss: 2.2715 | Val Max Gen Viol: 57.1016 | Val Max Thermal: 24.3534
Epoch 9100 | Val Loss: -258.7390 | Val Cost: -789114.62 | Val Max P-Miss: 2.5238 | Max Q-Miss: 1.6345 | Val Max Gen Viol: 57.0907 | Val Max Thermal: 24.1805 [*SAVED BEST*]
Epoch 9200 | Val Loss: -249.0167 | Val Cost: -797131.81 | Val Max P-Miss: 1.6609 | Max Q-Miss: 1.8725 | Val Max Gen Viol: 57.9976 | Val Max Thermal: 24.3859
Epoch 9300 | Val Loss: -100.9138 | Val Cost: -750964.38 | Val Max P-Miss: 1.8582 | Max Q-Miss: 2.3357 | Val Max Gen Viol: 55.4832 | Val Max Thermal: 20.6921
Epoch 9400 | Val Loss: -258.6515 | Val Cost: -797241.81 | Val Max P-Miss: 1.7205 | Max Q-Miss: 1.9315 | Val Max Gen Viol: 58.2531 | Val Max Thermal: 24.0871
Epoch 9500 | Val Loss: -216.1387 | Val Cost: -787700.25 | Val Max P-Miss: 1.7759 | Max Q-Miss: 1.7896 | Val Max Gen Viol: 57.8656 | Val Max Thermal: 23.5544
Epoch 9600 | Val Loss: -252.1572 | Val Cost: -799378.62 | Val Max P-Miss: 1.6695 | Max Q-Miss: 2.2556 | Val Max Gen Viol: 58.8629 | Val Max Thermal: 24.4468
Epoch 9700 | Val Loss: -260.9243 | Val Cost: -800300.81 | Val Max P-Miss: 1.6702 | Max Q-Miss: 2.1327 | Val Max Gen Viol: 58.9810 | Val Max Thermal: 24.0809 [*SAVED BEST*]
Epoch 9800 | Val Loss: -278.6029 | Val Cost: -800954.81 | Val Max P-Miss: 1.6526 | Max Q-Miss: 1.5710 | Val Max Gen Viol: 59.1690 | Val Max Thermal: 24.4951 [*SAVED BEST*]
Epoch 9900 | Val Loss: -248.0323 | Val Cost: -785761.19 | Val Max P-Miss: 1.8997 | Max Q-Miss: 2.3320 | Val Max Gen Viol: 58.1603 | Val Max Thermal: 24.1195

==================================================
Training Complete!
Total Training Time: 00h 07m 50.01s
Best model weights saved to: ./model/best_ablation_model_pglib_opf_case300_ieee_10000epochs_20260918_140403.pth
==================================================

