Job: acopf_ISS
Executing: ACOPF_DC3.py --case_name pglib_opf_case162_ieee_dtc --epochs 10000
Node: issnode1
GPU Allocated: 0
CUDA Hardware Acceleration Active: NVIDIA GeForce RTX 4090
Problem Geometry Linked -> Matrix Samples: 10000

Beginning execution of parallelized training matrix loops for DC3...
Epoch    0 | Val Loss: 4633896.5000 | Val Cost: 85430.70 | Val Max P-Miss: 65.6158 | Val Max Q-Miss: 10.8738 | Val Max Gen Viol: 0.0000 | Val Max Thermal: 787.6693 [*SAVED BEST*]
Epoch  100 | Val Loss: 66.4015 | Val Cost: 74120.44 | Val Max P-Miss: 2.6230 | Val Max Q-Miss: 0.2162 | Val Max Gen Viol: 0.0000 | Val Max Thermal: 0.2689 [*SAVED BEST*]
Epoch  200 | Val Loss: 53.6990 | Val Cost: 75210.87 | Val Max P-Miss: 1.2402 | Val Max Q-Miss: 0.1792 | Val Max Gen Viol: 0.0000 | Val Max Thermal: 0.8191 [*SAVED BEST*]
Epoch  300 | Val Loss: 51.8773 | Val Cost: 73316.06 | Val Max P-Miss: 0.8718 | Val Max Q-Miss: 0.2326 | Val Max Gen Viol: 0.0000 | Val Max Thermal: 0.4963 [*SAVED BEST*]
Epoch  400 | Val Loss: 55.3710 | Val Cost: 72645.64 | Val Max P-Miss: 1.4817 | Val Max Q-Miss: 0.1774 | Val Max Gen Viol: 0.0000 | Val Max Thermal: 0.2284
Epoch  500 | Val Loss: 48.8476 | Val Cost: 73113.73 | Val Max P-Miss: 0.7195 | Val Max Q-Miss: 0.1834 | Val Max Gen Viol: 0.0000 | Val Max Thermal: 0.4966 [*SAVED BEST*]
Epoch  600 | Val Loss: 48.3193 | Val Cost: 73097.05 | Val Max P-Miss: 0.7047 | Val Max Q-Miss: 0.1717 | Val Max Gen Viol: 0.0000 | Val Max Thermal: 0.4866 [*SAVED BEST*]
Epoch  700 | Val Loss: 48.8679 | Val Cost: 73096.95 | Val Max P-Miss: 0.7938 | Val Max Q-Miss: 0.1762 | Val Max Gen Viol: 0.0000 | Val Max Thermal: 0.4689
Epoch  800 | Val Loss: 48.2061 | Val Cost: 72480.98 | Val Max P-Miss: 0.8032 | Val Max Q-Miss: 0.1797 | Val Max Gen Viol: 0.0000 | Val Max Thermal: 0.4593 [*SAVED BEST*]
Epoch  900 | Val Loss: 49.6105 | Val Cost: 72128.13 | Val Max P-Miss: 1.1295 | Val Max Q-Miss: 0.1702 | Val Max Gen Viol: 0.0000 | Val Max Thermal: 0.3846
Epoch 1000 | Val Loss: 47.5042 | Val Cost: 73175.28 | Val Max P-Miss: 0.6577 | Val Max Q-Miss: 0.1732 | Val Max Gen Viol: 0.0000 | Val Max Thermal: 0.4358 [*SAVED BEST*]
Epoch 1100 | Val Loss: 47.2380 | Val Cost: 73166.21 | Val Max P-Miss: 0.6198 | Val Max Q-Miss: 0.1726 | Val Max Gen Viol: 0.0000 | Val Max Thermal: 0.4244 [*SAVED BEST*]
Epoch 1200 | Val Loss: 46.8626 | Val Cost: 73054.11 | Val Max P-Miss: 0.6745 | Val Max Q-Miss: 0.1811 | Val Max Gen Viol: 0.0000 | Val Max Thermal: 0.4130 [*SAVED BEST*]
Epoch 1300 | Val Loss: 46.5041 | Val Cost: 73208.37 | Val Max P-Miss: 0.6338 | Val Max Q-Miss: 0.1753 | Val Max Gen Viol: 0.0000 | Val Max Thermal: 0.3898 [*SAVED BEST*]
Epoch 1400 | Val Loss: 46.6068 | Val Cost: 73344.66 | Val Max P-Miss: 0.6554 | Val Max Q-Miss: 0.1776 | Val Max Gen Viol: 0.0000 | Val Max Thermal: 0.3945
Epoch 1500 | Val Loss: 46.4838 | Val Cost: 73166.50 | Val Max P-Miss: 0.7124 | Val Max Q-Miss: 0.1791 | Val Max Gen Viol: 0.0000 | Val Max Thermal: 0.3927 [*SAVED BEST*]
Epoch 1600 | Val Loss: 74.4360 | Val Cost: 72496.15 | Val Max P-Miss: 1.1573 | Val Max Q-Miss: 0.1864 | Val Max Gen Viol: 0.0000 | Val Max Thermal: 1.3618
Epoch 1700 | Val Loss: 46.7362 | Val Cost: 73046.39 | Val Max P-Miss: 0.7276 | Val Max Q-Miss: 0.1769 | Val Max Gen Viol: 0.0000 | Val Max Thermal: 0.3819
Epoch 1800 | Val Loss: 46.2921 | Val Cost: 73131.38 | Val Max P-Miss: 0.7369 | Val Max Q-Miss: 0.1761 | Val Max Gen Viol: 0.0000 | Val Max Thermal: 0.4117 [*SAVED BEST*]
Epoch 1900 | Val Loss: 46.8765 | Val Cost: 72790.06 | Val Max P-Miss: 0.7671 | Val Max Q-Miss: 0.1756 | Val Max Gen Viol: 0.0000 | Val Max Thermal: 0.3823
Epoch 2000 | Val Loss: 47.2975 | Val Cost: 72771.48 | Val Max P-Miss: 0.7063 | Val Max Q-Miss: 0.1810 | Val Max Gen Viol: 0.0000 | Val Max Thermal: 0.3756
Epoch 2100 | Val Loss: 46.0856 | Val Cost: 73207.28 | Val Max P-Miss: 0.7384 | Val Max Q-Miss: 0.1758 | Val Max Gen Viol: 0.0000 | Val Max Thermal: 0.3761 [*SAVED BEST*]
Epoch 2200 | Val Loss: 45.9983 | Val Cost: 73305.09 | Val Max P-Miss: 0.7526 | Val Max Q-Miss: 0.1802 | Val Max Gen Viol: 0.0000 | Val Max Thermal: 0.3721 [*SAVED BEST*]
Epoch 2300 | Val Loss: 45.9139 | Val Cost: 73195.80 | Val Max P-Miss: 0.6947 | Val Max Q-Miss: 0.1765 | Val Max Gen Viol: 0.0000 | Val Max Thermal: 0.4026 [*SAVED BEST*]
Epoch 2400 | Val Loss: 46.1119 | Val Cost: 73289.05 | Val Max P-Miss: 0.7080 | Val Max Q-Miss: 0.1782 | Val Max Gen Viol: 0.0000 | Val Max Thermal: 0.3877
Epoch 2500 | Val Loss: 45.8707 | Val Cost: 73432.38 | Val Max P-Miss: 0.6915 | Val Max Q-Miss: 0.1764 | Val Max Gen Viol: 0.0000 | Val Max Thermal: 0.3499 [*SAVED BEST*]
Epoch 2600 | Val Loss: 45.8786 | Val Cost: 73351.48 | Val Max P-Miss: 0.6839 | Val Max Q-Miss: 0.1787 | Val Max Gen Viol: 0.0000 | Val Max Thermal: 0.3551
Epoch 2700 | Val Loss: 45.7556 | Val Cost: 73258.79 | Val Max P-Miss: 0.6972 | Val Max Q-Miss: 0.1750 | Val Max Gen Viol: 0.0000 | Val Max Thermal: 0.3615 [*SAVED BEST*]
Epoch 2800 | Val Loss: 45.9788 | Val Cost: 73336.38 | Val Max P-Miss: 0.6968 | Val Max Q-Miss: 0.1794 | Val Max Gen Viol: 0.0000 | Val Max Thermal: 0.3469
Epoch 2900 | Val Loss: 46.0941 | Val Cost: 73132.68 | Val Max P-Miss: 0.7053 | Val Max Q-Miss: 0.1733 | Val Max Gen Viol: 0.0000 | Val Max Thermal: 0.3811
Epoch 3000 | Val Loss: 49.3471 | Val Cost: 72439.86 | Val Max P-Miss: 0.8244 | Val Max Q-Miss: 0.1769 | Val Max Gen Viol: 0.0000 | Val Max Thermal: 0.5519
Epoch 3100 | Val Loss: 45.5812 | Val Cost: 73248.52 | Val Max P-Miss: 0.7011 | Val Max Q-Miss: 0.1727 | Val Max Gen Viol: 0.0000 | Val Max Thermal: 0.3653 [*SAVED BEST*]
Epoch 3200 | Val Loss: 45.8293 | Val Cost: 73256.95 | Val Max P-Miss: 0.6875 | Val Max Q-Miss: 0.1784 | Val Max Gen Viol: 0.0000 | Val Max Thermal: 0.3920
Epoch 3300 | Val Loss: 45.8349 | Val Cost: 73202.98 | Val Max P-Miss: 0.7105 | Val Max Q-Miss: 0.1801 | Val Max Gen Viol: 0.0000 | Val Max Thermal: 0.3611
Epoch 3400 | Val Loss: 45.5915 | Val Cost: 73362.30 | Val Max P-Miss: 0.6948 | Val Max Q-Miss: 0.1762 | Val Max Gen Viol: 0.0000 | Val Max Thermal: 0.3763
Epoch 3500 | Val Loss: 45.6001 | Val Cost: 73230.48 | Val Max P-Miss: 0.7009 | Val Max Q-Miss: 0.1743 | Val Max Gen Viol: 0.0000 | Val Max Thermal: 0.3645
Epoch 3600 | Val Loss: 47.2657 | Val Cost: 73110.74 | Val Max P-Miss: 0.7329 | Val Max Q-Miss: 0.1803 | Val Max Gen Viol: 0.0000 | Val Max Thermal: 0.3470
Epoch 3700 | Val Loss: 45.5448 | Val Cost: 73326.33 | Val Max P-Miss: 0.7009 | Val Max Q-Miss: 0.1740 | Val Max Gen Viol: 0.0000 | Val Max Thermal: 0.3574 [*SAVED BEST*]
Epoch 3800 | Val Loss: 45.6022 | Val Cost: 73279.34 | Val Max P-Miss: 0.6918 | Val Max Q-Miss: 0.1724 | Val Max Gen Viol: 0.0000 | Val Max Thermal: 0.3574
Epoch 3900 | Val Loss: 46.0223 | Val Cost: 73162.17 | Val Max P-Miss: 0.6757 | Val Max Q-Miss: 0.1732 | Val Max Gen Viol: 0.0000 | Val Max Thermal: 0.4614
Epoch 4000 | Val Loss: 45.8234 | Val Cost: 73345.17 | Val Max P-Miss: 0.6947 | Val Max Q-Miss: 0.1741 | Val Max Gen Viol: 0.0000 | Val Max Thermal: 0.3636
Epoch 4100 | Val Loss: 45.7716 | Val Cost: 73315.23 | Val Max P-Miss: 0.6869 | Val Max Q-Miss: 0.1732 | Val Max Gen Viol: 0.0000 | Val Max Thermal: 0.3663
Epoch 4200 | Val Loss: 46.3796 | Val Cost: 73193.17 | Val Max P-Miss: 0.7075 | Val Max Q-Miss: 0.1748 | Val Max Gen Viol: 0.0000 | Val Max Thermal: 0.3799
Epoch 4300 | Val Loss: 45.8222 | Val Cost: 73284.46 | Val Max P-Miss: 0.6958 | Val Max Q-Miss: 0.1773 | Val Max Gen Viol: 0.0000 | Val Max Thermal: 0.3676
Epoch 4400 | Val Loss: 46.7516 | Val Cost: 73147.19 | Val Max P-Miss: 0.7135 | Val Max Q-Miss: 0.1752 | Val Max Gen Viol: 0.0000 | Val Max Thermal: 0.3889
Epoch 4500 | Val Loss: 45.7436 | Val Cost: 73362.52 | Val Max P-Miss: 0.7057 | Val Max Q-Miss: 0.1735 | Val Max Gen Viol: 0.0000 | Val Max Thermal: 0.3709
Epoch 4600 | Val Loss: 45.7664 | Val Cost: 73409.02 | Val Max P-Miss: 0.7121 | Val Max Q-Miss: 0.1717 | Val Max Gen Viol: 0.0000 | Val Max Thermal: 0.3726
Epoch 4700 | Val Loss: 45.6856 | Val Cost: 73379.12 | Val Max P-Miss: 0.7032 | Val Max Q-Miss: 0.1744 | Val Max Gen Viol: 0.0000 | Val Max Thermal: 0.3713
Epoch 4800 | Val Loss: 45.8813 | Val Cost: 73367.62 | Val Max P-Miss: 0.7080 | Val Max Q-Miss: 0.1767 | Val Max Gen Viol: 0.0000 | Val Max Thermal: 0.3751
Epoch 4900 | Val Loss: 45.7357 | Val Cost: 73420.50 | Val Max P-Miss: 0.7151 | Val Max Q-Miss: 0.1750 | Val Max Gen Viol: 0.0000 | Val Max Thermal: 0.3814
Epoch 5000 | Val Loss: 45.9679 | Val Cost: 73353.60 | Val Max P-Miss: 0.7363 | Val Max Q-Miss: 0.1760 | Val Max Gen Viol: 0.0000 | Val Max Thermal: 0.3832
Epoch 5100 | Val Loss: 46.0090 | Val Cost: 73380.91 | Val Max P-Miss: 0.7458 | Val Max Q-Miss: 0.1788 | Val Max Gen Viol: 0.0000 | Val Max Thermal: 0.3841
Epoch 5200 | Val Loss: 46.0116 | Val Cost: 73249.83 | Val Max P-Miss: 0.7757 | Val Max Q-Miss: 0.1766 | Val Max Gen Viol: 0.0000 | Val Max Thermal: 0.3839
Epoch 5300 | Val Loss: 45.6795 | Val Cost: 73374.34 | Val Max P-Miss: 0.7657 | Val Max Q-Miss: 0.1774 | Val Max Gen Viol: 0.0000 | Val Max Thermal: 0.3907
Epoch 5400 | Val Loss: 46.7071 | Val Cost: 72901.63 | Val Max P-Miss: 0.7980 | Val Max Q-Miss: 0.1787 | Val Max Gen Viol: 0.0000 | Val Max Thermal: 0.3187
Epoch 5500 | Val Loss: 45.8061 | Val Cost: 73408.88 | Val Max P-Miss: 0.7959 | Val Max Q-Miss: 0.1747 | Val Max Gen Viol: 0.0000 | Val Max Thermal: 0.3832
Epoch 5600 | Val Loss: 45.6388 | Val Cost: 73444.29 | Val Max P-Miss: 0.8149 | Val Max Q-Miss: 0.1730 | Val Max Gen Viol: 0.0000 | Val Max Thermal: 0.3886
Epoch 5700 | Val Loss: 45.7403 | Val Cost: 73437.16 | Val Max P-Miss: 0.7891 | Val Max Q-Miss: 0.1751 | Val Max Gen Viol: 0.0000 | Val Max Thermal: 0.3875
Epoch 5800 | Val Loss: 45.6663 | Val Cost: 73352.55 | Val Max P-Miss: 0.8053 | Val Max Q-Miss: 0.1739 | Val Max Gen Viol: 0.0000 | Val Max Thermal: 0.3775
Epoch 5900 | Val Loss: 49.6969 | Val Cost: 73001.77 | Val Max P-Miss: 0.7827 | Val Max Q-Miss: 0.1797 | Val Max Gen Viol: 0.0000 | Val Max Thermal: 0.3940
Epoch 6000 | Val Loss: 45.6110 | Val Cost: 73323.73 | Val Max P-Miss: 0.8193 | Val Max Q-Miss: 0.1726 | Val Max Gen Viol: 0.0000 | Val Max Thermal: 0.3898
Epoch 6100 | Val Loss: 45.7348 | Val Cost: 73332.72 | Val Max P-Miss: 0.8263 | Val Max Q-Miss: 0.1712 | Val Max Gen Viol: 0.0000 | Val Max Thermal: 0.4263
Epoch 6200 | Val Loss: 45.7026 | Val Cost: 73425.42 | Val Max P-Miss: 0.8158 | Val Max Q-Miss: 0.1727 | Val Max Gen Viol: 0.0000 | Val Max Thermal: 0.3808
Epoch 6300 | Val Loss: 45.9374 | Val Cost: 72955.30 | Val Max P-Miss: 0.8065 | Val Max Q-Miss: 0.1763 | Val Max Gen Viol: 0.0000 | Val Max Thermal: 0.4050
Epoch 6400 | Val Loss: 45.5354 | Val Cost: 73379.30 | Val Max P-Miss: 0.8222 | Val Max Q-Miss: 0.1751 | Val Max Gen Viol: 0.0000 | Val Max Thermal: 0.3961 [*SAVED BEST*]
Epoch 6500 | Val Loss: 45.5479 | Val Cost: 73418.38 | Val Max P-Miss: 0.8222 | Val Max Q-Miss: 0.1747 | Val Max Gen Viol: 0.0000 | Val Max Thermal: 0.3963
Epoch 6600 | Val Loss: 45.6349 | Val Cost: 73360.70 | Val Max P-Miss: 0.8235 | Val Max Q-Miss: 0.1771 | Val Max Gen Viol: 0.0000 | Val Max Thermal: 0.3954
Epoch 6700 | Val Loss: 45.7013 | Val Cost: 73370.22 | Val Max P-Miss: 0.8445 | Val Max Q-Miss: 0.1734 | Val Max Gen Viol: 0.0000 | Val Max Thermal: 0.4122
Epoch 6800 | Val Loss: 45.6819 | Val Cost: 73420.89 | Val Max P-Miss: 0.8061 | Val Max Q-Miss: 0.1779 | Val Max Gen Viol: 0.0000 | Val Max Thermal: 0.4569
Epoch 6900 | Val Loss: 45.6408 | Val Cost: 73406.16 | Val Max P-Miss: 0.8167 | Val Max Q-Miss: 0.1772 | Val Max Gen Viol: 0.0000 | Val Max Thermal: 0.5055
Epoch 7000 | Val Loss: 47.0678 | Val Cost: 73012.07 | Val Max P-Miss: 0.8120 | Val Max Q-Miss: 0.1737 | Val Max Gen Viol: 0.0000 | Val Max Thermal: 0.3707
Epoch 7100 | Val Loss: 45.7270 | Val Cost: 73417.24 | Val Max P-Miss: 0.8226 | Val Max Q-Miss: 0.1726 | Val Max Gen Viol: 0.0000 | Val Max Thermal: 0.3801
Epoch 7200 | Val Loss: 45.5697 | Val Cost: 73499.81 | Val Max P-Miss: 0.8113 | Val Max Q-Miss: 0.1763 | Val Max Gen Viol: 0.0000 | Val Max Thermal: 0.4938
Epoch 7300 | Val Loss: 45.5514 | Val Cost: 73449.91 | Val Max P-Miss: 0.8285 | Val Max Q-Miss: 0.1795 | Val Max Gen Viol: 0.0000 | Val Max Thermal: 0.3672
Epoch 7400 | Val Loss: 46.8099 | Val Cost: 73250.74 | Val Max P-Miss: 0.8207 | Val Max Q-Miss: 0.1757 | Val Max Gen Viol: 0.0000 | Val Max Thermal: 0.3745
Epoch 7500 | Val Loss: 45.7196 | Val Cost: 73460.02 | Val Max P-Miss: 0.8332 | Val Max Q-Miss: 0.1821 | Val Max Gen Viol: 0.0000 | Val Max Thermal: 0.4089
Epoch 7600 | Val Loss: 45.5857 | Val Cost: 73432.74 | Val Max P-Miss: 0.8391 | Val Max Q-Miss: 0.1739 | Val Max Gen Viol: 0.0000 | Val Max Thermal: 0.4504
Epoch 7700 | Val Loss: 45.7473 | Val Cost: 73377.43 | Val Max P-Miss: 0.8177 | Val Max Q-Miss: 0.1782 | Val Max Gen Viol: 0.0000 | Val Max Thermal: 0.3787
Epoch 7800 | Val Loss: 45.5724 | Val Cost: 73471.30 | Val Max P-Miss: 0.8166 | Val Max Q-Miss: 0.1772 | Val Max Gen Viol: 0.0000 | Val Max Thermal: 0.3863
Epoch 7900 | Val Loss: 45.5850 | Val Cost: 73227.20 | Val Max P-Miss: 0.8291 | Val Max Q-Miss: 0.1803 | Val Max Gen Viol: 0.0000 | Val Max Thermal: 0.3753
Epoch 8000 | Val Loss: 46.7758 | Val Cost: 73015.90 | Val Max P-Miss: 0.8760 | Val Max Q-Miss: 0.1771 | Val Max Gen Viol: 0.0000 | Val Max Thermal: 0.4532
Epoch 8100 | Val Loss: 45.5694 | Val Cost: 73416.18 | Val Max P-Miss: 0.8184 | Val Max Q-Miss: 0.1772 | Val Max Gen Viol: 0.0000 | Val Max Thermal: 0.3682
Epoch 8200 | Val Loss: 45.5536 | Val Cost: 73448.59 | Val Max P-Miss: 0.8325 | Val Max Q-Miss: 0.1764 | Val Max Gen Viol: 0.0000 | Val Max Thermal: 0.3707
Epoch 8300 | Val Loss: 45.5507 | Val Cost: 73499.84 | Val Max P-Miss: 0.7960 | Val Max Q-Miss: 0.1786 | Val Max Gen Viol: 0.0000 | Val Max Thermal: 0.3720
Epoch 8400 | Val Loss: 45.5835 | Val Cost: 73482.03 | Val Max P-Miss: 0.8241 | Val Max Q-Miss: 0.1748 | Val Max Gen Viol: 0.0000 | Val Max Thermal: 0.3685
Epoch 8500 | Val Loss: 45.5688 | Val Cost: 73486.95 | Val Max P-Miss: 0.8302 | Val Max Q-Miss: 0.1755 | Val Max Gen Viol: 0.0000 | Val Max Thermal: 0.3765
Epoch 8600 | Val Loss: 45.6372 | Val Cost: 73419.52 | Val Max P-Miss: 0.8179 | Val Max Q-Miss: 0.1778 | Val Max Gen Viol: 0.0000 | Val Max Thermal: 0.3751
Epoch 8700 | Val Loss: 45.7566 | Val Cost: 73410.90 | Val Max P-Miss: 0.8130 | Val Max Q-Miss: 0.1713 | Val Max Gen Viol: 0.0000 | Val Max Thermal: 0.3881
Epoch 8800 | Val Loss: 45.6836 | Val Cost: 73438.43 | Val Max P-Miss: 0.8044 | Val Max Q-Miss: 0.1765 | Val Max Gen Viol: 0.0000 | Val Max Thermal: 0.3711
Epoch 8900 | Val Loss: 45.6678 | Val Cost: 73374.70 | Val Max P-Miss: 0.8243 | Val Max Q-Miss: 0.1724 | Val Max Gen Viol: 0.0000 | Val Max Thermal: 0.3626
Epoch 9000 | Val Loss: 45.5363 | Val Cost: 73456.73 | Val Max P-Miss: 0.8188 | Val Max Q-Miss: 0.1764 | Val Max Gen Viol: 0.0000 | Val Max Thermal: 0.3699
Epoch 9100 | Val Loss: 45.5175 | Val Cost: 73445.66 | Val Max P-Miss: 0.8176 | Val Max Q-Miss: 0.1773 | Val Max Gen Viol: 0.0000 | Val Max Thermal: 0.3657 [*SAVED BEST*]
Epoch 9200 | Val Loss: 45.5247 | Val Cost: 73485.77 | Val Max P-Miss: 0.8090 | Val Max Q-Miss: 0.1725 | Val Max Gen Viol: 0.0000 | Val Max Thermal: 0.3713
Epoch 9300 | Val Loss: 45.5791 | Val Cost: 73484.76 | Val Max P-Miss: 0.8233 | Val Max Q-Miss: 0.1745 | Val Max Gen Viol: 0.0000 | Val Max Thermal: 0.3646
Epoch 9400 | Val Loss: 45.4867 | Val Cost: 73314.38 | Val Max P-Miss: 0.8312 | Val Max Q-Miss: 0.1760 | Val Max Gen Viol: 0.0000 | Val Max Thermal: 0.3707 [*SAVED BEST*]
Epoch 9500 | Val Loss: 45.5185 | Val Cost: 73498.64 | Val Max P-Miss: 0.8198 | Val Max Q-Miss: 0.1754 | Val Max Gen Viol: 0.0000 | Val Max Thermal: 0.3672
Epoch 9600 | Val Loss: 45.9881 | Val Cost: 73397.17 | Val Max P-Miss: 0.8085 | Val Max Q-Miss: 0.1723 | Val Max Gen Viol: 0.0000 | Val Max Thermal: 0.3727
Epoch 9700 | Val Loss: 45.5972 | Val Cost: 73468.12 | Val Max P-Miss: 0.8071 | Val Max Q-Miss: 0.1739 | Val Max Gen Viol: 0.0000 | Val Max Thermal: 0.3683
Epoch 9800 | Val Loss: 45.5398 | Val Cost: 73543.24 | Val Max P-Miss: 0.8301 | Val Max Q-Miss: 0.1756 | Val Max Gen Viol: 0.0000 | Val Max Thermal: 0.3706
Epoch 9900 | Val Loss: 45.5480 | Val Cost: 73427.45 | Val Max P-Miss: 0.8085 | Val Max Q-Miss: 0.1744 | Val Max Gen Viol: 0.0000 | Val Max Thermal: 0.3711

==================================================
Training Complete!
Total Training Time: 00h 16m 45.02s
Best model weights saved to: ./model/best_dc3_model_pglib_opf_case162_ieee_dtc_10000epochs_20260722_223534.pth
==================================================

