Job: acopf_ISS
Executing: ACOPF_DC3.py --case_name pglib_opf_case162_ieee_dtc --epochs 10000
Node: issnode1
GPU Allocated: 0
CUDA Hardware Acceleration Active: NVIDIA GeForce RTX 4090
Problem Geometry Linked -> Matrix Samples: 10000

Beginning execution of parallelized training matrix loops for DC3...
Epoch    0 | Val Loss: 11942031.0000 | Val Cost: 83347.78 | Val Max P-Miss: 75.1724 | Val Max Q-Miss: 6.5772 | Val Max Gen Viol: 0.0000 | Val Max Thermal: 1241.4728 [*SAVED BEST*]
Epoch  100 | Val Loss: 64.8744 | Val Cost: 74790.64 | Val Max P-Miss: 1.0610 | Val Max Q-Miss: 0.2693 | Val Max Gen Viol: 0.0000 | Val Max Thermal: 0.2409 [*SAVED BEST*]
Epoch  200 | Val Loss: 55.0722 | Val Cost: 74557.09 | Val Max P-Miss: 0.8352 | Val Max Q-Miss: 0.2640 | Val Max Gen Viol: 0.0000 | Val Max Thermal: 0.4200 [*SAVED BEST*]
Epoch  300 | Val Loss: 52.8478 | Val Cost: 73969.68 | Val Max P-Miss: 0.8171 | Val Max Q-Miss: 0.2228 | Val Max Gen Viol: 0.0000 | Val Max Thermal: 0.3971 [*SAVED BEST*]
Epoch  400 | Val Loss: 56.8012 | Val Cost: 73630.21 | Val Max P-Miss: 0.8834 | Val Max Q-Miss: 0.2361 | Val Max Gen Viol: 0.0000 | Val Max Thermal: 0.4053
Epoch  500 | Val Loss: 48.9186 | Val Cost: 73600.84 | Val Max P-Miss: 0.7674 | Val Max Q-Miss: 0.2187 | Val Max Gen Viol: 0.0000 | Val Max Thermal: 0.4098 [*SAVED BEST*]
Epoch  600 | Val Loss: 49.4095 | Val Cost: 72969.09 | Val Max P-Miss: 0.7716 | Val Max Q-Miss: 0.1791 | Val Max Gen Viol: 0.0000 | Val Max Thermal: 0.3674
Epoch  700 | Val Loss: 48.6277 | Val Cost: 73167.40 | Val Max P-Miss: 0.7435 | Val Max Q-Miss: 0.1741 | Val Max Gen Viol: 0.0000 | Val Max Thermal: 0.3927 [*SAVED BEST*]
Epoch  800 | Val Loss: 48.5416 | Val Cost: 73232.85 | Val Max P-Miss: 0.7581 | Val Max Q-Miss: 0.1761 | Val Max Gen Viol: 0.0000 | Val Max Thermal: 0.4475 [*SAVED BEST*]
Epoch  900 | Val Loss: 48.0319 | Val Cost: 72880.60 | Val Max P-Miss: 0.8059 | Val Max Q-Miss: 0.1728 | Val Max Gen Viol: 0.0000 | Val Max Thermal: 0.5165 [*SAVED BEST*]
Epoch 1000 | Val Loss: 48.7157 | Val Cost: 72921.06 | Val Max P-Miss: 0.7789 | Val Max Q-Miss: 0.1730 | Val Max Gen Viol: 0.0000 | Val Max Thermal: 0.5301
Epoch 1100 | Val Loss: 47.0292 | Val Cost: 73099.23 | Val Max P-Miss: 0.7629 | Val Max Q-Miss: 0.1730 | Val Max Gen Viol: 0.0000 | Val Max Thermal: 0.4442 [*SAVED BEST*]
Epoch 1200 | Val Loss: 47.0649 | Val Cost: 72933.80 | Val Max P-Miss: 0.7899 | Val Max Q-Miss: 0.1699 | Val Max Gen Viol: 0.0000 | Val Max Thermal: 0.4052
Epoch 1300 | Val Loss: 47.3310 | Val Cost: 73174.48 | Val Max P-Miss: 0.7425 | Val Max Q-Miss: 0.1733 | Val Max Gen Viol: 0.0000 | Val Max Thermal: 0.4138
Epoch 1400 | Val Loss: 47.4543 | Val Cost: 72908.96 | Val Max P-Miss: 0.7612 | Val Max Q-Miss: 0.1792 | Val Max Gen Viol: 0.0000 | Val Max Thermal: 0.3889
Epoch 1500 | Val Loss: 48.7331 | Val Cost: 72700.96 | Val Max P-Miss: 0.7237 | Val Max Q-Miss: 0.1762 | Val Max Gen Viol: 0.0000 | Val Max Thermal: 0.3859
Epoch 1600 | Val Loss: 46.2959 | Val Cost: 73045.92 | Val Max P-Miss: 0.7718 | Val Max Q-Miss: 0.1738 | Val Max Gen Viol: 0.0000 | Val Max Thermal: 0.4128 [*SAVED BEST*]
Epoch 1700 | Val Loss: 46.4245 | Val Cost: 73087.09 | Val Max P-Miss: 0.7878 | Val Max Q-Miss: 0.1752 | Val Max Gen Viol: 0.0000 | Val Max Thermal: 0.4380
Epoch 1800 | Val Loss: 46.2535 | Val Cost: 73210.73 | Val Max P-Miss: 0.7766 | Val Max Q-Miss: 0.1733 | Val Max Gen Viol: 0.0000 | Val Max Thermal: 0.4135 [*SAVED BEST*]
Epoch 1900 | Val Loss: 48.4163 | Val Cost: 73003.08 | Val Max P-Miss: 0.9095 | Val Max Q-Miss: 0.1749 | Val Max Gen Viol: 0.0000 | Val Max Thermal: 0.3015
Epoch 2000 | Val Loss: 46.4971 | Val Cost: 73228.04 | Val Max P-Miss: 0.7710 | Val Max Q-Miss: 0.1729 | Val Max Gen Viol: 0.0000 | Val Max Thermal: 0.3871
Epoch 2100 | Val Loss: 45.9451 | Val Cost: 73191.09 | Val Max P-Miss: 0.7654 | Val Max Q-Miss: 0.1762 | Val Max Gen Viol: 0.0000 | Val Max Thermal: 0.3738 [*SAVED BEST*]
Epoch 2200 | Val Loss: 46.0574 | Val Cost: 73316.99 | Val Max P-Miss: 0.7765 | Val Max Q-Miss: 0.1721 | Val Max Gen Viol: 0.0000 | Val Max Thermal: 0.3660
Epoch 2300 | Val Loss: 45.9109 | Val Cost: 73318.62 | Val Max P-Miss: 0.7724 | Val Max Q-Miss: 0.1773 | Val Max Gen Viol: 0.0000 | Val Max Thermal: 0.3975 [*SAVED BEST*]
Epoch 2400 | Val Loss: 46.1832 | Val Cost: 73350.53 | Val Max P-Miss: 0.7700 | Val Max Q-Miss: 0.1773 | Val Max Gen Viol: 0.0000 | Val Max Thermal: 0.3834
Epoch 2500 | Val Loss: 46.1737 | Val Cost: 73300.18 | Val Max P-Miss: 0.7802 | Val Max Q-Miss: 0.1715 | Val Max Gen Viol: 0.0000 | Val Max Thermal: 0.3802
Epoch 2600 | Val Loss: 46.0418 | Val Cost: 73302.13 | Val Max P-Miss: 0.7704 | Val Max Q-Miss: 0.1754 | Val Max Gen Viol: 0.0000 | Val Max Thermal: 0.3643
Epoch 2700 | Val Loss: 45.9244 | Val Cost: 73044.70 | Val Max P-Miss: 0.7719 | Val Max Q-Miss: 0.1772 | Val Max Gen Viol: 0.0000 | Val Max Thermal: 0.3714
Epoch 2800 | Val Loss: 47.3974 | Val Cost: 73360.76 | Val Max P-Miss: 0.7446 | Val Max Q-Miss: 0.1754 | Val Max Gen Viol: 0.0000 | Val Max Thermal: 0.3322
Epoch 2900 | Val Loss: 46.2227 | Val Cost: 73378.46 | Val Max P-Miss: 0.7793 | Val Max Q-Miss: 0.1708 | Val Max Gen Viol: 0.0000 | Val Max Thermal: 0.3456
Epoch 3000 | Val Loss: 45.9972 | Val Cost: 73409.98 | Val Max P-Miss: 0.7824 | Val Max Q-Miss: 0.1742 | Val Max Gen Viol: 0.0000 | Val Max Thermal: 0.3907
Epoch 3100 | Val Loss: 45.9218 | Val Cost: 73507.07 | Val Max P-Miss: 0.7736 | Val Max Q-Miss: 0.1847 | Val Max Gen Viol: 0.0000 | Val Max Thermal: 0.3867
Epoch 3200 | Val Loss: 45.8083 | Val Cost: 73469.42 | Val Max P-Miss: 0.7796 | Val Max Q-Miss: 0.2157 | Val Max Gen Viol: 0.0000 | Val Max Thermal: 0.4021 [*SAVED BEST*]
Epoch 3300 | Val Loss: 45.6957 | Val Cost: 73511.78 | Val Max P-Miss: 0.7705 | Val Max Q-Miss: 0.2161 | Val Max Gen Viol: 0.0000 | Val Max Thermal: 0.5057 [*SAVED BEST*]
Epoch 3400 | Val Loss: 45.7620 | Val Cost: 73534.25 | Val Max P-Miss: 0.7821 | Val Max Q-Miss: 0.2078 | Val Max Gen Viol: 0.0000 | Val Max Thermal: 0.3968
Epoch 3500 | Val Loss: 45.8549 | Val Cost: 73478.77 | Val Max P-Miss: 0.7869 | Val Max Q-Miss: 0.2076 | Val Max Gen Viol: 0.0000 | Val Max Thermal: 0.4040
Epoch 3600 | Val Loss: 45.6392 | Val Cost: 73508.88 | Val Max P-Miss: 0.7682 | Val Max Q-Miss: 0.2339 | Val Max Gen Viol: 0.0000 | Val Max Thermal: 0.3928 [*SAVED BEST*]
Epoch 3700 | Val Loss: 45.6983 | Val Cost: 73504.16 | Val Max P-Miss: 0.7737 | Val Max Q-Miss: 0.2377 | Val Max Gen Viol: 0.0000 | Val Max Thermal: 0.4436
Epoch 3800 | Val Loss: 45.8735 | Val Cost: 72726.64 | Val Max P-Miss: 0.7771 | Val Max Q-Miss: 0.1765 | Val Max Gen Viol: 0.0000 | Val Max Thermal: 0.6277
Epoch 3900 | Val Loss: 45.6537 | Val Cost: 73526.10 | Val Max P-Miss: 0.7610 | Val Max Q-Miss: 0.2332 | Val Max Gen Viol: 0.0000 | Val Max Thermal: 0.4880
Epoch 4000 | Val Loss: 45.6147 | Val Cost: 73424.89 | Val Max P-Miss: 0.7647 | Val Max Q-Miss: 0.1984 | Val Max Gen Viol: 0.0000 | Val Max Thermal: 0.5845 [*SAVED BEST*]
Epoch 4100 | Val Loss: 45.5447 | Val Cost: 73457.68 | Val Max P-Miss: 0.7597 | Val Max Q-Miss: 0.2348 | Val Max Gen Viol: 0.0000 | Val Max Thermal: 0.4454 [*SAVED BEST*]
Epoch 4200 | Val Loss: 45.6148 | Val Cost: 73368.53 | Val Max P-Miss: 0.7654 | Val Max Q-Miss: 0.2086 | Val Max Gen Viol: 0.0000 | Val Max Thermal: 0.5033
Epoch 4300 | Val Loss: 45.5188 | Val Cost: 73421.45 | Val Max P-Miss: 0.7599 | Val Max Q-Miss: 0.2351 | Val Max Gen Viol: 0.0000 | Val Max Thermal: 0.4013 [*SAVED BEST*]
Epoch 4400 | Val Loss: 46.3838 | Val Cost: 73165.15 | Val Max P-Miss: 0.7374 | Val Max Q-Miss: 0.2758 | Val Max Gen Viol: 0.0000 | Val Max Thermal: 0.4145
Epoch 4500 | Val Loss: 45.5737 | Val Cost: 73430.34 | Val Max P-Miss: 0.7488 | Val Max Q-Miss: 0.2275 | Val Max Gen Viol: 0.0000 | Val Max Thermal: 0.4692
Epoch 4600 | Val Loss: 45.6151 | Val Cost: 73515.68 | Val Max P-Miss: 0.7526 | Val Max Q-Miss: 0.2402 | Val Max Gen Viol: 0.0000 | Val Max Thermal: 0.3909
Epoch 4700 | Val Loss: 45.5841 | Val Cost: 73366.39 | Val Max P-Miss: 0.7517 | Val Max Q-Miss: 0.2491 | Val Max Gen Viol: 0.0000 | Val Max Thermal: 0.4764
Epoch 4800 | Val Loss: 45.6107 | Val Cost: 73409.38 | Val Max P-Miss: 0.7481 | Val Max Q-Miss: 0.2441 | Val Max Gen Viol: 0.0000 | Val Max Thermal: 0.4812
Epoch 4900 | Val Loss: 45.6317 | Val Cost: 73509.65 | Val Max P-Miss: 0.7486 | Val Max Q-Miss: 0.2568 | Val Max Gen Viol: 0.0000 | Val Max Thermal: 0.4942
Epoch 5000 | Val Loss: 46.9138 | Val Cost: 73300.79 | Val Max P-Miss: 0.7597 | Val Max Q-Miss: 0.2034 | Val Max Gen Viol: 0.0000 | Val Max Thermal: 0.4829
Epoch 5100 | Val Loss: 45.5931 | Val Cost: 73418.90 | Val Max P-Miss: 0.7635 | Val Max Q-Miss: 0.2555 | Val Max Gen Viol: 0.0000 | Val Max Thermal: 0.4032
Epoch 5200 | Val Loss: 45.5372 | Val Cost: 73329.54 | Val Max P-Miss: 0.7605 | Val Max Q-Miss: 0.2213 | Val Max Gen Viol: 0.0000 | Val Max Thermal: 0.4675
Epoch 5300 | Val Loss: 45.6497 | Val Cost: 73457.51 | Val Max P-Miss: 0.7524 | Val Max Q-Miss: 0.2519 | Val Max Gen Viol: 0.0000 | Val Max Thermal: 0.3922
Epoch 5400 | Val Loss: 45.4987 | Val Cost: 73428.80 | Val Max P-Miss: 0.7396 | Val Max Q-Miss: 0.2454 | Val Max Gen Viol: 0.0000 | Val Max Thermal: 0.4651 [*SAVED BEST*]
Epoch 5500 | Val Loss: 45.9888 | Val Cost: 73341.66 | Val Max P-Miss: 0.7504 | Val Max Q-Miss: 0.2651 | Val Max Gen Viol: 0.0000 | Val Max Thermal: 0.4328
Epoch 5600 | Val Loss: 45.4751 | Val Cost: 73451.59 | Val Max P-Miss: 0.7382 | Val Max Q-Miss: 0.2688 | Val Max Gen Viol: 0.0000 | Val Max Thermal: 0.4071 [*SAVED BEST*]
Epoch 5700 | Val Loss: 45.9096 | Val Cost: 73476.13 | Val Max P-Miss: 0.7522 | Val Max Q-Miss: 0.2608 | Val Max Gen Viol: 0.0000 | Val Max Thermal: 0.3950
Epoch 5800 | Val Loss: 45.6186 | Val Cost: 73333.31 | Val Max P-Miss: 0.7486 | Val Max Q-Miss: 0.1757 | Val Max Gen Viol: 0.0000 | Val Max Thermal: 0.5787
Epoch 5900 | Val Loss: 45.5431 | Val Cost: 73520.91 | Val Max P-Miss: 0.7489 | Val Max Q-Miss: 0.2198 | Val Max Gen Viol: 0.0000 | Val Max Thermal: 0.4625
Epoch 6000 | Val Loss: 46.7941 | Val Cost: 73065.50 | Val Max P-Miss: 0.8270 | Val Max Q-Miss: 0.2234 | Val Max Gen Viol: 0.0000 | Val Max Thermal: 0.3903
Epoch 6100 | Val Loss: 45.4739 | Val Cost: 73407.41 | Val Max P-Miss: 0.7642 | Val Max Q-Miss: 0.2639 | Val Max Gen Viol: 0.0000 | Val Max Thermal: 0.3860 [*SAVED BEST*]
Epoch 6200 | Val Loss: 46.0421 | Val Cost: 73267.45 | Val Max P-Miss: 0.7445 | Val Max Q-Miss: 0.2012 | Val Max Gen Viol: 0.0000 | Val Max Thermal: 0.4262
Epoch 6300 | Val Loss: 47.3353 | Val Cost: 73180.89 | Val Max P-Miss: 0.7854 | Val Max Q-Miss: 0.1755 | Val Max Gen Viol: 0.0000 | Val Max Thermal: 0.3838
Epoch 6400 | Val Loss: 48.2371 | Val Cost: 73224.54 | Val Max P-Miss: 0.7381 | Val Max Q-Miss: 0.1708 | Val Max Gen Viol: 0.0000 | Val Max Thermal: 0.3951
Epoch 6500 | Val Loss: 45.3502 | Val Cost: 73359.33 | Val Max P-Miss: 0.7463 | Val Max Q-Miss: 0.2521 | Val Max Gen Viol: 0.0000 | Val Max Thermal: 0.3966 [*SAVED BEST*]
Epoch 6600 | Val Loss: 50.8986 | Val Cost: 73053.62 | Val Max P-Miss: 0.7799 | Val Max Q-Miss: 0.1719 | Val Max Gen Viol: 0.0000 | Val Max Thermal: 0.4377
Epoch 6700 | Val Loss: 45.5079 | Val Cost: 73433.85 | Val Max P-Miss: 0.7662 | Val Max Q-Miss: 0.2452 | Val Max Gen Viol: 0.0000 | Val Max Thermal: 0.3951
Epoch 6800 | Val Loss: 45.5733 | Val Cost: 73429.37 | Val Max P-Miss: 0.7636 | Val Max Q-Miss: 0.2400 | Val Max Gen Viol: 0.0000 | Val Max Thermal: 0.3954
Epoch 6900 | Val Loss: 46.7492 | Val Cost: 73232.36 | Val Max P-Miss: 0.7737 | Val Max Q-Miss: 0.1684 | Val Max Gen Viol: 0.0000 | Val Max Thermal: 0.3854
Epoch 7000 | Val Loss: 45.3635 | Val Cost: 73377.23 | Val Max P-Miss: 0.7478 | Val Max Q-Miss: 0.2316 | Val Max Gen Viol: 0.0000 | Val Max Thermal: 0.3929
Epoch 7100 | Val Loss: 45.5117 | Val Cost: 73359.59 | Val Max P-Miss: 0.7496 | Val Max Q-Miss: 0.2221 | Val Max Gen Viol: 0.0000 | Val Max Thermal: 0.4022
Epoch 7200 | Val Loss: 45.4042 | Val Cost: 73403.77 | Val Max P-Miss: 0.7379 | Val Max Q-Miss: 0.2251 | Val Max Gen Viol: 0.0000 | Val Max Thermal: 0.4166
Epoch 7300 | Val Loss: 45.4366 | Val Cost: 73398.13 | Val Max P-Miss: 0.7492 | Val Max Q-Miss: 0.2306 | Val Max Gen Viol: 0.0000 | Val Max Thermal: 0.4026
Epoch 7400 | Val Loss: 45.6007 | Val Cost: 73283.08 | Val Max P-Miss: 0.7105 | Val Max Q-Miss: 0.2332 | Val Max Gen Viol: 0.0000 | Val Max Thermal: 0.4031
Epoch 7500 | Val Loss: 45.5214 | Val Cost: 73331.80 | Val Max P-Miss: 0.7565 | Val Max Q-Miss: 0.2183 | Val Max Gen Viol: 0.0000 | Val Max Thermal: 0.4721
Epoch 7600 | Val Loss: 45.3318 | Val Cost: 73325.97 | Val Max P-Miss: 0.7399 | Val Max Q-Miss: 0.2153 | Val Max Gen Viol: 0.0000 | Val Max Thermal: 0.4005 [*SAVED BEST*]
Epoch 7700 | Val Loss: 45.3711 | Val Cost: 73397.98 | Val Max P-Miss: 0.7481 | Val Max Q-Miss: 0.2097 | Val Max Gen Viol: 0.0000 | Val Max Thermal: 0.3990
Epoch 7800 | Val Loss: 47.5374 | Val Cost: 73331.41 | Val Max P-Miss: 0.7614 | Val Max Q-Miss: 0.1716 | Val Max Gen Viol: 0.0000 | Val Max Thermal: 0.3950
Epoch 7900 | Val Loss: 45.3613 | Val Cost: 73442.21 | Val Max P-Miss: 0.7424 | Val Max Q-Miss: 0.2161 | Val Max Gen Viol: 0.0000 | Val Max Thermal: 0.3997
Epoch 8000 | Val Loss: 45.3099 | Val Cost: 73481.33 | Val Max P-Miss: 0.7479 | Val Max Q-Miss: 0.2147 | Val Max Gen Viol: 0.0000 | Val Max Thermal: 0.3973 [*SAVED BEST*]
Epoch 8100 | Val Loss: 45.3953 | Val Cost: 73429.40 | Val Max P-Miss: 0.7336 | Val Max Q-Miss: 0.2225 | Val Max Gen Viol: 0.0000 | Val Max Thermal: 0.3969
Epoch 8200 | Val Loss: 45.3302 | Val Cost: 73484.90 | Val Max P-Miss: 0.7413 | Val Max Q-Miss: 0.2181 | Val Max Gen Viol: 0.0000 | Val Max Thermal: 0.3984
Epoch 8300 | Val Loss: 45.2939 | Val Cost: 73497.24 | Val Max P-Miss: 0.7459 | Val Max Q-Miss: 0.2082 | Val Max Gen Viol: 0.0000 | Val Max Thermal: 0.3944 [*SAVED BEST*]
Epoch 8400 | Val Loss: 45.6387 | Val Cost: 73352.66 | Val Max P-Miss: 0.7484 | Val Max Q-Miss: 0.2094 | Val Max Gen Viol: 0.0000 | Val Max Thermal: 0.3919
Epoch 8500 | Val Loss: 45.6179 | Val Cost: 73325.66 | Val Max P-Miss: 0.7408 | Val Max Q-Miss: 0.2057 | Val Max Gen Viol: 0.0000 | Val Max Thermal: 0.3986
Epoch 8600 | Val Loss: 47.1847 | Val Cost: 72868.88 | Val Max P-Miss: 0.7815 | Val Max Q-Miss: 0.2661 | Val Max Gen Viol: 0.0000 | Val Max Thermal: 0.4483
Epoch 8700 | Val Loss: 45.5161 | Val Cost: 73211.53 | Val Max P-Miss: 0.7654 | Val Max Q-Miss: 0.2256 | Val Max Gen Viol: 0.0000 | Val Max Thermal: 0.3999
Epoch 8800 | Val Loss: 45.2914 | Val Cost: 73397.65 | Val Max P-Miss: 0.7327 | Val Max Q-Miss: 0.2213 | Val Max Gen Viol: 0.0000 | Val Max Thermal: 0.3998 [*SAVED BEST*]
Epoch 8900 | Val Loss: 45.6444 | Val Cost: 73129.95 | Val Max P-Miss: 0.7120 | Val Max Q-Miss: 0.2415 | Val Max Gen Viol: 0.0000 | Val Max Thermal: 0.4004
Epoch 9000 | Val Loss: 45.4377 | Val Cost: 73335.20 | Val Max P-Miss: 0.7218 | Val Max Q-Miss: 0.2313 | Val Max Gen Viol: 0.0000 | Val Max Thermal: 0.3989
Epoch 9100 | Val Loss: 46.0056 | Val Cost: 73330.50 | Val Max P-Miss: 0.7508 | Val Max Q-Miss: 0.1876 | Val Max Gen Viol: 0.0000 | Val Max Thermal: 0.3878
Epoch 9200 | Val Loss: 45.4523 | Val Cost: 73443.88 | Val Max P-Miss: 0.7224 | Val Max Q-Miss: 0.2211 | Val Max Gen Viol: 0.0000 | Val Max Thermal: 0.3938
Epoch 9300 | Val Loss: 45.2721 | Val Cost: 73388.59 | Val Max P-Miss: 0.7425 | Val Max Q-Miss: 0.2297 | Val Max Gen Viol: 0.0000 | Val Max Thermal: 0.4019 [*SAVED BEST*]
Epoch 9400 | Val Loss: 45.4490 | Val Cost: 73286.23 | Val Max P-Miss: 0.7092 | Val Max Q-Miss: 0.2357 | Val Max Gen Viol: 0.0000 | Val Max Thermal: 0.3947
Epoch 9500 | Val Loss: 45.2911 | Val Cost: 73453.47 | Val Max P-Miss: 0.7337 | Val Max Q-Miss: 0.2219 | Val Max Gen Viol: 0.0000 | Val Max Thermal: 0.3974
Epoch 9600 | Val Loss: 45.2602 | Val Cost: 73381.81 | Val Max P-Miss: 0.7334 | Val Max Q-Miss: 0.2364 | Val Max Gen Viol: 0.0000 | Val Max Thermal: 0.3887 [*SAVED BEST*]
Epoch 9700 | Val Loss: 45.2437 | Val Cost: 73454.26 | Val Max P-Miss: 0.7223 | Val Max Q-Miss: 0.2266 | Val Max Gen Viol: 0.0000 | Val Max Thermal: 0.3914 [*SAVED BEST*]
Epoch 9800 | Val Loss: 48.1683 | Val Cost: 73048.77 | Val Max P-Miss: 0.6927 | Val Max Q-Miss: 0.1658 | Val Max Gen Viol: 0.0000 | Val Max Thermal: 0.4923
Epoch 9900 | Val Loss: 45.3134 | Val Cost: 73413.22 | Val Max P-Miss: 0.7283 | Val Max Q-Miss: 0.2207 | Val Max Gen Viol: 0.0000 | Val Max Thermal: 0.3920

==================================================
Training Complete!
Total Training Time: 00h 16m 32.36s
Best model weights saved to: ./model/best_dc3_model_pglib_opf_case162_ieee_dtc_10000epochs_20260722_225234.pth
==================================================

