Job ID: 8581
Executing: ACOPF_Hard_KKT.py --case_name pglib_opf_case162_ieee_dtc --epochs 10000
Node: issnode3
GPU Allocated: 0
CUDA Hardware Acceleration Active: NVIDIA GeForce RTX 4090

Beginning execution of parallelized training matrix loops for Hard KKT...
Epoch    0 | Val Loss: 28418.2539 | Val Cost: 83927.56 | Val Max P-Miss: 18.1231 | Val Max Q-Miss: 4.2070 | Val Max Gen Viol: 0.0000 | Val Max Thermal: 62.4513 [*SAVED BEST*]
Epoch  100 | Val Loss: 95.6394 | Val Cost: 74570.22 | Val Max P-Miss: 2.1614 | Val Max Q-Miss: 1.8068 | Val Max Gen Viol: 0.0000 | Val Max Thermal: 0.0237 [*SAVED BEST*]
Epoch  200 | Val Loss: 85.2407 | Val Cost: 71844.64 | Val Max P-Miss: 2.2595 | Val Max Q-Miss: 2.1283 | Val Max Gen Viol: 0.0000 | Val Max Thermal: 0.3998 [*SAVED BEST*]
Epoch  300 | Val Loss: 85.8960 | Val Cost: 71433.71 | Val Max P-Miss: 2.2762 | Val Max Q-Miss: 2.1274 | Val Max Gen Viol: 0.0000 | Val Max Thermal: 0.4031
Epoch  400 | Val Loss: 85.5964 | Val Cost: 71137.52 | Val Max P-Miss: 2.2639 | Val Max Q-Miss: 2.1378 | Val Max Gen Viol: 0.0024 | Val Max Thermal: 0.3711
Epoch  500 | Val Loss: 89.1994 | Val Cost: 71201.48 | Val Max P-Miss: 2.2546 | Val Max Q-Miss: 2.1207 | Val Max Gen Viol: 0.0035 | Val Max Thermal: 0.3145
Epoch  600 | Val Loss: 84.9622 | Val Cost: 71049.88 | Val Max P-Miss: 2.2540 | Val Max Q-Miss: 2.1246 | Val Max Gen Viol: 0.0042 | Val Max Thermal: 0.3920 [*SAVED BEST*]
Epoch  700 | Val Loss: 85.2676 | Val Cost: 70944.39 | Val Max P-Miss: 2.1472 | Val Max Q-Miss: 2.1004 | Val Max Gen Viol: 0.0046 | Val Max Thermal: 0.3566
Epoch  800 | Val Loss: 85.7198 | Val Cost: 70822.19 | Val Max P-Miss: 2.2429 | Val Max Q-Miss: 2.1114 | Val Max Gen Viol: 0.0047 | Val Max Thermal: 0.3644
Epoch  900 | Val Loss: 86.6837 | Val Cost: 70804.26 | Val Max P-Miss: 2.2012 | Val Max Q-Miss: 2.1616 | Val Max Gen Viol: 0.0048 | Val Max Thermal: 0.3182
Epoch 1000 | Val Loss: 86.8651 | Val Cost: 70720.58 | Val Max P-Miss: 2.1368 | Val Max Q-Miss: 2.0842 | Val Max Gen Viol: 0.0049 | Val Max Thermal: 0.3396
Epoch 1100 | Val Loss: 85.1310 | Val Cost: 70744.60 | Val Max P-Miss: 2.1465 | Val Max Q-Miss: 2.1290 | Val Max Gen Viol: 0.0049 | Val Max Thermal: 0.3746
Epoch 1200 | Val Loss: 88.5690 | Val Cost: 70805.89 | Val Max P-Miss: 2.1412 | Val Max Q-Miss: 2.1198 | Val Max Gen Viol: 0.0050 | Val Max Thermal: 0.3731
Epoch 1300 | Val Loss: 88.5898 | Val Cost: 70638.98 | Val Max P-Miss: 2.1741 | Val Max Q-Miss: 2.1245 | Val Max Gen Viol: 0.0050 | Val Max Thermal: 0.3625
Epoch 1400 | Val Loss: 92.2277 | Val Cost: 70653.84 | Val Max P-Miss: 2.1440 | Val Max Q-Miss: 2.1324 | Val Max Gen Viol: 0.0050 | Val Max Thermal: 0.3620
Epoch 1500 | Val Loss: 89.6363 | Val Cost: 70588.37 | Val Max P-Miss: 2.2302 | Val Max Q-Miss: 2.1365 | Val Max Gen Viol: 0.0050 | Val Max Thermal: 0.3668
Epoch 1600 | Val Loss: 89.8162 | Val Cost: 70792.52 | Val Max P-Miss: 2.1508 | Val Max Q-Miss: 2.1238 | Val Max Gen Viol: 0.0050 | Val Max Thermal: 0.3520
Epoch 1700 | Val Loss: 88.7221 | Val Cost: 70797.16 | Val Max P-Miss: 2.1833 | Val Max Q-Miss: 2.1292 | Val Max Gen Viol: 0.0050 | Val Max Thermal: 0.3360
Epoch 1800 | Val Loss: 86.7563 | Val Cost: 70651.65 | Val Max P-Miss: 2.1553 | Val Max Q-Miss: 2.1364 | Val Max Gen Viol: 0.0050 | Val Max Thermal: 0.3522
Epoch 1900 | Val Loss: 93.3260 | Val Cost: 70689.88 | Val Max P-Miss: 2.1110 | Val Max Q-Miss: 2.1247 | Val Max Gen Viol: 0.0050 | Val Max Thermal: 0.3606
Epoch 2000 | Val Loss: 91.1137 | Val Cost: 70620.88 | Val Max P-Miss: 2.2136 | Val Max Q-Miss: 2.0935 | Val Max Gen Viol: 0.0050 | Val Max Thermal: 0.3673
Epoch 2100 | Val Loss: 89.1840 | Val Cost: 70573.83 | Val Max P-Miss: 2.1783 | Val Max Q-Miss: 2.1294 | Val Max Gen Viol: 0.0050 | Val Max Thermal: 0.3364
Epoch 2200 | Val Loss: 88.6471 | Val Cost: 70723.19 | Val Max P-Miss: 2.1790 | Val Max Q-Miss: 2.1087 | Val Max Gen Viol: 0.0050 | Val Max Thermal: 0.3183
Epoch 2300 | Val Loss: 87.9241 | Val Cost: 70887.75 | Val Max P-Miss: 2.1747 | Val Max Q-Miss: 2.1652 | Val Max Gen Viol: 0.0050 | Val Max Thermal: 0.3300
Epoch 2400 | Val Loss: 90.1752 | Val Cost: 70573.92 | Val Max P-Miss: 2.0546 | Val Max Q-Miss: 2.1461 | Val Max Gen Viol: 0.0050 | Val Max Thermal: 0.3414
Epoch 2500 | Val Loss: 92.4429 | Val Cost: 70589.52 | Val Max P-Miss: 2.1450 | Val Max Q-Miss: 2.1495 | Val Max Gen Viol: 0.0050 | Val Max Thermal: 0.3944
Epoch 2600 | Val Loss: 89.5166 | Val Cost: 70616.13 | Val Max P-Miss: 2.0440 | Val Max Q-Miss: 2.1318 | Val Max Gen Viol: 0.0050 | Val Max Thermal: 0.3622
Epoch 2700 | Val Loss: 93.7874 | Val Cost: 70780.55 | Val Max P-Miss: 2.1426 | Val Max Q-Miss: 2.1600 | Val Max Gen Viol: 0.0050 | Val Max Thermal: 0.3518
Epoch 2800 | Val Loss: 92.0133 | Val Cost: 70717.20 | Val Max P-Miss: 2.1373 | Val Max Q-Miss: 2.1645 | Val Max Gen Viol: 0.0050 | Val Max Thermal: 0.3434
Epoch 2900 | Val Loss: 88.5366 | Val Cost: 70939.81 | Val Max P-Miss: 2.1409 | Val Max Q-Miss: 2.1533 | Val Max Gen Viol: 0.0050 | Val Max Thermal: 0.2794
Epoch 3000 | Val Loss: 92.3748 | Val Cost: 70760.09 | Val Max P-Miss: 2.1101 | Val Max Q-Miss: 2.1380 | Val Max Gen Viol: 0.0050 | Val Max Thermal: 0.3393
Epoch 3100 | Val Loss: 90.4185 | Val Cost: 70707.66 | Val Max P-Miss: 2.1338 | Val Max Q-Miss: 2.1703 | Val Max Gen Viol: 0.0050 | Val Max Thermal: 0.3310
Epoch 3200 | Val Loss: 91.6960 | Val Cost: 70595.45 | Val Max P-Miss: 2.1526 | Val Max Q-Miss: 2.1615 | Val Max Gen Viol: 0.0050 | Val Max Thermal: 0.3919
Epoch 3300 | Val Loss: 91.7215 | Val Cost: 70501.92 | Val Max P-Miss: 2.1465 | Val Max Q-Miss: 2.1270 | Val Max Gen Viol: 0.0050 | Val Max Thermal: 0.3745
Epoch 3400 | Val Loss: 85.7646 | Val Cost: 70875.60 | Val Max P-Miss: 2.0546 | Val Max Q-Miss: 2.1506 | Val Max Gen Viol: 0.0050 | Val Max Thermal: 0.3807
Epoch 3500 | Val Loss: 88.7829 | Val Cost: 70707.88 | Val Max P-Miss: 2.1166 | Val Max Q-Miss: 2.1477 | Val Max Gen Viol: 0.0050 | Val Max Thermal: 0.3614
Epoch 3600 | Val Loss: 87.6495 | Val Cost: 70616.19 | Val Max P-Miss: 2.1677 | Val Max Q-Miss: 2.1646 | Val Max Gen Viol: 0.0050 | Val Max Thermal: 0.3577
Epoch 3700 | Val Loss: 88.8919 | Val Cost: 70771.98 | Val Max P-Miss: 2.1295 | Val Max Q-Miss: 2.1778 | Val Max Gen Viol: 0.0050 | Val Max Thermal: 0.3578
Epoch 3800 | Val Loss: 89.2621 | Val Cost: 70550.91 | Val Max P-Miss: 2.0822 | Val Max Q-Miss: 2.1360 | Val Max Gen Viol: 0.0050 | Val Max Thermal: 0.3709
Epoch 3900 | Val Loss: 88.5754 | Val Cost: 70529.48 | Val Max P-Miss: 2.1234 | Val Max Q-Miss: 2.1723 | Val Max Gen Viol: 0.0050 | Val Max Thermal: 0.3403
Epoch 4000 | Val Loss: 89.8302 | Val Cost: 70393.77 | Val Max P-Miss: 2.1396 | Val Max Q-Miss: 2.1504 | Val Max Gen Viol: 0.0050 | Val Max Thermal: 0.3804
Epoch 4100 | Val Loss: 89.3442 | Val Cost: 70825.84 | Val Max P-Miss: 2.1474 | Val Max Q-Miss: 2.1551 | Val Max Gen Viol: 0.0050 | Val Max Thermal: 0.3829
Epoch 4200 | Val Loss: 89.5907 | Val Cost: 70665.55 | Val Max P-Miss: 2.1347 | Val Max Q-Miss: 2.1590 | Val Max Gen Viol: 0.0050 | Val Max Thermal: 0.4172
Epoch 4300 | Val Loss: 90.1105 | Val Cost: 70525.14 | Val Max P-Miss: 2.1314 | Val Max Q-Miss: 2.1629 | Val Max Gen Viol: 0.0050 | Val Max Thermal: 0.3404
Epoch 4400 | Val Loss: 90.5157 | Val Cost: 70823.20 | Val Max P-Miss: 2.1824 | Val Max Q-Miss: 2.1791 | Val Max Gen Viol: 0.0050 | Val Max Thermal: 0.4003
Epoch 4500 | Val Loss: 88.7790 | Val Cost: 70832.28 | Val Max P-Miss: 2.1171 | Val Max Q-Miss: 2.1321 | Val Max Gen Viol: 0.0050 | Val Max Thermal: 0.5130
Epoch 4600 | Val Loss: 89.9413 | Val Cost: 70762.23 | Val Max P-Miss: 2.1034 | Val Max Q-Miss: 2.1324 | Val Max Gen Viol: 0.0050 | Val Max Thermal: 0.3699
Epoch 4700 | Val Loss: 88.4673 | Val Cost: 70508.39 | Val Max P-Miss: 2.0816 | Val Max Q-Miss: 2.1483 | Val Max Gen Viol: 0.0050 | Val Max Thermal: 0.3511
Epoch 4800 | Val Loss: 88.4099 | Val Cost: 70678.96 | Val Max P-Miss: 2.0538 | Val Max Q-Miss: 2.1787 | Val Max Gen Viol: 0.0050 | Val Max Thermal: 0.3826
Epoch 4900 | Val Loss: 90.3855 | Val Cost: 70907.83 | Val Max P-Miss: 2.1706 | Val Max Q-Miss: 2.1451 | Val Max Gen Viol: 0.0050 | Val Max Thermal: 0.3617
Epoch 5000 | Val Loss: 90.4924 | Val Cost: 70481.08 | Val Max P-Miss: 2.1270 | Val Max Q-Miss: 2.1433 | Val Max Gen Viol: 0.0050 | Val Max Thermal: 0.3629
Epoch 5100 | Val Loss: 89.6870 | Val Cost: 70602.22 | Val Max P-Miss: 2.0997 | Val Max Q-Miss: 2.1530 | Val Max Gen Viol: 0.0050 | Val Max Thermal: 0.3770
Epoch 5200 | Val Loss: 90.5060 | Val Cost: 70837.33 | Val Max P-Miss: 2.0384 | Val Max Q-Miss: 2.1705 | Val Max Gen Viol: 0.0050 | Val Max Thermal: 0.3785
Epoch 5300 | Val Loss: 90.0675 | Val Cost: 70987.97 | Val Max P-Miss: 2.1035 | Val Max Q-Miss: 2.1716 | Val Max Gen Viol: 0.0050 | Val Max Thermal: 0.4005
Epoch 5400 | Val Loss: 89.4777 | Val Cost: 70739.01 | Val Max P-Miss: 2.0855 | Val Max Q-Miss: 2.1638 | Val Max Gen Viol: 0.0050 | Val Max Thermal: 0.3866
Epoch 5500 | Val Loss: 90.1490 | Val Cost: 70692.95 | Val Max P-Miss: 2.1135 | Val Max Q-Miss: 2.1596 | Val Max Gen Viol: 0.0050 | Val Max Thermal: 0.3789
Epoch 5600 | Val Loss: 89.5861 | Val Cost: 70729.99 | Val Max P-Miss: 2.0978 | Val Max Q-Miss: 2.1808 | Val Max Gen Viol: 0.0050 | Val Max Thermal: 0.3709
Epoch 5700 | Val Loss: 88.5696 | Val Cost: 70718.99 | Val Max P-Miss: 2.1280 | Val Max Q-Miss: 2.1656 | Val Max Gen Viol: 0.0050 | Val Max Thermal: 0.3991
Epoch 5800 | Val Loss: 89.8057 | Val Cost: 70758.59 | Val Max P-Miss: 2.0531 | Val Max Q-Miss: 2.1710 | Val Max Gen Viol: 0.0050 | Val Max Thermal: 0.4200
Epoch 5900 | Val Loss: 88.9178 | Val Cost: 70748.95 | Val Max P-Miss: 2.1328 | Val Max Q-Miss: 2.1652 | Val Max Gen Viol: 0.0050 | Val Max Thermal: 0.3904
Epoch 6000 | Val Loss: 89.1733 | Val Cost: 70729.00 | Val Max P-Miss: 2.0984 | Val Max Q-Miss: 2.1871 | Val Max Gen Viol: 0.0050 | Val Max Thermal: 0.4069
Epoch 6100 | Val Loss: 89.0835 | Val Cost: 70794.40 | Val Max P-Miss: 2.1030 | Val Max Q-Miss: 2.1716 | Val Max Gen Viol: 0.0050 | Val Max Thermal: 0.4233
Epoch 6200 | Val Loss: 88.6367 | Val Cost: 70702.93 | Val Max P-Miss: 2.1399 | Val Max Q-Miss: 2.1917 | Val Max Gen Viol: 0.0050 | Val Max Thermal: 0.3839
Epoch 6300 | Val Loss: 88.5668 | Val Cost: 70563.80 | Val Max P-Miss: 2.0484 | Val Max Q-Miss: 2.1772 | Val Max Gen Viol: 0.0050 | Val Max Thermal: 0.4180
Epoch 6400 | Val Loss: 89.2877 | Val Cost: 70745.74 | Val Max P-Miss: 2.1425 | Val Max Q-Miss: 2.1830 | Val Max Gen Viol: 0.0050 | Val Max Thermal: 0.3761
Epoch 6500 | Val Loss: 89.4595 | Val Cost: 70636.10 | Val Max P-Miss: 2.0660 | Val Max Q-Miss: 2.1597 | Val Max Gen Viol: 0.0050 | Val Max Thermal: 0.3671
Epoch 6600 | Val Loss: 89.7965 | Val Cost: 70595.77 | Val Max P-Miss: 2.1410 | Val Max Q-Miss: 2.1775 | Val Max Gen Viol: 0.0050 | Val Max Thermal: 0.4127
Epoch 6700 | Val Loss: 86.8050 | Val Cost: 70558.66 | Val Max P-Miss: 2.0752 | Val Max Q-Miss: 2.1891 | Val Max Gen Viol: 0.0050 | Val Max Thermal: 0.3689
Epoch 6800 | Val Loss: 89.4440 | Val Cost: 70928.48 | Val Max P-Miss: 2.1255 | Val Max Q-Miss: 2.1772 | Val Max Gen Viol: 0.0050 | Val Max Thermal: 0.4265
Epoch 6900 | Val Loss: 88.2980 | Val Cost: 70687.09 | Val Max P-Miss: 2.1264 | Val Max Q-Miss: 2.0967 | Val Max Gen Viol: 0.0050 | Val Max Thermal: 0.3625
Epoch 7000 | Val Loss: 88.6409 | Val Cost: 70489.06 | Val Max P-Miss: 2.1719 | Val Max Q-Miss: 2.1230 | Val Max Gen Viol: 0.0050 | Val Max Thermal: 0.3619
Epoch 7100 | Val Loss: 90.6678 | Val Cost: 70672.03 | Val Max P-Miss: 2.1993 | Val Max Q-Miss: 2.1857 | Val Max Gen Viol: 0.0050 | Val Max Thermal: 0.3525
Epoch 7200 | Val Loss: 90.4947 | Val Cost: 70695.92 | Val Max P-Miss: 2.0402 | Val Max Q-Miss: 2.1827 | Val Max Gen Viol: 0.0050 | Val Max Thermal: 0.3749
Epoch 7300 | Val Loss: 92.0278 | Val Cost: 70770.71 | Val Max P-Miss: 2.2473 | Val Max Q-Miss: 2.1645 | Val Max Gen Viol: 0.0050 | Val Max Thermal: 0.3746
Epoch 7400 | Val Loss: 91.4016 | Val Cost: 70790.06 | Val Max P-Miss: 2.1388 | Val Max Q-Miss: 2.2020 | Val Max Gen Viol: 0.0050 | Val Max Thermal: 0.3632
Epoch 7500 | Val Loss: 90.7561 | Val Cost: 70663.66 | Val Max P-Miss: 2.1553 | Val Max Q-Miss: 2.1489 | Val Max Gen Viol: 0.0050 | Val Max Thermal: 0.3761
Epoch 7600 | Val Loss: 89.5229 | Val Cost: 70803.19 | Val Max P-Miss: 2.1438 | Val Max Q-Miss: 2.1489 | Val Max Gen Viol: 0.0050 | Val Max Thermal: 0.3624
Epoch 7700 | Val Loss: 90.0700 | Val Cost: 70584.90 | Val Max P-Miss: 2.1450 | Val Max Q-Miss: 2.1710 | Val Max Gen Viol: 0.0050 | Val Max Thermal: 0.3568
Epoch 7800 | Val Loss: 90.7421 | Val Cost: 70724.16 | Val Max P-Miss: 2.1455 | Val Max Q-Miss: 2.1792 | Val Max Gen Viol: 0.0050 | Val Max Thermal: 0.3738
Epoch 7900 | Val Loss: 88.9550 | Val Cost: 70383.27 | Val Max P-Miss: 2.1462 | Val Max Q-Miss: 2.1524 | Val Max Gen Viol: 0.0050 | Val Max Thermal: 0.3965
Epoch 8000 | Val Loss: 90.7535 | Val Cost: 70626.09 | Val Max P-Miss: 2.1979 | Val Max Q-Miss: 2.1852 | Val Max Gen Viol: 0.0050 | Val Max Thermal: 0.3613
Epoch 8100 | Val Loss: 89.8008 | Val Cost: 70758.88 | Val Max P-Miss: 2.0748 | Val Max Q-Miss: 2.1679 | Val Max Gen Viol: 0.0050 | Val Max Thermal: 0.3816
Epoch 8200 | Val Loss: 93.0371 | Val Cost: 70951.34 | Val Max P-Miss: 2.0790 | Val Max Q-Miss: 2.1795 | Val Max Gen Viol: 0.0050 | Val Max Thermal: 0.4490
Epoch 8300 | Val Loss: 90.5452 | Val Cost: 70707.66 | Val Max P-Miss: 2.0816 | Val Max Q-Miss: 2.1827 | Val Max Gen Viol: 0.0050 | Val Max Thermal: 0.3880
Epoch 8400 | Val Loss: 89.3986 | Val Cost: 70734.58 | Val Max P-Miss: 2.0725 | Val Max Q-Miss: 2.1873 | Val Max Gen Viol: 0.0050 | Val Max Thermal: 0.3707
Epoch 8500 | Val Loss: 88.3600 | Val Cost: 70742.55 | Val Max P-Miss: 2.0924 | Val Max Q-Miss: 2.1424 | Val Max Gen Viol: 0.0050 | Val Max Thermal: 0.3914
Epoch 8600 | Val Loss: 91.2246 | Val Cost: 70699.30 | Val Max P-Miss: 2.1025 | Val Max Q-Miss: 2.1606 | Val Max Gen Viol: 0.0050 | Val Max Thermal: 0.3769
Epoch 8700 | Val Loss: 89.6849 | Val Cost: 70731.22 | Val Max P-Miss: 2.1502 | Val Max Q-Miss: 2.1463 | Val Max Gen Viol: 0.0050 | Val Max Thermal: 0.3654
Epoch 8800 | Val Loss: 89.8954 | Val Cost: 70680.87 | Val Max P-Miss: 2.1095 | Val Max Q-Miss: 2.1742 | Val Max Gen Viol: 0.0050 | Val Max Thermal: 0.3768
Epoch 8900 | Val Loss: 90.8384 | Val Cost: 70765.31 | Val Max P-Miss: 2.0532 | Val Max Q-Miss: 2.1700 | Val Max Gen Viol: 0.0050 | Val Max Thermal: 0.3710
Epoch 9000 | Val Loss: 91.1703 | Val Cost: 70819.20 | Val Max P-Miss: 2.2073 | Val Max Q-Miss: 2.1723 | Val Max Gen Viol: 0.0050 | Val Max Thermal: 0.3672
Epoch 9100 | Val Loss: 88.0852 | Val Cost: 70815.03 | Val Max P-Miss: 2.0346 | Val Max Q-Miss: 2.0911 | Val Max Gen Viol: 0.0050 | Val Max Thermal: 0.3684
Epoch 9200 | Val Loss: 90.3734 | Val Cost: 70825.35 | Val Max P-Miss: 2.0804 | Val Max Q-Miss: 2.1783 | Val Max Gen Viol: 0.0050 | Val Max Thermal: 0.3603
Epoch 9300 | Val Loss: 89.9626 | Val Cost: 70836.47 | Val Max P-Miss: 2.0815 | Val Max Q-Miss: 2.1616 | Val Max Gen Viol: 0.0050 | Val Max Thermal: 0.3531
Epoch 9400 | Val Loss: 91.2153 | Val Cost: 70617.25 | Val Max P-Miss: 2.0603 | Val Max Q-Miss: 2.1727 | Val Max Gen Viol: 0.0050 | Val Max Thermal: 0.3764
Epoch 9500 | Val Loss: 90.8616 | Val Cost: 70620.20 | Val Max P-Miss: 2.1193 | Val Max Q-Miss: 2.1880 | Val Max Gen Viol: 0.0050 | Val Max Thermal: 0.3749
Epoch 9600 | Val Loss: 91.1714 | Val Cost: 70422.34 | Val Max P-Miss: 2.0997 | Val Max Q-Miss: 2.2001 | Val Max Gen Viol: 0.0050 | Val Max Thermal: 0.3595
Epoch 9700 | Val Loss: 90.5131 | Val Cost: 70672.20 | Val Max P-Miss: 2.0864 | Val Max Q-Miss: 2.1943 | Val Max Gen Viol: 0.0050 | Val Max Thermal: 0.3586
Epoch 9800 | Val Loss: 90.8796 | Val Cost: 70749.27 | Val Max P-Miss: 2.0698 | Val Max Q-Miss: 2.1845 | Val Max Gen Viol: 0.0050 | Val Max Thermal: 0.3584
Epoch 9900 | Val Loss: 89.8872 | Val Cost: 70626.42 | Val Max P-Miss: 2.0488 | Val Max Q-Miss: 2.1923 | Val Max Gen Viol: 0.0050 | Val Max Thermal: 0.3889

==================================================
Training Complete!
Total Training Time: 00h 35m 40.79s
Best model weights saved to: ./model/best_hardkkt_pglib_opf_case162_ieee_dtc_10000epochs_20260723_171302.pth
==================================================

