Job ID: 8584
Executing: ACOPF_Hard_KKT.py --case_name pglib_opf_case300_ieee --epochs 10000
Node: issnode3
GPU Allocated: 0
CUDA Hardware Acceleration Active: NVIDIA GeForce RTX 4090

Beginning execution of parallelized training matrix loops for Hard KKT...
Epoch    0 | Val Loss: 45477.3906 | Val Cost: 511342.44 | Val Max P-Miss: 59.6113 | Val Max Q-Miss: 17.4418 | Val Max Gen Viol: 0.0001 | Val Max Thermal: 0.0000 [*SAVED BEST*]
Epoch  100 | Val Loss: 545.2789 | Val Cost: 391832.22 | Val Max P-Miss: 4.1716 | Val Max Q-Miss: 4.3833 | Val Max Gen Viol: 0.0000 | Val Max Thermal: 0.4478 [*SAVED BEST*]
Epoch  200 | Val Loss: 626.8191 | Val Cost: 376303.38 | Val Max P-Miss: 4.0910 | Val Max Q-Miss: 4.2819 | Val Max Gen Viol: 0.0016 | Val Max Thermal: 0.0740
Epoch  300 | Val Loss: 581.5323 | Val Cost: 370571.78 | Val Max P-Miss: 4.1617 | Val Max Q-Miss: 4.3715 | Val Max Gen Viol: 0.0029 | Val Max Thermal: 0.1405
Epoch  400 | Val Loss: 558.9661 | Val Cost: 367772.03 | Val Max P-Miss: 4.0613 | Val Max Q-Miss: 4.8252 | Val Max Gen Viol: 0.0033 | Val Max Thermal: 0.0552
Epoch  500 | Val Loss: 497.3215 | Val Cost: 366462.81 | Val Max P-Miss: 3.9184 | Val Max Q-Miss: 3.7190 | Val Max Gen Viol: 0.0042 | Val Max Thermal: 0.2094 [*SAVED BEST*]
Epoch  600 | Val Loss: 504.8773 | Val Cost: 364353.88 | Val Max P-Miss: 3.9806 | Val Max Q-Miss: 3.6507 | Val Max Gen Viol: 0.0043 | Val Max Thermal: 0.1069
Epoch  700 | Val Loss: 560.8627 | Val Cost: 363408.97 | Val Max P-Miss: 4.0139 | Val Max Q-Miss: 4.1387 | Val Max Gen Viol: 0.0047 | Val Max Thermal: 0.2620
Epoch  800 | Val Loss: 427.9358 | Val Cost: 362131.88 | Val Max P-Miss: 4.0494 | Val Max Q-Miss: 3.7235 | Val Max Gen Viol: 0.0047 | Val Max Thermal: 0.0000 [*SAVED BEST*]
Epoch  900 | Val Loss: 490.6940 | Val Cost: 360778.88 | Val Max P-Miss: 4.0456 | Val Max Q-Miss: 4.2744 | Val Max Gen Viol: 0.0048 | Val Max Thermal: 0.2711
Epoch 1000 | Val Loss: 706.1519 | Val Cost: 359964.06 | Val Max P-Miss: 4.5303 | Val Max Q-Miss: 4.0017 | Val Max Gen Viol: 0.0049 | Val Max Thermal: 0.1521
Epoch 1100 | Val Loss: 543.9572 | Val Cost: 359588.00 | Val Max P-Miss: 4.4751 | Val Max Q-Miss: 3.6295 | Val Max Gen Viol: 0.0049 | Val Max Thermal: 0.1084
Epoch 1200 | Val Loss: 560.3216 | Val Cost: 359242.12 | Val Max P-Miss: 4.2779 | Val Max Q-Miss: 3.9735 | Val Max Gen Viol: 0.0049 | Val Max Thermal: 0.2439
Epoch 1300 | Val Loss: 659.4345 | Val Cost: 358564.28 | Val Max P-Miss: 4.3944 | Val Max Q-Miss: 4.0771 | Val Max Gen Viol: 0.0050 | Val Max Thermal: 0.2556
Epoch 1400 | Val Loss: 632.0591 | Val Cost: 358519.56 | Val Max P-Miss: 4.1588 | Val Max Q-Miss: 3.8540 | Val Max Gen Viol: 0.0050 | Val Max Thermal: 0.2317
Epoch 1500 | Val Loss: 584.2694 | Val Cost: 357766.69 | Val Max P-Miss: 4.2296 | Val Max Q-Miss: 3.8825 | Val Max Gen Viol: 0.0050 | Val Max Thermal: 0.1598
Epoch 1600 | Val Loss: 583.7585 | Val Cost: 356725.34 | Val Max P-Miss: 4.3842 | Val Max Q-Miss: 3.6703 | Val Max Gen Viol: 0.0050 | Val Max Thermal: 0.2794
Epoch 1700 | Val Loss: 633.9567 | Val Cost: 355652.78 | Val Max P-Miss: 4.4722 | Val Max Q-Miss: 4.6860 | Val Max Gen Viol: 0.0050 | Val Max Thermal: 0.1813
Epoch 1800 | Val Loss: 621.0377 | Val Cost: 354730.00 | Val Max P-Miss: 4.1246 | Val Max Q-Miss: 4.6732 | Val Max Gen Viol: 0.0050 | Val Max Thermal: 0.1620
Epoch 1900 | Val Loss: 648.3982 | Val Cost: 353726.34 | Val Max P-Miss: 4.1012 | Val Max Q-Miss: 5.0026 | Val Max Gen Viol: 0.0050 | Val Max Thermal: 0.0944
Epoch 2000 | Val Loss: 482.3427 | Val Cost: 352936.06 | Val Max P-Miss: 4.3200 | Val Max Q-Miss: 3.6751 | Val Max Gen Viol: 0.0050 | Val Max Thermal: 0.1875
Epoch 2100 | Val Loss: 607.4871 | Val Cost: 352089.22 | Val Max P-Miss: 4.3262 | Val Max Q-Miss: 4.0097 | Val Max Gen Viol: 0.0050 | Val Max Thermal: 0.1930
Epoch 2200 | Val Loss: 596.9316 | Val Cost: 351601.09 | Val Max P-Miss: 4.4990 | Val Max Q-Miss: 3.9542 | Val Max Gen Viol: 0.0050 | Val Max Thermal: 0.1694
Epoch 2300 | Val Loss: 652.8351 | Val Cost: 351005.19 | Val Max P-Miss: 4.0781 | Val Max Q-Miss: 4.7189 | Val Max Gen Viol: 0.0050 | Val Max Thermal: 0.1342
Epoch 2400 | Val Loss: 471.0086 | Val Cost: 350551.31 | Val Max P-Miss: 4.0190 | Val Max Q-Miss: 3.8394 | Val Max Gen Viol: 0.0050 | Val Max Thermal: 0.1870
Epoch 2500 | Val Loss: 546.5062 | Val Cost: 350480.97 | Val Max P-Miss: 5.1162 | Val Max Q-Miss: 4.8886 | Val Max Gen Viol: 0.0050 | Val Max Thermal: 0.2310
Epoch 2600 | Val Loss: 516.8967 | Val Cost: 350274.09 | Val Max P-Miss: 4.0595 | Val Max Q-Miss: 3.7304 | Val Max Gen Viol: 0.0050 | Val Max Thermal: 0.1990
Epoch 2700 | Val Loss: 613.0299 | Val Cost: 350017.03 | Val Max P-Miss: 4.3395 | Val Max Q-Miss: 4.5054 | Val Max Gen Viol: 0.0050 | Val Max Thermal: 0.1721
Epoch 2800 | Val Loss: 537.6847 | Val Cost: 349860.59 | Val Max P-Miss: 4.2367 | Val Max Q-Miss: 3.8354 | Val Max Gen Viol: 0.0050 | Val Max Thermal: 0.1077
Epoch 2900 | Val Loss: 641.3527 | Val Cost: 349832.72 | Val Max P-Miss: 4.2261 | Val Max Q-Miss: 3.9550 | Val Max Gen Viol: 0.0050 | Val Max Thermal: 0.1215
Epoch 3000 | Val Loss: 582.1266 | Val Cost: 349597.41 | Val Max P-Miss: 4.7055 | Val Max Q-Miss: 3.8561 | Val Max Gen Viol: 0.0050 | Val Max Thermal: 0.1924
Epoch 3100 | Val Loss: 585.5726 | Val Cost: 349481.75 | Val Max P-Miss: 4.1593 | Val Max Q-Miss: 5.3944 | Val Max Gen Viol: 0.0050 | Val Max Thermal: 0.2056
Epoch 3200 | Val Loss: 665.6558 | Val Cost: 349314.31 | Val Max P-Miss: 4.1657 | Val Max Q-Miss: 3.9207 | Val Max Gen Viol: 0.0050 | Val Max Thermal: 0.1494
Epoch 3300 | Val Loss: 532.6835 | Val Cost: 349052.00 | Val Max P-Miss: 5.1776 | Val Max Q-Miss: 3.8064 | Val Max Gen Viol: 0.0050 | Val Max Thermal: 0.1938
Epoch 3400 | Val Loss: 527.9934 | Val Cost: 348986.25 | Val Max P-Miss: 4.4886 | Val Max Q-Miss: 3.7912 | Val Max Gen Viol: 0.0050 | Val Max Thermal: 0.1591
Epoch 3500 | Val Loss: 561.1787 | Val Cost: 348791.62 | Val Max P-Miss: 4.3123 | Val Max Q-Miss: 4.1490 | Val Max Gen Viol: 0.0050 | Val Max Thermal: 0.1628
Epoch 3600 | Val Loss: 682.2585 | Val Cost: 348692.34 | Val Max P-Miss: 4.1054 | Val Max Q-Miss: 4.6265 | Val Max Gen Viol: 0.0050 | Val Max Thermal: 0.1891
Epoch 3700 | Val Loss: 684.8945 | Val Cost: 348573.25 | Val Max P-Miss: 4.7256 | Val Max Q-Miss: 4.0433 | Val Max Gen Viol: 0.0050 | Val Max Thermal: 0.1663
Epoch 3800 | Val Loss: 605.9069 | Val Cost: 348344.78 | Val Max P-Miss: 4.4536 | Val Max Q-Miss: 4.7893 | Val Max Gen Viol: 0.0050 | Val Max Thermal: 0.1489
Epoch 3900 | Val Loss: 555.9893 | Val Cost: 348129.94 | Val Max P-Miss: 4.4034 | Val Max Q-Miss: 4.0070 | Val Max Gen Viol: 0.0050 | Val Max Thermal: 0.1787
Epoch 4000 | Val Loss: 580.5764 | Val Cost: 347964.16 | Val Max P-Miss: 4.3874 | Val Max Q-Miss: 4.0203 | Val Max Gen Viol: 0.0050 | Val Max Thermal: 0.1876
Epoch 4100 | Val Loss: 650.5308 | Val Cost: 347726.16 | Val Max P-Miss: 4.4287 | Val Max Q-Miss: 3.9118 | Val Max Gen Viol: 0.0050 | Val Max Thermal: 0.2123
Epoch 4200 | Val Loss: 446.1989 | Val Cost: 347438.88 | Val Max P-Miss: 4.2878 | Val Max Q-Miss: 3.8736 | Val Max Gen Viol: 0.0050 | Val Max Thermal: 0.1482
Epoch 4300 | Val Loss: 534.9348 | Val Cost: 347371.03 | Val Max P-Miss: 4.4254 | Val Max Q-Miss: 4.5157 | Val Max Gen Viol: 0.0050 | Val Max Thermal: 0.1647
Epoch 4400 | Val Loss: 650.3704 | Val Cost: 346950.88 | Val Max P-Miss: 4.4543 | Val Max Q-Miss: 4.3224 | Val Max Gen Viol: 0.0050 | Val Max Thermal: 0.0569
Epoch 4500 | Val Loss: 642.7590 | Val Cost: 347044.81 | Val Max P-Miss: 4.3792 | Val Max Q-Miss: 3.5998 | Val Max Gen Viol: 0.0050 | Val Max Thermal: 0.1736
Epoch 4600 | Val Loss: 551.1169 | Val Cost: 346903.12 | Val Max P-Miss: 3.9962 | Val Max Q-Miss: 3.5999 | Val Max Gen Viol: 0.0050 | Val Max Thermal: 0.1591
Epoch 4700 | Val Loss: 671.7661 | Val Cost: 346775.12 | Val Max P-Miss: 4.6946 | Val Max Q-Miss: 4.1885 | Val Max Gen Viol: 0.0050 | Val Max Thermal: 0.1632
Epoch 4800 | Val Loss: 674.7564 | Val Cost: 346731.44 | Val Max P-Miss: 4.6596 | Val Max Q-Miss: 4.6317 | Val Max Gen Viol: 0.0050 | Val Max Thermal: 0.1581
Epoch 4900 | Val Loss: 722.2768 | Val Cost: 346706.28 | Val Max P-Miss: 4.6478 | Val Max Q-Miss: 4.8774 | Val Max Gen Viol: 0.0050 | Val Max Thermal: 0.1089
Epoch 5000 | Val Loss: 592.0516 | Val Cost: 346645.12 | Val Max P-Miss: 4.7868 | Val Max Q-Miss: 4.1561 | Val Max Gen Viol: 0.0050 | Val Max Thermal: 0.0787
Epoch 5100 | Val Loss: 407.6006 | Val Cost: 346691.69 | Val Max P-Miss: 4.5437 | Val Max Q-Miss: 3.9083 | Val Max Gen Viol: 0.0050 | Val Max Thermal: 0.1408 [*SAVED BEST*]
Epoch 5200 | Val Loss: 567.4722 | Val Cost: 346592.34 | Val Max P-Miss: 4.4527 | Val Max Q-Miss: 4.4332 | Val Max Gen Viol: 0.0050 | Val Max Thermal: 0.1122
Epoch 5300 | Val Loss: 615.0623 | Val Cost: 346565.69 | Val Max P-Miss: 4.3854 | Val Max Q-Miss: 3.8924 | Val Max Gen Viol: 0.0050 | Val Max Thermal: 0.1849
Epoch 5400 | Val Loss: 482.6343 | Val Cost: 346485.91 | Val Max P-Miss: 4.2028 | Val Max Q-Miss: 4.5039 | Val Max Gen Viol: 0.0050 | Val Max Thermal: 0.1363
Epoch 5500 | Val Loss: 615.5318 | Val Cost: 346419.44 | Val Max P-Miss: 4.2859 | Val Max Q-Miss: 3.9112 | Val Max Gen Viol: 0.0050 | Val Max Thermal: 0.1159
Epoch 5600 | Val Loss: 589.2631 | Val Cost: 346383.38 | Val Max P-Miss: 4.2848 | Val Max Q-Miss: 3.9790 | Val Max Gen Viol: 0.0050 | Val Max Thermal: 0.1503
Epoch 5700 | Val Loss: 731.4830 | Val Cost: 346335.00 | Val Max P-Miss: 4.6624 | Val Max Q-Miss: 4.5037 | Val Max Gen Viol: 0.0050 | Val Max Thermal: 0.1252
Epoch 5800 | Val Loss: 667.6779 | Val Cost: 346150.75 | Val Max P-Miss: 4.3425 | Val Max Q-Miss: 3.2672 | Val Max Gen Viol: 0.0050 | Val Max Thermal: 0.1835
Epoch 5900 | Val Loss: 471.7680 | Val Cost: 346129.44 | Val Max P-Miss: 4.2946 | Val Max Q-Miss: 4.4508 | Val Max Gen Viol: 0.0050 | Val Max Thermal: 0.1444
Epoch 6000 | Val Loss: 725.3369 | Val Cost: 346159.44 | Val Max P-Miss: 4.8637 | Val Max Q-Miss: 4.6685 | Val Max Gen Viol: 0.0050 | Val Max Thermal: 0.1382
Epoch 6100 | Val Loss: 536.6578 | Val Cost: 346042.69 | Val Max P-Miss: 4.8424 | Val Max Q-Miss: 3.8112 | Val Max Gen Viol: 0.0050 | Val Max Thermal: 0.1524
Epoch 6200 | Val Loss: 636.1073 | Val Cost: 345909.97 | Val Max P-Miss: 5.0211 | Val Max Q-Miss: 3.8368 | Val Max Gen Viol: 0.0050 | Val Max Thermal: 0.1330
Epoch 6300 | Val Loss: 498.6974 | Val Cost: 345769.81 | Val Max P-Miss: 4.4721 | Val Max Q-Miss: 4.4140 | Val Max Gen Viol: 0.0050 | Val Max Thermal: 0.1184
Epoch 6400 | Val Loss: 613.8508 | Val Cost: 345767.75 | Val Max P-Miss: 3.9807 | Val Max Q-Miss: 4.4809 | Val Max Gen Viol: 0.0050 | Val Max Thermal: 0.1184
Epoch 6500 | Val Loss: 601.5421 | Val Cost: 345615.94 | Val Max P-Miss: 4.6058 | Val Max Q-Miss: 3.9016 | Val Max Gen Viol: 0.0050 | Val Max Thermal: 0.1117
Epoch 6600 | Val Loss: 620.5310 | Val Cost: 345636.53 | Val Max P-Miss: 4.3988 | Val Max Q-Miss: 3.8431 | Val Max Gen Viol: 0.0050 | Val Max Thermal: 0.1428
Epoch 6700 | Val Loss: 583.3449 | Val Cost: 345587.88 | Val Max P-Miss: 4.2671 | Val Max Q-Miss: 3.9704 | Val Max Gen Viol: 0.0050 | Val Max Thermal: 0.1617
Epoch 6800 | Val Loss: 564.1389 | Val Cost: 345561.56 | Val Max P-Miss: 3.6801 | Val Max Q-Miss: 4.1744 | Val Max Gen Viol: 0.0050 | Val Max Thermal: 0.1382
Epoch 6900 | Val Loss: 610.9828 | Val Cost: 345482.44 | Val Max P-Miss: 4.3919 | Val Max Q-Miss: 4.5586 | Val Max Gen Viol: 0.0050 | Val Max Thermal: 0.1482
Epoch 7000 | Val Loss: 641.6818 | Val Cost: 345463.31 | Val Max P-Miss: 4.6643 | Val Max Q-Miss: 4.7645 | Val Max Gen Viol: 0.0050 | Val Max Thermal: 0.1522
Epoch 7100 | Val Loss: 580.2142 | Val Cost: 345365.41 | Val Max P-Miss: 4.7475 | Val Max Q-Miss: 4.2085 | Val Max Gen Viol: 0.0050 | Val Max Thermal: 0.1316
Epoch 7200 | Val Loss: 592.3981 | Val Cost: 345289.38 | Val Max P-Miss: 4.5660 | Val Max Q-Miss: 4.8512 | Val Max Gen Viol: 0.0050 | Val Max Thermal: 0.1312
Epoch 7300 | Val Loss: 651.7001 | Val Cost: 345174.53 | Val Max P-Miss: 4.4827 | Val Max Q-Miss: 3.8032 | Val Max Gen Viol: 0.0050 | Val Max Thermal: 0.1781
Epoch 7400 | Val Loss: 582.1797 | Val Cost: 345126.47 | Val Max P-Miss: 3.8135 | Val Max Q-Miss: 4.1617 | Val Max Gen Viol: 0.0050 | Val Max Thermal: 0.1643
Epoch 7500 | Val Loss: 569.0033 | Val Cost: 345154.19 | Val Max P-Miss: 4.0969 | Val Max Q-Miss: 4.5093 | Val Max Gen Viol: 0.0050 | Val Max Thermal: 0.1635
Epoch 7600 | Val Loss: 649.6409 | Val Cost: 344992.72 | Val Max P-Miss: 4.4398 | Val Max Q-Miss: 4.1087 | Val Max Gen Viol: 0.0050 | Val Max Thermal: 0.1971
Epoch 7700 | Val Loss: 588.3773 | Val Cost: 344913.88 | Val Max P-Miss: 4.3726 | Val Max Q-Miss: 4.5309 | Val Max Gen Viol: 0.0050 | Val Max Thermal: 0.1544
Epoch 7800 | Val Loss: 634.9053 | Val Cost: 344881.50 | Val Max P-Miss: 4.1717 | Val Max Q-Miss: 3.9150 | Val Max Gen Viol: 0.0050 | Val Max Thermal: 0.1794
Epoch 7900 | Val Loss: 624.8915 | Val Cost: 344818.69 | Val Max P-Miss: 4.4266 | Val Max Q-Miss: 4.5193 | Val Max Gen Viol: 0.0050 | Val Max Thermal: 0.1263
Epoch 8000 | Val Loss: 585.2288 | Val Cost: 344757.88 | Val Max P-Miss: 3.9296 | Val Max Q-Miss: 4.0501 | Val Max Gen Viol: 0.0050 | Val Max Thermal: 0.1554
Epoch 8100 | Val Loss: 574.1368 | Val Cost: 344671.56 | Val Max P-Miss: 3.9738 | Val Max Q-Miss: 4.7016 | Val Max Gen Viol: 0.0050 | Val Max Thermal: 0.0861
Epoch 8200 | Val Loss: 659.4707 | Val Cost: 344634.62 | Val Max P-Miss: 4.4557 | Val Max Q-Miss: 4.2081 | Val Max Gen Viol: 0.0050 | Val Max Thermal: 0.1523
Epoch 8300 | Val Loss: 688.2704 | Val Cost: 344625.28 | Val Max P-Miss: 4.5151 | Val Max Q-Miss: 5.0745 | Val Max Gen Viol: 0.0050 | Val Max Thermal: 0.1468
Epoch 8400 | Val Loss: 483.5864 | Val Cost: 344608.72 | Val Max P-Miss: 4.5679 | Val Max Q-Miss: 4.5367 | Val Max Gen Viol: 0.0050 | Val Max Thermal: 0.1542
Epoch 8500 | Val Loss: 702.9717 | Val Cost: 344541.59 | Val Max P-Miss: 4.6158 | Val Max Q-Miss: 4.9457 | Val Max Gen Viol: 0.0050 | Val Max Thermal: 0.1396
Epoch 8600 | Val Loss: 598.7157 | Val Cost: 344586.25 | Val Max P-Miss: 4.2576 | Val Max Q-Miss: 3.6779 | Val Max Gen Viol: 0.0050 | Val Max Thermal: 0.1524
Epoch 8700 | Val Loss: 549.5729 | Val Cost: 344413.59 | Val Max P-Miss: 4.5559 | Val Max Q-Miss: 3.9401 | Val Max Gen Viol: 0.0050 | Val Max Thermal: 0.1326
Epoch 8800 | Val Loss: 599.8490 | Val Cost: 344379.81 | Val Max P-Miss: 4.3396 | Val Max Q-Miss: 4.4647 | Val Max Gen Viol: 0.0050 | Val Max Thermal: 0.1487
Epoch 8900 | Val Loss: 610.1063 | Val Cost: 344377.75 | Val Max P-Miss: 4.0843 | Val Max Q-Miss: 4.0852 | Val Max Gen Viol: 0.0050 | Val Max Thermal: 0.1050
Epoch 9000 | Val Loss: 751.9891 | Val Cost: 344271.62 | Val Max P-Miss: 4.5868 | Val Max Q-Miss: 4.6540 | Val Max Gen Viol: 0.0050 | Val Max Thermal: 0.1444
Epoch 9100 | Val Loss: 549.4801 | Val Cost: 343978.12 | Val Max P-Miss: 4.2932 | Val Max Q-Miss: 4.3200 | Val Max Gen Viol: 0.0050 | Val Max Thermal: 0.1433
Epoch 9200 | Val Loss: 712.0964 | Val Cost: 344243.81 | Val Max P-Miss: 4.5332 | Val Max Q-Miss: 4.0456 | Val Max Gen Viol: 0.0050 | Val Max Thermal: 0.1388
Epoch 9300 | Val Loss: 721.5043 | Val Cost: 344232.91 | Val Max P-Miss: 4.3780 | Val Max Q-Miss: 3.9895 | Val Max Gen Viol: 0.0050 | Val Max Thermal: 0.1210
Epoch 9400 | Val Loss: 543.3909 | Val Cost: 344138.34 | Val Max P-Miss: 4.7198 | Val Max Q-Miss: 3.0866 | Val Max Gen Viol: 0.0050 | Val Max Thermal: 0.1561
Epoch 9500 | Val Loss: 666.6162 | Val Cost: 344086.94 | Val Max P-Miss: 4.2855 | Val Max Q-Miss: 4.5997 | Val Max Gen Viol: 0.0050 | Val Max Thermal: 0.1746
Epoch 9600 | Val Loss: 676.8845 | Val Cost: 343987.62 | Val Max P-Miss: 4.2929 | Val Max Q-Miss: 5.5521 | Val Max Gen Viol: 0.0050 | Val Max Thermal: 0.1447
Epoch 9700 | Val Loss: 614.0319 | Val Cost: 343995.88 | Val Max P-Miss: 4.5138 | Val Max Q-Miss: 4.0253 | Val Max Gen Viol: 0.0050 | Val Max Thermal: 0.1493
Epoch 9800 | Val Loss: 585.8711 | Val Cost: 343966.34 | Val Max P-Miss: 4.3005 | Val Max Q-Miss: 3.6494 | Val Max Gen Viol: 0.0050 | Val Max Thermal: 0.1075
Epoch 9900 | Val Loss: 600.2181 | Val Cost: 343906.19 | Val Max P-Miss: 4.3448 | Val Max Q-Miss: 3.9187 | Val Max Gen Viol: 0.0050 | Val Max Thermal: 0.1647

==================================================
Training Complete!
Total Training Time: 00h 35m 26.36s
Best model weights saved to: ./model/best_hardkkt_pglib_opf_case300_ieee_10000epochs_20260723_190025.pth
==================================================

