Job ID: 8585
Executing: ACOPF_Hard_KKT.py --case_name pglib_opf_case300_ieee --epochs 10000
Node: issnode3
GPU Allocated: 0
CUDA Hardware Acceleration Active: NVIDIA GeForce RTX 4090

Beginning execution of parallelized training matrix loops for Hard KKT...
Epoch    0 | Val Loss: 134573.7031 | Val Cost: 512145.75 | Val Max P-Miss: 62.2519 | Val Max Q-Miss: 14.7490 | Val Max Gen Viol: 0.0001 | Val Max Thermal: 0.0000 [*SAVED BEST*]
Epoch  100 | Val Loss: 714.6606 | Val Cost: 394973.19 | Val Max P-Miss: 4.3152 | Val Max Q-Miss: 4.0903 | Val Max Gen Viol: 0.0000 | Val Max Thermal: 0.0000 [*SAVED BEST*]
Epoch  200 | Val Loss: 591.7767 | Val Cost: 377686.09 | Val Max P-Miss: 3.7842 | Val Max Q-Miss: 4.3154 | Val Max Gen Viol: 0.0000 | Val Max Thermal: 0.2991 [*SAVED BEST*]
Epoch  300 | Val Loss: 452.7263 | Val Cost: 372176.66 | Val Max P-Miss: 4.2399 | Val Max Q-Miss: 3.6208 | Val Max Gen Viol: 0.0025 | Val Max Thermal: 0.2288 [*SAVED BEST*]
Epoch  400 | Val Loss: 529.3850 | Val Cost: 368187.22 | Val Max P-Miss: 4.0279 | Val Max Q-Miss: 4.2454 | Val Max Gen Viol: 0.0032 | Val Max Thermal: 0.2996
Epoch  500 | Val Loss: 586.4271 | Val Cost: 367261.97 | Val Max P-Miss: 4.0607 | Val Max Q-Miss: 3.6341 | Val Max Gen Viol: 0.0039 | Val Max Thermal: 0.1929
Epoch  600 | Val Loss: 566.4441 | Val Cost: 364673.94 | Val Max P-Miss: 4.6966 | Val Max Q-Miss: 3.6412 | Val Max Gen Viol: 0.0043 | Val Max Thermal: 0.2345
Epoch  700 | Val Loss: 515.6339 | Val Cost: 363401.94 | Val Max P-Miss: 4.1231 | Val Max Q-Miss: 3.5556 | Val Max Gen Viol: 0.0045 | Val Max Thermal: 0.2781
Epoch  800 | Val Loss: 569.0112 | Val Cost: 362099.69 | Val Max P-Miss: 4.1781 | Val Max Q-Miss: 4.1278 | Val Max Gen Viol: 0.0047 | Val Max Thermal: 0.1718
Epoch  900 | Val Loss: 585.8824 | Val Cost: 361098.12 | Val Max P-Miss: 4.3429 | Val Max Q-Miss: 3.6945 | Val Max Gen Viol: 0.0048 | Val Max Thermal: 0.2527
Epoch 1000 | Val Loss: 589.3867 | Val Cost: 360502.16 | Val Max P-Miss: 4.1474 | Val Max Q-Miss: 4.0489 | Val Max Gen Viol: 0.0049 | Val Max Thermal: 0.3601
Epoch 1100 | Val Loss: 521.4046 | Val Cost: 360037.56 | Val Max P-Miss: 4.0214 | Val Max Q-Miss: 3.6044 | Val Max Gen Viol: 0.0049 | Val Max Thermal: 0.1314
Epoch 1200 | Val Loss: 616.4540 | Val Cost: 359202.41 | Val Max P-Miss: 4.2466 | Val Max Q-Miss: 4.4347 | Val Max Gen Viol: 0.0049 | Val Max Thermal: 0.2900
Epoch 1300 | Val Loss: 496.2753 | Val Cost: 358997.31 | Val Max P-Miss: 4.2470 | Val Max Q-Miss: 4.1068 | Val Max Gen Viol: 0.0050 | Val Max Thermal: 0.1972
Epoch 1400 | Val Loss: 415.0166 | Val Cost: 358685.72 | Val Max P-Miss: 4.1795 | Val Max Q-Miss: 3.5324 | Val Max Gen Viol: 0.0050 | Val Max Thermal: 0.0995 [*SAVED BEST*]
Epoch 1500 | Val Loss: 540.2592 | Val Cost: 358140.03 | Val Max P-Miss: 4.2305 | Val Max Q-Miss: 3.8371 | Val Max Gen Viol: 0.0050 | Val Max Thermal: 0.2192
Epoch 1600 | Val Loss: 765.3748 | Val Cost: 357056.22 | Val Max P-Miss: 4.6904 | Val Max Q-Miss: 3.9120 | Val Max Gen Viol: 0.0050 | Val Max Thermal: 0.2335
Epoch 1700 | Val Loss: 565.1038 | Val Cost: 355940.59 | Val Max P-Miss: 4.0947 | Val Max Q-Miss: 3.6802 | Val Max Gen Viol: 0.0050 | Val Max Thermal: 0.1503
Epoch 1800 | Val Loss: 601.6688 | Val Cost: 355069.34 | Val Max P-Miss: 4.2214 | Val Max Q-Miss: 4.1522 | Val Max Gen Viol: 0.0050 | Val Max Thermal: 0.1747
Epoch 1900 | Val Loss: 701.5915 | Val Cost: 354363.34 | Val Max P-Miss: 4.4753 | Val Max Q-Miss: 3.5833 | Val Max Gen Viol: 0.0050 | Val Max Thermal: 0.1857
Epoch 2000 | Val Loss: 536.8600 | Val Cost: 353127.94 | Val Max P-Miss: 4.3376 | Val Max Q-Miss: 4.0353 | Val Max Gen Viol: 0.0050 | Val Max Thermal: 0.2001
Epoch 2100 | Val Loss: 651.8557 | Val Cost: 352660.81 | Val Max P-Miss: 4.2675 | Val Max Q-Miss: 4.2570 | Val Max Gen Viol: 0.0050 | Val Max Thermal: 0.1805
Epoch 2200 | Val Loss: 712.5775 | Val Cost: 352117.78 | Val Max P-Miss: 4.2678 | Val Max Q-Miss: 4.6914 | Val Max Gen Viol: 0.0050 | Val Max Thermal: 0.1797
Epoch 2300 | Val Loss: 652.4036 | Val Cost: 351618.94 | Val Max P-Miss: 4.1928 | Val Max Q-Miss: 4.1868 | Val Max Gen Viol: 0.0050 | Val Max Thermal: 0.1488
Epoch 2400 | Val Loss: 573.1243 | Val Cost: 351043.50 | Val Max P-Miss: 3.9988 | Val Max Q-Miss: 3.9478 | Val Max Gen Viol: 0.0050 | Val Max Thermal: 0.0952
Epoch 2500 | Val Loss: 577.1746 | Val Cost: 350746.84 | Val Max P-Miss: 4.4798 | Val Max Q-Miss: 3.7700 | Val Max Gen Viol: 0.0050 | Val Max Thermal: 0.0955
Epoch 2600 | Val Loss: 592.5113 | Val Cost: 350090.06 | Val Max P-Miss: 4.3360 | Val Max Q-Miss: 4.3990 | Val Max Gen Viol: 0.0050 | Val Max Thermal: 0.0000
Epoch 2700 | Val Loss: 713.3661 | Val Cost: 350130.28 | Val Max P-Miss: 4.6532 | Val Max Q-Miss: 4.5455 | Val Max Gen Viol: 0.0050 | Val Max Thermal: 0.1597
Epoch 2800 | Val Loss: 496.3746 | Val Cost: 349995.94 | Val Max P-Miss: 4.4576 | Val Max Q-Miss: 3.8666 | Val Max Gen Viol: 0.0050 | Val Max Thermal: 0.1218
Epoch 2900 | Val Loss: 524.1947 | Val Cost: 349662.09 | Val Max P-Miss: 3.8497 | Val Max Q-Miss: 3.9075 | Val Max Gen Viol: 0.0050 | Val Max Thermal: 0.1234
Epoch 3000 | Val Loss: 539.4471 | Val Cost: 349688.53 | Val Max P-Miss: 4.2860 | Val Max Q-Miss: 3.7265 | Val Max Gen Viol: 0.0050 | Val Max Thermal: 0.1702
Epoch 3100 | Val Loss: 537.5344 | Val Cost: 349351.06 | Val Max P-Miss: 4.0685 | Val Max Q-Miss: 4.0653 | Val Max Gen Viol: 0.0050 | Val Max Thermal: 0.1679
Epoch 3200 | Val Loss: 482.0331 | Val Cost: 349247.69 | Val Max P-Miss: 4.2944 | Val Max Q-Miss: 3.6828 | Val Max Gen Viol: 0.0050 | Val Max Thermal: 0.2069
Epoch 3300 | Val Loss: 552.7900 | Val Cost: 349183.31 | Val Max P-Miss: 4.2704 | Val Max Q-Miss: 3.9976 | Val Max Gen Viol: 0.0050 | Val Max Thermal: 0.1301
Epoch 3400 | Val Loss: 599.3005 | Val Cost: 348734.41 | Val Max P-Miss: 4.6427 | Val Max Q-Miss: 4.2342 | Val Max Gen Viol: 0.0050 | Val Max Thermal: 0.0000
Epoch 3500 | Val Loss: 644.4565 | Val Cost: 348956.22 | Val Max P-Miss: 4.7403 | Val Max Q-Miss: 4.6112 | Val Max Gen Viol: 0.0050 | Val Max Thermal: 0.1657
Epoch 3600 | Val Loss: 575.3184 | Val Cost: 348726.28 | Val Max P-Miss: 4.7600 | Val Max Q-Miss: 4.9241 | Val Max Gen Viol: 0.0050 | Val Max Thermal: 0.1747
Epoch 3700 | Val Loss: 714.8771 | Val Cost: 348562.75 | Val Max P-Miss: 4.2637 | Val Max Q-Miss: 4.4292 | Val Max Gen Viol: 0.0050 | Val Max Thermal: 0.1685
Epoch 3800 | Val Loss: 538.4005 | Val Cost: 348340.94 | Val Max P-Miss: 4.4923 | Val Max Q-Miss: 4.4952 | Val Max Gen Viol: 0.0050 | Val Max Thermal: 0.1649
Epoch 3900 | Val Loss: 570.1737 | Val Cost: 348113.62 | Val Max P-Miss: 4.4335 | Val Max Q-Miss: 3.5419 | Val Max Gen Viol: 0.0050 | Val Max Thermal: 0.1817
Epoch 4000 | Val Loss: 589.1586 | Val Cost: 348052.47 | Val Max P-Miss: 4.2964 | Val Max Q-Miss: 3.7353 | Val Max Gen Viol: 0.0050 | Val Max Thermal: 0.1568
Epoch 4100 | Val Loss: 640.7704 | Val Cost: 347953.88 | Val Max P-Miss: 4.6433 | Val Max Q-Miss: 4.0090 | Val Max Gen Viol: 0.0050 | Val Max Thermal: 0.1794
Epoch 4200 | Val Loss: 532.4347 | Val Cost: 347686.03 | Val Max P-Miss: 4.4946 | Val Max Q-Miss: 3.9093 | Val Max Gen Viol: 0.0050 | Val Max Thermal: 0.0640
Epoch 4300 | Val Loss: 648.1799 | Val Cost: 347531.94 | Val Max P-Miss: 4.5236 | Val Max Q-Miss: 3.9594 | Val Max Gen Viol: 0.0050 | Val Max Thermal: 0.1437
Epoch 4400 | Val Loss: 609.5259 | Val Cost: 347302.81 | Val Max P-Miss: 4.7155 | Val Max Q-Miss: 4.0798 | Val Max Gen Viol: 0.0050 | Val Max Thermal: 0.1407
Epoch 4500 | Val Loss: 489.1480 | Val Cost: 347161.94 | Val Max P-Miss: 4.0926 | Val Max Q-Miss: 4.3904 | Val Max Gen Viol: 0.0050 | Val Max Thermal: 0.1907
Epoch 4600 | Val Loss: 536.5306 | Val Cost: 346988.09 | Val Max P-Miss: 4.1811 | Val Max Q-Miss: 3.8471 | Val Max Gen Viol: 0.0050 | Val Max Thermal: 0.1392
Epoch 4700 | Val Loss: 687.4363 | Val Cost: 346964.75 | Val Max P-Miss: 4.1986 | Val Max Q-Miss: 4.5176 | Val Max Gen Viol: 0.0050 | Val Max Thermal: 0.1141
Epoch 4800 | Val Loss: 532.2174 | Val Cost: 346802.38 | Val Max P-Miss: 4.3384 | Val Max Q-Miss: 4.4602 | Val Max Gen Viol: 0.0050 | Val Max Thermal: 0.1249
Epoch 4900 | Val Loss: 540.5534 | Val Cost: 346690.62 | Val Max P-Miss: 4.4931 | Val Max Q-Miss: 3.7133 | Val Max Gen Viol: 0.0050 | Val Max Thermal: 0.1040
Epoch 5000 | Val Loss: 582.5002 | Val Cost: 346683.81 | Val Max P-Miss: 4.7023 | Val Max Q-Miss: 3.6651 | Val Max Gen Viol: 0.0050 | Val Max Thermal: 0.0950
Epoch 5100 | Val Loss: 686.9884 | Val Cost: 346632.16 | Val Max P-Miss: 4.6906 | Val Max Q-Miss: 4.0103 | Val Max Gen Viol: 0.0050 | Val Max Thermal: 0.1412
Epoch 5200 | Val Loss: 644.3991 | Val Cost: 346613.28 | Val Max P-Miss: 3.9597 | Val Max Q-Miss: 4.7359 | Val Max Gen Viol: 0.0050 | Val Max Thermal: 0.0905
Epoch 5300 | Val Loss: 568.9516 | Val Cost: 346324.97 | Val Max P-Miss: 4.3089 | Val Max Q-Miss: 4.1654 | Val Max Gen Viol: 0.0050 | Val Max Thermal: 0.0398
Epoch 5400 | Val Loss: 656.3817 | Val Cost: 346573.59 | Val Max P-Miss: 4.2670 | Val Max Q-Miss: 4.5524 | Val Max Gen Viol: 0.0050 | Val Max Thermal: 0.1182
Epoch 5500 | Val Loss: 675.7642 | Val Cost: 346497.03 | Val Max P-Miss: 4.8960 | Val Max Q-Miss: 4.5544 | Val Max Gen Viol: 0.0050 | Val Max Thermal: 0.1129
Epoch 5600 | Val Loss: 638.4064 | Val Cost: 346453.44 | Val Max P-Miss: 4.2193 | Val Max Q-Miss: 4.8970 | Val Max Gen Viol: 0.0050 | Val Max Thermal: 0.1000
Epoch 5700 | Val Loss: 589.2456 | Val Cost: 346368.06 | Val Max P-Miss: 4.2659 | Val Max Q-Miss: 3.6674 | Val Max Gen Viol: 0.0050 | Val Max Thermal: 0.1109
Epoch 5800 | Val Loss: 616.5566 | Val Cost: 346222.88 | Val Max P-Miss: 4.5318 | Val Max Q-Miss: 4.0905 | Val Max Gen Viol: 0.0050 | Val Max Thermal: 0.1445
Epoch 5900 | Val Loss: 636.9367 | Val Cost: 346212.00 | Val Max P-Miss: 4.3131 | Val Max Q-Miss: 3.4852 | Val Max Gen Viol: 0.0050 | Val Max Thermal: 0.1497
Epoch 6000 | Val Loss: 604.5872 | Val Cost: 346037.97 | Val Max P-Miss: 4.2545 | Val Max Q-Miss: 4.4737 | Val Max Gen Viol: 0.0050 | Val Max Thermal: 0.1206
Epoch 6100 | Val Loss: 585.2031 | Val Cost: 346024.97 | Val Max P-Miss: 4.2975 | Val Max Q-Miss: 3.9547 | Val Max Gen Viol: 0.0050 | Val Max Thermal: 0.1406
Epoch 6200 | Val Loss: 531.5298 | Val Cost: 345965.91 | Val Max P-Miss: 4.1260 | Val Max Q-Miss: 3.6918 | Val Max Gen Viol: 0.0050 | Val Max Thermal: 0.1364
Epoch 6300 | Val Loss: 547.9271 | Val Cost: 345883.75 | Val Max P-Miss: 3.8388 | Val Max Q-Miss: 4.9791 | Val Max Gen Viol: 0.0050 | Val Max Thermal: 0.1259
Epoch 6400 | Val Loss: 650.1840 | Val Cost: 345841.94 | Val Max P-Miss: 4.1038 | Val Max Q-Miss: 4.5780 | Val Max Gen Viol: 0.0050 | Val Max Thermal: 0.1331
Epoch 6500 | Val Loss: 627.3820 | Val Cost: 345789.34 | Val Max P-Miss: 4.4752 | Val Max Q-Miss: 5.1249 | Val Max Gen Viol: 0.0050 | Val Max Thermal: 0.1189
Epoch 6600 | Val Loss: 522.2424 | Val Cost: 345614.94 | Val Max P-Miss: 4.7000 | Val Max Q-Miss: 3.7042 | Val Max Gen Viol: 0.0050 | Val Max Thermal: 0.1322
Epoch 6700 | Val Loss: 718.4943 | Val Cost: 345638.09 | Val Max P-Miss: 4.4141 | Val Max Q-Miss: 4.1109 | Val Max Gen Viol: 0.0050 | Val Max Thermal: 0.1479
Epoch 6800 | Val Loss: 630.4395 | Val Cost: 345555.94 | Val Max P-Miss: 4.3239 | Val Max Q-Miss: 4.1847 | Val Max Gen Viol: 0.0050 | Val Max Thermal: 0.1168
Epoch 6900 | Val Loss: 470.1289 | Val Cost: 345440.91 | Val Max P-Miss: 4.3629 | Val Max Q-Miss: 4.1140 | Val Max Gen Viol: 0.0050 | Val Max Thermal: 0.0807
Epoch 7000 | Val Loss: 612.9969 | Val Cost: 345444.28 | Val Max P-Miss: 4.5259 | Val Max Q-Miss: 3.5343 | Val Max Gen Viol: 0.0050 | Val Max Thermal: 0.1252
Epoch 7100 | Val Loss: 544.4300 | Val Cost: 345385.94 | Val Max P-Miss: 4.4435 | Val Max Q-Miss: 4.3285 | Val Max Gen Viol: 0.0050 | Val Max Thermal: 0.1252
Epoch 7200 | Val Loss: 499.9911 | Val Cost: 345294.75 | Val Max P-Miss: 4.3258 | Val Max Q-Miss: 3.8243 | Val Max Gen Viol: 0.0050 | Val Max Thermal: 0.1187
Epoch 7300 | Val Loss: 669.9423 | Val Cost: 345237.25 | Val Max P-Miss: 4.9035 | Val Max Q-Miss: 3.9967 | Val Max Gen Viol: 0.0050 | Val Max Thermal: 0.1313
Epoch 7400 | Val Loss: 512.4930 | Val Cost: 345161.81 | Val Max P-Miss: 4.2986 | Val Max Q-Miss: 4.7388 | Val Max Gen Viol: 0.0050 | Val Max Thermal: 0.1319
Epoch 7500 | Val Loss: 721.4154 | Val Cost: 345145.28 | Val Max P-Miss: 4.5881 | Val Max Q-Miss: 4.9153 | Val Max Gen Viol: 0.0050 | Val Max Thermal: 0.1830
Epoch 7600 | Val Loss: 552.1392 | Val Cost: 345023.25 | Val Max P-Miss: 4.6067 | Val Max Q-Miss: 4.0271 | Val Max Gen Viol: 0.0050 | Val Max Thermal: 0.1357
Epoch 7700 | Val Loss: 531.2925 | Val Cost: 344982.41 | Val Max P-Miss: 4.4203 | Val Max Q-Miss: 4.3320 | Val Max Gen Viol: 0.0050 | Val Max Thermal: 0.1459
Epoch 7800 | Val Loss: 615.7609 | Val Cost: 344921.94 | Val Max P-Miss: 4.4226 | Val Max Q-Miss: 3.8574 | Val Max Gen Viol: 0.0050 | Val Max Thermal: 0.1344
Epoch 7900 | Val Loss: 621.0393 | Val Cost: 345038.69 | Val Max P-Miss: 4.3596 | Val Max Q-Miss: 4.6761 | Val Max Gen Viol: 0.0050 | Val Max Thermal: 0.2126
Epoch 8000 | Val Loss: 570.3599 | Val Cost: 344834.50 | Val Max P-Miss: 4.4152 | Val Max Q-Miss: 4.5616 | Val Max Gen Viol: 0.0050 | Val Max Thermal: 0.0953
Epoch 8100 | Val Loss: 687.1760 | Val Cost: 344777.38 | Val Max P-Miss: 4.4888 | Val Max Q-Miss: 4.0336 | Val Max Gen Viol: 0.0050 | Val Max Thermal: 0.1548
Epoch 8200 | Val Loss: 603.7401 | Val Cost: 344699.69 | Val Max P-Miss: 4.7168 | Val Max Q-Miss: 3.5460 | Val Max Gen Viol: 0.0050 | Val Max Thermal: 0.1409
Epoch 8300 | Val Loss: 621.4484 | Val Cost: 344709.47 | Val Max P-Miss: 4.5397 | Val Max Q-Miss: 3.7561 | Val Max Gen Viol: 0.0050 | Val Max Thermal: 0.1390
Epoch 8400 | Val Loss: 672.5826 | Val Cost: 344596.88 | Val Max P-Miss: 4.6945 | Val Max Q-Miss: 4.1215 | Val Max Gen Viol: 0.0050 | Val Max Thermal: 0.1429
Epoch 8500 | Val Loss: 589.6070 | Val Cost: 344594.78 | Val Max P-Miss: 4.6369 | Val Max Q-Miss: 4.3730 | Val Max Gen Viol: 0.0050 | Val Max Thermal: 0.1477
Epoch 8600 | Val Loss: 645.6757 | Val Cost: 344521.22 | Val Max P-Miss: 4.5106 | Val Max Q-Miss: 4.9388 | Val Max Gen Viol: 0.0050 | Val Max Thermal: 0.1633
Epoch 8700 | Val Loss: 548.8566 | Val Cost: 344413.44 | Val Max P-Miss: 4.4956 | Val Max Q-Miss: 3.7043 | Val Max Gen Viol: 0.0050 | Val Max Thermal: 0.1347
Epoch 8800 | Val Loss: 631.8564 | Val Cost: 344370.25 | Val Max P-Miss: 4.3997 | Val Max Q-Miss: 3.8190 | Val Max Gen Viol: 0.0050 | Val Max Thermal: 0.1373
Epoch 8900 | Val Loss: 663.8267 | Val Cost: 344306.91 | Val Max P-Miss: 4.5557 | Val Max Q-Miss: 4.5607 | Val Max Gen Viol: 0.0050 | Val Max Thermal: 0.1716
Epoch 9000 | Val Loss: 676.6324 | Val Cost: 344334.34 | Val Max P-Miss: 4.5315 | Val Max Q-Miss: 4.7876 | Val Max Gen Viol: 0.0050 | Val Max Thermal: 0.1205
Epoch 9100 | Val Loss: 717.9258 | Val Cost: 344240.03 | Val Max P-Miss: 4.6789 | Val Max Q-Miss: 3.9746 | Val Max Gen Viol: 0.0050 | Val Max Thermal: 0.1362
Epoch 9200 | Val Loss: 701.2407 | Val Cost: 344254.22 | Val Max P-Miss: 5.2042 | Val Max Q-Miss: 4.9450 | Val Max Gen Viol: 0.0050 | Val Max Thermal: 0.1559
Epoch 9300 | Val Loss: 636.5989 | Val Cost: 344111.12 | Val Max P-Miss: 4.8356 | Val Max Q-Miss: 3.6382 | Val Max Gen Viol: 0.0050 | Val Max Thermal: 0.1703
Epoch 9400 | Val Loss: 617.8663 | Val Cost: 344011.19 | Val Max P-Miss: 4.5295 | Val Max Q-Miss: 3.4703 | Val Max Gen Viol: 0.0050 | Val Max Thermal: 0.0934
Epoch 9500 | Val Loss: 635.7983 | Val Cost: 344042.97 | Val Max P-Miss: 4.5388 | Val Max Q-Miss: 3.9894 | Val Max Gen Viol: 0.0050 | Val Max Thermal: 0.1642
Epoch 9600 | Val Loss: 646.7758 | Val Cost: 343967.62 | Val Max P-Miss: 4.5315 | Val Max Q-Miss: 4.4677 | Val Max Gen Viol: 0.0050 | Val Max Thermal: 0.1321
Epoch 9700 | Val Loss: 640.1925 | Val Cost: 343948.34 | Val Max P-Miss: 4.5788 | Val Max Q-Miss: 3.8879 | Val Max Gen Viol: 0.0050 | Val Max Thermal: 0.1378
Epoch 9800 | Val Loss: 595.9228 | Val Cost: 343939.22 | Val Max P-Miss: 4.6152 | Val Max Q-Miss: 3.8907 | Val Max Gen Viol: 0.0050 | Val Max Thermal: 0.1165
Epoch 9900 | Val Loss: 604.8112 | Val Cost: 343885.84 | Val Max P-Miss: 4.5959 | Val Max Q-Miss: 3.9284 | Val Max Gen Viol: 0.0050 | Val Max Thermal: 0.1316

==================================================
Training Complete!
Total Training Time: 00h 34m 39.04s
Best model weights saved to: ./model/best_hardkkt_pglib_opf_case300_ieee_10000epochs_20260723_193621.pth
==================================================

