Job ID: 8586
Executing: ACOPF_Hard_KKT.py --case_name pglib_opf_case300_ieee --epochs 10000
Node: issnode3
GPU Allocated: 0
CUDA Hardware Acceleration Active: NVIDIA GeForce RTX 4090

Beginning execution of parallelized training matrix loops for Hard KKT...
Epoch    0 | Val Loss: 12043.2676 | Val Cost: 512495.34 | Val Max P-Miss: 17.9589 | Val Max Q-Miss: 11.0575 | Val Max Gen Viol: 0.0001 | Val Max Thermal: 0.0000 [*SAVED BEST*]
Epoch  100 | Val Loss: 684.7592 | Val Cost: 395068.56 | Val Max P-Miss: 4.4104 | Val Max Q-Miss: 3.8129 | Val Max Gen Viol: 0.0000 | Val Max Thermal: 0.2873 [*SAVED BEST*]
Epoch  200 | Val Loss: 497.9714 | Val Cost: 377679.25 | Val Max P-Miss: 4.7909 | Val Max Q-Miss: 4.0414 | Val Max Gen Viol: 0.0015 | Val Max Thermal: 0.3835 [*SAVED BEST*]
Epoch  300 | Val Loss: 626.6206 | Val Cost: 371287.50 | Val Max P-Miss: 4.4800 | Val Max Q-Miss: 3.9458 | Val Max Gen Viol: 0.0026 | Val Max Thermal: 0.0000
Epoch  400 | Val Loss: 559.6476 | Val Cost: 367383.50 | Val Max P-Miss: 4.1736 | Val Max Q-Miss: 3.7137 | Val Max Gen Viol: 0.0037 | Val Max Thermal: 0.2858
Epoch  500 | Val Loss: 567.5518 | Val Cost: 365655.50 | Val Max P-Miss: 4.2452 | Val Max Q-Miss: 3.6589 | Val Max Gen Viol: 0.0041 | Val Max Thermal: 0.2220
Epoch  600 | Val Loss: 641.7960 | Val Cost: 364098.91 | Val Max P-Miss: 4.7494 | Val Max Q-Miss: 4.1835 | Val Max Gen Viol: 0.0044 | Val Max Thermal: 0.1444
Epoch  700 | Val Loss: 515.6500 | Val Cost: 362916.09 | Val Max P-Miss: 3.9982 | Val Max Q-Miss: 4.3045 | Val Max Gen Viol: 0.0047 | Val Max Thermal: 0.3264
Epoch  800 | Val Loss: 540.4164 | Val Cost: 361433.50 | Val Max P-Miss: 4.2493 | Val Max Q-Miss: 3.5413 | Val Max Gen Viol: 0.0048 | Val Max Thermal: 0.0000
Epoch  900 | Val Loss: 564.9471 | Val Cost: 360330.28 | Val Max P-Miss: 4.7313 | Val Max Q-Miss: 3.9669 | Val Max Gen Viol: 0.0048 | Val Max Thermal: 0.2348
Epoch 1000 | Val Loss: 588.2574 | Val Cost: 359202.12 | Val Max P-Miss: 4.0351 | Val Max Q-Miss: 4.0245 | Val Max Gen Viol: 0.0049 | Val Max Thermal: 0.3166
Epoch 1100 | Val Loss: 618.0471 | Val Cost: 358589.00 | Val Max P-Miss: 4.6694 | Val Max Q-Miss: 3.9468 | Val Max Gen Viol: 0.0049 | Val Max Thermal: 0.1584
Epoch 1200 | Val Loss: 615.9084 | Val Cost: 357735.31 | Val Max P-Miss: 4.4681 | Val Max Q-Miss: 4.1379 | Val Max Gen Viol: 0.0050 | Val Max Thermal: 0.1554
Epoch 1300 | Val Loss: 503.1237 | Val Cost: 357228.75 | Val Max P-Miss: 4.1944 | Val Max Q-Miss: 3.4435 | Val Max Gen Viol: 0.0050 | Val Max Thermal: 0.1822
Epoch 1400 | Val Loss: 589.6371 | Val Cost: 356061.72 | Val Max P-Miss: 4.2015 | Val Max Q-Miss: 3.5627 | Val Max Gen Viol: 0.0050 | Val Max Thermal: 0.2157
Epoch 1500 | Val Loss: 474.6268 | Val Cost: 355631.00 | Val Max P-Miss: 4.1402 | Val Max Q-Miss: 3.9657 | Val Max Gen Viol: 0.0050 | Val Max Thermal: 0.1577 [*SAVED BEST*]
Epoch 1600 | Val Loss: 517.9435 | Val Cost: 354353.88 | Val Max P-Miss: 4.2930 | Val Max Q-Miss: 3.6652 | Val Max Gen Viol: 0.0050 | Val Max Thermal: 0.1789
Epoch 1700 | Val Loss: 706.1390 | Val Cost: 353463.81 | Val Max P-Miss: 4.6776 | Val Max Q-Miss: 4.3658 | Val Max Gen Viol: 0.0050 | Val Max Thermal: 0.1107
Epoch 1800 | Val Loss: 761.0796 | Val Cost: 352269.97 | Val Max P-Miss: 4.4941 | Val Max Q-Miss: 4.6116 | Val Max Gen Viol: 0.0050 | Val Max Thermal: 0.0000
Epoch 1900 | Val Loss: 561.8760 | Val Cost: 352122.31 | Val Max P-Miss: 4.0192 | Val Max Q-Miss: 4.0711 | Val Max Gen Viol: 0.0050 | Val Max Thermal: 0.1478
Epoch 2000 | Val Loss: 499.5782 | Val Cost: 351341.88 | Val Max P-Miss: 4.0365 | Val Max Q-Miss: 3.7084 | Val Max Gen Viol: 0.0050 | Val Max Thermal: 0.1478
Epoch 2100 | Val Loss: 564.4570 | Val Cost: 350979.75 | Val Max P-Miss: 4.4318 | Val Max Q-Miss: 3.7250 | Val Max Gen Viol: 0.0050 | Val Max Thermal: 0.2048
Epoch 2200 | Val Loss: 524.7182 | Val Cost: 350531.50 | Val Max P-Miss: 4.0679 | Val Max Q-Miss: 3.5086 | Val Max Gen Viol: 0.0050 | Val Max Thermal: 0.0629
Epoch 2300 | Val Loss: 483.1818 | Val Cost: 350306.12 | Val Max P-Miss: 3.9833 | Val Max Q-Miss: 5.3121 | Val Max Gen Viol: 0.0050 | Val Max Thermal: 0.1716
Epoch 2400 | Val Loss: 773.0431 | Val Cost: 349963.81 | Val Max P-Miss: 4.5570 | Val Max Q-Miss: 4.7368 | Val Max Gen Viol: 0.0050 | Val Max Thermal: 0.1807
Epoch 2500 | Val Loss: 565.7116 | Val Cost: 349735.56 | Val Max P-Miss: 4.6551 | Val Max Q-Miss: 3.7143 | Val Max Gen Viol: 0.0050 | Val Max Thermal: 0.1665
Epoch 2600 | Val Loss: 601.4329 | Val Cost: 349692.22 | Val Max P-Miss: 4.3737 | Val Max Q-Miss: 4.0371 | Val Max Gen Viol: 0.0050 | Val Max Thermal: 0.1515
Epoch 2700 | Val Loss: 506.2151 | Val Cost: 349521.44 | Val Max P-Miss: 4.2859 | Val Max Q-Miss: 3.6545 | Val Max Gen Viol: 0.0050 | Val Max Thermal: 0.1692
Epoch 2800 | Val Loss: 682.3315 | Val Cost: 349444.09 | Val Max P-Miss: 4.4450 | Val Max Q-Miss: 4.0261 | Val Max Gen Viol: 0.0050 | Val Max Thermal: 0.1417
Epoch 2900 | Val Loss: 628.3290 | Val Cost: 349266.91 | Val Max P-Miss: 4.3253 | Val Max Q-Miss: 3.7287 | Val Max Gen Viol: 0.0050 | Val Max Thermal: 0.1276
Epoch 3000 | Val Loss: 578.0668 | Val Cost: 349111.00 | Val Max P-Miss: 4.3937 | Val Max Q-Miss: 4.5572 | Val Max Gen Viol: 0.0050 | Val Max Thermal: 0.0600
Epoch 3100 | Val Loss: 594.1893 | Val Cost: 349078.34 | Val Max P-Miss: 4.9381 | Val Max Q-Miss: 4.5661 | Val Max Gen Viol: 0.0050 | Val Max Thermal: 0.1298
Epoch 3200 | Val Loss: 628.6769 | Val Cost: 348943.06 | Val Max P-Miss: 4.3766 | Val Max Q-Miss: 4.0160 | Val Max Gen Viol: 0.0050 | Val Max Thermal: 0.1062
Epoch 3300 | Val Loss: 481.4863 | Val Cost: 348940.22 | Val Max P-Miss: 4.4034 | Val Max Q-Miss: 3.8090 | Val Max Gen Viol: 0.0050 | Val Max Thermal: 0.1559
Epoch 3400 | Val Loss: 499.8604 | Val Cost: 348775.75 | Val Max P-Miss: 4.8508 | Val Max Q-Miss: 4.2765 | Val Max Gen Viol: 0.0050 | Val Max Thermal: 0.1638
Epoch 3500 | Val Loss: 566.5133 | Val Cost: 348576.59 | Val Max P-Miss: 4.3439 | Val Max Q-Miss: 3.7029 | Val Max Gen Viol: 0.0050 | Val Max Thermal: 0.1657
Epoch 3600 | Val Loss: 499.3668 | Val Cost: 347896.41 | Val Max P-Miss: 4.7203 | Val Max Q-Miss: 3.9350 | Val Max Gen Viol: 0.0050 | Val Max Thermal: 0.1269
Epoch 3700 | Val Loss: 556.3528 | Val Cost: 348172.41 | Val Max P-Miss: 4.3577 | Val Max Q-Miss: 3.6220 | Val Max Gen Viol: 0.0050 | Val Max Thermal: 0.1563
Epoch 3800 | Val Loss: 614.2542 | Val Cost: 347986.38 | Val Max P-Miss: 4.5824 | Val Max Q-Miss: 4.5458 | Val Max Gen Viol: 0.0050 | Val Max Thermal: 0.1564
Epoch 3900 | Val Loss: 672.4780 | Val Cost: 347896.09 | Val Max P-Miss: 4.3007 | Val Max Q-Miss: 4.7236 | Val Max Gen Viol: 0.0050 | Val Max Thermal: 0.1317
Epoch 4000 | Val Loss: 599.2115 | Val Cost: 347761.22 | Val Max P-Miss: 4.9437 | Val Max Q-Miss: 4.4087 | Val Max Gen Viol: 0.0050 | Val Max Thermal: 0.2041
Epoch 4100 | Val Loss: 542.9271 | Val Cost: 347420.53 | Val Max P-Miss: 4.4494 | Val Max Q-Miss: 4.9965 | Val Max Gen Viol: 0.0050 | Val Max Thermal: 0.1540
Epoch 4200 | Val Loss: 574.1422 | Val Cost: 347290.19 | Val Max P-Miss: 4.8472 | Val Max Q-Miss: 4.0810 | Val Max Gen Viol: 0.0050 | Val Max Thermal: 0.1344
Epoch 4300 | Val Loss: 713.3618 | Val Cost: 347138.06 | Val Max P-Miss: 4.7607 | Val Max Q-Miss: 4.1054 | Val Max Gen Viol: 0.0050 | Val Max Thermal: 0.1953
Epoch 4400 | Val Loss: 679.4362 | Val Cost: 347058.84 | Val Max P-Miss: 4.3309 | Val Max Q-Miss: 4.7442 | Val Max Gen Viol: 0.0050 | Val Max Thermal: 0.2047
Epoch 4500 | Val Loss: 529.5217 | Val Cost: 346952.28 | Val Max P-Miss: 4.7171 | Val Max Q-Miss: 4.6660 | Val Max Gen Viol: 0.0050 | Val Max Thermal: 0.1382
Epoch 4600 | Val Loss: 591.0052 | Val Cost: 346701.22 | Val Max P-Miss: 4.3119 | Val Max Q-Miss: 4.5985 | Val Max Gen Viol: 0.0050 | Val Max Thermal: 0.1249
Epoch 4700 | Val Loss: 690.4210 | Val Cost: 346692.22 | Val Max P-Miss: 4.1979 | Val Max Q-Miss: 4.6745 | Val Max Gen Viol: 0.0050 | Val Max Thermal: 0.2300
Epoch 4800 | Val Loss: 585.5819 | Val Cost: 346558.47 | Val Max P-Miss: 4.2832 | Val Max Q-Miss: 4.3213 | Val Max Gen Viol: 0.0050 | Val Max Thermal: 0.1528
Epoch 4900 | Val Loss: 646.4144 | Val Cost: 346658.44 | Val Max P-Miss: 4.4708 | Val Max Q-Miss: 3.4390 | Val Max Gen Viol: 0.0050 | Val Max Thermal: 0.1489
Epoch 5000 | Val Loss: 605.9314 | Val Cost: 346628.75 | Val Max P-Miss: 4.6524 | Val Max Q-Miss: 4.5446 | Val Max Gen Viol: 0.0050 | Val Max Thermal: 0.1479
Epoch 5100 | Val Loss: 558.7355 | Val Cost: 346622.69 | Val Max P-Miss: 4.4589 | Val Max Q-Miss: 4.9408 | Val Max Gen Viol: 0.0050 | Val Max Thermal: 0.1519
Epoch 5200 | Val Loss: 673.7383 | Val Cost: 346614.69 | Val Max P-Miss: 4.4674 | Val Max Q-Miss: 3.7443 | Val Max Gen Viol: 0.0050 | Val Max Thermal: 0.1549
Epoch 5300 | Val Loss: 566.9172 | Val Cost: 346423.25 | Val Max P-Miss: 4.3551 | Val Max Q-Miss: 4.4400 | Val Max Gen Viol: 0.0050 | Val Max Thermal: 0.1540
Epoch 5400 | Val Loss: 634.7261 | Val Cost: 346516.00 | Val Max P-Miss: 4.5992 | Val Max Q-Miss: 3.8407 | Val Max Gen Viol: 0.0050 | Val Max Thermal: 0.1301
Epoch 5500 | Val Loss: 514.6747 | Val Cost: 346383.62 | Val Max P-Miss: 4.9794 | Val Max Q-Miss: 3.9696 | Val Max Gen Viol: 0.0050 | Val Max Thermal: 0.1630
Epoch 5600 | Val Loss: 523.4222 | Val Cost: 346367.69 | Val Max P-Miss: 4.6403 | Val Max Q-Miss: 3.5269 | Val Max Gen Viol: 0.0050 | Val Max Thermal: 0.1560
Epoch 5700 | Val Loss: 694.2732 | Val Cost: 346175.69 | Val Max P-Miss: 4.0451 | Val Max Q-Miss: 4.6074 | Val Max Gen Viol: 0.0050 | Val Max Thermal: 0.0334
Epoch 5800 | Val Loss: 536.2470 | Val Cost: 346255.69 | Val Max P-Miss: 4.2254 | Val Max Q-Miss: 3.9386 | Val Max Gen Viol: 0.0050 | Val Max Thermal: 0.1370
Epoch 5900 | Val Loss: 600.5557 | Val Cost: 346131.62 | Val Max P-Miss: 4.4946 | Val Max Q-Miss: 4.1704 | Val Max Gen Viol: 0.0050 | Val Max Thermal: 0.1816
Epoch 6000 | Val Loss: 619.8573 | Val Cost: 346027.03 | Val Max P-Miss: 4.0693 | Val Max Q-Miss: 4.7359 | Val Max Gen Viol: 0.0050 | Val Max Thermal: 0.1778
Epoch 6100 | Val Loss: 615.1956 | Val Cost: 346097.38 | Val Max P-Miss: 4.3976 | Val Max Q-Miss: 4.3655 | Val Max Gen Viol: 0.0050 | Val Max Thermal: 0.1655
Epoch 6200 | Val Loss: 541.9646 | Val Cost: 345962.06 | Val Max P-Miss: 4.7335 | Val Max Q-Miss: 4.5283 | Val Max Gen Viol: 0.0050 | Val Max Thermal: 0.1326
Epoch 6300 | Val Loss: 630.6908 | Val Cost: 345892.88 | Val Max P-Miss: 4.7380 | Val Max Q-Miss: 3.4027 | Val Max Gen Viol: 0.0050 | Val Max Thermal: 0.1538
Epoch 6400 | Val Loss: 656.7047 | Val Cost: 345764.03 | Val Max P-Miss: 4.7583 | Val Max Q-Miss: 3.5525 | Val Max Gen Viol: 0.0050 | Val Max Thermal: 0.1271
Epoch 6500 | Val Loss: 577.6266 | Val Cost: 345727.38 | Val Max P-Miss: 4.3126 | Val Max Q-Miss: 3.9467 | Val Max Gen Viol: 0.0050 | Val Max Thermal: 0.1613
Epoch 6600 | Val Loss: 679.5837 | Val Cost: 345595.81 | Val Max P-Miss: 4.2285 | Val Max Q-Miss: 4.4119 | Val Max Gen Viol: 0.0050 | Val Max Thermal: 0.0186
Epoch 6700 | Val Loss: 574.2250 | Val Cost: 345615.06 | Val Max P-Miss: 4.3763 | Val Max Q-Miss: 4.1177 | Val Max Gen Viol: 0.0050 | Val Max Thermal: 0.1283
Epoch 6800 | Val Loss: 600.6330 | Val Cost: 345541.81 | Val Max P-Miss: 4.6717 | Val Max Q-Miss: 3.8031 | Val Max Gen Viol: 0.0050 | Val Max Thermal: 0.1393
Epoch 6900 | Val Loss: 531.1161 | Val Cost: 345450.28 | Val Max P-Miss: 4.7992 | Val Max Q-Miss: 3.9234 | Val Max Gen Viol: 0.0050 | Val Max Thermal: 0.1582
Epoch 7000 | Val Loss: 588.4747 | Val Cost: 345420.41 | Val Max P-Miss: 4.5947 | Val Max Q-Miss: 3.8885 | Val Max Gen Viol: 0.0050 | Val Max Thermal: 0.1664
Epoch 7100 | Val Loss: 658.5557 | Val Cost: 345323.81 | Val Max P-Miss: 4.3472 | Val Max Q-Miss: 4.5492 | Val Max Gen Viol: 0.0050 | Val Max Thermal: 0.1296
Epoch 7200 | Val Loss: 708.2148 | Val Cost: 345317.06 | Val Max P-Miss: 4.5350 | Val Max Q-Miss: 4.9178 | Val Max Gen Viol: 0.0050 | Val Max Thermal: 0.1439
Epoch 7300 | Val Loss: 581.8273 | Val Cost: 345181.72 | Val Max P-Miss: 4.3078 | Val Max Q-Miss: 3.9956 | Val Max Gen Viol: 0.0050 | Val Max Thermal: 0.1458
Epoch 7400 | Val Loss: 438.4274 | Val Cost: 345149.12 | Val Max P-Miss: 4.3579 | Val Max Q-Miss: 4.1365 | Val Max Gen Viol: 0.0050 | Val Max Thermal: 0.1342 [*SAVED BEST*]
Epoch 7500 | Val Loss: 534.9114 | Val Cost: 345180.91 | Val Max P-Miss: 4.7587 | Val Max Q-Miss: 3.5282 | Val Max Gen Viol: 0.0050 | Val Max Thermal: 0.1773
Epoch 7600 | Val Loss: 539.3798 | Val Cost: 345025.75 | Val Max P-Miss: 4.4439 | Val Max Q-Miss: 3.9241 | Val Max Gen Viol: 0.0050 | Val Max Thermal: 0.1544
Epoch 7700 | Val Loss: 501.0290 | Val Cost: 345022.69 | Val Max P-Miss: 4.3054 | Val Max Q-Miss: 3.9680 | Val Max Gen Viol: 0.0050 | Val Max Thermal: 0.1324
Epoch 7800 | Val Loss: 817.0762 | Val Cost: 344962.25 | Val Max P-Miss: 4.9933 | Val Max Q-Miss: 3.9545 | Val Max Gen Viol: 0.0050 | Val Max Thermal: 0.2257
Epoch 7900 | Val Loss: 567.5085 | Val Cost: 344941.41 | Val Max P-Miss: 4.4445 | Val Max Q-Miss: 4.6383 | Val Max Gen Viol: 0.0050 | Val Max Thermal: 0.1677
Epoch 8000 | Val Loss: 618.4110 | Val Cost: 344857.69 | Val Max P-Miss: 4.5488 | Val Max Q-Miss: 3.9696 | Val Max Gen Viol: 0.0050 | Val Max Thermal: 0.1368
Epoch 8100 | Val Loss: 721.0459 | Val Cost: 344809.16 | Val Max P-Miss: 4.6538 | Val Max Q-Miss: 4.7584 | Val Max Gen Viol: 0.0050 | Val Max Thermal: 0.1515
Epoch 8200 | Val Loss: 638.9491 | Val Cost: 344758.41 | Val Max P-Miss: 5.1733 | Val Max Q-Miss: 4.0145 | Val Max Gen Viol: 0.0050 | Val Max Thermal: 0.1414
Epoch 8300 | Val Loss: 580.6195 | Val Cost: 344658.31 | Val Max P-Miss: 4.6895 | Val Max Q-Miss: 3.8370 | Val Max Gen Viol: 0.0050 | Val Max Thermal: 0.1754
Epoch 8400 | Val Loss: 699.2969 | Val Cost: 344642.78 | Val Max P-Miss: 4.9028 | Val Max Q-Miss: 3.8640 | Val Max Gen Viol: 0.0050 | Val Max Thermal: 0.1637
Epoch 8500 | Val Loss: 588.1354 | Val Cost: 344593.62 | Val Max P-Miss: 4.4377 | Val Max Q-Miss: 3.5028 | Val Max Gen Viol: 0.0050 | Val Max Thermal: 0.1697
Epoch 8600 | Val Loss: 626.0406 | Val Cost: 344473.69 | Val Max P-Miss: 4.4728 | Val Max Q-Miss: 4.0989 | Val Max Gen Viol: 0.0050 | Val Max Thermal: 0.2062
Epoch 8700 | Val Loss: 521.5256 | Val Cost: 344570.56 | Val Max P-Miss: 4.5916 | Val Max Q-Miss: 3.9008 | Val Max Gen Viol: 0.0050 | Val Max Thermal: 0.1686
Epoch 8800 | Val Loss: 720.9657 | Val Cost: 344495.31 | Val Max P-Miss: 4.8960 | Val Max Q-Miss: 3.8973 | Val Max Gen Viol: 0.0050 | Val Max Thermal: 0.1501
Epoch 8900 | Val Loss: 738.9982 | Val Cost: 344454.69 | Val Max P-Miss: 5.1525 | Val Max Q-Miss: 3.6852 | Val Max Gen Viol: 0.0050 | Val Max Thermal: 0.1804
Epoch 9000 | Val Loss: 713.1843 | Val Cost: 344409.56 | Val Max P-Miss: 4.9760 | Val Max Q-Miss: 3.8089 | Val Max Gen Viol: 0.0050 | Val Max Thermal: 0.1655
Epoch 9100 | Val Loss: 543.1128 | Val Cost: 344334.69 | Val Max P-Miss: 4.2504 | Val Max Q-Miss: 3.9125 | Val Max Gen Viol: 0.0050 | Val Max Thermal: 0.1543
Epoch 9200 | Val Loss: 786.1818 | Val Cost: 344293.97 | Val Max P-Miss: 4.7287 | Val Max Q-Miss: 4.6626 | Val Max Gen Viol: 0.0050 | Val Max Thermal: 0.1534
Epoch 9300 | Val Loss: 524.8440 | Val Cost: 344166.34 | Val Max P-Miss: 4.5009 | Val Max Q-Miss: 3.6853 | Val Max Gen Viol: 0.0050 | Val Max Thermal: 0.0000
Epoch 9400 | Val Loss: 652.5380 | Val Cost: 344226.38 | Val Max P-Miss: 4.4480 | Val Max Q-Miss: 3.5348 | Val Max Gen Viol: 0.0050 | Val Max Thermal: 0.1036
Epoch 9500 | Val Loss: 561.8014 | Val Cost: 344199.12 | Val Max P-Miss: 4.5815 | Val Max Q-Miss: 3.9122 | Val Max Gen Viol: 0.0050 | Val Max Thermal: 0.1446
Epoch 9600 | Val Loss: 607.6128 | Val Cost: 344136.97 | Val Max P-Miss: 4.9471 | Val Max Q-Miss: 5.0597 | Val Max Gen Viol: 0.0050 | Val Max Thermal: 0.1350
Epoch 9700 | Val Loss: 553.2617 | Val Cost: 344060.09 | Val Max P-Miss: 4.9815 | Val Max Q-Miss: 4.7631 | Val Max Gen Viol: 0.0050 | Val Max Thermal: 0.1366
Epoch 9800 | Val Loss: 597.3759 | Val Cost: 344025.69 | Val Max P-Miss: 4.5847 | Val Max Q-Miss: 3.6880 | Val Max Gen Viol: 0.0050 | Val Max Thermal: 0.1258
Epoch 9900 | Val Loss: 665.2162 | Val Cost: 344084.59 | Val Max P-Miss: 4.5100 | Val Max Q-Miss: 4.7817 | Val Max Gen Viol: 0.0050 | Val Max Thermal: 0.1582

==================================================
Training Complete!
Total Training Time: 00h 35m 17.84s
Best model weights saved to: ./model/best_hardkkt_pglib_opf_case300_ieee_10000epochs_20260723_201123.pth
==================================================

