Job ID: 8594
Executing: ACOPF_FSNet.py --case_name pglib_opf_case162_ieee_dtc --epochs 10000
Node: issnode1
GPU Allocated: 0
CUDA Hardware Acceleration Active: NVIDIA GeForce RTX 4090
Problem Geometry Linked -> Matrix Samples: 10000

Beginning execution of parallelized training matrix loops for FSNet...
Epoch    0 | Val Loss: 2352235.2500 | Val Cost: 84516.49 | Val Max P-Miss: 58.3677 | Val Max Q-Miss: 10.9445 | Val Max Gen Viol: 0.0000 | Val Max Thermal: 619.4808 [*SAVED BEST*]
Epoch  100 | Val Loss: 72.4873 | Val Cost: 75886.52 | Val Max P-Miss: 1.2013 | Val Max Q-Miss: 0.1977 | Val Max Gen Viol: 0.0000 | Val Max Thermal: 0.0826 [*SAVED BEST*]
Epoch  200 | Val Loss: 55.6472 | Val Cost: 72221.68 | Val Max P-Miss: 1.0354 | Val Max Q-Miss: 0.1857 | Val Max Gen Viol: 0.0000 | Val Max Thermal: 0.3371 [*SAVED BEST*]
Epoch  300 | Val Loss: 50.5441 | Val Cost: 71714.76 | Val Max P-Miss: 0.9304 | Val Max Q-Miss: 0.1828 | Val Max Gen Viol: 0.0000 | Val Max Thermal: 0.4736 [*SAVED BEST*]
Epoch  400 | Val Loss: 49.5989 | Val Cost: 70787.25 | Val Max P-Miss: 0.7978 | Val Max Q-Miss: 0.2454 | Val Max Gen Viol: 0.0000 | Val Max Thermal: 0.5080 [*SAVED BEST*]
Epoch  500 | Val Loss: 48.7454 | Val Cost: 70643.24 | Val Max P-Miss: 0.7449 | Val Max Q-Miss: 0.1931 | Val Max Gen Viol: 0.0000 | Val Max Thermal: 0.4773 [*SAVED BEST*]
Epoch  600 | Val Loss: 47.9400 | Val Cost: 70602.61 | Val Max P-Miss: 0.7113 | Val Max Q-Miss: 0.1752 | Val Max Gen Viol: 0.0000 | Val Max Thermal: 0.4509 [*SAVED BEST*]
Epoch  700 | Val Loss: 47.6641 | Val Cost: 70521.59 | Val Max P-Miss: 0.7091 | Val Max Q-Miss: 0.1757 | Val Max Gen Viol: 0.0000 | Val Max Thermal: 0.4766 [*SAVED BEST*]
Epoch  800 | Val Loss: 47.4856 | Val Cost: 70414.23 | Val Max P-Miss: 0.8085 | Val Max Q-Miss: 0.1774 | Val Max Gen Viol: 0.0000 | Val Max Thermal: 0.4603 [*SAVED BEST*]
Epoch  900 | Val Loss: 47.0795 | Val Cost: 70382.48 | Val Max P-Miss: 0.7529 | Val Max Q-Miss: 0.1819 | Val Max Gen Viol: 0.0000 | Val Max Thermal: 0.4829 [*SAVED BEST*]
Epoch 1000 | Val Loss: 46.9782 | Val Cost: 70649.22 | Val Max P-Miss: 0.7697 | Val Max Q-Miss: 0.1791 | Val Max Gen Viol: 0.0000 | Val Max Thermal: 0.4530 [*SAVED BEST*]
Epoch 1100 | Val Loss: 46.7122 | Val Cost: 70480.42 | Val Max P-Miss: 0.6934 | Val Max Q-Miss: 0.1778 | Val Max Gen Viol: 0.0000 | Val Max Thermal: 0.4424 [*SAVED BEST*]
Epoch 1200 | Val Loss: 46.2769 | Val Cost: 70332.48 | Val Max P-Miss: 0.7186 | Val Max Q-Miss: 0.1810 | Val Max Gen Viol: 0.0000 | Val Max Thermal: 0.4580 [*SAVED BEST*]
Epoch 1300 | Val Loss: 46.3854 | Val Cost: 70272.91 | Val Max P-Miss: 0.7436 | Val Max Q-Miss: 0.1809 | Val Max Gen Viol: 0.0000 | Val Max Thermal: 0.4351
Epoch 1400 | Val Loss: 48.8890 | Val Cost: 70238.09 | Val Max P-Miss: 0.7561 | Val Max Q-Miss: 0.1811 | Val Max Gen Viol: 0.0000 | Val Max Thermal: 0.4211
Epoch 1500 | Val Loss: 46.2182 | Val Cost: 70318.23 | Val Max P-Miss: 0.7130 | Val Max Q-Miss: 0.1849 | Val Max Gen Viol: 0.0000 | Val Max Thermal: 0.4240 [*SAVED BEST*]
Epoch 1600 | Val Loss: 45.5207 | Val Cost: 70363.63 | Val Max P-Miss: 0.7153 | Val Max Q-Miss: 0.1752 | Val Max Gen Viol: 0.0000 | Val Max Thermal: 0.4079 [*SAVED BEST*]
Epoch 1700 | Val Loss: 45.9494 | Val Cost: 70153.78 | Val Max P-Miss: 0.7113 | Val Max Q-Miss: 0.1832 | Val Max Gen Viol: 0.0000 | Val Max Thermal: 0.3936
Epoch 1800 | Val Loss: 46.4412 | Val Cost: 70095.51 | Val Max P-Miss: 0.7048 | Val Max Q-Miss: 0.1810 | Val Max Gen Viol: 0.0000 | Val Max Thermal: 0.4956
Epoch 1900 | Val Loss: 50.8033 | Val Cost: 69873.62 | Val Max P-Miss: 0.7796 | Val Max Q-Miss: 0.1863 | Val Max Gen Viol: 0.0000 | Val Max Thermal: 0.3739
Epoch 2000 | Val Loss: 45.5906 | Val Cost: 70207.80 | Val Max P-Miss: 0.6891 | Val Max Q-Miss: 0.1770 | Val Max Gen Viol: 0.0000 | Val Max Thermal: 0.4025
Epoch 2100 | Val Loss: 45.5528 | Val Cost: 70244.53 | Val Max P-Miss: 0.7006 | Val Max Q-Miss: 0.1671 | Val Max Gen Viol: 0.0000 | Val Max Thermal: 0.3885
Epoch 2200 | Val Loss: 45.2862 | Val Cost: 70229.69 | Val Max P-Miss: 0.7157 | Val Max Q-Miss: 0.1792 | Val Max Gen Viol: 0.0000 | Val Max Thermal: 0.3972 [*SAVED BEST*]
Epoch 2300 | Val Loss: 48.3393 | Val Cost: 70217.02 | Val Max P-Miss: 0.6913 | Val Max Q-Miss: 0.1800 | Val Max Gen Viol: 0.0000 | Val Max Thermal: 0.3746
Epoch 2400 | Val Loss: 48.9474 | Val Cost: 69943.62 | Val Max P-Miss: 0.7202 | Val Max Q-Miss: 0.1891 | Val Max Gen Viol: 0.0000 | Val Max Thermal: 0.3608
Epoch 2500 | Val Loss: 48.2159 | Val Cost: 70316.21 | Val Max P-Miss: 0.7330 | Val Max Q-Miss: 0.1756 | Val Max Gen Viol: 0.0000 | Val Max Thermal: 0.3195
Epoch 2600 | Val Loss: 45.2756 | Val Cost: 70333.42 | Val Max P-Miss: 0.6872 | Val Max Q-Miss: 0.1742 | Val Max Gen Viol: 0.0000 | Val Max Thermal: 0.3730 [*SAVED BEST*]
Epoch 2700 | Val Loss: 45.5525 | Val Cost: 70206.23 | Val Max P-Miss: 0.6936 | Val Max Q-Miss: 0.1752 | Val Max Gen Viol: 0.0000 | Val Max Thermal: 0.3767
Epoch 2800 | Val Loss: 45.8583 | Val Cost: 70245.06 | Val Max P-Miss: 0.6738 | Val Max Q-Miss: 0.1804 | Val Max Gen Viol: 0.0000 | Val Max Thermal: 0.3677
Epoch 2900 | Val Loss: 45.0902 | Val Cost: 70350.85 | Val Max P-Miss: 0.6919 | Val Max Q-Miss: 0.1725 | Val Max Gen Viol: 0.0000 | Val Max Thermal: 0.3711 [*SAVED BEST*]
Epoch 3000 | Val Loss: 45.5982 | Val Cost: 70269.26 | Val Max P-Miss: 0.6893 | Val Max Q-Miss: 0.1818 | Val Max Gen Viol: 0.0000 | Val Max Thermal: 0.3711
Epoch 3100 | Val Loss: 50.0937 | Val Cost: 70011.75 | Val Max P-Miss: 0.8835 | Val Max Q-Miss: 0.1667 | Val Max Gen Viol: 0.0000 | Val Max Thermal: 0.3257
Epoch 3200 | Val Loss: 45.0755 | Val Cost: 70361.09 | Val Max P-Miss: 0.6925 | Val Max Q-Miss: 0.1821 | Val Max Gen Viol: 0.0000 | Val Max Thermal: 0.3804 [*SAVED BEST*]
Epoch 3300 | Val Loss: 45.0456 | Val Cost: 70364.35 | Val Max P-Miss: 0.6850 | Val Max Q-Miss: 0.1739 | Val Max Gen Viol: 0.0000 | Val Max Thermal: 0.3729 [*SAVED BEST*]
Epoch 3400 | Val Loss: 45.0147 | Val Cost: 70455.67 | Val Max P-Miss: 0.6988 | Val Max Q-Miss: 0.1757 | Val Max Gen Viol: 0.0000 | Val Max Thermal: 0.3652 [*SAVED BEST*]
Epoch 3500 | Val Loss: 45.0156 | Val Cost: 70498.09 | Val Max P-Miss: 0.6999 | Val Max Q-Miss: 0.1750 | Val Max Gen Viol: 0.0000 | Val Max Thermal: 0.3699
Epoch 3600 | Val Loss: 45.1110 | Val Cost: 70607.91 | Val Max P-Miss: 0.7018 | Val Max Q-Miss: 0.1749 | Val Max Gen Viol: 0.0000 | Val Max Thermal: 0.3602
Epoch 3700 | Val Loss: 44.9139 | Val Cost: 70491.68 | Val Max P-Miss: 0.6951 | Val Max Q-Miss: 0.1780 | Val Max Gen Viol: 0.0000 | Val Max Thermal: 0.3628 [*SAVED BEST*]
Epoch 3800 | Val Loss: 45.7511 | Val Cost: 70612.80 | Val Max P-Miss: 0.6836 | Val Max Q-Miss: 0.1779 | Val Max Gen Viol: 0.0000 | Val Max Thermal: 0.3665
Epoch 3900 | Val Loss: 45.2502 | Val Cost: 70492.50 | Val Max P-Miss: 0.7048 | Val Max Q-Miss: 0.1788 | Val Max Gen Viol: 0.0000 | Val Max Thermal: 0.3567
Epoch 4000 | Val Loss: 45.1766 | Val Cost: 70605.03 | Val Max P-Miss: 0.7039 | Val Max Q-Miss: 0.1748 | Val Max Gen Viol: 0.0000 | Val Max Thermal: 0.3437
Epoch 4100 | Val Loss: 45.0247 | Val Cost: 70474.29 | Val Max P-Miss: 0.6949 | Val Max Q-Miss: 0.1810 | Val Max Gen Viol: 0.0000 | Val Max Thermal: 0.3671
Epoch 4200 | Val Loss: 44.9709 | Val Cost: 70644.42 | Val Max P-Miss: 0.6915 | Val Max Q-Miss: 0.1776 | Val Max Gen Viol: 0.0000 | Val Max Thermal: 0.3623
Epoch 4300 | Val Loss: 44.9827 | Val Cost: 70590.12 | Val Max P-Miss: 0.7069 | Val Max Q-Miss: 0.1757 | Val Max Gen Viol: 0.0000 | Val Max Thermal: 0.3521
Epoch 4400 | Val Loss: 44.8841 | Val Cost: 70682.61 | Val Max P-Miss: 0.7100 | Val Max Q-Miss: 0.1740 | Val Max Gen Viol: 0.0000 | Val Max Thermal: 0.3687 [*SAVED BEST*]
Epoch 4500 | Val Loss: 45.7936 | Val Cost: 70455.41 | Val Max P-Miss: 0.6999 | Val Max Q-Miss: 0.1749 | Val Max Gen Viol: 0.0000 | Val Max Thermal: 0.3575
Epoch 4600 | Val Loss: 45.5166 | Val Cost: 70566.67 | Val Max P-Miss: 0.6988 | Val Max Q-Miss: 0.1827 | Val Max Gen Viol: 0.0000 | Val Max Thermal: 0.3609
Epoch 4700 | Val Loss: 44.9421 | Val Cost: 70647.51 | Val Max P-Miss: 0.7033 | Val Max Q-Miss: 0.1695 | Val Max Gen Viol: 0.0000 | Val Max Thermal: 0.3557
Epoch 4800 | Val Loss: 44.9502 | Val Cost: 70702.64 | Val Max P-Miss: 0.7094 | Val Max Q-Miss: 0.1763 | Val Max Gen Viol: 0.0000 | Val Max Thermal: 0.3580
Epoch 4900 | Val Loss: 44.8954 | Val Cost: 70629.03 | Val Max P-Miss: 0.6961 | Val Max Q-Miss: 0.1759 | Val Max Gen Viol: 0.0000 | Val Max Thermal: 0.3693
Epoch 5000 | Val Loss: 44.8234 | Val Cost: 70633.04 | Val Max P-Miss: 0.6895 | Val Max Q-Miss: 0.1768 | Val Max Gen Viol: 0.0000 | Val Max Thermal: 0.3711 [*SAVED BEST*]
Epoch 5100 | Val Loss: 45.3667 | Val Cost: 70697.79 | Val Max P-Miss: 0.6940 | Val Max Q-Miss: 0.1805 | Val Max Gen Viol: 0.0000 | Val Max Thermal: 0.3796
Epoch 5200 | Val Loss: 44.8114 | Val Cost: 70765.41 | Val Max P-Miss: 0.7108 | Val Max Q-Miss: 0.1771 | Val Max Gen Viol: 0.0000 | Val Max Thermal: 0.3566 [*SAVED BEST*]
Epoch 5300 | Val Loss: 44.9702 | Val Cost: 70809.08 | Val Max P-Miss: 0.7033 | Val Max Q-Miss: 0.1756 | Val Max Gen Viol: 0.0000 | Val Max Thermal: 0.3452
Epoch 5400 | Val Loss: 44.8670 | Val Cost: 70793.11 | Val Max P-Miss: 0.7045 | Val Max Q-Miss: 0.1695 | Val Max Gen Viol: 0.0000 | Val Max Thermal: 0.3525
Epoch 5500 | Val Loss: 44.9202 | Val Cost: 70762.47 | Val Max P-Miss: 0.7061 | Val Max Q-Miss: 0.1720 | Val Max Gen Viol: 0.0000 | Val Max Thermal: 0.3551
Epoch 5600 | Val Loss: 44.8035 | Val Cost: 70819.80 | Val Max P-Miss: 0.7003 | Val Max Q-Miss: 0.1768 | Val Max Gen Viol: 0.0000 | Val Max Thermal: 0.3610 [*SAVED BEST*]
Epoch 5700 | Val Loss: 44.7455 | Val Cost: 70797.41 | Val Max P-Miss: 0.7034 | Val Max Q-Miss: 0.1770 | Val Max Gen Viol: 0.0000 | Val Max Thermal: 0.3607 [*SAVED BEST*]
Epoch 5800 | Val Loss: 44.8681 | Val Cost: 70827.27 | Val Max P-Miss: 0.6942 | Val Max Q-Miss: 0.1775 | Val Max Gen Viol: 0.0000 | Val Max Thermal: 0.3620
Epoch 5900 | Val Loss: 44.7519 | Val Cost: 70700.59 | Val Max P-Miss: 0.7028 | Val Max Q-Miss: 0.1742 | Val Max Gen Viol: 0.0000 | Val Max Thermal: 0.3534
Epoch 6000 | Val Loss: 45.2462 | Val Cost: 70590.56 | Val Max P-Miss: 0.7025 | Val Max Q-Miss: 0.1760 | Val Max Gen Viol: 0.0000 | Val Max Thermal: 0.3855
Epoch 6100 | Val Loss: 44.7659 | Val Cost: 70761.84 | Val Max P-Miss: 0.7013 | Val Max Q-Miss: 0.1759 | Val Max Gen Viol: 0.0000 | Val Max Thermal: 0.3549
Epoch 6200 | Val Loss: 46.0354 | Val Cost: 70383.91 | Val Max P-Miss: 0.6715 | Val Max Q-Miss: 0.1723 | Val Max Gen Viol: 0.0000 | Val Max Thermal: 0.3283
Epoch 6300 | Val Loss: 45.0108 | Val Cost: 70765.30 | Val Max P-Miss: 0.7075 | Val Max Q-Miss: 0.1693 | Val Max Gen Viol: 0.0000 | Val Max Thermal: 0.3529
Epoch 6400 | Val Loss: 44.8664 | Val Cost: 70895.71 | Val Max P-Miss: 0.7041 | Val Max Q-Miss: 0.1749 | Val Max Gen Viol: 0.0000 | Val Max Thermal: 0.3417
Epoch 6500 | Val Loss: 45.3268 | Val Cost: 70624.34 | Val Max P-Miss: 0.7066 | Val Max Q-Miss: 0.1731 | Val Max Gen Viol: 0.0000 | Val Max Thermal: 0.3498
Epoch 6600 | Val Loss: 44.7491 | Val Cost: 70854.95 | Val Max P-Miss: 0.7022 | Val Max Q-Miss: 0.1763 | Val Max Gen Viol: 0.0000 | Val Max Thermal: 0.3531
Epoch 6700 | Val Loss: 44.7542 | Val Cost: 70741.59 | Val Max P-Miss: 0.6972 | Val Max Q-Miss: 0.1761 | Val Max Gen Viol: 0.0000 | Val Max Thermal: 0.3539
Epoch 6800 | Val Loss: 44.9187 | Val Cost: 70800.66 | Val Max P-Miss: 0.6976 | Val Max Q-Miss: 0.1814 | Val Max Gen Viol: 0.0000 | Val Max Thermal: 0.3575
Epoch 6900 | Val Loss: 45.7330 | Val Cost: 70552.23 | Val Max P-Miss: 0.6950 | Val Max Q-Miss: 0.1732 | Val Max Gen Viol: 0.0000 | Val Max Thermal: 0.3126
Epoch 7000 | Val Loss: 44.7601 | Val Cost: 70702.99 | Val Max P-Miss: 0.7054 | Val Max Q-Miss: 0.1753 | Val Max Gen Viol: 0.0000 | Val Max Thermal: 0.3476
Epoch 7100 | Val Loss: 44.7845 | Val Cost: 70883.61 | Val Max P-Miss: 0.6982 | Val Max Q-Miss: 0.1733 | Val Max Gen Viol: 0.0000 | Val Max Thermal: 0.3525
Epoch 7200 | Val Loss: 44.8772 | Val Cost: 70762.74 | Val Max P-Miss: 0.7064 | Val Max Q-Miss: 0.1759 | Val Max Gen Viol: 0.0000 | Val Max Thermal: 0.3647
Epoch 7300 | Val Loss: 44.7736 | Val Cost: 70903.60 | Val Max P-Miss: 0.7016 | Val Max Q-Miss: 0.1769 | Val Max Gen Viol: 0.0000 | Val Max Thermal: 0.3538
Epoch 7400 | Val Loss: 44.7003 | Val Cost: 70913.73 | Val Max P-Miss: 0.7047 | Val Max Q-Miss: 0.1711 | Val Max Gen Viol: 0.0000 | Val Max Thermal: 0.3557 [*SAVED BEST*]
Epoch 7500 | Val Loss: 44.7330 | Val Cost: 70894.03 | Val Max P-Miss: 0.7068 | Val Max Q-Miss: 0.1730 | Val Max Gen Viol: 0.0000 | Val Max Thermal: 0.3548
Epoch 7600 | Val Loss: 44.7189 | Val Cost: 70782.71 | Val Max P-Miss: 0.7084 | Val Max Q-Miss: 0.1732 | Val Max Gen Viol: 0.0000 | Val Max Thermal: 0.3546
Epoch 7700 | Val Loss: 44.8046 | Val Cost: 70739.91 | Val Max P-Miss: 0.7030 | Val Max Q-Miss: 0.1747 | Val Max Gen Viol: 0.0000 | Val Max Thermal: 0.3534
Epoch 7800 | Val Loss: 44.8239 | Val Cost: 70715.59 | Val Max P-Miss: 0.6994 | Val Max Q-Miss: 0.1726 | Val Max Gen Viol: 0.0000 | Val Max Thermal: 0.3488
Epoch 7900 | Val Loss: 44.8551 | Val Cost: 70734.32 | Val Max P-Miss: 0.6956 | Val Max Q-Miss: 0.1788 | Val Max Gen Viol: 0.0000 | Val Max Thermal: 0.3571
Epoch 8000 | Val Loss: 45.7918 | Val Cost: 70143.33 | Val Max P-Miss: 0.6810 | Val Max Q-Miss: 0.1838 | Val Max Gen Viol: 0.0000 | Val Max Thermal: 0.4109
Epoch 8100 | Val Loss: 44.7544 | Val Cost: 70786.62 | Val Max P-Miss: 0.7009 | Val Max Q-Miss: 0.1777 | Val Max Gen Viol: 0.0000 | Val Max Thermal: 0.3485
Epoch 8200 | Val Loss: 44.7432 | Val Cost: 70954.82 | Val Max P-Miss: 0.6954 | Val Max Q-Miss: 0.1747 | Val Max Gen Viol: 0.0000 | Val Max Thermal: 0.3469
Epoch 8300 | Val Loss: 44.7472 | Val Cost: 70858.73 | Val Max P-Miss: 0.6978 | Val Max Q-Miss: 0.1750 | Val Max Gen Viol: 0.0000 | Val Max Thermal: 0.3456
Epoch 8400 | Val Loss: 44.7174 | Val Cost: 70827.41 | Val Max P-Miss: 0.7005 | Val Max Q-Miss: 0.1761 | Val Max Gen Viol: 0.0000 | Val Max Thermal: 0.3501
Epoch 8500 | Val Loss: 44.7093 | Val Cost: 70945.25 | Val Max P-Miss: 0.6967 | Val Max Q-Miss: 0.1684 | Val Max Gen Viol: 0.0000 | Val Max Thermal: 0.3483
Epoch 8600 | Val Loss: 44.7273 | Val Cost: 70882.88 | Val Max P-Miss: 0.6997 | Val Max Q-Miss: 0.1755 | Val Max Gen Viol: 0.0000 | Val Max Thermal: 0.3510
Epoch 8700 | Val Loss: 44.7321 | Val Cost: 70806.29 | Val Max P-Miss: 0.6995 | Val Max Q-Miss: 0.1762 | Val Max Gen Viol: 0.0000 | Val Max Thermal: 0.3545
Epoch 8800 | Val Loss: 47.0690 | Val Cost: 70240.73 | Val Max P-Miss: 0.6879 | Val Max Q-Miss: 0.1744 | Val Max Gen Viol: 0.0000 | Val Max Thermal: 0.3356
Epoch 8900 | Val Loss: 44.6787 | Val Cost: 70870.73 | Val Max P-Miss: 0.7114 | Val Max Q-Miss: 0.1766 | Val Max Gen Viol: 0.0000 | Val Max Thermal: 0.3439 [*SAVED BEST*]
Epoch 9000 | Val Loss: 45.0282 | Val Cost: 70606.50 | Val Max P-Miss: 0.6811 | Val Max Q-Miss: 0.1784 | Val Max Gen Viol: 0.0000 | Val Max Thermal: 0.3486
Epoch 9100 | Val Loss: 44.7045 | Val Cost: 70936.76 | Val Max P-Miss: 0.7018 | Val Max Q-Miss: 0.1759 | Val Max Gen Viol: 0.0000 | Val Max Thermal: 0.3425
Epoch 9200 | Val Loss: 44.7178 | Val Cost: 70834.62 | Val Max P-Miss: 0.6999 | Val Max Q-Miss: 0.1769 | Val Max Gen Viol: 0.0000 | Val Max Thermal: 0.3420
Epoch 9300 | Val Loss: 44.6813 | Val Cost: 70841.01 | Val Max P-Miss: 0.7007 | Val Max Q-Miss: 0.1771 | Val Max Gen Viol: 0.0000 | Val Max Thermal: 0.3414
Epoch 9400 | Val Loss: 44.6505 | Val Cost: 70886.69 | Val Max P-Miss: 0.7004 | Val Max Q-Miss: 0.1766 | Val Max Gen Viol: 0.0000 | Val Max Thermal: 0.3461 [*SAVED BEST*]
Epoch 9500 | Val Loss: 44.6516 | Val Cost: 70946.68 | Val Max P-Miss: 0.7054 | Val Max Q-Miss: 0.1762 | Val Max Gen Viol: 0.0000 | Val Max Thermal: 0.3419
Epoch 9600 | Val Loss: 44.7714 | Val Cost: 70910.14 | Val Max P-Miss: 0.6999 | Val Max Q-Miss: 0.1786 | Val Max Gen Viol: 0.0000 | Val Max Thermal: 0.3435
Epoch 9700 | Val Loss: 44.6706 | Val Cost: 70895.93 | Val Max P-Miss: 0.7025 | Val Max Q-Miss: 0.1747 | Val Max Gen Viol: 0.0000 | Val Max Thermal: 0.3468
Epoch 9800 | Val Loss: 47.2950 | Val Cost: 70673.31 | Val Max P-Miss: 0.7324 | Val Max Q-Miss: 0.1838 | Val Max Gen Viol: 0.0000 | Val Max Thermal: 0.3540
Epoch 9900 | Val Loss: 44.6937 | Val Cost: 70879.84 | Val Max P-Miss: 0.6981 | Val Max Q-Miss: 0.1754 | Val Max Gen Viol: 0.0000 | Val Max Thermal: 0.3478

==================================================
Training Complete!
Total Training Time: 00h 30m 38.37s
Best model weights saved to: ./model/best_fsnet_model_pglib_opf_case162_ieee_dtc_10000epochs_20260723_232949.pth
==================================================

