Job ID: 8596
Executing: ACOPF_FSNet.py --case_name pglib_opf_case300_ieee --epochs 10000
Node: issnode1
GPU Allocated: 0
CUDA Hardware Acceleration Active: NVIDIA GeForce RTX 4090
Problem Geometry Linked -> Matrix Samples: 10000

Beginning execution of parallelized training matrix loops for FSNet...
Epoch    0 | Val Loss: 21359.0879 | Val Cost: 517287.50 | Val Max P-Miss: 38.4801 | Val Max Q-Miss: 16.4393 | Val Max Gen Viol: 0.0000 | Val Max Thermal: 0.0000 [*SAVED BEST*]
Epoch  100 | Val Loss: 265.7531 | Val Cost: 393670.09 | Val Max P-Miss: 1.8264 | Val Max Q-Miss: 1.0263 | Val Max Gen Viol: 0.0000 | Val Max Thermal: 0.9314 [*SAVED BEST*]
Epoch  200 | Val Loss: 253.0712 | Val Cost: 375425.75 | Val Max P-Miss: 1.7701 | Val Max Q-Miss: 0.9680 | Val Max Gen Viol: 0.0000 | Val Max Thermal: 0.4091 [*SAVED BEST*]
Epoch  300 | Val Loss: 250.5383 | Val Cost: 367463.06 | Val Max P-Miss: 1.8173 | Val Max Q-Miss: 1.0166 | Val Max Gen Viol: 0.0000 | Val Max Thermal: 0.1859 [*SAVED BEST*]
Epoch  400 | Val Loss: 243.7423 | Val Cost: 365593.09 | Val Max P-Miss: 1.8363 | Val Max Q-Miss: 0.9808 | Val Max Gen Viol: 0.0000 | Val Max Thermal: 0.1208 [*SAVED BEST*]
Epoch  500 | Val Loss: 242.2921 | Val Cost: 363722.25 | Val Max P-Miss: 1.7838 | Val Max Q-Miss: 0.9822 | Val Max Gen Viol: 0.0000 | Val Max Thermal: 0.1185 [*SAVED BEST*]
Epoch  600 | Val Loss: 239.3596 | Val Cost: 362418.47 | Val Max P-Miss: 1.6448 | Val Max Q-Miss: 0.9835 | Val Max Gen Viol: 0.0000 | Val Max Thermal: 0.1450 [*SAVED BEST*]
Epoch  700 | Val Loss: 238.6645 | Val Cost: 360988.38 | Val Max P-Miss: 1.6543 | Val Max Q-Miss: 0.9849 | Val Max Gen Viol: 0.0000 | Val Max Thermal: 0.1588 [*SAVED BEST*]
Epoch  800 | Val Loss: 326.4270 | Val Cost: 359793.72 | Val Max P-Miss: 3.5402 | Val Max Q-Miss: 0.9928 | Val Max Gen Viol: 0.0000 | Val Max Thermal: 0.0000
Epoch  900 | Val Loss: 236.9416 | Val Cost: 359795.78 | Val Max P-Miss: 1.6219 | Val Max Q-Miss: 0.9772 | Val Max Gen Viol: 0.0000 | Val Max Thermal: 0.1234 [*SAVED BEST*]
Epoch 1000 | Val Loss: 280.3664 | Val Cost: 356509.59 | Val Max P-Miss: 2.0404 | Val Max Q-Miss: 0.9680 | Val Max Gen Viol: 0.0000 | Val Max Thermal: 0.0000
Epoch 1100 | Val Loss: 237.0065 | Val Cost: 358820.41 | Val Max P-Miss: 1.8378 | Val Max Q-Miss: 0.9932 | Val Max Gen Viol: 0.0000 | Val Max Thermal: 0.1537
Epoch 1200 | Val Loss: 239.2370 | Val Cost: 358696.53 | Val Max P-Miss: 1.8620 | Val Max Q-Miss: 1.0013 | Val Max Gen Viol: 0.0000 | Val Max Thermal: 0.0017
Epoch 1300 | Val Loss: 235.8440 | Val Cost: 358647.38 | Val Max P-Miss: 1.8671 | Val Max Q-Miss: 0.9701 | Val Max Gen Viol: 0.0000 | Val Max Thermal: 0.0762 [*SAVED BEST*]
Epoch 1400 | Val Loss: 236.2593 | Val Cost: 358375.88 | Val Max P-Miss: 1.8708 | Val Max Q-Miss: 0.9971 | Val Max Gen Viol: 0.0000 | Val Max Thermal: 0.0000
Epoch 1500 | Val Loss: 235.6547 | Val Cost: 358013.75 | Val Max P-Miss: 1.8554 | Val Max Q-Miss: 0.9850 | Val Max Gen Viol: 0.0000 | Val Max Thermal: 0.0603 [*SAVED BEST*]
Epoch 1600 | Val Loss: 236.5608 | Val Cost: 357587.28 | Val Max P-Miss: 1.8607 | Val Max Q-Miss: 0.9810 | Val Max Gen Viol: 0.0000 | Val Max Thermal: 0.0254
Epoch 1700 | Val Loss: 235.5495 | Val Cost: 357444.84 | Val Max P-Miss: 1.8596 | Val Max Q-Miss: 0.9946 | Val Max Gen Viol: 0.0000 | Val Max Thermal: 0.0832 [*SAVED BEST*]
Epoch 1800 | Val Loss: 235.9549 | Val Cost: 357338.78 | Val Max P-Miss: 1.8710 | Val Max Q-Miss: 0.9884 | Val Max Gen Viol: 0.0000 | Val Max Thermal: 0.0188
Epoch 1900 | Val Loss: 235.3838 | Val Cost: 357194.50 | Val Max P-Miss: 1.8495 | Val Max Q-Miss: 0.9921 | Val Max Gen Viol: 0.0000 | Val Max Thermal: 0.0902 [*SAVED BEST*]
Epoch 2000 | Val Loss: 235.4927 | Val Cost: 357023.06 | Val Max P-Miss: 1.8663 | Val Max Q-Miss: 0.9948 | Val Max Gen Viol: 0.0000 | Val Max Thermal: 0.0371
Epoch 2100 | Val Loss: 235.4932 | Val Cost: 356729.38 | Val Max P-Miss: 1.8468 | Val Max Q-Miss: 0.9896 | Val Max Gen Viol: 0.0000 | Val Max Thermal: 0.0701
Epoch 2200 | Val Loss: 235.8667 | Val Cost: 356834.66 | Val Max P-Miss: 1.8222 | Val Max Q-Miss: 0.9771 | Val Max Gen Viol: 0.0000 | Val Max Thermal: 0.1701
Epoch 2300 | Val Loss: 235.1812 | Val Cost: 356847.62 | Val Max P-Miss: 1.8671 | Val Max Q-Miss: 0.9749 | Val Max Gen Viol: 0.0000 | Val Max Thermal: 0.1140 [*SAVED BEST*]
Epoch 2400 | Val Loss: 235.5417 | Val Cost: 356658.56 | Val Max P-Miss: 1.8562 | Val Max Q-Miss: 0.9883 | Val Max Gen Viol: 0.0000 | Val Max Thermal: 0.0191
Epoch 2500 | Val Loss: 235.7153 | Val Cost: 356577.03 | Val Max P-Miss: 1.8397 | Val Max Q-Miss: 0.9697 | Val Max Gen Viol: 0.0000 | Val Max Thermal: 0.1213
Epoch 2600 | Val Loss: 235.0540 | Val Cost: 356586.50 | Val Max P-Miss: 1.8743 | Val Max Q-Miss: 0.9908 | Val Max Gen Viol: 0.0000 | Val Max Thermal: 0.1034 [*SAVED BEST*]
Epoch 2700 | Val Loss: 235.1834 | Val Cost: 356460.16 | Val Max P-Miss: 1.8567 | Val Max Q-Miss: 0.9796 | Val Max Gen Viol: 0.0000 | Val Max Thermal: 0.0833
Epoch 2800 | Val Loss: 234.9386 | Val Cost: 356391.44 | Val Max P-Miss: 1.8482 | Val Max Q-Miss: 0.9831 | Val Max Gen Viol: 0.0000 | Val Max Thermal: 0.1075 [*SAVED BEST*]
Epoch 2900 | Val Loss: 235.7286 | Val Cost: 356277.25 | Val Max P-Miss: 1.8371 | Val Max Q-Miss: 0.9950 | Val Max Gen Viol: 0.0000 | Val Max Thermal: 0.0376
Epoch 3000 | Val Loss: 235.0089 | Val Cost: 356104.72 | Val Max P-Miss: 1.8611 | Val Max Q-Miss: 0.9887 | Val Max Gen Viol: 0.0000 | Val Max Thermal: 0.0853
Epoch 3100 | Val Loss: 238.9572 | Val Cost: 354948.72 | Val Max P-Miss: 1.9283 | Val Max Q-Miss: 0.9695 | Val Max Gen Viol: 0.0000 | Val Max Thermal: 0.2175
Epoch 3200 | Val Loss: 234.8573 | Val Cost: 356064.72 | Val Max P-Miss: 1.8604 | Val Max Q-Miss: 0.9838 | Val Max Gen Viol: 0.0000 | Val Max Thermal: 0.0233 [*SAVED BEST*]
Epoch 3300 | Val Loss: 235.4708 | Val Cost: 355887.25 | Val Max P-Miss: 1.8331 | Val Max Q-Miss: 0.9901 | Val Max Gen Viol: 0.0000 | Val Max Thermal: 0.1129
Epoch 3400 | Val Loss: 235.1993 | Val Cost: 355912.22 | Val Max P-Miss: 1.8215 | Val Max Q-Miss: 0.9874 | Val Max Gen Viol: 0.0000 | Val Max Thermal: 0.0604
Epoch 3500 | Val Loss: 234.6346 | Val Cost: 356056.66 | Val Max P-Miss: 1.8502 | Val Max Q-Miss: 0.9801 | Val Max Gen Viol: 0.0000 | Val Max Thermal: 0.1113 [*SAVED BEST*]
Epoch 3600 | Val Loss: 234.5425 | Val Cost: 355982.94 | Val Max P-Miss: 1.8569 | Val Max Q-Miss: 0.9850 | Val Max Gen Viol: 0.0000 | Val Max Thermal: 0.0843 [*SAVED BEST*]
Epoch 3700 | Val Loss: 234.7900 | Val Cost: 356039.06 | Val Max P-Miss: 1.8774 | Val Max Q-Miss: 0.9877 | Val Max Gen Viol: 0.0000 | Val Max Thermal: 0.0428
Epoch 3800 | Val Loss: 244.3796 | Val Cost: 354980.31 | Val Max P-Miss: 2.0214 | Val Max Q-Miss: 1.0647 | Val Max Gen Viol: 0.0000 | Val Max Thermal: 0.0000
Epoch 3900 | Val Loss: 234.8134 | Val Cost: 355893.22 | Val Max P-Miss: 1.8591 | Val Max Q-Miss: 0.9888 | Val Max Gen Viol: 0.0000 | Val Max Thermal: 0.0909
Epoch 4000 | Val Loss: 234.4895 | Val Cost: 355843.94 | Val Max P-Miss: 1.8662 | Val Max Q-Miss: 0.9815 | Val Max Gen Viol: 0.0000 | Val Max Thermal: 0.0917 [*SAVED BEST*]
Epoch 4100 | Val Loss: 234.5139 | Val Cost: 355763.62 | Val Max P-Miss: 1.8505 | Val Max Q-Miss: 0.9863 | Val Max Gen Viol: 0.0000 | Val Max Thermal: 0.1123
Epoch 4200 | Val Loss: 234.6143 | Val Cost: 355795.16 | Val Max P-Miss: 1.8504 | Val Max Q-Miss: 0.9867 | Val Max Gen Viol: 0.0000 | Val Max Thermal: 0.1234
Epoch 4300 | Val Loss: 234.7349 | Val Cost: 355663.62 | Val Max P-Miss: 1.8572 | Val Max Q-Miss: 0.9829 | Val Max Gen Viol: 0.0000 | Val Max Thermal: 0.0480
Epoch 4400 | Val Loss: 234.6925 | Val Cost: 355673.62 | Val Max P-Miss: 1.8522 | Val Max Q-Miss: 0.9877 | Val Max Gen Viol: 0.0000 | Val Max Thermal: 0.0490
Epoch 4500 | Val Loss: 234.4308 | Val Cost: 355665.62 | Val Max P-Miss: 1.8493 | Val Max Q-Miss: 0.9982 | Val Max Gen Viol: 0.0000 | Val Max Thermal: 0.0938 [*SAVED BEST*]
Epoch 4600 | Val Loss: 234.6836 | Val Cost: 355587.94 | Val Max P-Miss: 1.8693 | Val Max Q-Miss: 0.9918 | Val Max Gen Viol: 0.0000 | Val Max Thermal: 0.0476
Epoch 4700 | Val Loss: 234.3512 | Val Cost: 355574.94 | Val Max P-Miss: 1.8526 | Val Max Q-Miss: 0.9841 | Val Max Gen Viol: 0.0000 | Val Max Thermal: 0.1166 [*SAVED BEST*]
Epoch 4800 | Val Loss: 234.3229 | Val Cost: 355409.69 | Val Max P-Miss: 1.8560 | Val Max Q-Miss: 0.9850 | Val Max Gen Viol: 0.0000 | Val Max Thermal: 0.0894 [*SAVED BEST*]
Epoch 4900 | Val Loss: 236.5665 | Val Cost: 355221.19 | Val Max P-Miss: 1.8912 | Val Max Q-Miss: 0.9846 | Val Max Gen Viol: 0.0000 | Val Max Thermal: 0.0851
Epoch 5000 | Val Loss: 234.4635 | Val Cost: 355380.22 | Val Max P-Miss: 1.8571 | Val Max Q-Miss: 1.0053 | Val Max Gen Viol: 0.0000 | Val Max Thermal: 0.0660
Epoch 5100 | Val Loss: 234.4336 | Val Cost: 355356.16 | Val Max P-Miss: 1.8534 | Val Max Q-Miss: 0.9865 | Val Max Gen Viol: 0.0000 | Val Max Thermal: 0.0850
Epoch 5200 | Val Loss: 234.3007 | Val Cost: 355245.97 | Val Max P-Miss: 1.8607 | Val Max Q-Miss: 0.9912 | Val Max Gen Viol: 0.0000 | Val Max Thermal: 0.0736 [*SAVED BEST*]
Epoch 5300 | Val Loss: 234.3542 | Val Cost: 355169.44 | Val Max P-Miss: 1.8588 | Val Max Q-Miss: 0.9781 | Val Max Gen Viol: 0.0000 | Val Max Thermal: 0.0764
Epoch 5400 | Val Loss: 234.2752 | Val Cost: 355169.16 | Val Max P-Miss: 1.8688 | Val Max Q-Miss: 0.9869 | Val Max Gen Viol: 0.0000 | Val Max Thermal: 0.0905 [*SAVED BEST*]
Epoch 5500 | Val Loss: 236.0385 | Val Cost: 355061.62 | Val Max P-Miss: 1.8660 | Val Max Q-Miss: 0.9913 | Val Max Gen Viol: 0.0000 | Val Max Thermal: 0.0028
Epoch 5600 | Val Loss: 234.3868 | Val Cost: 355083.44 | Val Max P-Miss: 1.8485 | Val Max Q-Miss: 0.9905 | Val Max Gen Viol: 0.0000 | Val Max Thermal: 0.0651
Epoch 5700 | Val Loss: 234.3066 | Val Cost: 355006.22 | Val Max P-Miss: 1.8588 | Val Max Q-Miss: 0.9882 | Val Max Gen Viol: 0.0000 | Val Max Thermal: 0.0505
Epoch 5800 | Val Loss: 244.8893 | Val Cost: 354620.34 | Val Max P-Miss: 2.0854 | Val Max Q-Miss: 0.9773 | Val Max Gen Viol: 0.0000 | Val Max Thermal: 0.1913
Epoch 5900 | Val Loss: 234.4181 | Val Cost: 354838.69 | Val Max P-Miss: 1.8582 | Val Max Q-Miss: 0.9801 | Val Max Gen Viol: 0.0000 | Val Max Thermal: 0.0863
Epoch 6000 | Val Loss: 234.1235 | Val Cost: 354806.09 | Val Max P-Miss: 1.8456 | Val Max Q-Miss: 0.9779 | Val Max Gen Viol: 0.0000 | Val Max Thermal: 0.1068 [*SAVED BEST*]
Epoch 6100 | Val Loss: 234.1705 | Val Cost: 354706.78 | Val Max P-Miss: 1.8519 | Val Max Q-Miss: 0.9814 | Val Max Gen Viol: 0.0000 | Val Max Thermal: 0.0855
Epoch 6200 | Val Loss: 234.7000 | Val Cost: 354648.91 | Val Max P-Miss: 1.8469 | Val Max Q-Miss: 0.9807 | Val Max Gen Viol: 0.0000 | Val Max Thermal: 0.0926
Epoch 6300 | Val Loss: 234.1571 | Val Cost: 354651.00 | Val Max P-Miss: 1.8563 | Val Max Q-Miss: 0.9890 | Val Max Gen Viol: 0.0000 | Val Max Thermal: 0.0774
Epoch 6400 | Val Loss: 234.4088 | Val Cost: 354338.56 | Val Max P-Miss: 1.8486 | Val Max Q-Miss: 0.9873 | Val Max Gen Viol: 0.0000 | Val Max Thermal: 0.0974
Epoch 6500 | Val Loss: 234.1505 | Val Cost: 354506.06 | Val Max P-Miss: 1.8506 | Val Max Q-Miss: 0.9803 | Val Max Gen Viol: 0.0000 | Val Max Thermal: 0.0913
Epoch 6600 | Val Loss: 234.9201 | Val Cost: 354196.78 | Val Max P-Miss: 1.8316 | Val Max Q-Miss: 0.9811 | Val Max Gen Viol: 0.0000 | Val Max Thermal: 0.0019
Epoch 6700 | Val Loss: 234.1361 | Val Cost: 354274.91 | Val Max P-Miss: 1.8707 | Val Max Q-Miss: 0.9870 | Val Max Gen Viol: 0.0000 | Val Max Thermal: 0.0793
Epoch 6800 | Val Loss: 234.1281 | Val Cost: 354202.00 | Val Max P-Miss: 1.8587 | Val Max Q-Miss: 0.9869 | Val Max Gen Viol: 0.0000 | Val Max Thermal: 0.0709
Epoch 6900 | Val Loss: 234.1773 | Val Cost: 354161.62 | Val Max P-Miss: 1.8545 | Val Max Q-Miss: 0.9828 | Val Max Gen Viol: 0.0000 | Val Max Thermal: 0.0990
Epoch 7000 | Val Loss: 234.9637 | Val Cost: 354075.34 | Val Max P-Miss: 1.8565 | Val Max Q-Miss: 0.9777 | Val Max Gen Viol: 0.0000 | Val Max Thermal: 0.0979
Epoch 7100 | Val Loss: 234.0327 | Val Cost: 353952.97 | Val Max P-Miss: 1.8571 | Val Max Q-Miss: 1.0011 | Val Max Gen Viol: 0.0000 | Val Max Thermal: 0.0638 [*SAVED BEST*]
Epoch 7200 | Val Loss: 234.0481 | Val Cost: 353905.94 | Val Max P-Miss: 1.8566 | Val Max Q-Miss: 0.9800 | Val Max Gen Viol: 0.0000 | Val Max Thermal: 0.1021
Epoch 7300 | Val Loss: 233.9945 | Val Cost: 353806.03 | Val Max P-Miss: 1.8600 | Val Max Q-Miss: 0.9711 | Val Max Gen Viol: 0.0000 | Val Max Thermal: 0.0796 [*SAVED BEST*]
Epoch 7400 | Val Loss: 234.0119 | Val Cost: 353745.94 | Val Max P-Miss: 1.8640 | Val Max Q-Miss: 0.9842 | Val Max Gen Viol: 0.0000 | Val Max Thermal: 0.0701
Epoch 7500 | Val Loss: 234.1036 | Val Cost: 353693.78 | Val Max P-Miss: 1.8581 | Val Max Q-Miss: 0.9827 | Val Max Gen Viol: 0.0000 | Val Max Thermal: 0.0906
Epoch 7600 | Val Loss: 233.9834 | Val Cost: 353699.50 | Val Max P-Miss: 1.8591 | Val Max Q-Miss: 0.9806 | Val Max Gen Viol: 0.0000 | Val Max Thermal: 0.0919 [*SAVED BEST*]
Epoch 7700 | Val Loss: 234.0520 | Val Cost: 353571.94 | Val Max P-Miss: 1.8524 | Val Max Q-Miss: 0.9839 | Val Max Gen Viol: 0.0000 | Val Max Thermal: 0.0885
Epoch 7800 | Val Loss: 233.9207 | Val Cost: 353497.44 | Val Max P-Miss: 1.8738 | Val Max Q-Miss: 0.9935 | Val Max Gen Viol: 0.0000 | Val Max Thermal: 0.1000 [*SAVED BEST*]
Epoch 7900 | Val Loss: 233.9186 | Val Cost: 353420.03 | Val Max P-Miss: 1.8622 | Val Max Q-Miss: 0.9843 | Val Max Gen Viol: 0.0000 | Val Max Thermal: 0.0768 [*SAVED BEST*]
Epoch 8000 | Val Loss: 233.9364 | Val Cost: 353421.50 | Val Max P-Miss: 1.8539 | Val Max Q-Miss: 0.9812 | Val Max Gen Viol: 0.0000 | Val Max Thermal: 0.0832
Epoch 8100 | Val Loss: 233.9305 | Val Cost: 353299.44 | Val Max P-Miss: 1.8535 | Val Max Q-Miss: 0.9851 | Val Max Gen Viol: 0.0000 | Val Max Thermal: 0.1152
Epoch 8200 | Val Loss: 234.1844 | Val Cost: 353260.16 | Val Max P-Miss: 1.8502 | Val Max Q-Miss: 0.9883 | Val Max Gen Viol: 0.0000 | Val Max Thermal: 0.1030
Epoch 8300 | Val Loss: 234.4614 | Val Cost: 353023.44 | Val Max P-Miss: 1.8669 | Val Max Q-Miss: 0.9912 | Val Max Gen Viol: 0.0000 | Val Max Thermal: 0.0403
Epoch 8400 | Val Loss: 233.8783 | Val Cost: 353094.59 | Val Max P-Miss: 1.8617 | Val Max Q-Miss: 0.9819 | Val Max Gen Viol: 0.0000 | Val Max Thermal: 0.0947 [*SAVED BEST*]
Epoch 8500 | Val Loss: 233.9673 | Val Cost: 353002.97 | Val Max P-Miss: 1.8715 | Val Max Q-Miss: 0.9838 | Val Max Gen Viol: 0.0000 | Val Max Thermal: 0.0764
Epoch 8600 | Val Loss: 234.5256 | Val Cost: 352935.56 | Val Max P-Miss: 1.8782 | Val Max Q-Miss: 0.9827 | Val Max Gen Viol: 0.0000 | Val Max Thermal: 0.0757
Epoch 8700 | Val Loss: 233.8758 | Val Cost: 352879.12 | Val Max P-Miss: 1.8511 | Val Max Q-Miss: 0.9858 | Val Max Gen Viol: 0.0000 | Val Max Thermal: 0.0798 [*SAVED BEST*]
Epoch 8800 | Val Loss: 234.0545 | Val Cost: 352883.06 | Val Max P-Miss: 1.8597 | Val Max Q-Miss: 0.9815 | Val Max Gen Viol: 0.0000 | Val Max Thermal: 0.1002
Epoch 8900 | Val Loss: 233.8413 | Val Cost: 352805.38 | Val Max P-Miss: 1.8589 | Val Max Q-Miss: 0.9779 | Val Max Gen Viol: 0.0000 | Val Max Thermal: 0.0924 [*SAVED BEST*]
Epoch 9000 | Val Loss: 233.9286 | Val Cost: 352786.81 | Val Max P-Miss: 1.8582 | Val Max Q-Miss: 0.9833 | Val Max Gen Viol: 0.0000 | Val Max Thermal: 0.0780
Epoch 9100 | Val Loss: 233.7860 | Val Cost: 352726.16 | Val Max P-Miss: 1.8640 | Val Max Q-Miss: 0.9806 | Val Max Gen Viol: 0.0000 | Val Max Thermal: 0.0805 [*SAVED BEST*]
Epoch 9200 | Val Loss: 233.9339 | Val Cost: 352696.09 | Val Max P-Miss: 1.8516 | Val Max Q-Miss: 0.9728 | Val Max Gen Viol: 0.0000 | Val Max Thermal: 0.0867
Epoch 9300 | Val Loss: 233.8241 | Val Cost: 352649.69 | Val Max P-Miss: 1.8554 | Val Max Q-Miss: 0.9878 | Val Max Gen Viol: 0.0000 | Val Max Thermal: 0.0895
Epoch 9400 | Val Loss: 233.8304 | Val Cost: 352643.50 | Val Max P-Miss: 1.8593 | Val Max Q-Miss: 0.9680 | Val Max Gen Viol: 0.0000 | Val Max Thermal: 0.0576
Epoch 9500 | Val Loss: 233.7625 | Val Cost: 352633.22 | Val Max P-Miss: 1.8594 | Val Max Q-Miss: 0.9844 | Val Max Gen Viol: 0.0000 | Val Max Thermal: 0.1109 [*SAVED BEST*]
Epoch 9600 | Val Loss: 234.0754 | Val Cost: 352577.09 | Val Max P-Miss: 1.8573 | Val Max Q-Miss: 0.9823 | Val Max Gen Viol: 0.0000 | Val Max Thermal: 0.0870
Epoch 9700 | Val Loss: 233.7633 | Val Cost: 352519.88 | Val Max P-Miss: 1.8513 | Val Max Q-Miss: 0.9840 | Val Max Gen Viol: 0.0000 | Val Max Thermal: 0.0891
Epoch 9800 | Val Loss: 234.6027 | Val Cost: 352475.34 | Val Max P-Miss: 1.8795 | Val Max Q-Miss: 0.9762 | Val Max Gen Viol: 0.0000 | Val Max Thermal: 0.0247
Epoch 9900 | Val Loss: 233.7891 | Val Cost: 352506.00 | Val Max P-Miss: 1.8609 | Val Max Q-Miss: 0.9856 | Val Max Gen Viol: 0.0000 | Val Max Thermal: 0.0645

==================================================
Training Complete!
Total Training Time: 00h 30m 21.43s
Best model weights saved to: ./model/best_fsnet_model_pglib_opf_case300_ieee_10000epochs_20260724_003124.pth
==================================================

