Job ID: 8600
Executing: ACOPF_FSNet.py --case_name pglib_opf_case300_ieee --epochs 10000
Node: issnode1
GPU Allocated: 0
CUDA Hardware Acceleration Active: NVIDIA GeForce RTX 4090
Problem Geometry Linked -> Matrix Samples: 10000

Beginning execution of parallelized training matrix loops for FSNet...
Epoch    0 | Val Loss: 36593.0273 | Val Cost: 515041.25 | Val Max P-Miss: 60.4609 | Val Max Q-Miss: 30.3341 | Val Max Gen Viol: 0.0000 | Val Max Thermal: 0.0000 [*SAVED BEST*]
Epoch  100 | Val Loss: 406.4152 | Val Cost: 396317.41 | Val Max P-Miss: 3.7868 | Val Max Q-Miss: 1.5516 | Val Max Gen Viol: 0.0000 | Val Max Thermal: 2.3077 [*SAVED BEST*]
Epoch  200 | Val Loss: 257.1452 | Val Cost: 376096.53 | Val Max P-Miss: 1.7610 | Val Max Q-Miss: 1.0367 | Val Max Gen Viol: 0.0000 | Val Max Thermal: 0.3848 [*SAVED BEST*]
Epoch  300 | Val Loss: 246.3604 | Val Cost: 370366.28 | Val Max P-Miss: 1.8488 | Val Max Q-Miss: 0.9965 | Val Max Gen Viol: 0.0000 | Val Max Thermal: 0.2169 [*SAVED BEST*]
Epoch  400 | Val Loss: 243.5719 | Val Cost: 366444.56 | Val Max P-Miss: 1.8305 | Val Max Q-Miss: 0.9741 | Val Max Gen Viol: 0.0000 | Val Max Thermal: 0.2593 [*SAVED BEST*]
Epoch  500 | Val Loss: 241.7824 | Val Cost: 364312.59 | Val Max P-Miss: 1.8358 | Val Max Q-Miss: 1.0005 | Val Max Gen Viol: 0.0000 | Val Max Thermal: 0.1406 [*SAVED BEST*]
Epoch  600 | Val Loss: 241.3437 | Val Cost: 362231.19 | Val Max P-Miss: 1.5823 | Val Max Q-Miss: 0.9792 | Val Max Gen Viol: 0.0000 | Val Max Thermal: 0.0559 [*SAVED BEST*]
Epoch  700 | Val Loss: 239.1024 | Val Cost: 361105.78 | Val Max P-Miss: 1.8489 | Val Max Q-Miss: 0.9757 | Val Max Gen Viol: 0.0000 | Val Max Thermal: 0.1610 [*SAVED BEST*]
Epoch  800 | Val Loss: 238.8654 | Val Cost: 360010.12 | Val Max P-Miss: 1.8663 | Val Max Q-Miss: 1.0031 | Val Max Gen Viol: 0.0000 | Val Max Thermal: 0.0441 [*SAVED BEST*]
Epoch  900 | Val Loss: 237.9403 | Val Cost: 359772.59 | Val Max P-Miss: 1.8532 | Val Max Q-Miss: 0.9656 | Val Max Gen Viol: 0.0000 | Val Max Thermal: 0.1191 [*SAVED BEST*]
Epoch 1000 | Val Loss: 239.7439 | Val Cost: 359174.53 | Val Max P-Miss: 1.8446 | Val Max Q-Miss: 0.9959 | Val Max Gen Viol: 0.0000 | Val Max Thermal: 0.1577
Epoch 1100 | Val Loss: 236.8106 | Val Cost: 359408.00 | Val Max P-Miss: 1.8312 | Val Max Q-Miss: 0.9925 | Val Max Gen Viol: 0.0000 | Val Max Thermal: 0.1055 [*SAVED BEST*]
Epoch 1200 | Val Loss: 237.4284 | Val Cost: 358467.81 | Val Max P-Miss: 1.8380 | Val Max Q-Miss: 0.9758 | Val Max Gen Viol: 0.0000 | Val Max Thermal: 0.1344
Epoch 1300 | Val Loss: 236.3428 | Val Cost: 358807.88 | Val Max P-Miss: 1.8301 | Val Max Q-Miss: 0.9809 | Val Max Gen Viol: 0.0000 | Val Max Thermal: 0.1669 [*SAVED BEST*]
Epoch 1400 | Val Loss: 236.2646 | Val Cost: 358531.38 | Val Max P-Miss: 1.8686 | Val Max Q-Miss: 0.9906 | Val Max Gen Viol: 0.0000 | Val Max Thermal: 0.1315 [*SAVED BEST*]
Epoch 1500 | Val Loss: 242.7948 | Val Cost: 357580.88 | Val Max P-Miss: 1.8005 | Val Max Q-Miss: 0.9925 | Val Max Gen Viol: 0.0000 | Val Max Thermal: 0.0000
Epoch 1600 | Val Loss: 236.2389 | Val Cost: 357775.50 | Val Max P-Miss: 1.8704 | Val Max Q-Miss: 0.9822 | Val Max Gen Viol: 0.0000 | Val Max Thermal: 0.0070 [*SAVED BEST*]
Epoch 1700 | Val Loss: 236.0941 | Val Cost: 357607.25 | Val Max P-Miss: 1.8694 | Val Max Q-Miss: 0.9988 | Val Max Gen Viol: 0.0000 | Val Max Thermal: 0.0000 [*SAVED BEST*]
Epoch 1800 | Val Loss: 235.8903 | Val Cost: 357366.88 | Val Max P-Miss: 1.8724 | Val Max Q-Miss: 0.9966 | Val Max Gen Viol: 0.0000 | Val Max Thermal: 0.0710 [*SAVED BEST*]
Epoch 1900 | Val Loss: 236.0327 | Val Cost: 357041.03 | Val Max P-Miss: 1.8583 | Val Max Q-Miss: 0.9889 | Val Max Gen Viol: 0.0000 | Val Max Thermal: 0.0553
Epoch 2000 | Val Loss: 235.4380 | Val Cost: 357312.34 | Val Max P-Miss: 1.8295 | Val Max Q-Miss: 0.9859 | Val Max Gen Viol: 0.0000 | Val Max Thermal: 0.1269 [*SAVED BEST*]
Epoch 2100 | Val Loss: 234.9768 | Val Cost: 357239.38 | Val Max P-Miss: 1.8689 | Val Max Q-Miss: 0.9858 | Val Max Gen Viol: 0.0000 | Val Max Thermal: 0.1557 [*SAVED BEST*]
Epoch 2200 | Val Loss: 235.4760 | Val Cost: 357129.69 | Val Max P-Miss: 1.8560 | Val Max Q-Miss: 0.9762 | Val Max Gen Viol: 0.0000 | Val Max Thermal: 0.0683
Epoch 2300 | Val Loss: 235.3383 | Val Cost: 357082.97 | Val Max P-Miss: 1.8675 | Val Max Q-Miss: 0.9962 | Val Max Gen Viol: 0.0000 | Val Max Thermal: 0.0529
Epoch 2400 | Val Loss: 237.0190 | Val Cost: 356590.28 | Val Max P-Miss: 1.8648 | Val Max Q-Miss: 0.9828 | Val Max Gen Viol: 0.0000 | Val Max Thermal: 0.1412
Epoch 2500 | Val Loss: 235.3057 | Val Cost: 356944.84 | Val Max P-Miss: 1.8466 | Val Max Q-Miss: 0.9653 | Val Max Gen Viol: 0.0000 | Val Max Thermal: 0.0767
Epoch 2600 | Val Loss: 234.9394 | Val Cost: 356845.97 | Val Max P-Miss: 1.8583 | Val Max Q-Miss: 0.9896 | Val Max Gen Viol: 0.0000 | Val Max Thermal: 0.0678 [*SAVED BEST*]
Epoch 2700 | Val Loss: 234.9628 | Val Cost: 356741.59 | Val Max P-Miss: 1.8584 | Val Max Q-Miss: 0.9937 | Val Max Gen Viol: 0.0000 | Val Max Thermal: 0.0487
Epoch 2800 | Val Loss: 235.4234 | Val Cost: 356622.69 | Val Max P-Miss: 1.8590 | Val Max Q-Miss: 0.9859 | Val Max Gen Viol: 0.0000 | Val Max Thermal: 0.1037
Epoch 2900 | Val Loss: 235.0177 | Val Cost: 356500.06 | Val Max P-Miss: 1.8827 | Val Max Q-Miss: 1.0038 | Val Max Gen Viol: 0.0000 | Val Max Thermal: 0.0007
Epoch 3000 | Val Loss: 236.6799 | Val Cost: 356310.75 | Val Max P-Miss: 1.8574 | Val Max Q-Miss: 1.0045 | Val Max Gen Viol: 0.0000 | Val Max Thermal: 0.0869
Epoch 3100 | Val Loss: 234.9852 | Val Cost: 356442.41 | Val Max P-Miss: 1.8621 | Val Max Q-Miss: 0.9910 | Val Max Gen Viol: 0.0000 | Val Max Thermal: 0.0180
Epoch 3200 | Val Loss: 234.8123 | Val Cost: 356428.34 | Val Max P-Miss: 1.8526 | Val Max Q-Miss: 0.9968 | Val Max Gen Viol: 0.0000 | Val Max Thermal: 0.1063 [*SAVED BEST*]
Epoch 3300 | Val Loss: 234.6971 | Val Cost: 356361.81 | Val Max P-Miss: 1.8531 | Val Max Q-Miss: 0.9897 | Val Max Gen Viol: 0.0000 | Val Max Thermal: 0.1159 [*SAVED BEST*]
Epoch 3400 | Val Loss: 234.7718 | Val Cost: 356393.38 | Val Max P-Miss: 1.8507 | Val Max Q-Miss: 0.9864 | Val Max Gen Viol: 0.0000 | Val Max Thermal: 0.0862
Epoch 3500 | Val Loss: 234.6179 | Val Cost: 356301.84 | Val Max P-Miss: 1.8428 | Val Max Q-Miss: 0.9862 | Val Max Gen Viol: 0.0000 | Val Max Thermal: 0.1055 [*SAVED BEST*]
Epoch 3600 | Val Loss: 234.6084 | Val Cost: 356324.94 | Val Max P-Miss: 1.8498 | Val Max Q-Miss: 0.9816 | Val Max Gen Viol: 0.0000 | Val Max Thermal: 0.0949 [*SAVED BEST*]
Epoch 3700 | Val Loss: 237.4278 | Val Cost: 355992.66 | Val Max P-Miss: 1.8069 | Val Max Q-Miss: 0.9866 | Val Max Gen Viol: 0.0000 | Val Max Thermal: 0.0409
Epoch 3800 | Val Loss: 234.7465 | Val Cost: 356119.06 | Val Max P-Miss: 1.8651 | Val Max Q-Miss: 0.9929 | Val Max Gen Viol: 0.0000 | Val Max Thermal: 0.0618
Epoch 3900 | Val Loss: 234.6386 | Val Cost: 356114.56 | Val Max P-Miss: 1.8480 | Val Max Q-Miss: 0.9880 | Val Max Gen Viol: 0.0000 | Val Max Thermal: 0.0809
Epoch 4000 | Val Loss: 234.6194 | Val Cost: 356036.28 | Val Max P-Miss: 1.8658 | Val Max Q-Miss: 0.9854 | Val Max Gen Viol: 0.0000 | Val Max Thermal: 0.0570
Epoch 4100 | Val Loss: 234.4252 | Val Cost: 355971.22 | Val Max P-Miss: 1.8512 | Val Max Q-Miss: 0.9823 | Val Max Gen Viol: 0.0000 | Val Max Thermal: 0.1053 [*SAVED BEST*]
Epoch 4200 | Val Loss: 235.0483 | Val Cost: 355788.59 | Val Max P-Miss: 1.8753 | Val Max Q-Miss: 0.9584 | Val Max Gen Viol: 0.0000 | Val Max Thermal: 0.2102
Epoch 4300 | Val Loss: 236.1532 | Val Cost: 355900.97 | Val Max P-Miss: 1.8305 | Val Max Q-Miss: 0.9924 | Val Max Gen Viol: 0.0000 | Val Max Thermal: 0.0902
Epoch 4400 | Val Loss: 234.4772 | Val Cost: 355805.72 | Val Max P-Miss: 1.8514 | Val Max Q-Miss: 0.9742 | Val Max Gen Viol: 0.0000 | Val Max Thermal: 0.0836
Epoch 4500 | Val Loss: 234.3881 | Val Cost: 355748.41 | Val Max P-Miss: 1.8501 | Val Max Q-Miss: 0.9855 | Val Max Gen Viol: 0.0000 | Val Max Thermal: 0.0867 [*SAVED BEST*]
Epoch 4600 | Val Loss: 234.8113 | Val Cost: 355701.62 | Val Max P-Miss: 1.8674 | Val Max Q-Miss: 0.9832 | Val Max Gen Viol: 0.0000 | Val Max Thermal: 0.0622
Epoch 4700 | Val Loss: 234.4067 | Val Cost: 355744.34 | Val Max P-Miss: 1.8549 | Val Max Q-Miss: 0.9775 | Val Max Gen Viol: 0.0000 | Val Max Thermal: 0.0883
Epoch 4800 | Val Loss: 234.4352 | Val Cost: 355649.22 | Val Max P-Miss: 1.8592 | Val Max Q-Miss: 0.9928 | Val Max Gen Viol: 0.0000 | Val Max Thermal: 0.0960
Epoch 4900 | Val Loss: 234.5278 | Val Cost: 355619.06 | Val Max P-Miss: 1.8572 | Val Max Q-Miss: 0.9838 | Val Max Gen Viol: 0.0000 | Val Max Thermal: 0.0972
Epoch 5000 | Val Loss: 234.4661 | Val Cost: 355555.03 | Val Max P-Miss: 1.8498 | Val Max Q-Miss: 0.9903 | Val Max Gen Viol: 0.0000 | Val Max Thermal: 0.0920
Epoch 5100 | Val Loss: 234.6317 | Val Cost: 355548.53 | Val Max P-Miss: 1.8497 | Val Max Q-Miss: 0.9897 | Val Max Gen Viol: 0.0000 | Val Max Thermal: 0.0868
Epoch 5200 | Val Loss: 234.3157 | Val Cost: 355442.41 | Val Max P-Miss: 1.8615 | Val Max Q-Miss: 0.9827 | Val Max Gen Viol: 0.0000 | Val Max Thermal: 0.0648 [*SAVED BEST*]
Epoch 5300 | Val Loss: 235.4707 | Val Cost: 355398.94 | Val Max P-Miss: 1.7987 | Val Max Q-Miss: 0.9866 | Val Max Gen Viol: 0.0000 | Val Max Thermal: 0.2350
Epoch 5400 | Val Loss: 234.2517 | Val Cost: 355322.31 | Val Max P-Miss: 1.8626 | Val Max Q-Miss: 0.9787 | Val Max Gen Viol: 0.0000 | Val Max Thermal: 0.0773 [*SAVED BEST*]
Epoch 5500 | Val Loss: 234.2805 | Val Cost: 355258.19 | Val Max P-Miss: 1.8495 | Val Max Q-Miss: 0.9855 | Val Max Gen Viol: 0.0000 | Val Max Thermal: 0.0847
Epoch 5600 | Val Loss: 234.2303 | Val Cost: 355253.94 | Val Max P-Miss: 1.8638 | Val Max Q-Miss: 0.9795 | Val Max Gen Viol: 0.0000 | Val Max Thermal: 0.0971 [*SAVED BEST*]
Epoch 5700 | Val Loss: 234.4815 | Val Cost: 355154.31 | Val Max P-Miss: 1.8587 | Val Max Q-Miss: 0.9678 | Val Max Gen Viol: 0.0000 | Val Max Thermal: 0.0650
Epoch 5800 | Val Loss: 234.3729 | Val Cost: 355078.59 | Val Max P-Miss: 1.8537 | Val Max Q-Miss: 0.9844 | Val Max Gen Viol: 0.0000 | Val Max Thermal: 0.0995
Epoch 5900 | Val Loss: 234.2168 | Val Cost: 355084.34 | Val Max P-Miss: 1.8488 | Val Max Q-Miss: 0.9857 | Val Max Gen Viol: 0.0000 | Val Max Thermal: 0.0908 [*SAVED BEST*]
Epoch 6000 | Val Loss: 234.6065 | Val Cost: 355021.84 | Val Max P-Miss: 1.8562 | Val Max Q-Miss: 0.9835 | Val Max Gen Viol: 0.0000 | Val Max Thermal: 0.0625
Epoch 6100 | Val Loss: 234.1951 | Val Cost: 355005.78 | Val Max P-Miss: 1.8452 | Val Max Q-Miss: 0.9769 | Val Max Gen Viol: 0.0000 | Val Max Thermal: 0.0976 [*SAVED BEST*]
Epoch 6200 | Val Loss: 235.0056 | Val Cost: 354857.44 | Val Max P-Miss: 1.8597 | Val Max Q-Miss: 0.9722 | Val Max Gen Viol: 0.0000 | Val Max Thermal: 0.0358
Epoch 6300 | Val Loss: 234.2147 | Val Cost: 354907.28 | Val Max P-Miss: 1.8573 | Val Max Q-Miss: 0.9851 | Val Max Gen Viol: 0.0000 | Val Max Thermal: 0.1086
Epoch 6400 | Val Loss: 234.7847 | Val Cost: 354718.94 | Val Max P-Miss: 1.8480 | Val Max Q-Miss: 0.9840 | Val Max Gen Viol: 0.0000 | Val Max Thermal: 0.0580
Epoch 6500 | Val Loss: 234.1275 | Val Cost: 354749.16 | Val Max P-Miss: 1.8567 | Val Max Q-Miss: 0.9841 | Val Max Gen Viol: 0.0000 | Val Max Thermal: 0.0927 [*SAVED BEST*]
Epoch 6600 | Val Loss: 234.1499 | Val Cost: 354693.03 | Val Max P-Miss: 1.8549 | Val Max Q-Miss: 0.9837 | Val Max Gen Viol: 0.0000 | Val Max Thermal: 0.0803
Epoch 6700 | Val Loss: 234.2025 | Val Cost: 354648.53 | Val Max P-Miss: 1.8517 | Val Max Q-Miss: 0.9878 | Val Max Gen Viol: 0.0000 | Val Max Thermal: 0.0806
Epoch 6800 | Val Loss: 234.0957 | Val Cost: 354601.44 | Val Max P-Miss: 1.8538 | Val Max Q-Miss: 0.9891 | Val Max Gen Viol: 0.0000 | Val Max Thermal: 0.0873 [*SAVED BEST*]
Epoch 6900 | Val Loss: 234.9243 | Val Cost: 354391.06 | Val Max P-Miss: 1.8228 | Val Max Q-Miss: 0.9842 | Val Max Gen Viol: 0.0000 | Val Max Thermal: 0.0895
Epoch 7000 | Val Loss: 234.1077 | Val Cost: 354470.47 | Val Max P-Miss: 1.8536 | Val Max Q-Miss: 0.9900 | Val Max Gen Viol: 0.0000 | Val Max Thermal: 0.0894
Epoch 7100 | Val Loss: 234.7052 | Val Cost: 354358.81 | Val Max P-Miss: 1.8534 | Val Max Q-Miss: 0.9828 | Val Max Gen Viol: 0.0000 | Val Max Thermal: 0.1055
Epoch 7200 | Val Loss: 234.1986 | Val Cost: 354377.09 | Val Max P-Miss: 1.8537 | Val Max Q-Miss: 0.9904 | Val Max Gen Viol: 0.0000 | Val Max Thermal: 0.0717
Epoch 7300 | Val Loss: 234.1935 | Val Cost: 354204.66 | Val Max P-Miss: 1.8613 | Val Max Q-Miss: 0.9835 | Val Max Gen Viol: 0.0000 | Val Max Thermal: 0.0652
Epoch 7400 | Val Loss: 237.3037 | Val Cost: 354002.31 | Val Max P-Miss: 1.7994 | Val Max Q-Miss: 0.9643 | Val Max Gen Viol: 0.0000 | Val Max Thermal: 0.0268
Epoch 7500 | Val Loss: 234.0410 | Val Cost: 354124.47 | Val Max P-Miss: 1.8596 | Val Max Q-Miss: 0.9850 | Val Max Gen Viol: 0.0000 | Val Max Thermal: 0.0892 [*SAVED BEST*]
Epoch 7600 | Val Loss: 234.1031 | Val Cost: 354063.31 | Val Max P-Miss: 1.8606 | Val Max Q-Miss: 0.9921 | Val Max Gen Viol: 0.0000 | Val Max Thermal: 0.0734
Epoch 7700 | Val Loss: 234.1027 | Val Cost: 353946.72 | Val Max P-Miss: 1.8579 | Val Max Q-Miss: 0.9860 | Val Max Gen Viol: 0.0000 | Val Max Thermal: 0.0922
Epoch 7800 | Val Loss: 237.3229 | Val Cost: 353688.34 | Val Max P-Miss: 1.8089 | Val Max Q-Miss: 0.9904 | Val Max Gen Viol: 0.0000 | Val Max Thermal: 0.0225
Epoch 7900 | Val Loss: 235.6845 | Val Cost: 353483.00 | Val Max P-Miss: 1.9004 | Val Max Q-Miss: 0.9863 | Val Max Gen Viol: 0.0000 | Val Max Thermal: 0.0157
Epoch 8000 | Val Loss: 234.1358 | Val Cost: 353732.69 | Val Max P-Miss: 1.8602 | Val Max Q-Miss: 0.9848 | Val Max Gen Viol: 0.0000 | Val Max Thermal: 0.0783
Epoch 8100 | Val Loss: 233.9548 | Val Cost: 353705.56 | Val Max P-Miss: 1.8601 | Val Max Q-Miss: 0.9834 | Val Max Gen Viol: 0.0000 | Val Max Thermal: 0.0594 [*SAVED BEST*]
Epoch 8200 | Val Loss: 234.0136 | Val Cost: 353589.25 | Val Max P-Miss: 1.8528 | Val Max Q-Miss: 0.9779 | Val Max Gen Viol: 0.0000 | Val Max Thermal: 0.0846
Epoch 8300 | Val Loss: 234.0199 | Val Cost: 353505.75 | Val Max P-Miss: 1.8611 | Val Max Q-Miss: 0.9842 | Val Max Gen Viol: 0.0000 | Val Max Thermal: 0.0949
Epoch 8400 | Val Loss: 234.1689 | Val Cost: 353419.81 | Val Max P-Miss: 1.8680 | Val Max Q-Miss: 0.9895 | Val Max Gen Viol: 0.0000 | Val Max Thermal: 0.0295
Epoch 8500 | Val Loss: 234.1889 | Val Cost: 353432.41 | Val Max P-Miss: 1.8644 | Val Max Q-Miss: 0.9717 | Val Max Gen Viol: 0.0000 | Val Max Thermal: 0.0769
Epoch 8600 | Val Loss: 233.9406 | Val Cost: 353306.00 | Val Max P-Miss: 1.8609 | Val Max Q-Miss: 0.9816 | Val Max Gen Viol: 0.0000 | Val Max Thermal: 0.0667 [*SAVED BEST*]
Epoch 8700 | Val Loss: 234.5434 | Val Cost: 353320.72 | Val Max P-Miss: 1.8529 | Val Max Q-Miss: 0.9678 | Val Max Gen Viol: 0.0000 | Val Max Thermal: 0.0648
Epoch 8800 | Val Loss: 233.8971 | Val Cost: 353269.00 | Val Max P-Miss: 1.8601 | Val Max Q-Miss: 0.9836 | Val Max Gen Viol: 0.0000 | Val Max Thermal: 0.0918 [*SAVED BEST*]
Epoch 8900 | Val Loss: 233.9835 | Val Cost: 353108.34 | Val Max P-Miss: 1.8543 | Val Max Q-Miss: 0.9831 | Val Max Gen Viol: 0.0000 | Val Max Thermal: 0.0884
Epoch 9000 | Val Loss: 234.7337 | Val Cost: 352898.69 | Val Max P-Miss: 1.8437 | Val Max Q-Miss: 0.9670 | Val Max Gen Viol: 0.0000 | Val Max Thermal: 0.1369
Epoch 9100 | Val Loss: 235.1620 | Val Cost: 352816.03 | Val Max P-Miss: 1.8711 | Val Max Q-Miss: 0.9843 | Val Max Gen Viol: 0.0000 | Val Max Thermal: 0.1526
Epoch 9200 | Val Loss: 234.0979 | Val Cost: 352946.09 | Val Max P-Miss: 1.8551 | Val Max Q-Miss: 0.9850 | Val Max Gen Viol: 0.0000 | Val Max Thermal: 0.0893
Epoch 9300 | Val Loss: 233.8092 | Val Cost: 352856.59 | Val Max P-Miss: 1.8565 | Val Max Q-Miss: 0.9879 | Val Max Gen Viol: 0.0000 | Val Max Thermal: 0.0929 [*SAVED BEST*]
Epoch 9400 | Val Loss: 233.9011 | Val Cost: 352859.28 | Val Max P-Miss: 1.8582 | Val Max Q-Miss: 0.9845 | Val Max Gen Viol: 0.0000 | Val Max Thermal: 0.0703
Epoch 9500 | Val Loss: 233.8496 | Val Cost: 352766.47 | Val Max P-Miss: 1.8541 | Val Max Q-Miss: 0.9881 | Val Max Gen Viol: 0.0000 | Val Max Thermal: 0.0837
Epoch 9600 | Val Loss: 233.9306 | Val Cost: 352719.12 | Val Max P-Miss: 1.8581 | Val Max Q-Miss: 0.9822 | Val Max Gen Viol: 0.0000 | Val Max Thermal: 0.0841
Epoch 9700 | Val Loss: 233.8608 | Val Cost: 352664.53 | Val Max P-Miss: 1.8531 | Val Max Q-Miss: 0.9851 | Val Max Gen Viol: 0.0000 | Val Max Thermal: 0.0908
Epoch 9800 | Val Loss: 233.8289 | Val Cost: 352614.41 | Val Max P-Miss: 1.8584 | Val Max Q-Miss: 0.9817 | Val Max Gen Viol: 0.0000 | Val Max Thermal: 0.0980
Epoch 9900 | Val Loss: 234.0816 | Val Cost: 352581.53 | Val Max P-Miss: 1.8538 | Val Max Q-Miss: 0.9857 | Val Max Gen Viol: 0.0000 | Val Max Thermal: 0.0926

==================================================
Training Complete!
Total Training Time: 00h 30m 18.26s
Best model weights saved to: ./model/best_fsnet_model_pglib_opf_case300_ieee_10000epochs_20260724_023440.pth
==================================================

