Job ID: 8614
Executing: ACOPF_Hard_KKT.py --case_name pglib_opf_case162_ieee_dtc --epochs 10000
Node: issnode1
GPU Allocated: 0
CUDA Hardware Acceleration Active: NVIDIA GeForce RTX 4090

Beginning execution of parallelized training matrix loops for Hard KKT...
Epoch    0 | Val Loss: 259750.6875 | Val Cost: 82066.73 | Val Max P-Miss: 28.7779 | Val Max Q-Miss: 8.7226 | Val Max Gen Viol: 0.0000 | Val Max Thermal: 161.4406 [*SAVED BEST*]
Epoch  100 | Val Loss: 86.0859 | Val Cost: 73225.23 | Val Max P-Miss: 2.2619 | Val Max Q-Miss: 2.1271 | Val Max Gen Viol: 0.0000 | Val Max Thermal: 0.2513 [*SAVED BEST*]
Epoch  200 | Val Loss: 82.6715 | Val Cost: 71558.07 | Val Max P-Miss: 2.2700 | Val Max Q-Miss: 2.1071 | Val Max Gen Viol: 0.0000 | Val Max Thermal: 0.4554 [*SAVED BEST*]
Epoch  300 | Val Loss: 87.5194 | Val Cost: 71030.56 | Val Max P-Miss: 2.1571 | Val Max Q-Miss: 2.0917 | Val Max Gen Viol: 0.0008 | Val Max Thermal: 0.4127
Epoch  400 | Val Loss: 85.2300 | Val Cost: 70480.20 | Val Max P-Miss: 2.2260 | Val Max Q-Miss: 2.0797 | Val Max Gen Viol: 0.0031 | Val Max Thermal: 0.3997
Epoch  500 | Val Loss: 92.2370 | Val Cost: 71167.05 | Val Max P-Miss: 2.2538 | Val Max Q-Miss: 2.1218 | Val Max Gen Viol: 0.0040 | Val Max Thermal: 0.3964
Epoch  600 | Val Loss: 75.8549 | Val Cost: 70789.03 | Val Max P-Miss: 2.2318 | Val Max Q-Miss: 2.1032 | Val Max Gen Viol: 0.0044 | Val Max Thermal: 0.3825 [*SAVED BEST*]
Epoch  700 | Val Loss: 90.0462 | Val Cost: 70629.31 | Val Max P-Miss: 2.1846 | Val Max Q-Miss: 2.1263 | Val Max Gen Viol: 0.0046 | Val Max Thermal: 0.3221
Epoch  800 | Val Loss: 86.9359 | Val Cost: 70815.67 | Val Max P-Miss: 2.2385 | Val Max Q-Miss: 2.1331 | Val Max Gen Viol: 0.0048 | Val Max Thermal: 0.3554
Epoch  900 | Val Loss: 90.7586 | Val Cost: 70751.63 | Val Max P-Miss: 2.1845 | Val Max Q-Miss: 2.1336 | Val Max Gen Viol: 0.0049 | Val Max Thermal: 0.3728
Epoch 1000 | Val Loss: 87.7973 | Val Cost: 70722.41 | Val Max P-Miss: 2.2386 | Val Max Q-Miss: 2.1240 | Val Max Gen Viol: 0.0049 | Val Max Thermal: 0.3860
Epoch 1100 | Val Loss: 88.0177 | Val Cost: 70743.14 | Val Max P-Miss: 2.1765 | Val Max Q-Miss: 2.1511 | Val Max Gen Viol: 0.0049 | Val Max Thermal: 0.3860
Epoch 1200 | Val Loss: 91.5398 | Val Cost: 70603.43 | Val Max P-Miss: 2.2131 | Val Max Q-Miss: 2.1417 | Val Max Gen Viol: 0.0050 | Val Max Thermal: 0.3936
Epoch 1300 | Val Loss: 89.3484 | Val Cost: 70797.13 | Val Max P-Miss: 2.1455 | Val Max Q-Miss: 2.1383 | Val Max Gen Viol: 0.0050 | Val Max Thermal: 0.3742
Epoch 1400 | Val Loss: 89.9281 | Val Cost: 70798.25 | Val Max P-Miss: 2.0691 | Val Max Q-Miss: 2.1602 | Val Max Gen Viol: 0.0050 | Val Max Thermal: 0.3651
Epoch 1500 | Val Loss: 89.5234 | Val Cost: 70740.53 | Val Max P-Miss: 2.2072 | Val Max Q-Miss: 2.1519 | Val Max Gen Viol: 0.0050 | Val Max Thermal: 0.3398
Epoch 1600 | Val Loss: 87.8331 | Val Cost: 70571.46 | Val Max P-Miss: 2.1217 | Val Max Q-Miss: 2.1422 | Val Max Gen Viol: 0.0050 | Val Max Thermal: 0.3467
Epoch 1700 | Val Loss: 89.2409 | Val Cost: 70739.51 | Val Max P-Miss: 2.1100 | Val Max Q-Miss: 2.1237 | Val Max Gen Viol: 0.0050 | Val Max Thermal: 0.3491
Epoch 1800 | Val Loss: 88.8923 | Val Cost: 70439.69 | Val Max P-Miss: 2.1007 | Val Max Q-Miss: 2.1403 | Val Max Gen Viol: 0.0050 | Val Max Thermal: 0.3537
Epoch 1900 | Val Loss: 90.1906 | Val Cost: 70759.90 | Val Max P-Miss: 2.0509 | Val Max Q-Miss: 2.1440 | Val Max Gen Viol: 0.0050 | Val Max Thermal: 0.3531
Epoch 2000 | Val Loss: 91.2245 | Val Cost: 70817.86 | Val Max P-Miss: 2.1315 | Val Max Q-Miss: 2.1380 | Val Max Gen Viol: 0.0050 | Val Max Thermal: 0.3587
Epoch 2100 | Val Loss: 89.9394 | Val Cost: 70569.42 | Val Max P-Miss: 2.1521 | Val Max Q-Miss: 2.1127 | Val Max Gen Viol: 0.0050 | Val Max Thermal: 0.3765
Epoch 2200 | Val Loss: 89.3134 | Val Cost: 70810.12 | Val Max P-Miss: 2.0981 | Val Max Q-Miss: 2.1387 | Val Max Gen Viol: 0.0050 | Val Max Thermal: 0.3555
Epoch 2300 | Val Loss: 93.0792 | Val Cost: 70755.51 | Val Max P-Miss: 2.1674 | Val Max Q-Miss: 2.0961 | Val Max Gen Viol: 0.0050 | Val Max Thermal: 0.3472
Epoch 2400 | Val Loss: 89.9759 | Val Cost: 70856.96 | Val Max P-Miss: 2.1667 | Val Max Q-Miss: 2.1542 | Val Max Gen Viol: 0.0050 | Val Max Thermal: 0.3705
Epoch 2500 | Val Loss: 87.5656 | Val Cost: 70753.10 | Val Max P-Miss: 2.0465 | Val Max Q-Miss: 2.1361 | Val Max Gen Viol: 0.0050 | Val Max Thermal: 0.3887
Epoch 2600 | Val Loss: 86.3313 | Val Cost: 70623.01 | Val Max P-Miss: 2.1292 | Val Max Q-Miss: 2.1458 | Val Max Gen Viol: 0.0050 | Val Max Thermal: 0.3512
Epoch 2700 | Val Loss: 90.8982 | Val Cost: 70676.50 | Val Max P-Miss: 2.0960 | Val Max Q-Miss: 2.1614 | Val Max Gen Viol: 0.0050 | Val Max Thermal: 0.3855
Epoch 2800 | Val Loss: 88.8340 | Val Cost: 70578.44 | Val Max P-Miss: 2.1335 | Val Max Q-Miss: 2.1097 | Val Max Gen Viol: 0.0050 | Val Max Thermal: 0.3888
Epoch 2900 | Val Loss: 89.9700 | Val Cost: 70790.64 | Val Max P-Miss: 2.1310 | Val Max Q-Miss: 2.1599 | Val Max Gen Viol: 0.0050 | Val Max Thermal: 0.3660
Epoch 3000 | Val Loss: 87.8053 | Val Cost: 70345.96 | Val Max P-Miss: 2.1340 | Val Max Q-Miss: 2.1681 | Val Max Gen Viol: 0.0050 | Val Max Thermal: 0.3650
Epoch 3100 | Val Loss: 91.3388 | Val Cost: 70717.59 | Val Max P-Miss: 2.1314 | Val Max Q-Miss: 2.1108 | Val Max Gen Viol: 0.0050 | Val Max Thermal: 0.3600
Epoch 3200 | Val Loss: 91.6113 | Val Cost: 70717.98 | Val Max P-Miss: 2.1253 | Val Max Q-Miss: 2.1590 | Val Max Gen Viol: 0.0050 | Val Max Thermal: 0.3666
Epoch 3300 | Val Loss: 91.3276 | Val Cost: 70729.37 | Val Max P-Miss: 2.1669 | Val Max Q-Miss: 2.1392 | Val Max Gen Viol: 0.0050 | Val Max Thermal: 0.4277
Epoch 3400 | Val Loss: 88.9417 | Val Cost: 70586.94 | Val Max P-Miss: 2.1090 | Val Max Q-Miss: 2.1780 | Val Max Gen Viol: 0.0050 | Val Max Thermal: 0.3669
Epoch 3500 | Val Loss: 81.9942 | Val Cost: 70835.64 | Val Max P-Miss: 2.0986 | Val Max Q-Miss: 2.1768 | Val Max Gen Viol: 0.0050 | Val Max Thermal: 0.3636
Epoch 3600 | Val Loss: 90.1223 | Val Cost: 70564.76 | Val Max P-Miss: 2.0825 | Val Max Q-Miss: 2.1564 | Val Max Gen Viol: 0.0050 | Val Max Thermal: 0.3713
Epoch 3700 | Val Loss: 84.6344 | Val Cost: 70731.63 | Val Max P-Miss: 2.0897 | Val Max Q-Miss: 2.1459 | Val Max Gen Viol: 0.0050 | Val Max Thermal: 0.4250
Epoch 3800 | Val Loss: 88.4320 | Val Cost: 70739.09 | Val Max P-Miss: 2.1703 | Val Max Q-Miss: 2.1742 | Val Max Gen Viol: 0.0050 | Val Max Thermal: 0.3644
Epoch 3900 | Val Loss: 87.7055 | Val Cost: 70775.37 | Val Max P-Miss: 2.0792 | Val Max Q-Miss: 2.1068 | Val Max Gen Viol: 0.0050 | Val Max Thermal: 0.3705
Epoch 4000 | Val Loss: 82.1955 | Val Cost: 70531.50 | Val Max P-Miss: 2.0455 | Val Max Q-Miss: 2.1712 | Val Max Gen Viol: 0.0050 | Val Max Thermal: 0.3606
Epoch 4100 | Val Loss: 89.9666 | Val Cost: 70911.48 | Val Max P-Miss: 2.1328 | Val Max Q-Miss: 2.1597 | Val Max Gen Viol: 0.0050 | Val Max Thermal: 0.3680
Epoch 4200 | Val Loss: 87.1734 | Val Cost: 70700.98 | Val Max P-Miss: 2.1263 | Val Max Q-Miss: 2.1319 | Val Max Gen Viol: 0.0050 | Val Max Thermal: 0.3496
Epoch 4300 | Val Loss: 88.5883 | Val Cost: 70634.30 | Val Max P-Miss: 2.0437 | Val Max Q-Miss: 2.1594 | Val Max Gen Viol: 0.0050 | Val Max Thermal: 0.3544
Epoch 4400 | Val Loss: 86.7530 | Val Cost: 70558.44 | Val Max P-Miss: 2.0301 | Val Max Q-Miss: 2.1480 | Val Max Gen Viol: 0.0050 | Val Max Thermal: 0.3611
Epoch 4500 | Val Loss: 85.9003 | Val Cost: 70526.12 | Val Max P-Miss: 2.1291 | Val Max Q-Miss: 2.1920 | Val Max Gen Viol: 0.0050 | Val Max Thermal: 0.3696
Epoch 4600 | Val Loss: 88.2026 | Val Cost: 70516.93 | Val Max P-Miss: 2.1816 | Val Max Q-Miss: 2.1734 | Val Max Gen Viol: 0.0050 | Val Max Thermal: 0.3661
Epoch 4700 | Val Loss: 86.2407 | Val Cost: 70745.25 | Val Max P-Miss: 2.0800 | Val Max Q-Miss: 2.1758 | Val Max Gen Viol: 0.0050 | Val Max Thermal: 0.3426
Epoch 4800 | Val Loss: 87.3085 | Val Cost: 70680.16 | Val Max P-Miss: 2.1544 | Val Max Q-Miss: 2.1224 | Val Max Gen Viol: 0.0050 | Val Max Thermal: 0.3344
Epoch 4900 | Val Loss: 88.3979 | Val Cost: 70682.26 | Val Max P-Miss: 2.1921 | Val Max Q-Miss: 2.1592 | Val Max Gen Viol: 0.0050 | Val Max Thermal: 0.3610
Epoch 5000 | Val Loss: 84.5014 | Val Cost: 70608.52 | Val Max P-Miss: 2.1466 | Val Max Q-Miss: 2.1903 | Val Max Gen Viol: 0.0050 | Val Max Thermal: 0.3226
Epoch 5100 | Val Loss: 87.5143 | Val Cost: 70802.46 | Val Max P-Miss: 2.0798 | Val Max Q-Miss: 2.1441 | Val Max Gen Viol: 0.0050 | Val Max Thermal: 0.3526
Epoch 5200 | Val Loss: 87.6820 | Val Cost: 70803.61 | Val Max P-Miss: 2.1067 | Val Max Q-Miss: 2.1292 | Val Max Gen Viol: 0.0050 | Val Max Thermal: 0.3585
Epoch 5300 | Val Loss: 88.4863 | Val Cost: 70680.14 | Val Max P-Miss: 2.0642 | Val Max Q-Miss: 2.1619 | Val Max Gen Viol: 0.0050 | Val Max Thermal: 0.3617
Epoch 5400 | Val Loss: 88.5791 | Val Cost: 70644.74 | Val Max P-Miss: 2.2088 | Val Max Q-Miss: 2.1897 | Val Max Gen Viol: 0.0050 | Val Max Thermal: 0.3506
Epoch 5500 | Val Loss: 89.1778 | Val Cost: 70712.93 | Val Max P-Miss: 2.1318 | Val Max Q-Miss: 2.1570 | Val Max Gen Viol: 0.0050 | Val Max Thermal: 0.3645
Epoch 5600 | Val Loss: 88.4672 | Val Cost: 70655.32 | Val Max P-Miss: 2.0993 | Val Max Q-Miss: 2.1661 | Val Max Gen Viol: 0.0050 | Val Max Thermal: 0.3725
Epoch 5700 | Val Loss: 87.8887 | Val Cost: 70771.59 | Val Max P-Miss: 2.1031 | Val Max Q-Miss: 2.1758 | Val Max Gen Viol: 0.0050 | Val Max Thermal: 0.3623
Epoch 5800 | Val Loss: 88.5140 | Val Cost: 70407.92 | Val Max P-Miss: 2.1810 | Val Max Q-Miss: 2.1712 | Val Max Gen Viol: 0.0050 | Val Max Thermal: 0.3648
Epoch 5900 | Val Loss: 88.9088 | Val Cost: 70902.23 | Val Max P-Miss: 2.1918 | Val Max Q-Miss: 2.1862 | Val Max Gen Viol: 0.0050 | Val Max Thermal: 0.3539
Epoch 6000 | Val Loss: 89.8152 | Val Cost: 70355.95 | Val Max P-Miss: 2.1699 | Val Max Q-Miss: 2.1780 | Val Max Gen Viol: 0.0050 | Val Max Thermal: 0.3714
Epoch 6100 | Val Loss: 89.5094 | Val Cost: 70628.01 | Val Max P-Miss: 2.1789 | Val Max Q-Miss: 2.1746 | Val Max Gen Viol: 0.0050 | Val Max Thermal: 0.3654
Epoch 6200 | Val Loss: 87.8218 | Val Cost: 70576.27 | Val Max P-Miss: 2.0777 | Val Max Q-Miss: 2.1867 | Val Max Gen Viol: 0.0050 | Val Max Thermal: 0.3459
Epoch 6300 | Val Loss: 86.7906 | Val Cost: 70607.48 | Val Max P-Miss: 2.1552 | Val Max Q-Miss: 2.1665 | Val Max Gen Viol: 0.0050 | Val Max Thermal: 0.3446
Epoch 6400 | Val Loss: 90.0415 | Val Cost: 70977.59 | Val Max P-Miss: 2.1342 | Val Max Q-Miss: 2.1893 | Val Max Gen Viol: 0.0050 | Val Max Thermal: 0.3183
Epoch 6500 | Val Loss: 88.3742 | Val Cost: 70373.20 | Val Max P-Miss: 2.1103 | Val Max Q-Miss: 2.1673 | Val Max Gen Viol: 0.0050 | Val Max Thermal: 0.3484
Epoch 6600 | Val Loss: 88.9396 | Val Cost: 70578.46 | Val Max P-Miss: 2.1349 | Val Max Q-Miss: 2.1943 | Val Max Gen Viol: 0.0050 | Val Max Thermal: 0.3496
Epoch 6700 | Val Loss: 88.9256 | Val Cost: 70586.22 | Val Max P-Miss: 2.2430 | Val Max Q-Miss: 2.1965 | Val Max Gen Viol: 0.0050 | Val Max Thermal: 0.3544
Epoch 6800 | Val Loss: 89.2568 | Val Cost: 70776.66 | Val Max P-Miss: 2.1257 | Val Max Q-Miss: 2.1800 | Val Max Gen Viol: 0.0050 | Val Max Thermal: 0.3571
Epoch 6900 | Val Loss: 89.3221 | Val Cost: 70696.67 | Val Max P-Miss: 2.1077 | Val Max Q-Miss: 2.2000 | Val Max Gen Viol: 0.0050 | Val Max Thermal: 0.3465
Epoch 7000 | Val Loss: 89.1155 | Val Cost: 70700.90 | Val Max P-Miss: 2.0926 | Val Max Q-Miss: 2.1828 | Val Max Gen Viol: 0.0050 | Val Max Thermal: 0.3510
Epoch 7100 | Val Loss: 91.6388 | Val Cost: 70788.91 | Val Max P-Miss: 2.1272 | Val Max Q-Miss: 2.1924 | Val Max Gen Viol: 0.0050 | Val Max Thermal: 0.3575
Epoch 7200 | Val Loss: 90.3164 | Val Cost: 70545.62 | Val Max P-Miss: 2.2085 | Val Max Q-Miss: 2.1843 | Val Max Gen Viol: 0.0050 | Val Max Thermal: 0.3599
Epoch 7300 | Val Loss: 88.1078 | Val Cost: 70679.52 | Val Max P-Miss: 2.2581 | Val Max Q-Miss: 2.1695 | Val Max Gen Viol: 0.0050 | Val Max Thermal: 0.3861
Epoch 7400 | Val Loss: 89.7699 | Val Cost: 70947.98 | Val Max P-Miss: 2.1861 | Val Max Q-Miss: 2.1803 | Val Max Gen Viol: 0.0050 | Val Max Thermal: 0.3350
Epoch 7500 | Val Loss: 89.9561 | Val Cost: 70452.47 | Val Max P-Miss: 2.1232 | Val Max Q-Miss: 2.1862 | Val Max Gen Viol: 0.0050 | Val Max Thermal: 0.3712
Epoch 7600 | Val Loss: 89.0565 | Val Cost: 70620.34 | Val Max P-Miss: 2.1105 | Val Max Q-Miss: 2.1861 | Val Max Gen Viol: 0.0050 | Val Max Thermal: 0.3405
Epoch 7700 | Val Loss: 89.9391 | Val Cost: 70697.34 | Val Max P-Miss: 2.1113 | Val Max Q-Miss: 2.1839 | Val Max Gen Viol: 0.0050 | Val Max Thermal: 0.3451
Epoch 7800 | Val Loss: 89.7722 | Val Cost: 70802.62 | Val Max P-Miss: 2.1329 | Val Max Q-Miss: 2.1728 | Val Max Gen Viol: 0.0050 | Val Max Thermal: 0.3912
Epoch 7900 | Val Loss: 89.2572 | Val Cost: 70635.70 | Val Max P-Miss: 2.0956 | Val Max Q-Miss: 2.1718 | Val Max Gen Viol: 0.0050 | Val Max Thermal: 0.3501
Epoch 8000 | Val Loss: 89.5808 | Val Cost: 70693.12 | Val Max P-Miss: 2.1078 | Val Max Q-Miss: 2.1848 | Val Max Gen Viol: 0.0050 | Val Max Thermal: 0.3467
Epoch 8100 | Val Loss: 89.6431 | Val Cost: 70578.62 | Val Max P-Miss: 2.0821 | Val Max Q-Miss: 2.1692 | Val Max Gen Viol: 0.0050 | Val Max Thermal: 0.3463
Epoch 8200 | Val Loss: 91.1223 | Val Cost: 70698.18 | Val Max P-Miss: 2.1353 | Val Max Q-Miss: 2.1563 | Val Max Gen Viol: 0.0050 | Val Max Thermal: 0.3684
Epoch 8300 | Val Loss: 88.0643 | Val Cost: 70815.12 | Val Max P-Miss: 2.0761 | Val Max Q-Miss: 2.1601 | Val Max Gen Viol: 0.0050 | Val Max Thermal: 0.3453
Epoch 8400 | Val Loss: 91.1376 | Val Cost: 70753.16 | Val Max P-Miss: 2.0935 | Val Max Q-Miss: 2.1819 | Val Max Gen Viol: 0.0050 | Val Max Thermal: 0.3782
Epoch 8500 | Val Loss: 91.3768 | Val Cost: 70694.05 | Val Max P-Miss: 2.1885 | Val Max Q-Miss: 2.1875 | Val Max Gen Viol: 0.0050 | Val Max Thermal: 0.3572
Epoch 8600 | Val Loss: 90.3185 | Val Cost: 70606.51 | Val Max P-Miss: 2.1459 | Val Max Q-Miss: 2.2028 | Val Max Gen Viol: 0.0050 | Val Max Thermal: 0.3525
Epoch 8700 | Val Loss: 88.2935 | Val Cost: 70696.88 | Val Max P-Miss: 2.1708 | Val Max Q-Miss: 2.1894 | Val Max Gen Viol: 0.0050 | Val Max Thermal: 0.3605
Epoch 8800 | Val Loss: 89.5111 | Val Cost: 70738.16 | Val Max P-Miss: 2.2294 | Val Max Q-Miss: 2.1771 | Val Max Gen Viol: 0.0050 | Val Max Thermal: 0.3504
Epoch 8900 | Val Loss: 90.7688 | Val Cost: 70734.53 | Val Max P-Miss: 2.0806 | Val Max Q-Miss: 2.1941 | Val Max Gen Viol: 0.0050 | Val Max Thermal: 0.3599
Epoch 9000 | Val Loss: 88.2827 | Val Cost: 70703.84 | Val Max P-Miss: 2.0914 | Val Max Q-Miss: 2.1793 | Val Max Gen Viol: 0.0050 | Val Max Thermal: 0.3701
Epoch 9100 | Val Loss: 89.6018 | Val Cost: 70707.23 | Val Max P-Miss: 2.1769 | Val Max Q-Miss: 2.1799 | Val Max Gen Viol: 0.0050 | Val Max Thermal: 0.3623
Epoch 9200 | Val Loss: 88.7457 | Val Cost: 70584.07 | Val Max P-Miss: 2.1793 | Val Max Q-Miss: 2.1377 | Val Max Gen Viol: 0.0050 | Val Max Thermal: 0.3632
Epoch 9300 | Val Loss: 88.4969 | Val Cost: 70725.68 | Val Max P-Miss: 2.0596 | Val Max Q-Miss: 2.1880 | Val Max Gen Viol: 0.0050 | Val Max Thermal: 0.3524
Epoch 9400 | Val Loss: 86.5458 | Val Cost: 70509.77 | Val Max P-Miss: 2.1752 | Val Max Q-Miss: 2.1563 | Val Max Gen Viol: 0.0050 | Val Max Thermal: 0.3424
Epoch 9500 | Val Loss: 87.5869 | Val Cost: 70637.62 | Val Max P-Miss: 2.1163 | Val Max Q-Miss: 2.1960 | Val Max Gen Viol: 0.0050 | Val Max Thermal: 0.3527
Epoch 9600 | Val Loss: 86.8985 | Val Cost: 70832.53 | Val Max P-Miss: 2.1298 | Val Max Q-Miss: 2.1885 | Val Max Gen Viol: 0.0050 | Val Max Thermal: 0.3216
Epoch 9700 | Val Loss: 88.3777 | Val Cost: 70719.46 | Val Max P-Miss: 2.0901 | Val Max Q-Miss: 2.1961 | Val Max Gen Viol: 0.0050 | Val Max Thermal: 0.3408
Epoch 9800 | Val Loss: 87.1898 | Val Cost: 70527.17 | Val Max P-Miss: 2.0953 | Val Max Q-Miss: 2.1751 | Val Max Gen Viol: 0.0050 | Val Max Thermal: 0.3532
Epoch 9900 | Val Loss: 89.4602 | Val Cost: 70716.85 | Val Max P-Miss: 2.0749 | Val Max Q-Miss: 2.1968 | Val Max Gen Viol: 0.0050 | Val Max Thermal: 0.3487

==================================================
Training Complete!
Total Training Time: 00h 34m 46.16s
Best model weights saved to: ./model/best_hardkkt_pglib_opf_case162_ieee_dtc_10000epochs_20260724_093853.pth
==================================================

