Job ID: 8626
Executing: ACOPF_pinn_rahul.py --case_name pglib_opf_case14_ieee --epochs 10000
Node: issnode1
GPU Allocated: 0
CUDA Hardware Acceleration Active: NVIDIA GeForce RTX 4090
Problem Geometry Linked -> Matrix Samples: 10000

Beginning execution of parallelized training matrix loops for Rahul KKT PINN...
Epoch    0 | Val Loss: 149.4038 | Val Cost: 1955.90 | Val Max P-Miss: 0.5336 | Val Max Q-Miss: 0.4950 | Val Max Gen Viol: 0.0000 | Val Max Thermal: 0.0000 [*SAVED BEST*]
Epoch  100 | Val Loss: 15.7981 | Val Cost: 2377.55 | Val Max P-Miss: 0.2666 | Val Max Q-Miss: 0.0994 | Val Max Gen Viol: 0.0000 | Val Max Thermal: 0.0000 [*SAVED BEST*]
Epoch  200 | Val Loss: 28.7493 | Val Cost: 2620.10 | Val Max P-Miss: 0.3476 | Val Max Q-Miss: 0.1714 | Val Max Gen Viol: 0.0000 | Val Max Thermal: 0.0000
Epoch  300 | Val Loss: 134.5160 | Val Cost: 3226.67 | Val Max P-Miss: 0.5969 | Val Max Q-Miss: 0.2921 | Val Max Gen Viol: 0.0000 | Val Max Thermal: 0.0000
Epoch  400 | Val Loss: 141.3966 | Val Cost: 3014.39 | Val Max P-Miss: 0.8674 | Val Max Q-Miss: 0.3862 | Val Max Gen Viol: 0.0000 | Val Max Thermal: 0.0000
Epoch  500 | Val Loss: 113.7000 | Val Cost: 2746.60 | Val Max P-Miss: 0.7165 | Val Max Q-Miss: 0.2109 | Val Max Gen Viol: 0.0000 | Val Max Thermal: 0.0000
Epoch  600 | Val Loss: 111.8575 | Val Cost: 2578.06 | Val Max P-Miss: 0.8313 | Val Max Q-Miss: 0.4148 | Val Max Gen Viol: 0.0000 | Val Max Thermal: 0.0000
Epoch  700 | Val Loss: 159.1783 | Val Cost: 2885.02 | Val Max P-Miss: 0.9169 | Val Max Q-Miss: 0.5304 | Val Max Gen Viol: 0.0000 | Val Max Thermal: 0.0000
Epoch  800 | Val Loss: 148.5410 | Val Cost: 2856.91 | Val Max P-Miss: 0.8478 | Val Max Q-Miss: 0.2729 | Val Max Gen Viol: 0.0000 | Val Max Thermal: 0.0000
Epoch  900 | Val Loss: 121.4935 | Val Cost: 2891.81 | Val Max P-Miss: 0.8014 | Val Max Q-Miss: 0.2799 | Val Max Gen Viol: 0.0000 | Val Max Thermal: 0.0000
Epoch 1000 | Val Loss: 210.0602 | Val Cost: 3347.87 | Val Max P-Miss: 0.6969 | Val Max Q-Miss: 0.5741 | Val Max Gen Viol: 0.0000 | Val Max Thermal: 0.0000
Epoch 1100 | Val Loss: 175.4724 | Val Cost: 2791.22 | Val Max P-Miss: 0.7136 | Val Max Q-Miss: 0.4538 | Val Max Gen Viol: 0.0000 | Val Max Thermal: 0.0000
Epoch 1200 | Val Loss: 128.5814 | Val Cost: 3157.51 | Val Max P-Miss: 0.6084 | Val Max Q-Miss: 0.5452 | Val Max Gen Viol: 0.0000 | Val Max Thermal: 0.0000
Epoch 1300 | Val Loss: 117.3714 | Val Cost: 2996.91 | Val Max P-Miss: 0.5148 | Val Max Q-Miss: 0.5312 | Val Max Gen Viol: 0.0000 | Val Max Thermal: 0.0000
Epoch 1400 | Val Loss: 449.6957 | Val Cost: 2846.06 | Val Max P-Miss: 1.4029 | Val Max Q-Miss: 0.7329 | Val Max Gen Viol: 0.0000 | Val Max Thermal: 0.0000
Epoch 1500 | Val Loss: 91.6665 | Val Cost: 2646.90 | Val Max P-Miss: 0.5430 | Val Max Q-Miss: 0.3355 | Val Max Gen Viol: 0.0000 | Val Max Thermal: 0.0000
Epoch 1600 | Val Loss: 85.2254 | Val Cost: 3032.75 | Val Max P-Miss: 0.4356 | Val Max Q-Miss: 0.4332 | Val Max Gen Viol: 0.0000 | Val Max Thermal: 0.0000
Epoch 1700 | Val Loss: 48.9239 | Val Cost: 2895.19 | Val Max P-Miss: 0.4645 | Val Max Q-Miss: 0.1937 | Val Max Gen Viol: 0.0000 | Val Max Thermal: 0.0000
Epoch 1800 | Val Loss: 81.9348 | Val Cost: 3142.99 | Val Max P-Miss: 0.5272 | Val Max Q-Miss: 0.3792 | Val Max Gen Viol: 0.0000 | Val Max Thermal: 0.0000
Epoch 1900 | Val Loss: 118.5773 | Val Cost: 2899.88 | Val Max P-Miss: 0.9069 | Val Max Q-Miss: 0.3028 | Val Max Gen Viol: 0.0000 | Val Max Thermal: 0.0000
Epoch 2000 | Val Loss: 144.5507 | Val Cost: 3076.99 | Val Max P-Miss: 0.9070 | Val Max Q-Miss: 0.2916 | Val Max Gen Viol: 0.0000 | Val Max Thermal: 0.0000
Epoch 2100 | Val Loss: 65.2068 | Val Cost: 2613.63 | Val Max P-Miss: 0.5082 | Val Max Q-Miss: 0.3451 | Val Max Gen Viol: 0.0000 | Val Max Thermal: 0.0000
Epoch 2200 | Val Loss: 195.2927 | Val Cost: 2692.67 | Val Max P-Miss: 0.7509 | Val Max Q-Miss: 0.3862 | Val Max Gen Viol: 0.0000 | Val Max Thermal: 0.0000
Epoch 2300 | Val Loss: 67.2249 | Val Cost: 2809.00 | Val Max P-Miss: 0.5513 | Val Max Q-Miss: 0.2360 | Val Max Gen Viol: 0.0000 | Val Max Thermal: 0.0000
Epoch 2400 | Val Loss: 75.1802 | Val Cost: 2621.39 | Val Max P-Miss: 0.4840 | Val Max Q-Miss: 0.2570 | Val Max Gen Viol: 0.0000 | Val Max Thermal: 0.0000
Epoch 2500 | Val Loss: 168.5487 | Val Cost: 2925.72 | Val Max P-Miss: 0.7310 | Val Max Q-Miss: 0.3453 | Val Max Gen Viol: 0.0000 | Val Max Thermal: 0.0000
Epoch 2600 | Val Loss: 199.8096 | Val Cost: 2504.10 | Val Max P-Miss: 0.8366 | Val Max Q-Miss: 0.4363 | Val Max Gen Viol: 0.0000 | Val Max Thermal: 0.0000
Epoch 2700 | Val Loss: 86.0073 | Val Cost: 2467.05 | Val Max P-Miss: 0.6235 | Val Max Q-Miss: 0.3889 | Val Max Gen Viol: 0.0000 | Val Max Thermal: 0.0000
Epoch 2800 | Val Loss: 63.7971 | Val Cost: 2970.16 | Val Max P-Miss: 0.4463 | Val Max Q-Miss: 0.3750 | Val Max Gen Viol: 0.0000 | Val Max Thermal: 0.0000
Epoch 2900 | Val Loss: 74.3007 | Val Cost: 2798.58 | Val Max P-Miss: 0.6480 | Val Max Q-Miss: 0.3847 | Val Max Gen Viol: 0.0000 | Val Max Thermal: 0.0000
Epoch 3000 | Val Loss: 66.8013 | Val Cost: 2918.50 | Val Max P-Miss: 0.5287 | Val Max Q-Miss: 0.2476 | Val Max Gen Viol: 0.0000 | Val Max Thermal: 0.0000
Epoch 3100 | Val Loss: 35.4524 | Val Cost: 2616.86 | Val Max P-Miss: 0.5226 | Val Max Q-Miss: 0.1781 | Val Max Gen Viol: 0.0000 | Val Max Thermal: 0.0000
Epoch 3200 | Val Loss: 116.4557 | Val Cost: 3080.22 | Val Max P-Miss: 0.4605 | Val Max Q-Miss: 0.5267 | Val Max Gen Viol: 0.0000 | Val Max Thermal: 0.0000
Epoch 3300 | Val Loss: 151.9605 | Val Cost: 2528.38 | Val Max P-Miss: 0.8961 | Val Max Q-Miss: 0.4444 | Val Max Gen Viol: 0.0000 | Val Max Thermal: 0.0000
Epoch 3400 | Val Loss: 107.0732 | Val Cost: 2913.89 | Val Max P-Miss: 0.5005 | Val Max Q-Miss: 0.4395 | Val Max Gen Viol: 0.0000 | Val Max Thermal: 0.0000
Epoch 3500 | Val Loss: 168.9617 | Val Cost: 2589.63 | Val Max P-Miss: 0.9287 | Val Max Q-Miss: 0.2453 | Val Max Gen Viol: 0.0000 | Val Max Thermal: 0.0000
Epoch 3600 | Val Loss: 81.3158 | Val Cost: 2555.53 | Val Max P-Miss: 0.6403 | Val Max Q-Miss: 0.1897 | Val Max Gen Viol: 0.0000 | Val Max Thermal: 0.0000
Epoch 3700 | Val Loss: 196.5697 | Val Cost: 2592.89 | Val Max P-Miss: 0.8813 | Val Max Q-Miss: 0.3045 | Val Max Gen Viol: 0.0000 | Val Max Thermal: 0.0000
Epoch 3800 | Val Loss: 314.9703 | Val Cost: 2595.22 | Val Max P-Miss: 0.9850 | Val Max Q-Miss: 0.5597 | Val Max Gen Viol: 0.0000 | Val Max Thermal: 0.0000
Epoch 3900 | Val Loss: 81.0699 | Val Cost: 2629.86 | Val Max P-Miss: 0.6630 | Val Max Q-Miss: 0.2788 | Val Max Gen Viol: 0.0000 | Val Max Thermal: 0.0000
Epoch 4000 | Val Loss: 73.0110 | Val Cost: 2846.77 | Val Max P-Miss: 0.4264 | Val Max Q-Miss: 0.2233 | Val Max Gen Viol: 0.0000 | Val Max Thermal: 0.0000
Epoch 4100 | Val Loss: 67.6203 | Val Cost: 2868.30 | Val Max P-Miss: 0.4495 | Val Max Q-Miss: 0.4417 | Val Max Gen Viol: 0.0000 | Val Max Thermal: 0.0000
Epoch 4200 | Val Loss: 29.3280 | Val Cost: 2531.96 | Val Max P-Miss: 0.3967 | Val Max Q-Miss: 0.1717 | Val Max Gen Viol: 0.0000 | Val Max Thermal: 0.0000
Epoch 4300 | Val Loss: 78.1872 | Val Cost: 2711.05 | Val Max P-Miss: 0.4703 | Val Max Q-Miss: 0.2315 | Val Max Gen Viol: 0.0000 | Val Max Thermal: 0.0000
Epoch 4400 | Val Loss: 106.3677 | Val Cost: 2630.01 | Val Max P-Miss: 0.8867 | Val Max Q-Miss: 0.2202 | Val Max Gen Viol: 0.0000 | Val Max Thermal: 0.0000
Epoch 4500 | Val Loss: 76.7903 | Val Cost: 2660.28 | Val Max P-Miss: 0.6688 | Val Max Q-Miss: 0.3235 | Val Max Gen Viol: 0.0000 | Val Max Thermal: 0.0000
Epoch 4600 | Val Loss: 90.8133 | Val Cost: 2577.14 | Val Max P-Miss: 0.6587 | Val Max Q-Miss: 0.1235 | Val Max Gen Viol: 0.0000 | Val Max Thermal: 0.0000
Epoch 4700 | Val Loss: 76.7806 | Val Cost: 2668.48 | Val Max P-Miss: 0.6866 | Val Max Q-Miss: 0.1975 | Val Max Gen Viol: 0.0000 | Val Max Thermal: 0.0000
Epoch 4800 | Val Loss: 70.8052 | Val Cost: 2747.02 | Val Max P-Miss: 0.4684 | Val Max Q-Miss: 0.2720 | Val Max Gen Viol: 0.0000 | Val Max Thermal: 0.0000
Epoch 4900 | Val Loss: 52.4898 | Val Cost: 2585.10 | Val Max P-Miss: 0.5665 | Val Max Q-Miss: 0.1551 | Val Max Gen Viol: 0.0000 | Val Max Thermal: 0.0000
Epoch 5000 | Val Loss: 93.3532 | Val Cost: 2681.87 | Val Max P-Miss: 0.5768 | Val Max Q-Miss: 0.1839 | Val Max Gen Viol: 0.0000 | Val Max Thermal: 0.0000
Epoch 5100 | Val Loss: 108.5469 | Val Cost: 3025.46 | Val Max P-Miss: 0.7271 | Val Max Q-Miss: 0.3720 | Val Max Gen Viol: 0.0000 | Val Max Thermal: 0.0000
Epoch 5200 | Val Loss: 79.5557 | Val Cost: 2796.23 | Val Max P-Miss: 0.5139 | Val Max Q-Miss: 0.3057 | Val Max Gen Viol: 0.0000 | Val Max Thermal: 0.0000
Epoch 5300 | Val Loss: 142.9268 | Val Cost: 2647.98 | Val Max P-Miss: 0.7053 | Val Max Q-Miss: 0.2753 | Val Max Gen Viol: 0.0000 | Val Max Thermal: 0.0000
Epoch 5400 | Val Loss: 118.6178 | Val Cost: 2528.34 | Val Max P-Miss: 0.5748 | Val Max Q-Miss: 0.3424 | Val Max Gen Viol: 0.0000 | Val Max Thermal: 0.0000
Epoch 5500 | Val Loss: 47.2714 | Val Cost: 2598.39 | Val Max P-Miss: 0.3704 | Val Max Q-Miss: 0.1713 | Val Max Gen Viol: 0.0000 | Val Max Thermal: 0.0000
Epoch 5600 | Val Loss: 59.0533 | Val Cost: 2654.08 | Val Max P-Miss: 0.4177 | Val Max Q-Miss: 0.2351 | Val Max Gen Viol: 0.0000 | Val Max Thermal: 0.0000
Epoch 5700 | Val Loss: 97.6774 | Val Cost: 2598.93 | Val Max P-Miss: 0.7149 | Val Max Q-Miss: 0.3716 | Val Max Gen Viol: 0.0000 | Val Max Thermal: 0.0000
Epoch 5800 | Val Loss: 156.2061 | Val Cost: 2611.84 | Val Max P-Miss: 0.8410 | Val Max Q-Miss: 0.2747 | Val Max Gen Viol: 0.0000 | Val Max Thermal: 0.0000
Epoch 5900 | Val Loss: 52.4631 | Val Cost: 2797.60 | Val Max P-Miss: 0.5672 | Val Max Q-Miss: 0.2582 | Val Max Gen Viol: 0.0000 | Val Max Thermal: 0.0000
Epoch 6000 | Val Loss: 29.2850 | Val Cost: 2690.95 | Val Max P-Miss: 0.3670 | Val Max Q-Miss: 0.2026 | Val Max Gen Viol: 0.0000 | Val Max Thermal: 0.0000
Epoch 6100 | Val Loss: 34.1690 | Val Cost: 2485.13 | Val Max P-Miss: 0.4895 | Val Max Q-Miss: 0.2247 | Val Max Gen Viol: 0.0000 | Val Max Thermal: 0.0000
Epoch 6200 | Val Loss: 82.7801 | Val Cost: 2586.30 | Val Max P-Miss: 0.6100 | Val Max Q-Miss: 0.1689 | Val Max Gen Viol: 0.0000 | Val Max Thermal: 0.0000
Epoch 6300 | Val Loss: 103.2276 | Val Cost: 2804.43 | Val Max P-Miss: 0.7847 | Val Max Q-Miss: 0.2548 | Val Max Gen Viol: 0.0000 | Val Max Thermal: 0.0000
Epoch 6400 | Val Loss: 73.4922 | Val Cost: 2580.21 | Val Max P-Miss: 0.6527 | Val Max Q-Miss: 0.1811 | Val Max Gen Viol: 0.0000 | Val Max Thermal: 0.0000
Epoch 6500 | Val Loss: 45.8717 | Val Cost: 2709.41 | Val Max P-Miss: 0.4459 | Val Max Q-Miss: 0.2073 | Val Max Gen Viol: 0.0000 | Val Max Thermal: 0.0000
Epoch 6600 | Val Loss: 50.5515 | Val Cost: 2567.25 | Val Max P-Miss: 0.5827 | Val Max Q-Miss: 0.1741 | Val Max Gen Viol: 0.0000 | Val Max Thermal: 0.0000
Epoch 6700 | Val Loss: 80.3511 | Val Cost: 2727.74 | Val Max P-Miss: 0.5908 | Val Max Q-Miss: 0.2397 | Val Max Gen Viol: 0.0000 | Val Max Thermal: 0.0000
Epoch 6800 | Val Loss: 56.7397 | Val Cost: 2668.85 | Val Max P-Miss: 0.6884 | Val Max Q-Miss: 0.2659 | Val Max Gen Viol: 0.0000 | Val Max Thermal: 0.0000
Epoch 6900 | Val Loss: 58.1832 | Val Cost: 2726.70 | Val Max P-Miss: 0.5316 | Val Max Q-Miss: 0.3334 | Val Max Gen Viol: 0.0000 | Val Max Thermal: 0.0000
Epoch 7000 | Val Loss: 100.8769 | Val Cost: 2622.44 | Val Max P-Miss: 0.7907 | Val Max Q-Miss: 0.1928 | Val Max Gen Viol: 0.0000 | Val Max Thermal: 0.0000
Epoch 7100 | Val Loss: 135.7585 | Val Cost: 2751.28 | Val Max P-Miss: 0.7110 | Val Max Q-Miss: 0.2850 | Val Max Gen Viol: 0.0000 | Val Max Thermal: 0.0000
Epoch 7200 | Val Loss: 88.8879 | Val Cost: 2703.33 | Val Max P-Miss: 0.4711 | Val Max Q-Miss: 0.3344 | Val Max Gen Viol: 0.0000 | Val Max Thermal: 0.0000
Epoch 7300 | Val Loss: 128.4260 | Val Cost: 2588.95 | Val Max P-Miss: 0.6325 | Val Max Q-Miss: 0.3186 | Val Max Gen Viol: 0.0000 | Val Max Thermal: 0.0000
Epoch 7400 | Val Loss: 23.6623 | Val Cost: 2652.55 | Val Max P-Miss: 0.2973 | Val Max Q-Miss: 0.1690 | Val Max Gen Viol: 0.0000 | Val Max Thermal: 0.0000
Epoch 7500 | Val Loss: 119.1494 | Val Cost: 2654.11 | Val Max P-Miss: 0.7902 | Val Max Q-Miss: 0.2794 | Val Max Gen Viol: 0.0000 | Val Max Thermal: 0.0000
Epoch 7600 | Val Loss: 75.6214 | Val Cost: 2611.27 | Val Max P-Miss: 0.6721 | Val Max Q-Miss: 0.3208 | Val Max Gen Viol: 0.0000 | Val Max Thermal: 0.0000
Epoch 7700 | Val Loss: 81.4294 | Val Cost: 2713.52 | Val Max P-Miss: 0.4168 | Val Max Q-Miss: 0.4123 | Val Max Gen Viol: 0.0000 | Val Max Thermal: 0.0000
Epoch 7800 | Val Loss: 111.4182 | Val Cost: 2550.52 | Val Max P-Miss: 0.6204 | Val Max Q-Miss: 0.3677 | Val Max Gen Viol: 0.0000 | Val Max Thermal: 0.0000
Epoch 7900 | Val Loss: 91.4677 | Val Cost: 2690.95 | Val Max P-Miss: 0.6249 | Val Max Q-Miss: 0.2009 | Val Max Gen Viol: 0.0000 | Val Max Thermal: 0.0000
Epoch 8000 | Val Loss: 70.5677 | Val Cost: 2707.92 | Val Max P-Miss: 0.5881 | Val Max Q-Miss: 0.2268 | Val Max Gen Viol: 0.0000 | Val Max Thermal: 0.0000
Epoch 8100 | Val Loss: 101.1781 | Val Cost: 2707.12 | Val Max P-Miss: 0.7179 | Val Max Q-Miss: 0.1497 | Val Max Gen Viol: 0.0000 | Val Max Thermal: 0.0000
Epoch 8200 | Val Loss: 45.3557 | Val Cost: 2631.81 | Val Max P-Miss: 0.6028 | Val Max Q-Miss: 0.2380 | Val Max Gen Viol: 0.0000 | Val Max Thermal: 0.0000
Epoch 8300 | Val Loss: 34.3520 | Val Cost: 2651.16 | Val Max P-Miss: 0.4055 | Val Max Q-Miss: 0.1371 | Val Max Gen Viol: 0.0000 | Val Max Thermal: 0.0000
Epoch 8400 | Val Loss: 58.5532 | Val Cost: 2673.53 | Val Max P-Miss: 0.4110 | Val Max Q-Miss: 0.2277 | Val Max Gen Viol: 0.0000 | Val Max Thermal: 0.0000
Epoch 8500 | Val Loss: 110.3385 | Val Cost: 2552.91 | Val Max P-Miss: 0.7281 | Val Max Q-Miss: 0.3003 | Val Max Gen Viol: 0.0000 | Val Max Thermal: 0.0000
Epoch 8600 | Val Loss: 79.3096 | Val Cost: 2744.62 | Val Max P-Miss: 0.6065 | Val Max Q-Miss: 0.2244 | Val Max Gen Viol: 0.0000 | Val Max Thermal: 0.0000
Epoch 8700 | Val Loss: 84.5643 | Val Cost: 2645.79 | Val Max P-Miss: 0.5498 | Val Max Q-Miss: 0.2155 | Val Max Gen Viol: 0.0000 | Val Max Thermal: 0.0000
Epoch 8800 | Val Loss: 48.3207 | Val Cost: 2656.44 | Val Max P-Miss: 0.4965 | Val Max Q-Miss: 0.1511 | Val Max Gen Viol: 0.0000 | Val Max Thermal: 0.0000
Epoch 8900 | Val Loss: 93.2188 | Val Cost: 2759.49 | Val Max P-Miss: 0.5814 | Val Max Q-Miss: 0.3391 | Val Max Gen Viol: 0.0000 | Val Max Thermal: 0.0000
Epoch 9000 | Val Loss: 76.1850 | Val Cost: 2682.61 | Val Max P-Miss: 0.6228 | Val Max Q-Miss: 0.2044 | Val Max Gen Viol: 0.0000 | Val Max Thermal: 0.0000
Epoch 9100 | Val Loss: 71.0021 | Val Cost: 2758.26 | Val Max P-Miss: 0.5061 | Val Max Q-Miss: 0.2241 | Val Max Gen Viol: 0.0000 | Val Max Thermal: 0.0000
Epoch 9200 | Val Loss: 70.9991 | Val Cost: 2632.03 | Val Max P-Miss: 0.6105 | Val Max Q-Miss: 0.1604 | Val Max Gen Viol: 0.0000 | Val Max Thermal: 0.0000
Epoch 9300 | Val Loss: 52.0166 | Val Cost: 2582.90 | Val Max P-Miss: 0.5401 | Val Max Q-Miss: 0.2846 | Val Max Gen Viol: 0.0000 | Val Max Thermal: 0.0000
Epoch 9400 | Val Loss: 53.1181 | Val Cost: 2677.15 | Val Max P-Miss: 0.5574 | Val Max Q-Miss: 0.2432 | Val Max Gen Viol: 0.0000 | Val Max Thermal: 0.0000
Epoch 9500 | Val Loss: 473.4341 | Val Cost: 2601.08 | Val Max P-Miss: 1.1763 | Val Max Q-Miss: 0.5161 | Val Max Gen Viol: 0.0000 | Val Max Thermal: 0.0000
Epoch 9600 | Val Loss: 51.8774 | Val Cost: 2622.58 | Val Max P-Miss: 0.3429 | Val Max Q-Miss: 0.2755 | Val Max Gen Viol: 0.0000 | Val Max Thermal: 0.0000
Epoch 9700 | Val Loss: 26.5826 | Val Cost: 2615.40 | Val Max P-Miss: 0.4074 | Val Max Q-Miss: 0.1640 | Val Max Gen Viol: 0.0000 | Val Max Thermal: 0.0000
Epoch 9800 | Val Loss: 29.6633 | Val Cost: 2533.95 | Val Max P-Miss: 0.3796 | Val Max Q-Miss: 0.1530 | Val Max Gen Viol: 0.0000 | Val Max Thermal: 0.0000
Epoch 9900 | Val Loss: 61.8373 | Val Cost: 2664.15 | Val Max P-Miss: 0.6720 | Val Max Q-Miss: 0.2812 | Val Max Gen Viol: 0.0000 | Val Max Thermal: 0.0000

==================================================
Training Complete!
Total Training Time: 00h 11m 18.22s
Best model weights saved to: ./model/best_rahul_model_pglib_opf_case14_ieee_10000epochs_20260724_204341.pth
==================================================

