Job ID: 8654
Executing: ACOPF_pinn_rahul.py --case_name pglib_opf_case300_ieee --epochs 10000
Node: issnode1
GPU Allocated: 0
CUDA Hardware Acceleration Active: NVIDIA GeForce RTX 4090
Problem Geometry Linked -> Matrix Samples: 10000

Beginning execution of parallelized training matrix loops for Rahul KKT PINN...
Epoch    0 | Val Loss: 66173.1250 | Val Cost: 515400.09 | Val Max P-Miss: 70.7664 | Val Max Q-Miss: 26.7840 | Val Max Gen Viol: 0.0000 | Val Max Thermal: 0.0000 [*SAVED BEST*]
Epoch  100 | Val Loss: 43.1343 | Val Cost: 673839.81 | Val Max P-Miss: 1.8311 | Val Max Q-Miss: 1.1795 | Val Max Gen Viol: 0.0000 | Val Max Thermal: 1.0929 [*SAVED BEST*]
Epoch  200 | Val Loss: 38.4977 | Val Cost: 697399.19 | Val Max P-Miss: 2.2340 | Val Max Q-Miss: 1.0002 | Val Max Gen Viol: 0.0000 | Val Max Thermal: 0.3482 [*SAVED BEST*]
Epoch  300 | Val Loss: 33.5738 | Val Cost: 706248.25 | Val Max P-Miss: 1.6179 | Val Max Q-Miss: 0.9548 | Val Max Gen Viol: 0.0000 | Val Max Thermal: 0.5284 [*SAVED BEST*]
Epoch  400 | Val Loss: 39.0537 | Val Cost: 707595.44 | Val Max P-Miss: 2.3723 | Val Max Q-Miss: 1.0106 | Val Max Gen Viol: 0.0000 | Val Max Thermal: 0.2034
Epoch  500 | Val Loss: 30.9431 | Val Cost: 721114.50 | Val Max P-Miss: 1.6734 | Val Max Q-Miss: 0.9771 | Val Max Gen Viol: 0.0000 | Val Max Thermal: 0.3737 [*SAVED BEST*]
Epoch  600 | Val Loss: 156.6918 | Val Cost: 684215.56 | Val Max P-Miss: 2.2413 | Val Max Q-Miss: 1.1894 | Val Max Gen Viol: 0.0000 | Val Max Thermal: 0.0000
Epoch  700 | Val Loss: 55.2510 | Val Cost: 728581.19 | Val Max P-Miss: 2.4545 | Val Max Q-Miss: 0.9952 | Val Max Gen Viol: 0.0000 | Val Max Thermal: 0.1062
Epoch  800 | Val Loss: 286.9814 | Val Cost: 721884.19 | Val Max P-Miss: 3.2788 | Val Max Q-Miss: 1.1277 | Val Max Gen Viol: 0.0000 | Val Max Thermal: 0.0051
Epoch  900 | Val Loss: 63.2528 | Val Cost: 733237.69 | Val Max P-Miss: 2.7141 | Val Max Q-Miss: 0.9903 | Val Max Gen Viol: 0.0000 | Val Max Thermal: 0.4292
Epoch 1000 | Val Loss: 70.0287 | Val Cost: 732991.25 | Val Max P-Miss: 2.9298 | Val Max Q-Miss: 0.9982 | Val Max Gen Viol: 0.0000 | Val Max Thermal: 0.2151
Epoch 1100 | Val Loss: 157.6676 | Val Cost: 734364.31 | Val Max P-Miss: 4.6128 | Val Max Q-Miss: 1.0261 | Val Max Gen Viol: 0.0000 | Val Max Thermal: 0.4481
Epoch 1200 | Val Loss: 97.6665 | Val Cost: 733816.12 | Val Max P-Miss: 3.7059 | Val Max Q-Miss: 1.0029 | Val Max Gen Viol: 0.0000 | Val Max Thermal: 0.2318
Epoch 1300 | Val Loss: 779.8257 | Val Cost: 727568.19 | Val Max P-Miss: 6.1037 | Val Max Q-Miss: 1.3919 | Val Max Gen Viol: 0.0000 | Val Max Thermal: 0.0000
Epoch 1400 | Val Loss: 98.6569 | Val Cost: 728620.06 | Val Max P-Miss: 3.6652 | Val Max Q-Miss: 1.0411 | Val Max Gen Viol: 0.0000 | Val Max Thermal: 0.0639
Epoch 1500 | Val Loss: 181.4772 | Val Cost: 733940.62 | Val Max P-Miss: 5.4107 | Val Max Q-Miss: 1.7957 | Val Max Gen Viol: 0.0000 | Val Max Thermal: 0.2137
Epoch 1600 | Val Loss: 1544.9282 | Val Cost: 728614.25 | Val Max P-Miss: 6.8171 | Val Max Q-Miss: 1.6737 | Val Max Gen Viol: 0.0000 | Val Max Thermal: 0.2125
Epoch 1700 | Val Loss: 215.1297 | Val Cost: 730588.69 | Val Max P-Miss: 5.4165 | Val Max Q-Miss: 1.0870 | Val Max Gen Viol: 0.0000 | Val Max Thermal: 0.4606
Epoch 1800 | Val Loss: 316.3376 | Val Cost: 727212.94 | Val Max P-Miss: 6.6036 | Val Max Q-Miss: 1.0557 | Val Max Gen Viol: 0.0000 | Val Max Thermal: 0.3139
Epoch 1900 | Val Loss: 398.5641 | Val Cost: 728531.62 | Val Max P-Miss: 6.8177 | Val Max Q-Miss: 1.0706 | Val Max Gen Viol: 0.0000 | Val Max Thermal: 0.0023
Epoch 2000 | Val Loss: 246.2431 | Val Cost: 720434.62 | Val Max P-Miss: 6.2255 | Val Max Q-Miss: 2.4949 | Val Max Gen Viol: 0.0000 | Val Max Thermal: 0.4035
Epoch 2100 | Val Loss: 1730.0634 | Val Cost: 705955.25 | Val Max P-Miss: 9.1630 | Val Max Q-Miss: 1.2460 | Val Max Gen Viol: 0.0000 | Val Max Thermal: 0.4055
Epoch 2200 | Val Loss: 3142.9490 | Val Cost: 713815.50 | Val Max P-Miss: 13.5170 | Val Max Q-Miss: 2.3175 | Val Max Gen Viol: 0.0000 | Val Max Thermal: 0.2467
Epoch 2300 | Val Loss: 269.8755 | Val Cost: 712094.75 | Val Max P-Miss: 6.0333 | Val Max Q-Miss: 1.2635 | Val Max Gen Viol: 0.0000 | Val Max Thermal: 0.1910
Epoch 2400 | Val Loss: 418.7913 | Val Cost: 714828.31 | Val Max P-Miss: 7.3767 | Val Max Q-Miss: 1.1297 | Val Max Gen Viol: 0.0000 | Val Max Thermal: 0.4907
Epoch 2500 | Val Loss: 870.0511 | Val Cost: 715240.00 | Val Max P-Miss: 10.6345 | Val Max Q-Miss: 5.1905 | Val Max Gen Viol: 0.0000 | Val Max Thermal: 0.3851
Epoch 2600 | Val Loss: 810.3735 | Val Cost: 717346.31 | Val Max P-Miss: 9.4493 | Val Max Q-Miss: 2.0142 | Val Max Gen Viol: 0.0000 | Val Max Thermal: 0.3874
Epoch 2700 | Val Loss: 658.2984 | Val Cost: 719969.06 | Val Max P-Miss: 9.3180 | Val Max Q-Miss: 1.7694 | Val Max Gen Viol: 0.0000 | Val Max Thermal: 0.3584
Epoch 2800 | Val Loss: 552.9993 | Val Cost: 715877.69 | Val Max P-Miss: 8.3926 | Val Max Q-Miss: 1.8833 | Val Max Gen Viol: 0.0000 | Val Max Thermal: 0.4512
Epoch 2900 | Val Loss: 699.2437 | Val Cost: 716727.12 | Val Max P-Miss: 1.6894 | Val Max Q-Miss: 1.1818 | Val Max Gen Viol: 0.0000 | Val Max Thermal: 0.0052
Epoch 3000 | Val Loss: 426.0448 | Val Cost: 712938.38 | Val Max P-Miss: 6.9023 | Val Max Q-Miss: 1.5146 | Val Max Gen Viol: 0.0000 | Val Max Thermal: 0.4214
Epoch 3100 | Val Loss: 807.7406 | Val Cost: 714643.38 | Val Max P-Miss: 6.2738 | Val Max Q-Miss: 1.8009 | Val Max Gen Viol: 0.0000 | Val Max Thermal: 0.0025
Epoch 3200 | Val Loss: 591.5206 | Val Cost: 711075.12 | Val Max P-Miss: 7.9676 | Val Max Q-Miss: 1.8478 | Val Max Gen Viol: 0.0000 | Val Max Thermal: 0.2203
Epoch 3300 | Val Loss: 501.1516 | Val Cost: 716423.12 | Val Max P-Miss: 7.9967 | Val Max Q-Miss: 1.7128 | Val Max Gen Viol: 0.0000 | Val Max Thermal: 0.1939
Epoch 3400 | Val Loss: 590.3146 | Val Cost: 703580.19 | Val Max P-Miss: 3.9628 | Val Max Q-Miss: 2.0666 | Val Max Gen Viol: 0.0000 | Val Max Thermal: 0.0381
Epoch 3500 | Val Loss: 708.1456 | Val Cost: 700844.44 | Val Max P-Miss: 8.8607 | Val Max Q-Miss: 2.7316 | Val Max Gen Viol: 0.0000 | Val Max Thermal: 0.2713
Epoch 3600 | Val Loss: 6746.1846 | Val Cost: 693832.69 | Val Max P-Miss: 12.9984 | Val Max Q-Miss: 5.7210 | Val Max Gen Viol: 0.0000 | Val Max Thermal: 0.1435
Epoch 3700 | Val Loss: 967.2159 | Val Cost: 715863.75 | Val Max P-Miss: 6.8098 | Val Max Q-Miss: 3.0647 | Val Max Gen Viol: 0.0000 | Val Max Thermal: 0.2065
Epoch 3800 | Val Loss: 694.1978 | Val Cost: 702233.06 | Val Max P-Miss: 8.7139 | Val Max Q-Miss: 2.8325 | Val Max Gen Viol: 0.0000 | Val Max Thermal: 0.2915
Epoch 3900 | Val Loss: 576.4960 | Val Cost: 709219.00 | Val Max P-Miss: 7.9470 | Val Max Q-Miss: 5.1955 | Val Max Gen Viol: 0.0000 | Val Max Thermal: 0.2507
Epoch 4000 | Val Loss: 738.0016 | Val Cost: 702394.19 | Val Max P-Miss: 2.5621 | Val Max Q-Miss: 1.7658 | Val Max Gen Viol: 0.0000 | Val Max Thermal: 0.1654
Epoch 4100 | Val Loss: 709.8784 | Val Cost: 704141.75 | Val Max P-Miss: 5.0486 | Val Max Q-Miss: 1.9814 | Val Max Gen Viol: 0.0000 | Val Max Thermal: 0.1598
Epoch 4200 | Val Loss: 568.0814 | Val Cost: 703346.88 | Val Max P-Miss: 3.9004 | Val Max Q-Miss: 2.1806 | Val Max Gen Viol: 0.0000 | Val Max Thermal: 0.3404
Epoch 4300 | Val Loss: 2307.8162 | Val Cost: 686554.25 | Val Max P-Miss: 11.1944 | Val Max Q-Miss: 7.2363 | Val Max Gen Viol: 0.0000 | Val Max Thermal: 0.1294
Epoch 4400 | Val Loss: 697.3892 | Val Cost: 694685.88 | Val Max P-Miss: 8.3828 | Val Max Q-Miss: 2.9514 | Val Max Gen Viol: 0.0000 | Val Max Thermal: 0.7543
Epoch 4500 | Val Loss: 552.9213 | Val Cost: 691270.19 | Val Max P-Miss: 6.9134 | Val Max Q-Miss: 2.3928 | Val Max Gen Viol: 0.0000 | Val Max Thermal: 0.3921
Epoch 4600 | Val Loss: 3697.4624 | Val Cost: 701921.69 | Val Max P-Miss: 18.9963 | Val Max Q-Miss: 8.8949 | Val Max Gen Viol: 0.0000 | Val Max Thermal: 0.1105
Epoch 4700 | Val Loss: 501.9992 | Val Cost: 677609.38 | Val Max P-Miss: 2.7173 | Val Max Q-Miss: 1.5450 | Val Max Gen Viol: 0.0000 | Val Max Thermal: 0.1096
Epoch 4800 | Val Loss: 848.6424 | Val Cost: 671470.62 | Val Max P-Miss: 8.6708 | Val Max Q-Miss: 3.4819 | Val Max Gen Viol: 0.0000 | Val Max Thermal: 1.0267
Epoch 4900 | Val Loss: 494.6710 | Val Cost: 673317.12 | Val Max P-Miss: 6.3318 | Val Max Q-Miss: 2.3059 | Val Max Gen Viol: 0.0000 | Val Max Thermal: 1.1578
Epoch 5000 | Val Loss: 777.2201 | Val Cost: 674955.81 | Val Max P-Miss: 4.2086 | Val Max Q-Miss: 2.4050 | Val Max Gen Viol: 0.0000 | Val Max Thermal: 0.0117
Epoch 5100 | Val Loss: 517.3127 | Val Cost: 673929.62 | Val Max P-Miss: 3.0172 | Val Max Q-Miss: 2.0689 | Val Max Gen Viol: 0.0000 | Val Max Thermal: 0.2064
Epoch 5200 | Val Loss: 737.7131 | Val Cost: 673854.88 | Val Max P-Miss: 9.7728 | Val Max Q-Miss: 5.5301 | Val Max Gen Viol: 0.0000 | Val Max Thermal: 0.8678
Epoch 5300 | Val Loss: 3323.3296 | Val Cost: 671918.38 | Val Max P-Miss: 11.8250 | Val Max Q-Miss: 4.7877 | Val Max Gen Viol: 0.0000 | Val Max Thermal: 1.5927
Epoch 5400 | Val Loss: 1100.7393 | Val Cost: 675330.75 | Val Max P-Miss: 5.9057 | Val Max Q-Miss: 2.2621 | Val Max Gen Viol: 0.0000 | Val Max Thermal: 0.5547
Epoch 5500 | Val Loss: 682.0834 | Val Cost: 674275.12 | Val Max P-Miss: 4.1805 | Val Max Q-Miss: 2.6803 | Val Max Gen Viol: 0.0000 | Val Max Thermal: 0.5370
Epoch 5600 | Val Loss: 1430.1925 | Val Cost: 673977.62 | Val Max P-Miss: 4.9275 | Val Max Q-Miss: 2.2157 | Val Max Gen Viol: 0.0000 | Val Max Thermal: 0.8989
Epoch 5700 | Val Loss: 898.7554 | Val Cost: 669232.06 | Val Max P-Miss: 5.3087 | Val Max Q-Miss: 2.5943 | Val Max Gen Viol: 0.0000 | Val Max Thermal: 0.6380
Epoch 5800 | Val Loss: 1033.1542 | Val Cost: 674672.44 | Val Max P-Miss: 2.3632 | Val Max Q-Miss: 1.5906 | Val Max Gen Viol: 0.0000 | Val Max Thermal: 0.6864
Epoch 5900 | Val Loss: 901.6588 | Val Cost: 664091.94 | Val Max P-Miss: 3.8459 | Val Max Q-Miss: 1.9835 | Val Max Gen Viol: 0.0000 | Val Max Thermal: 2.0594
Epoch 6000 | Val Loss: 775.6368 | Val Cost: 667849.31 | Val Max P-Miss: 6.7187 | Val Max Q-Miss: 2.9206 | Val Max Gen Viol: 0.0000 | Val Max Thermal: 0.8984
Epoch 6100 | Val Loss: 2026.4443 | Val Cost: 668556.94 | Val Max P-Miss: 14.3402 | Val Max Q-Miss: 6.6948 | Val Max Gen Viol: 0.0000 | Val Max Thermal: 0.5020
Epoch 6200 | Val Loss: 843.2322 | Val Cost: 670637.19 | Val Max P-Miss: 8.6366 | Val Max Q-Miss: 1.5177 | Val Max Gen Viol: 0.0000 | Val Max Thermal: 0.8921
Epoch 6300 | Val Loss: 460.0221 | Val Cost: 673754.38 | Val Max P-Miss: 2.1072 | Val Max Q-Miss: 1.6671 | Val Max Gen Viol: 0.0000 | Val Max Thermal: 1.6198
Epoch 6400 | Val Loss: 1255.0991 | Val Cost: 645245.75 | Val Max P-Miss: 9.1589 | Val Max Q-Miss: 3.7838 | Val Max Gen Viol: 0.0000 | Val Max Thermal: 0.8257
Epoch 6500 | Val Loss: 940.4659 | Val Cost: 671527.62 | Val Max P-Miss: 2.1577 | Val Max Q-Miss: 1.6443 | Val Max Gen Viol: 0.0000 | Val Max Thermal: 0.8244
Epoch 6600 | Val Loss: 370.0681 | Val Cost: 671041.81 | Val Max P-Miss: 2.2595 | Val Max Q-Miss: 1.6005 | Val Max Gen Viol: 0.0000 | Val Max Thermal: 0.3670
Epoch 6700 | Val Loss: 1035.4961 | Val Cost: 671099.06 | Val Max P-Miss: 2.1621 | Val Max Q-Miss: 1.5994 | Val Max Gen Viol: 0.0000 | Val Max Thermal: 0.3191
Epoch 6800 | Val Loss: 1709.7472 | Val Cost: 672713.06 | Val Max P-Miss: 6.3282 | Val Max Q-Miss: 3.5152 | Val Max Gen Viol: 0.0000 | Val Max Thermal: 1.3366
Epoch 6900 | Val Loss: 2272.5874 | Val Cost: 671529.94 | Val Max P-Miss: 7.4509 | Val Max Q-Miss: 3.7085 | Val Max Gen Viol: 0.0000 | Val Max Thermal: 2.4132
Epoch 7000 | Val Loss: 970.0367 | Val Cost: 670159.50 | Val Max P-Miss: 10.4275 | Val Max Q-Miss: 4.2320 | Val Max Gen Viol: 0.0000 | Val Max Thermal: 1.6623
Epoch 7100 | Val Loss: 433.2926 | Val Cost: 667826.44 | Val Max P-Miss: 2.0920 | Val Max Q-Miss: 1.6084 | Val Max Gen Viol: 0.0000 | Val Max Thermal: 1.4694
Epoch 7200 | Val Loss: 1982.3937 | Val Cost: 665268.69 | Val Max P-Miss: 4.1051 | Val Max Q-Miss: 2.5262 | Val Max Gen Viol: 0.0000 | Val Max Thermal: 2.1106
Epoch 7300 | Val Loss: 1237.7454 | Val Cost: 667556.25 | Val Max P-Miss: 7.1316 | Val Max Q-Miss: 2.7516 | Val Max Gen Viol: 0.0000 | Val Max Thermal: 0.8949
Epoch 7400 | Val Loss: 493.3443 | Val Cost: 666164.44 | Val Max P-Miss: 6.2755 | Val Max Q-Miss: 3.7599 | Val Max Gen Viol: 0.0000 | Val Max Thermal: 1.0512
Epoch 7500 | Val Loss: 416.3615 | Val Cost: 669121.94 | Val Max P-Miss: 2.8480 | Val Max Q-Miss: 1.6573 | Val Max Gen Viol: 0.0000 | Val Max Thermal: 0.2321
Epoch 7600 | Val Loss: 2140.0569 | Val Cost: 669318.62 | Val Max P-Miss: 13.2720 | Val Max Q-Miss: 7.2288 | Val Max Gen Viol: 0.0000 | Val Max Thermal: 0.5676
Epoch 7700 | Val Loss: 1918.8608 | Val Cost: 654269.06 | Val Max P-Miss: 2.9058 | Val Max Q-Miss: 1.7847 | Val Max Gen Viol: 0.0000 | Val Max Thermal: 0.7487
Epoch 7800 | Val Loss: 766.0254 | Val Cost: 671548.69 | Val Max P-Miss: 2.0980 | Val Max Q-Miss: 1.6389 | Val Max Gen Viol: 0.0000 | Val Max Thermal: 1.8820
Epoch 7900 | Val Loss: 997.9874 | Val Cost: 666828.69 | Val Max P-Miss: 4.7391 | Val Max Q-Miss: 2.7825 | Val Max Gen Viol: 0.0000 | Val Max Thermal: 0.2684
Epoch 8000 | Val Loss: 531.6531 | Val Cost: 665707.81 | Val Max P-Miss: 2.1261 | Val Max Q-Miss: 1.6372 | Val Max Gen Viol: 0.0000 | Val Max Thermal: 0.4701
Epoch 8100 | Val Loss: 549.4813 | Val Cost: 669303.50 | Val Max P-Miss: 2.0891 | Val Max Q-Miss: 1.6163 | Val Max Gen Viol: 0.0000 | Val Max Thermal: 1.1180
Epoch 8200 | Val Loss: 495.1068 | Val Cost: 668995.25 | Val Max P-Miss: 2.0898 | Val Max Q-Miss: 1.5759 | Val Max Gen Viol: 0.0000 | Val Max Thermal: 0.6140
Epoch 8300 | Val Loss: 471.2734 | Val Cost: 671745.69 | Val Max P-Miss: 2.0958 | Val Max Q-Miss: 1.5750 | Val Max Gen Viol: 0.0000 | Val Max Thermal: 0.6869
Epoch 8400 | Val Loss: 1337.2844 | Val Cost: 668644.88 | Val Max P-Miss: 8.5568 | Val Max Q-Miss: 1.6530 | Val Max Gen Viol: 0.0000 | Val Max Thermal: 0.6064
Epoch 8500 | Val Loss: 566.5739 | Val Cost: 664362.12 | Val Max P-Miss: 2.0840 | Val Max Q-Miss: 1.6151 | Val Max Gen Viol: 0.0000 | Val Max Thermal: 0.4106
Epoch 8600 | Val Loss: 1264.4105 | Val Cost: 662451.50 | Val Max P-Miss: 2.3476 | Val Max Q-Miss: 1.5913 | Val Max Gen Viol: 0.0000 | Val Max Thermal: 1.0255
Epoch 8700 | Val Loss: 883.4986 | Val Cost: 665210.38 | Val Max P-Miss: 7.4955 | Val Max Q-Miss: 4.2327 | Val Max Gen Viol: 0.0000 | Val Max Thermal: 0.5769
Epoch 8800 | Val Loss: 960.1686 | Val Cost: 661403.75 | Val Max P-Miss: 5.1851 | Val Max Q-Miss: 2.2401 | Val Max Gen Viol: 0.0000 | Val Max Thermal: 2.6509
Epoch 8900 | Val Loss: 267.9244 | Val Cost: 662763.69 | Val Max P-Miss: 3.2368 | Val Max Q-Miss: 1.6058 | Val Max Gen Viol: 0.0000 | Val Max Thermal: 1.5727
Epoch 9000 | Val Loss: 1302.4181 | Val Cost: 668047.25 | Val Max P-Miss: 3.4813 | Val Max Q-Miss: 1.5252 | Val Max Gen Viol: 0.0000 | Val Max Thermal: 0.8996
Epoch 9100 | Val Loss: 1021.2621 | Val Cost: 631778.06 | Val Max P-Miss: 2.1000 | Val Max Q-Miss: 2.7524 | Val Max Gen Viol: 0.0000 | Val Max Thermal: 0.4163
Epoch 9200 | Val Loss: 662.6819 | Val Cost: 631770.50 | Val Max P-Miss: 2.7187 | Val Max Q-Miss: 2.7215 | Val Max Gen Viol: 0.0000 | Val Max Thermal: 0.4108
Epoch 9300 | Val Loss: 2657.6250 | Val Cost: 633096.44 | Val Max P-Miss: 7.7101 | Val Max Q-Miss: 2.6328 | Val Max Gen Viol: 0.0000 | Val Max Thermal: 1.2136
Epoch 9400 | Val Loss: 638.3104 | Val Cost: 631424.19 | Val Max P-Miss: 2.1703 | Val Max Q-Miss: 2.6571 | Val Max Gen Viol: 0.0000 | Val Max Thermal: 1.4852
Epoch 9500 | Val Loss: 586.4105 | Val Cost: 633332.94 | Val Max P-Miss: 2.0931 | Val Max Q-Miss: 2.6782 | Val Max Gen Viol: 0.0000 | Val Max Thermal: 0.1879
Epoch 9600 | Val Loss: 1193.3557 | Val Cost: 634333.19 | Val Max P-Miss: 4.3604 | Val Max Q-Miss: 2.6698 | Val Max Gen Viol: 0.0000 | Val Max Thermal: 2.1621
Epoch 9700 | Val Loss: 2118.6509 | Val Cost: 635412.00 | Val Max P-Miss: 4.3408 | Val Max Q-Miss: 2.5121 | Val Max Gen Viol: 0.0000 | Val Max Thermal: 0.6449
Epoch 9800 | Val Loss: 990.1319 | Val Cost: 633199.25 | Val Max P-Miss: 2.8359 | Val Max Q-Miss: 2.5821 | Val Max Gen Viol: 0.0000 | Val Max Thermal: 1.7092
Epoch 9900 | Val Loss: 1420.3263 | Val Cost: 633200.69 | Val Max P-Miss: 2.2231 | Val Max Q-Miss: 2.4979 | Val Max Gen Viol: 0.0000 | Val Max Thermal: 0.6087

==================================================
Training Complete!
Total Training Time: 00h 11m 47.29s
Best model weights saved to: ./model/best_rahul_model_pglib_opf_case300_ieee_10000epochs_20260724_233544.pth
==================================================

