Job ID: 8655
Executing: ACOPF_pinn_rahul.py --case_name pglib_opf_case300_ieee --epochs 10000
Node: issnode1
GPU Allocated: 0
CUDA Hardware Acceleration Active: NVIDIA GeForce RTX 4090
Problem Geometry Linked -> Matrix Samples: 10000

Beginning execution of parallelized training matrix loops for Rahul KKT PINN...
Epoch    0 | Val Loss: 131296.5625 | Val Cost: 515525.34 | Val Max P-Miss: 55.7361 | Val Max Q-Miss: 16.1082 | Val Max Gen Viol: 0.0000 | Val Max Thermal: 0.0000 [*SAVED BEST*]
Epoch  100 | Val Loss: 39.5820 | Val Cost: 681016.81 | Val Max P-Miss: 1.8479 | Val Max Q-Miss: 1.1410 | Val Max Gen Viol: 0.0000 | Val Max Thermal: 0.7296 [*SAVED BEST*]
Epoch  200 | Val Loss: 32.6073 | Val Cost: 700592.56 | Val Max P-Miss: 1.7628 | Val Max Q-Miss: 0.9573 | Val Max Gen Viol: 0.0000 | Val Max Thermal: 0.2864 [*SAVED BEST*]
Epoch  300 | Val Loss: 38.2843 | Val Cost: 707934.38 | Val Max P-Miss: 1.9816 | Val Max Q-Miss: 0.9581 | Val Max Gen Viol: 0.0000 | Val Max Thermal: 0.1361
Epoch  400 | Val Loss: 33.9851 | Val Cost: 707928.00 | Val Max P-Miss: 1.6488 | Val Max Q-Miss: 1.0101 | Val Max Gen Viol: 0.0000 | Val Max Thermal: 0.0051
Epoch  500 | Val Loss: 34.3120 | Val Cost: 723824.25 | Val Max P-Miss: 1.8866 | Val Max Q-Miss: 0.9786 | Val Max Gen Viol: 0.0000 | Val Max Thermal: 0.2459
Epoch  600 | Val Loss: 44.4587 | Val Cost: 726292.62 | Val Max P-Miss: 2.0892 | Val Max Q-Miss: 0.9715 | Val Max Gen Viol: 0.0000 | Val Max Thermal: 0.1196
Epoch  700 | Val Loss: 87.3765 | Val Cost: 723698.31 | Val Max P-Miss: 1.6664 | Val Max Q-Miss: 0.9788 | Val Max Gen Viol: 0.0000 | Val Max Thermal: 0.0000
Epoch  800 | Val Loss: 60.6290 | Val Cost: 735043.88 | Val Max P-Miss: 2.4851 | Val Max Q-Miss: 0.9918 | Val Max Gen Viol: 0.0000 | Val Max Thermal: 0.1798
Epoch  900 | Val Loss: 101.8034 | Val Cost: 732909.75 | Val Max P-Miss: 3.5833 | Val Max Q-Miss: 0.9920 | Val Max Gen Viol: 0.0000 | Val Max Thermal: 0.1921
Epoch 1000 | Val Loss: 70.8785 | Val Cost: 736647.69 | Val Max P-Miss: 3.0570 | Val Max Q-Miss: 1.0105 | Val Max Gen Viol: 0.0000 | Val Max Thermal: 0.3237
Epoch 1100 | Val Loss: 108.8921 | Val Cost: 734242.75 | Val Max P-Miss: 3.7773 | Val Max Q-Miss: 1.0307 | Val Max Gen Viol: 0.0000 | Val Max Thermal: 0.4107
Epoch 1200 | Val Loss: 135.2977 | Val Cost: 728142.25 | Val Max P-Miss: 4.1660 | Val Max Q-Miss: 1.0614 | Val Max Gen Viol: 0.0000 | Val Max Thermal: 0.4188
Epoch 1300 | Val Loss: 47.0243 | Val Cost: 730907.19 | Val Max P-Miss: 2.3129 | Val Max Q-Miss: 0.9809 | Val Max Gen Viol: 0.0000 | Val Max Thermal: 0.0716
Epoch 1400 | Val Loss: 152.9409 | Val Cost: 724481.31 | Val Max P-Miss: 4.6086 | Val Max Q-Miss: 1.1227 | Val Max Gen Viol: 0.0000 | Val Max Thermal: 0.4101
Epoch 1500 | Val Loss: 147.3996 | Val Cost: 722302.00 | Val Max P-Miss: 4.4838 | Val Max Q-Miss: 1.1116 | Val Max Gen Viol: 0.0000 | Val Max Thermal: 0.3397
Epoch 1600 | Val Loss: 232.9950 | Val Cost: 713254.69 | Val Max P-Miss: 6.0697 | Val Max Q-Miss: 2.0287 | Val Max Gen Viol: 0.0000 | Val Max Thermal: 0.2827
Epoch 1700 | Val Loss: 252.5129 | Val Cost: 711429.31 | Val Max P-Miss: 5.8684 | Val Max Q-Miss: 1.3055 | Val Max Gen Viol: 0.0000 | Val Max Thermal: 0.2760
Epoch 1800 | Val Loss: 191.2926 | Val Cost: 706479.12 | Val Max P-Miss: 5.4049 | Val Max Q-Miss: 1.0652 | Val Max Gen Viol: 0.0000 | Val Max Thermal: 0.3143
Epoch 1900 | Val Loss: 279.7583 | Val Cost: 697387.56 | Val Max P-Miss: 6.2197 | Val Max Q-Miss: 1.5223 | Val Max Gen Viol: 0.0000 | Val Max Thermal: 0.4378
Epoch 2000 | Val Loss: 878.8982 | Val Cost: 702559.38 | Val Max P-Miss: 2.0141 | Val Max Q-Miss: 1.3597 | Val Max Gen Viol: 0.0000 | Val Max Thermal: 0.0416
Epoch 2100 | Val Loss: 263.6391 | Val Cost: 696926.75 | Val Max P-Miss: 6.0884 | Val Max Q-Miss: 1.4179 | Val Max Gen Viol: 0.0000 | Val Max Thermal: 0.2350
Epoch 2200 | Val Loss: 365.8584 | Val Cost: 695795.62 | Val Max P-Miss: 4.1269 | Val Max Q-Miss: 1.0089 | Val Max Gen Viol: 0.0000 | Val Max Thermal: 0.2437
Epoch 2300 | Val Loss: 364.8522 | Val Cost: 697636.50 | Val Max P-Miss: 7.0836 | Val Max Q-Miss: 1.7379 | Val Max Gen Viol: 0.0000 | Val Max Thermal: 0.2342
Epoch 2400 | Val Loss: 1002.1212 | Val Cost: 703357.19 | Val Max P-Miss: 5.6335 | Val Max Q-Miss: 1.6501 | Val Max Gen Viol: 0.0000 | Val Max Thermal: 0.4195
Epoch 2500 | Val Loss: 495.8501 | Val Cost: 696551.88 | Val Max P-Miss: 8.0002 | Val Max Q-Miss: 2.2583 | Val Max Gen Viol: 0.0000 | Val Max Thermal: 0.4365
Epoch 2600 | Val Loss: 457.9094 | Val Cost: 700514.06 | Val Max P-Miss: 7.9810 | Val Max Q-Miss: 1.9582 | Val Max Gen Viol: 0.0000 | Val Max Thermal: 0.0900
Epoch 2700 | Val Loss: 2936.7078 | Val Cost: 698281.75 | Val Max P-Miss: 15.1545 | Val Max Q-Miss: 5.0027 | Val Max Gen Viol: 0.0000 | Val Max Thermal: 0.3457
Epoch 2800 | Val Loss: 1704.2043 | Val Cost: 705498.50 | Val Max P-Miss: 9.6074 | Val Max Q-Miss: 2.5694 | Val Max Gen Viol: 0.0000 | Val Max Thermal: 0.0352
Epoch 2900 | Val Loss: 439.6661 | Val Cost: 700466.56 | Val Max P-Miss: 7.5641 | Val Max Q-Miss: 2.6713 | Val Max Gen Viol: 0.0000 | Val Max Thermal: 0.1952
Epoch 3000 | Val Loss: 439.4390 | Val Cost: 700269.50 | Val Max P-Miss: 7.4619 | Val Max Q-Miss: 2.5652 | Val Max Gen Viol: 0.0000 | Val Max Thermal: 0.2973
Epoch 3100 | Val Loss: 363.9204 | Val Cost: 702562.44 | Val Max P-Miss: 6.9756 | Val Max Q-Miss: 1.9085 | Val Max Gen Viol: 0.0000 | Val Max Thermal: 0.2661
Epoch 3200 | Val Loss: 1633.5670 | Val Cost: 707255.75 | Val Max P-Miss: 3.9195 | Val Max Q-Miss: 1.4259 | Val Max Gen Viol: 0.0000 | Val Max Thermal: 0.1505
Epoch 3300 | Val Loss: 649.0187 | Val Cost: 705111.00 | Val Max P-Miss: 9.3259 | Val Max Q-Miss: 2.8277 | Val Max Gen Viol: 0.0000 | Val Max Thermal: 0.2317
Epoch 3400 | Val Loss: 1097.4058 | Val Cost: 706347.56 | Val Max P-Miss: 4.3088 | Val Max Q-Miss: 1.2709 | Val Max Gen Viol: 0.0000 | Val Max Thermal: 0.4181
Epoch 3500 | Val Loss: 761.9434 | Val Cost: 705276.81 | Val Max P-Miss: 9.6580 | Val Max Q-Miss: 3.7150 | Val Max Gen Viol: 0.0000 | Val Max Thermal: 0.1736
Epoch 3600 | Val Loss: 1159.0961 | Val Cost: 706965.56 | Val Max P-Miss: 6.0818 | Val Max Q-Miss: 1.5915 | Val Max Gen Viol: 0.0000 | Val Max Thermal: 0.1274
Epoch 3700 | Val Loss: 602.5085 | Val Cost: 705226.94 | Val Max P-Miss: 8.1007 | Val Max Q-Miss: 4.0059 | Val Max Gen Viol: 0.0000 | Val Max Thermal: 0.4252
Epoch 3800 | Val Loss: 324.2537 | Val Cost: 711502.75 | Val Max P-Miss: 6.6429 | Val Max Q-Miss: 2.7497 | Val Max Gen Viol: 0.0000 | Val Max Thermal: 0.3243
Epoch 3900 | Val Loss: 622.2184 | Val Cost: 712982.19 | Val Max P-Miss: 8.6204 | Val Max Q-Miss: 4.5912 | Val Max Gen Viol: 0.0000 | Val Max Thermal: 0.3537
Epoch 4000 | Val Loss: 726.0447 | Val Cost: 709968.56 | Val Max P-Miss: 2.6038 | Val Max Q-Miss: 1.6951 | Val Max Gen Viol: 0.0000 | Val Max Thermal: 0.2916
Epoch 4100 | Val Loss: 1377.9988 | Val Cost: 699949.38 | Val Max P-Miss: 9.7544 | Val Max Q-Miss: 4.0821 | Val Max Gen Viol: 0.0000 | Val Max Thermal: 0.2120
Epoch 4200 | Val Loss: 616.3057 | Val Cost: 673191.62 | Val Max P-Miss: 8.1371 | Val Max Q-Miss: 4.4396 | Val Max Gen Viol: 0.0000 | Val Max Thermal: 0.1961
Epoch 4300 | Val Loss: 480.4313 | Val Cost: 686572.31 | Val Max P-Miss: 5.0601 | Val Max Q-Miss: 2.9024 | Val Max Gen Viol: 0.0000 | Val Max Thermal: 0.2513
Epoch 4400 | Val Loss: 961.6152 | Val Cost: 692537.88 | Val Max P-Miss: 2.6488 | Val Max Q-Miss: 2.7096 | Val Max Gen Viol: 0.0000 | Val Max Thermal: 0.3744
Epoch 4500 | Val Loss: 776.7242 | Val Cost: 680581.12 | Val Max P-Miss: 4.7498 | Val Max Q-Miss: 2.4719 | Val Max Gen Viol: 0.0000 | Val Max Thermal: 0.5033
Epoch 4600 | Val Loss: 1209.2661 | Val Cost: 689825.19 | Val Max P-Miss: 7.4520 | Val Max Q-Miss: 4.1717 | Val Max Gen Viol: 0.0000 | Val Max Thermal: 1.3461
Epoch 4700 | Val Loss: 1002.5982 | Val Cost: 695488.31 | Val Max P-Miss: 2.2487 | Val Max Q-Miss: 2.6748 | Val Max Gen Viol: 0.0000 | Val Max Thermal: 1.2854
Epoch 4800 | Val Loss: 750.0509 | Val Cost: 695370.00 | Val Max P-Miss: 4.1746 | Val Max Q-Miss: 2.8021 | Val Max Gen Viol: 0.0000 | Val Max Thermal: 0.1608
Epoch 4900 | Val Loss: 692.3419 | Val Cost: 676244.12 | Val Max P-Miss: 7.8511 | Val Max Q-Miss: 4.7863 | Val Max Gen Viol: 0.0000 | Val Max Thermal: 0.7224
Epoch 5000 | Val Loss: 1007.6985 | Val Cost: 692696.56 | Val Max P-Miss: 7.3674 | Val Max Q-Miss: 3.3322 | Val Max Gen Viol: 0.0000 | Val Max Thermal: 2.0777
Epoch 5100 | Val Loss: 1896.7318 | Val Cost: 673584.56 | Val Max P-Miss: 6.1371 | Val Max Q-Miss: 2.5679 | Val Max Gen Viol: 0.0000 | Val Max Thermal: 0.7024
Epoch 5200 | Val Loss: 1891.1863 | Val Cost: 669158.69 | Val Max P-Miss: 8.1989 | Val Max Q-Miss: 4.4977 | Val Max Gen Viol: 0.0000 | Val Max Thermal: 0.5515
Epoch 5300 | Val Loss: 1337.1182 | Val Cost: 680353.31 | Val Max P-Miss: 7.8569 | Val Max Q-Miss: 2.7510 | Val Max Gen Viol: 0.0000 | Val Max Thermal: 1.1126
Epoch 5400 | Val Loss: 1070.4647 | Val Cost: 668421.25 | Val Max P-Miss: 6.3836 | Val Max Q-Miss: 3.5807 | Val Max Gen Viol: 0.0000 | Val Max Thermal: 1.1099
Epoch 5500 | Val Loss: 1942.6823 | Val Cost: 662311.88 | Val Max P-Miss: 6.1989 | Val Max Q-Miss: 3.8693 | Val Max Gen Viol: 0.0000 | Val Max Thermal: 1.0936
Epoch 5600 | Val Loss: 484.3715 | Val Cost: 665332.50 | Val Max P-Miss: 2.3540 | Val Max Q-Miss: 2.6368 | Val Max Gen Viol: 0.0000 | Val Max Thermal: 0.2278
Epoch 5700 | Val Loss: 1264.4487 | Val Cost: 665530.62 | Val Max P-Miss: 3.0532 | Val Max Q-Miss: 2.8593 | Val Max Gen Viol: 0.0000 | Val Max Thermal: 0.1678
Epoch 5800 | Val Loss: 843.4116 | Val Cost: 661894.06 | Val Max P-Miss: 3.0426 | Val Max Q-Miss: 2.8125 | Val Max Gen Viol: 0.0000 | Val Max Thermal: 1.3502
Epoch 5900 | Val Loss: 1605.9729 | Val Cost: 659844.25 | Val Max P-Miss: 10.9432 | Val Max Q-Miss: 4.4466 | Val Max Gen Viol: 0.0000 | Val Max Thermal: 0.7017
Epoch 6000 | Val Loss: 605.1434 | Val Cost: 671423.25 | Val Max P-Miss: 3.2531 | Val Max Q-Miss: 2.5240 | Val Max Gen Viol: 0.0000 | Val Max Thermal: 1.2421
Epoch 6100 | Val Loss: 570.0948 | Val Cost: 675400.31 | Val Max P-Miss: 3.0192 | Val Max Q-Miss: 2.4736 | Val Max Gen Viol: 0.0000 | Val Max Thermal: 0.4128
Epoch 6200 | Val Loss: 577.1874 | Val Cost: 674332.00 | Val Max P-Miss: 4.3086 | Val Max Q-Miss: 2.6260 | Val Max Gen Viol: 0.0000 | Val Max Thermal: 0.6738
Epoch 6300 | Val Loss: 1359.3300 | Val Cost: 661394.75 | Val Max P-Miss: 5.4791 | Val Max Q-Miss: 2.8870 | Val Max Gen Viol: 0.0000 | Val Max Thermal: 0.6318
Epoch 6400 | Val Loss: 859.7609 | Val Cost: 667019.31 | Val Max P-Miss: 2.1775 | Val Max Q-Miss: 2.7731 | Val Max Gen Viol: 0.0000 | Val Max Thermal: 0.2089
Epoch 6500 | Val Loss: 1018.5430 | Val Cost: 663292.31 | Val Max P-Miss: 9.7340 | Val Max Q-Miss: 5.2972 | Val Max Gen Viol: 0.0000 | Val Max Thermal: 0.4701
Epoch 6600 | Val Loss: 794.4705 | Val Cost: 664418.75 | Val Max P-Miss: 5.7692 | Val Max Q-Miss: 3.0050 | Val Max Gen Viol: 0.0000 | Val Max Thermal: 1.8523
Epoch 6700 | Val Loss: 707.9076 | Val Cost: 662073.50 | Val Max P-Miss: 3.1955 | Val Max Q-Miss: 2.6248 | Val Max Gen Viol: 0.0000 | Val Max Thermal: 0.4428
Epoch 6800 | Val Loss: 1766.6317 | Val Cost: 662175.25 | Val Max P-Miss: 8.0183 | Val Max Q-Miss: 4.4147 | Val Max Gen Viol: 0.0000 | Val Max Thermal: 1.2707
Epoch 6900 | Val Loss: 1306.4683 | Val Cost: 657340.19 | Val Max P-Miss: 2.3809 | Val Max Q-Miss: 2.6734 | Val Max Gen Viol: 0.0000 | Val Max Thermal: 0.7735
Epoch 7000 | Val Loss: 748.6417 | Val Cost: 666729.06 | Val Max P-Miss: 8.6907 | Val Max Q-Miss: 4.0611 | Val Max Gen Viol: 0.0000 | Val Max Thermal: 0.4291
Epoch 7100 | Val Loss: 806.5533 | Val Cost: 659467.19 | Val Max P-Miss: 8.6260 | Val Max Q-Miss: 4.6911 | Val Max Gen Viol: 0.0000 | Val Max Thermal: 0.7123
Epoch 7200 | Val Loss: 707.0560 | Val Cost: 662610.88 | Val Max P-Miss: 1.8617 | Val Max Q-Miss: 2.4459 | Val Max Gen Viol: 0.0000 | Val Max Thermal: 0.2990
Epoch 7300 | Val Loss: 849.5769 | Val Cost: 662888.88 | Val Max P-Miss: 2.6404 | Val Max Q-Miss: 2.5641 | Val Max Gen Viol: 0.0000 | Val Max Thermal: 0.4121
Epoch 7400 | Val Loss: 556.4493 | Val Cost: 656179.38 | Val Max P-Miss: 7.1686 | Val Max Q-Miss: 2.6581 | Val Max Gen Viol: 0.0000 | Val Max Thermal: 2.5555
Epoch 7500 | Val Loss: 780.2559 | Val Cost: 662642.56 | Val Max P-Miss: 3.9601 | Val Max Q-Miss: 2.4210 | Val Max Gen Viol: 0.0000 | Val Max Thermal: 0.3842
Epoch 7600 | Val Loss: 1201.6732 | Val Cost: 659955.62 | Val Max P-Miss: 2.7395 | Val Max Q-Miss: 2.4948 | Val Max Gen Viol: 0.0000 | Val Max Thermal: 1.5880
Epoch 7700 | Val Loss: 1909.8010 | Val Cost: 663211.69 | Val Max P-Miss: 9.7937 | Val Max Q-Miss: 6.7424 | Val Max Gen Viol: 0.0000 | Val Max Thermal: 0.2436
Epoch 7800 | Val Loss: 938.7323 | Val Cost: 658860.44 | Val Max P-Miss: 6.9081 | Val Max Q-Miss: 3.2632 | Val Max Gen Viol: 0.0000 | Val Max Thermal: 0.3147
Epoch 7900 | Val Loss: 395.0057 | Val Cost: 662764.56 | Val Max P-Miss: 1.9244 | Val Max Q-Miss: 2.4590 | Val Max Gen Viol: 0.0000 | Val Max Thermal: 0.4061
Epoch 8000 | Val Loss: 932.6944 | Val Cost: 659914.50 | Val Max P-Miss: 7.3910 | Val Max Q-Miss: 3.9174 | Val Max Gen Viol: 0.0000 | Val Max Thermal: 0.4415
Epoch 8100 | Val Loss: 1333.5005 | Val Cost: 663547.75 | Val Max P-Miss: 4.1797 | Val Max Q-Miss: 2.4852 | Val Max Gen Viol: 0.0000 | Val Max Thermal: 1.6536
Epoch 8200 | Val Loss: 536.1059 | Val Cost: 662276.50 | Val Max P-Miss: 2.1532 | Val Max Q-Miss: 2.5846 | Val Max Gen Viol: 0.0000 | Val Max Thermal: 0.2915
Epoch 8300 | Val Loss: 494.1794 | Val Cost: 661340.94 | Val Max P-Miss: 5.3659 | Val Max Q-Miss: 2.7693 | Val Max Gen Viol: 0.0000 | Val Max Thermal: 0.2340
Epoch 8400 | Val Loss: 607.0312 | Val Cost: 659424.06 | Val Max P-Miss: 7.4549 | Val Max Q-Miss: 4.1490 | Val Max Gen Viol: 0.0000 | Val Max Thermal: 1.3441
Epoch 8500 | Val Loss: 579.8051 | Val Cost: 658529.81 | Val Max P-Miss: 2.8813 | Val Max Q-Miss: 2.6169 | Val Max Gen Viol: 0.0000 | Val Max Thermal: 0.2597
Epoch 8600 | Val Loss: 795.6902 | Val Cost: 660313.81 | Val Max P-Miss: 2.0015 | Val Max Q-Miss: 2.6564 | Val Max Gen Viol: 0.0000 | Val Max Thermal: 0.7917
Epoch 8700 | Val Loss: 563.3194 | Val Cost: 663499.81 | Val Max P-Miss: 4.4534 | Val Max Q-Miss: 2.4333 | Val Max Gen Viol: 0.0000 | Val Max Thermal: 0.5312
Epoch 8800 | Val Loss: 582.2119 | Val Cost: 661988.12 | Val Max P-Miss: 2.0443 | Val Max Q-Miss: 2.5510 | Val Max Gen Viol: 0.0000 | Val Max Thermal: 0.2540
Epoch 8900 | Val Loss: 451.4662 | Val Cost: 657917.31 | Val Max P-Miss: 2.7261 | Val Max Q-Miss: 2.9740 | Val Max Gen Viol: 0.0000 | Val Max Thermal: 0.8483
Epoch 9000 | Val Loss: 649.4662 | Val Cost: 663165.75 | Val Max P-Miss: 2.2818 | Val Max Q-Miss: 2.6530 | Val Max Gen Viol: 0.0000 | Val Max Thermal: 0.4069
Epoch 9100 | Val Loss: 972.7780 | Val Cost: 660225.94 | Val Max P-Miss: 9.8078 | Val Max Q-Miss: 4.8649 | Val Max Gen Viol: 0.0000 | Val Max Thermal: 0.9669
Epoch 9200 | Val Loss: 1806.6412 | Val Cost: 664723.50 | Val Max P-Miss: 6.3472 | Val Max Q-Miss: 2.3547 | Val Max Gen Viol: 0.0000 | Val Max Thermal: 0.7178
Epoch 9300 | Val Loss: 604.1060 | Val Cost: 660364.44 | Val Max P-Miss: 6.8615 | Val Max Q-Miss: 3.7474 | Val Max Gen Viol: 0.0000 | Val Max Thermal: 0.8019
Epoch 9400 | Val Loss: 674.0483 | Val Cost: 659157.88 | Val Max P-Miss: 7.9234 | Val Max Q-Miss: 3.6308 | Val Max Gen Viol: 0.0000 | Val Max Thermal: 1.5315
Epoch 9500 | Val Loss: 529.0201 | Val Cost: 664489.00 | Val Max P-Miss: 2.0797 | Val Max Q-Miss: 2.5658 | Val Max Gen Viol: 0.0000 | Val Max Thermal: 0.5706
Epoch 9600 | Val Loss: 2159.1792 | Val Cost: 658263.50 | Val Max P-Miss: 5.7987 | Val Max Q-Miss: 5.8219 | Val Max Gen Viol: 0.0000 | Val Max Thermal: 0.2503
Epoch 9700 | Val Loss: 562.0330 | Val Cost: 660741.94 | Val Max P-Miss: 2.2328 | Val Max Q-Miss: 2.6064 | Val Max Gen Viol: 0.0000 | Val Max Thermal: 0.2149
Epoch 9800 | Val Loss: 779.5760 | Val Cost: 659824.06 | Val Max P-Miss: 6.4890 | Val Max Q-Miss: 3.6225 | Val Max Gen Viol: 0.0000 | Val Max Thermal: 0.5258
Epoch 9900 | Val Loss: 830.4855 | Val Cost: 659745.44 | Val Max P-Miss: 2.8707 | Val Max Q-Miss: 2.7430 | Val Max Gen Viol: 0.0000 | Val Max Thermal: 0.2409

==================================================
Training Complete!
Total Training Time: 00h 11m 44.04s
Best model weights saved to: ./model/best_rahul_model_pglib_opf_case300_ieee_10000epochs_20260724_234750.pth
==================================================

