Job ID: 8658
Executing: ACOPF_pinn_rahul.py --case_name pglib_opf_case300_ieee --epochs 10000
Node: issnode1
GPU Allocated: 0
CUDA Hardware Acceleration Active: NVIDIA GeForce RTX 4090
Problem Geometry Linked -> Matrix Samples: 10000

Beginning execution of parallelized training matrix loops for Rahul KKT PINN...
Epoch    0 | Val Loss: 36829.8750 | Val Cost: 512349.56 | Val Max P-Miss: 44.9408 | Val Max Q-Miss: 13.8460 | Val Max Gen Viol: 0.0000 | Val Max Thermal: 0.0000 [*SAVED BEST*]
Epoch  100 | Val Loss: 37.8941 | Val Cost: 680046.50 | Val Max P-Miss: 1.7349 | Val Max Q-Miss: 1.1330 | Val Max Gen Viol: 0.0000 | Val Max Thermal: 0.5960 [*SAVED BEST*]
Epoch  200 | Val Loss: 25.6833 | Val Cost: 701223.12 | Val Max P-Miss: 1.5872 | Val Max Q-Miss: 0.9557 | Val Max Gen Viol: 0.0000 | Val Max Thermal: 0.4955 [*SAVED BEST*]
Epoch  300 | Val Loss: 43.4773 | Val Cost: 702748.44 | Val Max P-Miss: 1.6620 | Val Max Q-Miss: 1.0686 | Val Max Gen Viol: 0.0000 | Val Max Thermal: 0.0602
Epoch  400 | Val Loss: 35.9900 | Val Cost: 722490.31 | Val Max P-Miss: 1.9423 | Val Max Q-Miss: 0.9675 | Val Max Gen Viol: 0.0000 | Val Max Thermal: 0.2641
Epoch  500 | Val Loss: 29.1417 | Val Cost: 716160.06 | Val Max P-Miss: 1.6954 | Val Max Q-Miss: 0.9893 | Val Max Gen Viol: 0.0000 | Val Max Thermal: 0.2621
Epoch  600 | Val Loss: 93.3686 | Val Cost: 706894.50 | Val Max P-Miss: 2.5187 | Val Max Q-Miss: 1.2011 | Val Max Gen Viol: 0.0000 | Val Max Thermal: 0.0000
Epoch  700 | Val Loss: 106.1144 | Val Cost: 723664.69 | Val Max P-Miss: 1.7610 | Val Max Q-Miss: 1.0164 | Val Max Gen Viol: 0.0000 | Val Max Thermal: 0.0000
Epoch  800 | Val Loss: 91.6571 | Val Cost: 742577.81 | Val Max P-Miss: 3.2872 | Val Max Q-Miss: 0.9976 | Val Max Gen Viol: 0.0000 | Val Max Thermal: 0.8539
Epoch  900 | Val Loss: 90.9418 | Val Cost: 746100.81 | Val Max P-Miss: 3.8420 | Val Max Q-Miss: 1.3715 | Val Max Gen Viol: 0.0000 | Val Max Thermal: 0.6035
Epoch 1000 | Val Loss: 135.4320 | Val Cost: 750021.12 | Val Max P-Miss: 3.8424 | Val Max Q-Miss: 1.2682 | Val Max Gen Viol: 0.0000 | Val Max Thermal: 0.6457
Epoch 1100 | Val Loss: 367.2497 | Val Cost: 738602.00 | Val Max P-Miss: 2.0559 | Val Max Q-Miss: 1.2275 | Val Max Gen Viol: 0.0000 | Val Max Thermal: 0.0000
Epoch 1200 | Val Loss: 172.2226 | Val Cost: 708109.19 | Val Max P-Miss: 2.3452 | Val Max Q-Miss: 1.3015 | Val Max Gen Viol: 0.0000 | Val Max Thermal: 0.0142
Epoch 1300 | Val Loss: 95.3609 | Val Cost: 745259.38 | Val Max P-Miss: 3.5697 | Val Max Q-Miss: 1.0159 | Val Max Gen Viol: 0.0000 | Val Max Thermal: 0.1349
Epoch 1400 | Val Loss: 364.2191 | Val Cost: 752854.94 | Val Max P-Miss: 5.7520 | Val Max Q-Miss: 1.1666 | Val Max Gen Viol: 0.0000 | Val Max Thermal: 0.4702
Epoch 1500 | Val Loss: 209.3551 | Val Cost: 751125.75 | Val Max P-Miss: 5.0589 | Val Max Q-Miss: 1.0394 | Val Max Gen Viol: 0.0000 | Val Max Thermal: 0.0129
Epoch 1600 | Val Loss: 145.7984 | Val Cost: 752638.00 | Val Max P-Miss: 4.4453 | Val Max Q-Miss: 1.0324 | Val Max Gen Viol: 0.0000 | Val Max Thermal: 0.1054
Epoch 1700 | Val Loss: 278.3924 | Val Cost: 752411.56 | Val Max P-Miss: 6.3207 | Val Max Q-Miss: 1.0403 | Val Max Gen Viol: 0.0000 | Val Max Thermal: 0.0303
Epoch 1800 | Val Loss: 291.9168 | Val Cost: 748963.00 | Val Max P-Miss: 6.2406 | Val Max Q-Miss: 1.2909 | Val Max Gen Viol: 0.0000 | Val Max Thermal: 0.1711
Epoch 1900 | Val Loss: 375.5359 | Val Cost: 746895.94 | Val Max P-Miss: 3.4177 | Val Max Q-Miss: 1.0542 | Val Max Gen Viol: 0.0000 | Val Max Thermal: 0.0250
Epoch 2000 | Val Loss: 258.4536 | Val Cost: 741863.25 | Val Max P-Miss: 6.2357 | Val Max Q-Miss: 2.2203 | Val Max Gen Viol: 0.0000 | Val Max Thermal: 0.2912
Epoch 2100 | Val Loss: 332.5465 | Val Cost: 741502.88 | Val Max P-Miss: 6.7164 | Val Max Q-Miss: 1.4565 | Val Max Gen Viol: 0.0000 | Val Max Thermal: 0.3380
Epoch 2200 | Val Loss: 281.9608 | Val Cost: 744504.44 | Val Max P-Miss: 5.9956 | Val Max Q-Miss: 1.3960 | Val Max Gen Viol: 0.0000 | Val Max Thermal: 0.0033
Epoch 2300 | Val Loss: 1203.6321 | Val Cost: 747223.00 | Val Max P-Miss: 1.6702 | Val Max Q-Miss: 1.3998 | Val Max Gen Viol: 0.0000 | Val Max Thermal: 0.0068
Epoch 2400 | Val Loss: 448.8999 | Val Cost: 745940.88 | Val Max P-Miss: 8.0184 | Val Max Q-Miss: 2.3497 | Val Max Gen Viol: 0.0000 | Val Max Thermal: 0.1679
Epoch 2500 | Val Loss: 418.4488 | Val Cost: 750468.50 | Val Max P-Miss: 7.3690 | Val Max Q-Miss: 1.5156 | Val Max Gen Viol: 0.0000 | Val Max Thermal: 0.3074
Epoch 2600 | Val Loss: 672.5862 | Val Cost: 743742.88 | Val Max P-Miss: 2.6080 | Val Max Q-Miss: 1.1081 | Val Max Gen Viol: 0.0000 | Val Max Thermal: 0.0622
Epoch 2700 | Val Loss: 1724.9736 | Val Cost: 746972.19 | Val Max P-Miss: 6.3904 | Val Max Q-Miss: 2.2482 | Val Max Gen Viol: 0.0000 | Val Max Thermal: 0.3960
Epoch 2800 | Val Loss: 435.9898 | Val Cost: 748596.25 | Val Max P-Miss: 7.8498 | Val Max Q-Miss: 2.6965 | Val Max Gen Viol: 0.0000 | Val Max Thermal: 0.0730
Epoch 2900 | Val Loss: 454.8648 | Val Cost: 746850.19 | Val Max P-Miss: 7.5120 | Val Max Q-Miss: 2.1282 | Val Max Gen Viol: 0.0000 | Val Max Thermal: 0.0900
Epoch 3000 | Val Loss: 352.1909 | Val Cost: 746841.75 | Val Max P-Miss: 7.2612 | Val Max Q-Miss: 3.1693 | Val Max Gen Viol: 0.0000 | Val Max Thermal: 0.0594
Epoch 3100 | Val Loss: 542.8815 | Val Cost: 744357.94 | Val Max P-Miss: 8.3964 | Val Max Q-Miss: 2.2896 | Val Max Gen Viol: 0.0000 | Val Max Thermal: 0.2401
Epoch 3200 | Val Loss: 502.5142 | Val Cost: 745722.88 | Val Max P-Miss: 8.7806 | Val Max Q-Miss: 3.0234 | Val Max Gen Viol: 0.0000 | Val Max Thermal: 0.0487
Epoch 3300 | Val Loss: 389.5821 | Val Cost: 742517.75 | Val Max P-Miss: 6.8258 | Val Max Q-Miss: 2.3496 | Val Max Gen Viol: 0.0000 | Val Max Thermal: 0.2744
Epoch 3400 | Val Loss: 1240.0751 | Val Cost: 741886.00 | Val Max P-Miss: 4.7611 | Val Max Q-Miss: 1.7523 | Val Max Gen Viol: 0.0000 | Val Max Thermal: 0.2910
Epoch 3500 | Val Loss: 433.1613 | Val Cost: 738932.62 | Val Max P-Miss: 7.1365 | Val Max Q-Miss: 2.7527 | Val Max Gen Viol: 0.0000 | Val Max Thermal: 0.0807
Epoch 3600 | Val Loss: 450.4454 | Val Cost: 733481.06 | Val Max P-Miss: 7.6958 | Val Max Q-Miss: 2.2681 | Val Max Gen Viol: 0.0000 | Val Max Thermal: 0.3493
Epoch 3700 | Val Loss: 451.0130 | Val Cost: 747941.25 | Val Max P-Miss: 7.5023 | Val Max Q-Miss: 2.3758 | Val Max Gen Viol: 0.0000 | Val Max Thermal: 0.0997
Epoch 3800 | Val Loss: 441.4916 | Val Cost: 735906.44 | Val Max P-Miss: 2.4295 | Val Max Q-Miss: 1.2733 | Val Max Gen Viol: 0.0000 | Val Max Thermal: 0.3618
Epoch 3900 | Val Loss: 460.1833 | Val Cost: 728522.38 | Val Max P-Miss: 7.1064 | Val Max Q-Miss: 3.4208 | Val Max Gen Viol: 0.0000 | Val Max Thermal: 0.7693
Epoch 4000 | Val Loss: 2800.9456 | Val Cost: 709941.00 | Val Max P-Miss: 10.7609 | Val Max Q-Miss: 4.5620 | Val Max Gen Viol: 0.0000 | Val Max Thermal: 1.4959
Epoch 4100 | Val Loss: 598.2090 | Val Cost: 729866.31 | Val Max P-Miss: 7.9711 | Val Max Q-Miss: 4.0849 | Val Max Gen Viol: 0.0000 | Val Max Thermal: 0.2270
Epoch 4200 | Val Loss: 1135.0184 | Val Cost: 714054.88 | Val Max P-Miss: 3.7079 | Val Max Q-Miss: 1.4529 | Val Max Gen Viol: 0.0000 | Val Max Thermal: 0.1482
Epoch 4300 | Val Loss: 1269.5356 | Val Cost: 720720.69 | Val Max P-Miss: 5.0062 | Val Max Q-Miss: 2.1980 | Val Max Gen Viol: 0.0000 | Val Max Thermal: 2.4203
Epoch 4400 | Val Loss: 408.0176 | Val Cost: 724808.75 | Val Max P-Miss: 4.5836 | Val Max Q-Miss: 2.4035 | Val Max Gen Viol: 0.0000 | Val Max Thermal: 0.1781
Epoch 4500 | Val Loss: 862.4543 | Val Cost: 721249.31 | Val Max P-Miss: 3.3650 | Val Max Q-Miss: 1.4440 | Val Max Gen Viol: 0.0000 | Val Max Thermal: 1.0632
Epoch 4600 | Val Loss: 331.6313 | Val Cost: 725958.31 | Val Max P-Miss: 4.5765 | Val Max Q-Miss: 2.3440 | Val Max Gen Viol: 0.0000 | Val Max Thermal: 0.9601
Epoch 4700 | Val Loss: 565.4982 | Val Cost: 711026.75 | Val Max P-Miss: 6.6753 | Val Max Q-Miss: 3.9322 | Val Max Gen Viol: 0.0000 | Val Max Thermal: 1.6663
Epoch 4800 | Val Loss: 1406.2711 | Val Cost: 718316.94 | Val Max P-Miss: 6.3118 | Val Max Q-Miss: 3.3062 | Val Max Gen Viol: 0.0000 | Val Max Thermal: 1.0348
Epoch 4900 | Val Loss: 872.2485 | Val Cost: 720739.75 | Val Max P-Miss: 4.5870 | Val Max Q-Miss: 2.8285 | Val Max Gen Viol: 0.0000 | Val Max Thermal: 1.6485
Epoch 5000 | Val Loss: 2184.4236 | Val Cost: 720781.19 | Val Max P-Miss: 9.5730 | Val Max Q-Miss: 2.5661 | Val Max Gen Viol: 0.0000 | Val Max Thermal: 2.0080
Epoch 5100 | Val Loss: 969.5574 | Val Cost: 713841.06 | Val Max P-Miss: 9.2205 | Val Max Q-Miss: 4.2952 | Val Max Gen Viol: 0.0000 | Val Max Thermal: 1.7613
Epoch 5200 | Val Loss: 907.2625 | Val Cost: 722092.69 | Val Max P-Miss: 4.1253 | Val Max Q-Miss: 2.5100 | Val Max Gen Viol: 0.0000 | Val Max Thermal: 2.0460
Epoch 5300 | Val Loss: 1066.7034 | Val Cost: 719202.31 | Val Max P-Miss: 3.7337 | Val Max Q-Miss: 1.5342 | Val Max Gen Viol: 0.0000 | Val Max Thermal: 0.4215
Epoch 5400 | Val Loss: 553.0924 | Val Cost: 723715.12 | Val Max P-Miss: 2.1116 | Val Max Q-Miss: 1.4754 | Val Max Gen Viol: 0.0000 | Val Max Thermal: 0.1840
Epoch 5500 | Val Loss: 696.1191 | Val Cost: 719194.12 | Val Max P-Miss: 2.5598 | Val Max Q-Miss: 1.5641 | Val Max Gen Viol: 0.0000 | Val Max Thermal: 0.3079
Epoch 5600 | Val Loss: 694.5488 | Val Cost: 714543.88 | Val Max P-Miss: 2.6593 | Val Max Q-Miss: 1.4956 | Val Max Gen Viol: 0.0000 | Val Max Thermal: 2.2361
Epoch 5700 | Val Loss: 1847.4474 | Val Cost: 718094.38 | Val Max P-Miss: 3.6740 | Val Max Q-Miss: 2.1703 | Val Max Gen Viol: 0.0000 | Val Max Thermal: 1.9434
Epoch 5800 | Val Loss: 892.2626 | Val Cost: 715507.38 | Val Max P-Miss: 3.1117 | Val Max Q-Miss: 1.6200 | Val Max Gen Viol: 0.0000 | Val Max Thermal: 0.5937
Epoch 5900 | Val Loss: 560.7078 | Val Cost: 718420.38 | Val Max P-Miss: 2.1847 | Val Max Q-Miss: 1.5151 | Val Max Gen Viol: 0.0000 | Val Max Thermal: 0.3997
Epoch 6000 | Val Loss: 1165.9204 | Val Cost: 708567.06 | Val Max P-Miss: 2.1221 | Val Max Q-Miss: 1.5537 | Val Max Gen Viol: 0.0000 | Val Max Thermal: 0.2407
Epoch 6100 | Val Loss: 789.4261 | Val Cost: 715807.00 | Val Max P-Miss: 3.2382 | Val Max Q-Miss: 1.6856 | Val Max Gen Viol: 0.0000 | Val Max Thermal: 0.3924
Epoch 6200 | Val Loss: 780.5256 | Val Cost: 720223.75 | Val Max P-Miss: 2.4262 | Val Max Q-Miss: 1.5358 | Val Max Gen Viol: 0.0000 | Val Max Thermal: 2.0157
Epoch 6300 | Val Loss: 895.2844 | Val Cost: 719444.00 | Val Max P-Miss: 2.4234 | Val Max Q-Miss: 1.5881 | Val Max Gen Viol: 0.0000 | Val Max Thermal: 0.6721
Epoch 6400 | Val Loss: 1148.4758 | Val Cost: 719400.62 | Val Max P-Miss: 3.9842 | Val Max Q-Miss: 2.0823 | Val Max Gen Viol: 0.0000 | Val Max Thermal: 1.1499
Epoch 6500 | Val Loss: 530.5955 | Val Cost: 720655.38 | Val Max P-Miss: 2.1256 | Val Max Q-Miss: 1.5374 | Val Max Gen Viol: 0.0000 | Val Max Thermal: 0.2331
Epoch 6600 | Val Loss: 1993.7084 | Val Cost: 686754.06 | Val Max P-Miss: 7.5497 | Val Max Q-Miss: 3.9338 | Val Max Gen Viol: 0.0000 | Val Max Thermal: 0.5849
Epoch 6700 | Val Loss: 623.6056 | Val Cost: 717362.06 | Val Max P-Miss: 5.4225 | Val Max Q-Miss: 2.9329 | Val Max Gen Viol: 0.0000 | Val Max Thermal: 1.1467
Epoch 6800 | Val Loss: 1063.5607 | Val Cost: 721970.75 | Val Max P-Miss: 3.3036 | Val Max Q-Miss: 1.5580 | Val Max Gen Viol: 0.0000 | Val Max Thermal: 1.5479
Epoch 6900 | Val Loss: 793.6901 | Val Cost: 695797.81 | Val Max P-Miss: 3.3554 | Val Max Q-Miss: 1.5804 | Val Max Gen Viol: 0.0000 | Val Max Thermal: 0.2655
Epoch 7000 | Val Loss: 815.7349 | Val Cost: 719651.88 | Val Max P-Miss: 4.7388 | Val Max Q-Miss: 2.5425 | Val Max Gen Viol: 0.0000 | Val Max Thermal: 0.4907
Epoch 7100 | Val Loss: 845.1696 | Val Cost: 683244.94 | Val Max P-Miss: 7.1251 | Val Max Q-Miss: 3.9581 | Val Max Gen Viol: 0.0000 | Val Max Thermal: 0.2758
Epoch 7200 | Val Loss: 1292.9232 | Val Cost: 711449.00 | Val Max P-Miss: 3.8021 | Val Max Q-Miss: 1.5341 | Val Max Gen Viol: 0.0000 | Val Max Thermal: 0.9046
Epoch 7300 | Val Loss: 616.7593 | Val Cost: 713825.81 | Val Max P-Miss: 2.4719 | Val Max Q-Miss: 1.5601 | Val Max Gen Viol: 0.0000 | Val Max Thermal: 1.5108
Epoch 7400 | Val Loss: 1146.4265 | Val Cost: 723316.38 | Val Max P-Miss: 4.1651 | Val Max Q-Miss: 2.6378 | Val Max Gen Viol: 0.0000 | Val Max Thermal: 1.5817
Epoch 7500 | Val Loss: 596.9763 | Val Cost: 721838.88 | Val Max P-Miss: 2.3106 | Val Max Q-Miss: 1.4779 | Val Max Gen Viol: 0.0000 | Val Max Thermal: 0.2762
Epoch 7600 | Val Loss: 863.6456 | Val Cost: 722271.62 | Val Max P-Miss: 7.6460 | Val Max Q-Miss: 4.1590 | Val Max Gen Viol: 0.0000 | Val Max Thermal: 1.0935
Epoch 7700 | Val Loss: 1150.2479 | Val Cost: 715392.81 | Val Max P-Miss: 4.1547 | Val Max Q-Miss: 2.2922 | Val Max Gen Viol: 0.0000 | Val Max Thermal: 0.7579
Epoch 7800 | Val Loss: 1312.0959 | Val Cost: 718370.75 | Val Max P-Miss: 3.4115 | Val Max Q-Miss: 1.5643 | Val Max Gen Viol: 0.0000 | Val Max Thermal: 1.2966
Epoch 7900 | Val Loss: 570.1176 | Val Cost: 692604.19 | Val Max P-Miss: 6.6326 | Val Max Q-Miss: 3.9609 | Val Max Gen Viol: 0.0000 | Val Max Thermal: 1.9408
Epoch 8000 | Val Loss: 1772.0831 | Val Cost: 717442.31 | Val Max P-Miss: 7.5144 | Val Max Q-Miss: 2.1996 | Val Max Gen Viol: 0.0000 | Val Max Thermal: 5.0897
Epoch 8100 | Val Loss: 744.5273 | Val Cost: 682455.12 | Val Max P-Miss: 2.8084 | Val Max Q-Miss: 1.4816 | Val Max Gen Viol: 0.0000 | Val Max Thermal: 1.1622
Epoch 8200 | Val Loss: 1279.5625 | Val Cost: 716545.56 | Val Max P-Miss: 3.7356 | Val Max Q-Miss: 1.5440 | Val Max Gen Viol: 0.0000 | Val Max Thermal: 0.2414
Epoch 8300 | Val Loss: 1032.5009 | Val Cost: 688933.56 | Val Max P-Miss: 5.2372 | Val Max Q-Miss: 2.6936 | Val Max Gen Viol: 0.0000 | Val Max Thermal: 1.2249
Epoch 8400 | Val Loss: 582.1068 | Val Cost: 716972.69 | Val Max P-Miss: 7.1240 | Val Max Q-Miss: 3.8838 | Val Max Gen Viol: 0.0000 | Val Max Thermal: 0.2506
Epoch 8500 | Val Loss: 679.0009 | Val Cost: 716624.69 | Val Max P-Miss: 3.0725 | Val Max Q-Miss: 1.4977 | Val Max Gen Viol: 0.0000 | Val Max Thermal: 0.3020
Epoch 8600 | Val Loss: 1037.0664 | Val Cost: 718505.19 | Val Max P-Miss: 9.3215 | Val Max Q-Miss: 5.2357 | Val Max Gen Viol: 0.0000 | Val Max Thermal: 1.6771
Epoch 8700 | Val Loss: 1599.0955 | Val Cost: 725818.69 | Val Max P-Miss: 4.9757 | Val Max Q-Miss: 2.0750 | Val Max Gen Viol: 0.0000 | Val Max Thermal: 2.2864
Epoch 8800 | Val Loss: 1617.6006 | Val Cost: 714987.44 | Val Max P-Miss: 7.1496 | Val Max Q-Miss: 3.5448 | Val Max Gen Viol: 0.0000 | Val Max Thermal: 2.2352
Epoch 8900 | Val Loss: 741.9885 | Val Cost: 719949.06 | Val Max P-Miss: 7.3446 | Val Max Q-Miss: 4.8639 | Val Max Gen Viol: 0.0000 | Val Max Thermal: 0.2428
Epoch 9000 | Val Loss: 548.1826 | Val Cost: 717215.50 | Val Max P-Miss: 2.4573 | Val Max Q-Miss: 1.5353 | Val Max Gen Viol: 0.0000 | Val Max Thermal: 0.3410
Epoch 9100 | Val Loss: 1264.9709 | Val Cost: 676912.06 | Val Max P-Miss: 3.9296 | Val Max Q-Miss: 1.5464 | Val Max Gen Viol: 0.0000 | Val Max Thermal: 0.2796
Epoch 9200 | Val Loss: 1509.4539 | Val Cost: 696449.56 | Val Max P-Miss: 13.3708 | Val Max Q-Miss: 7.1810 | Val Max Gen Viol: 0.0000 | Val Max Thermal: 0.2510
Epoch 9300 | Val Loss: 936.0138 | Val Cost: 721711.94 | Val Max P-Miss: 2.6724 | Val Max Q-Miss: 1.5620 | Val Max Gen Viol: 0.0000 | Val Max Thermal: 0.3105
Epoch 9400 | Val Loss: 745.6011 | Val Cost: 721342.62 | Val Max P-Miss: 4.7710 | Val Max Q-Miss: 2.0818 | Val Max Gen Viol: 0.0000 | Val Max Thermal: 0.2086
Epoch 9500 | Val Loss: 1315.5267 | Val Cost: 718841.62 | Val Max P-Miss: 10.7930 | Val Max Q-Miss: 6.5173 | Val Max Gen Viol: 0.0000 | Val Max Thermal: 1.5013
Epoch 9600 | Val Loss: 909.8907 | Val Cost: 721624.00 | Val Max P-Miss: 8.3385 | Val Max Q-Miss: 4.6126 | Val Max Gen Viol: 0.0000 | Val Max Thermal: 0.2806
Epoch 9700 | Val Loss: 517.7646 | Val Cost: 720436.50 | Val Max P-Miss: 3.4371 | Val Max Q-Miss: 1.5246 | Val Max Gen Viol: 0.0000 | Val Max Thermal: 0.4991
Epoch 9800 | Val Loss: 843.5875 | Val Cost: 719792.19 | Val Max P-Miss: 2.3394 | Val Max Q-Miss: 1.5514 | Val Max Gen Viol: 0.0000 | Val Max Thermal: 0.5055
Epoch 9900 | Val Loss: 685.1785 | Val Cost: 686025.88 | Val Max P-Miss: 4.2975 | Val Max Q-Miss: 1.4714 | Val Max Gen Viol: 0.0000 | Val Max Thermal: 0.6985

==================================================
Training Complete!
Total Training Time: 00h 11m 46.54s
Best model weights saved to: ./model/best_rahul_model_pglib_opf_case300_ieee_10000epochs_20260725_002350.pth
==================================================

