============================================================
Array Job ID : 2331008
Task ID      : 32
Node         : node0020
Case         : pglib_opf_case300_ieee
Bus          : 300
============================================================
Python 3.11.15
PyTorch: 2.8.0+cu129
Pandas: 3.0.3
Pyomo: 6.10.1
Start index : 320
End index   : 330
Chunk ID    : 032
Command:
/home/g202210120/.conda/envs/pytorch/bin/python evaluate_warmstart_ablation_array.py --case_name pglib_opf_case300_ieee --bus_number 300 --start_idx 320 --end_idx 330 --chunk_id 032 
Loading CURRENT dataset: ./dataset/pglib_opf_case300_ieee_10000.pt
QCQP matrices reconstructed in memory.
Selected test chunk [320, 330) with 10 instance(s); chunk=032

============================================================
LOADING EXISTING COLD IPOPT BASELINE
============================================================
Cold reference: result/warmstart_cold_case300_chunk032.csv
Existing cold reference success: 8/10 (80.00%)
Cold IPOPT failed on 2 instance(s).
Failed Instance_ID(s): [325, 328]
These instances are excluded from the Ablated-PINN paired restoration comparison.
Proceeding with 8 common reference-feasible instances.

Building ORIGINAL matrix-QCQP Pyomo model...
Building Pyomo model (this happens only once)...
Model built successfully.
Model built successfully.

============================================================
ABLATION CHECKPOINTS
============================================================
Pattern: model/300/*ablation_model*.pth
Found 5 checkpoint(s).
   best_ablation_model_pglib_opf_case300_ieee_10000epochs_20260918_135416.pth
   best_ablation_model_pglib_opf_case300_ieee_10000epochs_20260918_140403.pth
   best_ablation_model_pglib_opf_case300_ieee_10000epochs_20260918_141210.pth
   best_ablation_model_pglib_opf_case300_ieee_10000epochs_20260918_141939.pth
   best_ablation_model_pglib_opf_case300_ieee_10000epochs_20260918_142942.pth

================ Ablated PINN ================

Run 1: best_ablation_model_pglib_opf_case300_ieee_10000epochs_20260918_135416.pth
NN inference: 0.000155106 s/instance
  [1/8] success=True status=optimal time=0.779497s gap=-0.0000%
  [2/8] success=True status=optimal time=0.736032s gap=-0.0000%
  [3/8] success=True status=optimal time=0.781846s gap=-0.0000%
  [4/8] success=True status=optimal time=0.726502s gap=-0.0000%
  [5/8] success=True status=optimal time=0.779757s gap=+0.0000%
  [6/8] success=True status=optimal time=0.752307s gap=-0.0000%
  [7/8] success=True status=optimal time=0.801841s gap=-0.0000%
  [8/8] success=True status=optimal time=0.757932s gap=-0.0000%

Run 2: best_ablation_model_pglib_opf_case300_ieee_10000epochs_20260918_140403.pth
NN inference: 0.000077149 s/instance
  [1/8] success=True status=optimal time=0.765962s gap=+0.0000%
  [2/8] success=True status=optimal time=0.763425s gap=-0.0000%
  [3/8] success=True status=optimal time=0.863806s gap=-0.0000%
  [4/8] success=True status=optimal time=0.811104s gap=-0.0000%
  [5/8] success=True status=optimal time=0.854250s gap=-0.0000%
  [6/8] success=True status=optimal time=0.904471s gap=-0.0000%
  [7/8] success=True status=optimal time=0.903207s gap=-0.0000%
  [8/8] success=True status=optimal time=0.834533s gap=+0.0000%

Run 3: best_ablation_model_pglib_opf_case300_ieee_10000epochs_20260918_141210.pth
NN inference: 0.000081428 s/instance
  [1/8] success=True status=optimal time=0.837209s gap=+0.0000%
  [2/8] success=True status=optimal time=0.808116s gap=-0.0000%
  [3/8] success=True status=optimal time=0.820356s gap=-0.0000%
  [4/8] success=True status=optimal time=0.797247s gap=-0.0000%
  [5/8] success=True status=optimal time=0.749643s gap=-0.0000%
  [6/8] success=True status=optimal time=0.683584s gap=+0.0000%
  [7/8] success=True status=optimal time=0.687087s gap=-0.0000%
  [8/8] success=True status=optimal time=0.755676s gap=+0.0000%

Run 4: best_ablation_model_pglib_opf_case300_ieee_10000epochs_20260918_141939.pth
NN inference: 0.000078057 s/instance
  [1/8] success=True status=optimal time=0.753273s gap=-0.0000%
  [2/8] success=True status=optimal time=0.721987s gap=-0.0000%
  [3/8] success=True status=optimal time=0.804020s gap=-0.0000%
  [4/8] success=True status=optimal time=0.736029s gap=-0.0000%
  [5/8] success=True status=optimal time=0.809108s gap=+0.0000%
  [6/8] success=True status=optimal time=0.815287s gap=+0.0000%
  [7/8] success=True status=optimal time=0.884271s gap=-0.0000%
  [8/8] success=True status=optimal time=0.752380s gap=+0.0000%

Run 5: best_ablation_model_pglib_opf_case300_ieee_10000epochs_20260918_142942.pth
NN inference: 0.000075537 s/instance
  [1/8] success=True status=optimal time=0.840665s gap=-0.0000%
  [2/8] success=True status=optimal time=0.854928s gap=+0.0000%
  [3/8] success=True status=optimal time=0.890618s gap=+0.0000%
  [4/8] success=True status=optimal time=0.850107s gap=-0.0000%
  [5/8] success=True status=optimal time=0.894663s gap=-0.0000%
  [6/8] success=True status=optimal time=0.906881s gap=-0.0000%
  [7/8] success=True status=optimal time=0.878886s gap=-0.0000%
  [8/8] success=True status=optimal time=0.782480s gap=+0.0000%

============================================================
ABLATION WARM-START SUMMARY
============================================================
Architecture  Run  N  Success_Rate  NN_Time_s  IPOPT_Time_s  Total_Online_Time_s  Cold_IPOPT_Time_s  Speedup  Feasible_Obj_Gap_pct
Ablated PINN    1  8           1.0   0.000155      0.764464             0.764619           0.873046 1.143674         -1.525928e-12
Ablated PINN    2  8           1.0   0.000077      0.837595             0.837672           0.873046 1.041165         -7.050545e-13
Ablated PINN    3  8           1.0   0.000081      0.767365             0.767446           0.873046 1.150682         -1.170913e-12
Ablated PINN    4  8           1.0   0.000078      0.784544             0.784622           0.873046 1.114507         -2.157197e-13
Ablated PINN    5  8           1.0   0.000076      0.862403             0.862479           0.873046 1.013350         -4.059068e-13

Saved:
   result/warmstart_ablation_raw_case300_chunk032.csv
   result/warmstart_ablation_runlevel_case300_chunk032.csv
   result/warmstart_ablation_summary_case300_chunk032.csv

Done.
============================================================
Finished : Mon Sep 21 12:57:02 +03 2026
Exit code: 0
============================================================
