============================================================
Array Job ID : 2331003
Task ID      : 4
Node         : node0017
Case         : pglib_opf_case300_ieee
Bus          : 300
============================================================
Python 3.11.15
PyTorch: 2.8.0+cu129
Pandas: 3.0.3
Pyomo: 6.10.1
Start index : 40
End index   : 50
Chunk ID    : 004
Command:
/home/g202210120/.conda/envs/pytorch/bin/python evaluate_warmstart_ablation_array.py --case_name pglib_opf_case300_ieee --bus_number 300 --start_idx 40 --end_idx 50 --chunk_id 004 
Loading CURRENT dataset: ./dataset/pglib_opf_case300_ieee_10000.pt
QCQP matrices reconstructed in memory.
Selected test chunk [40, 50) with 10 instance(s); chunk=004

============================================================
LOADING EXISTING COLD IPOPT BASELINE
============================================================
Cold reference: result/warmstart_cold_case300_chunk004.csv
Existing cold reference success: 10/10 (100.00%)
Proceeding with 10 common reference-feasible instances.

Building ORIGINAL matrix-QCQP Pyomo model...
Building Pyomo model (this happens only once)...
Model built successfully.
Model built successfully.

============================================================
ABLATION CHECKPOINTS
============================================================
Pattern: model/300/*ablation_model*.pth
Found 5 checkpoint(s).
   best_ablation_model_pglib_opf_case300_ieee_10000epochs_20260918_135416.pth
   best_ablation_model_pglib_opf_case300_ieee_10000epochs_20260918_140403.pth
   best_ablation_model_pglib_opf_case300_ieee_10000epochs_20260918_141210.pth
   best_ablation_model_pglib_opf_case300_ieee_10000epochs_20260918_141939.pth
   best_ablation_model_pglib_opf_case300_ieee_10000epochs_20260918_142942.pth

================ Ablated PINN ================

Run 1: best_ablation_model_pglib_opf_case300_ieee_10000epochs_20260918_135416.pth
NN inference: 0.000243209 s/instance
  [1/10] success=True status=optimal time=1.883032s gap=+0.0000%
  [2/10] success=True status=optimal time=2.036710s gap=-0.0000%
  [3/10] success=True status=optimal time=1.869879s gap=-0.0000%
  [4/10] success=True status=optimal time=1.846453s gap=-0.0000%
  [5/10] success=True status=optimal time=2.470073s gap=+0.0000%
  [6/10] success=True status=optimal time=1.480022s gap=+0.0000%
  [7/10] success=True status=optimal time=1.477452s gap=+0.0000%
  [8/10] success=True status=optimal time=0.995293s gap=-0.0000%
  [9/10] success=True status=optimal time=1.047272s gap=+0.0000%
  [10/10] success=True status=optimal time=1.563377s gap=+0.0000%

Run 2: best_ablation_model_pglib_opf_case300_ieee_10000epochs_20260918_140403.pth
NN inference: 0.000173020 s/instance
  [1/10] success=True status=optimal time=1.646813s gap=-0.0000%
  [2/10] success=True status=optimal time=1.500689s gap=+0.0000%
  [3/10] success=True status=optimal time=1.324076s gap=-0.0000%
  [4/10] success=True status=optimal time=1.361444s gap=-0.0000%
  [5/10] success=True status=optimal time=1.863493s gap=+0.0000%
  [6/10] success=True status=optimal time=1.330395s gap=+0.0000%
  [7/10] success=True status=optimal time=1.317126s gap=+0.0000%
  [8/10] success=True status=optimal time=1.347773s gap=+0.0000%
  [9/10] success=True status=optimal time=1.432143s gap=-0.0000%
  [10/10] success=True status=optimal time=1.359242s gap=-0.0000%

Run 3: best_ablation_model_pglib_opf_case300_ieee_10000epochs_20260918_141210.pth
NN inference: 0.000160691 s/instance
  [1/10] success=True status=optimal time=1.266351s gap=-0.0000%
  [2/10] success=True status=optimal time=1.394606s gap=-0.0000%
  [3/10] success=True status=optimal time=1.394682s gap=-0.0000%
