============================================================
Array Job ID : 2330996
Task ID      : 0
Node         : node0020
Case         : pglib_opf_case300_ieee
Bus          : 300
============================================================
Python 3.11.15
PyTorch: 2.8.0+cu129
Pandas: 3.0.3
Pyomo: 6.10.1
Start index : 0
End index   : 10
Chunk ID    : 000
Command:
/home/g202210120/.conda/envs/pytorch/bin/python evaluate_warmstart_ablation_array.py --case_name pglib_opf_case300_ieee --bus_number 300 --start_idx 0 --end_idx 10 --chunk_id 000 
Loading CURRENT dataset: ./dataset/pglib_opf_case300_ieee_10000.pt
QCQP matrices reconstructed in memory.
Selected test chunk [0, 10) with 10 instance(s); chunk=000

============================================================
LOADING EXISTING COLD IPOPT BASELINE
============================================================
Cold reference: result/warmstart_cold_case300_chunk000.csv
Existing cold reference success: 10/10 (100.00%)
Proceeding with 10 common reference-feasible instances.

Building ORIGINAL matrix-QCQP Pyomo model...
Building Pyomo model (this happens only once)...
Model built successfully.
Model built successfully.

============================================================
ABLATION CHECKPOINTS
============================================================
Pattern: model/300/*ablation_model*.pth
Found 5 checkpoint(s).
   best_ablation_model_pglib_opf_case300_ieee_10000epochs_20260918_135416.pth
   best_ablation_model_pglib_opf_case300_ieee_10000epochs_20260918_140403.pth
   best_ablation_model_pglib_opf_case300_ieee_10000epochs_20260918_141210.pth
   best_ablation_model_pglib_opf_case300_ieee_10000epochs_20260918_141939.pth
   best_ablation_model_pglib_opf_case300_ieee_10000epochs_20260918_142942.pth

================ Ablated PINN ================

Run 1: best_ablation_model_pglib_opf_case300_ieee_10000epochs_20260918_135416.pth
NN inference: 0.000145338 s/instance
  [1/10] success=True status=optimal time=0.824477s gap=-0.0000%
  [2/10] success=True status=optimal time=0.639436s gap=+0.0000%
  [3/10] success=True status=optimal time=0.659757s gap=-0.0000%
  [4/10] success=True status=optimal time=0.619202s gap=-0.0000%
  [5/10] success=True status=optimal time=0.664149s gap=+0.0000%
  [6/10] success=True status=optimal time=0.665950s gap=+0.0000%
  [7/10] success=True status=optimal time=0.643161s gap=-0.0000%
  [8/10] success=True status=optimal time=0.617854s gap=+0.0000%
  [9/10] success=True status=optimal time=0.664866s gap=-0.0000%
  [10/10] success=True status=optimal time=0.613079s gap=-0.0000%

Run 2: best_ablation_model_pglib_opf_case300_ieee_10000epochs_20260918_140403.pth
NN inference: 0.000073598 s/instance
  [1/10] success=True status=optimal time=0.632436s gap=-0.0000%
  [2/10] success=True status=optimal time=0.661132s gap=+0.0000%
  [3/10] success=True status=optimal time=0.669088s gap=+0.0000%
  [4/10] success=True status=optimal time=0.619369s gap=+0.0000%
  [5/10] success=True status=optimal time=0.673524s gap=+0.0000%
  [6/10] success=True status=optimal time=0.656661s gap=+0.0000%
  [7/10] success=True status=optimal time=0.645306s gap=+0.0000%
  [8/10] success=True status=optimal time=0.623527s gap=+0.0000%
  [9/10] success=True status=optimal time=0.636249s gap=-0.0000%
  [10/10] success=True status=optimal time=0.575883s gap=-0.0000%

Run 3: best_ablation_model_pglib_opf_case300_ieee_10000epochs_20260918_141210.pth
NN inference: 0.000077335 s/instance
  [1/10] success=True status=optimal time=0.613195s gap=-0.0000%
  [2/10] success=True status=optimal time=0.611568s gap=+0.0000%
  [3/10] success=True status=optimal time=0.631488s gap=-0.0000%
  [4/10] success=True status=optimal time=0.580899s gap=+0.0000%
  [5/10] success=True status=optimal time=0.627378s gap=+0.0000%
  [6/10] success=True status=optimal time=0.630888s gap=+0.0000%
  [7/10] success=True status=optimal time=0.586653s gap=+0.0000%
  [8/10] success=True status=optimal time=0.568898s gap=+0.0000%
  [9/10] success=True status=optimal time=0.617692s gap=-0.0000%
  [10/10] success=True status=optimal time=0.579544s gap=+0.0000%

Run 4: best_ablation_model_pglib_opf_case300_ieee_10000epochs_20260918_141939.pth
NN inference: 0.000070109 s/instance
  [1/10] success=True status=optimal time=0.592102s gap=-0.0000%
  [2/10] success=True status=optimal time=0.619622s gap=+0.0000%
  [3/10] success=True status=optimal time=0.618632s gap=+0.0000%
  [4/10] success=True status=optimal time=0.594672s gap=+0.0000%
  [5/10] success=True status=optimal time=0.634296s gap=+0.0000%
  [6/10] success=True status=optimal time=0.608180s gap=-0.0000%
  [7/10] success=True status=optimal time=0.609363s gap=-0.0000%
  [8/10] success=True status=optimal time=0.578563s gap=+0.0000%
  [9/10] success=True status=optimal time=0.572574s gap=-0.0000%
  [10/10] success=True status=optimal time=0.533048s gap=-0.0000%

Run 5: best_ablation_model_pglib_opf_case300_ieee_10000epochs_20260918_142942.pth
NN inference: 0.000073670 s/instance
  [1/10] success=True status=optimal time=0.570580s gap=-0.0000%
  [2/10] success=True status=optimal time=0.575493s gap=+0.0000%
  [3/10] success=True status=optimal time=0.563224s gap=+0.0000%
  [4/10] success=True status=optimal time=0.575869s gap=+0.0000%
  [5/10] success=True status=optimal time=0.601953s gap=-0.0000%
  [6/10] success=True status=optimal time=0.581752s gap=+0.0000%
  [7/10] success=True status=optimal time=0.561225s gap=+0.0000%
  [8/10] success=True status=optimal time=0.548631s gap=-0.0000%
  [9/10] success=True status=optimal time=0.559608s gap=-0.0000%
  [10/10] success=True status=optimal time=0.536479s gap=-0.0000%

============================================================
ABLATION WARM-START SUMMARY
============================================================
Architecture  Run  N  Success_Rate  NN_Time_s  IPOPT_Time_s  Total_Online_Time_s  Cold_IPOPT_Time_s  Speedup  Feasible_Obj_Gap_pct
Ablated PINN    1 10           1.0   0.000145      0.661193             0.661338           0.770034 1.167398         -3.848513e-10
Ablated PINN    2 10           1.0   0.000074      0.639318             0.639391           0.770034 1.204620          1.087229e-12
Ablated PINN    3 10           1.0   0.000077      0.604820             0.604898           0.770034 1.272881         -3.818864e-10
Ablated PINN    4 10           1.0   0.000070      0.596105             0.596175           0.770034 1.292273         -3.550919e-10
Ablated PINN    5 10           1.0   0.000074      0.567481             0.567555           0.770034 1.356583         -3.607620e-10

Saved:
   result/warmstart_ablation_raw_case300_chunk000.csv
   result/warmstart_ablation_runlevel_case300_chunk000.csv
   result/warmstart_ablation_summary_case300_chunk000.csv

Done.
============================================================
Finished : Mon Sep 21 12:37:05 +03 2026
Exit code: 0
============================================================
