============================================================
Array Job ID : 2331008
Task ID      : 51
Node         : node0020
Case         : pglib_opf_case300_ieee
Bus          : 300
============================================================
Python 3.11.15
PyTorch: 2.8.0+cu129
Pandas: 3.0.3
Pyomo: 6.10.1
Start index : 510
End index   : 520
Chunk ID    : 051
Command:
/home/g202210120/.conda/envs/pytorch/bin/python evaluate_warmstart_ablation_array.py --case_name pglib_opf_case300_ieee --bus_number 300 --start_idx 510 --end_idx 520 --chunk_id 051 
Loading CURRENT dataset: ./dataset/pglib_opf_case300_ieee_10000.pt
QCQP matrices reconstructed in memory.
Selected test chunk [510, 520) with 10 instance(s); chunk=051

============================================================
LOADING EXISTING COLD IPOPT BASELINE
============================================================
Cold reference: result/warmstart_cold_case300_chunk051.csv
Existing cold reference success: 9/10 (90.00%)
Cold IPOPT failed on 1 instance(s).
Failed Instance_ID(s): [513]
These instances are excluded from the Ablated-PINN paired restoration comparison.
Proceeding with 9 common reference-feasible instances.

Building ORIGINAL matrix-QCQP Pyomo model...
Building Pyomo model (this happens only once)...
Model built successfully.
Model built successfully.

============================================================
ABLATION CHECKPOINTS
============================================================
Pattern: model/300/*ablation_model*.pth
Found 5 checkpoint(s).
   best_ablation_model_pglib_opf_case300_ieee_10000epochs_20260918_135416.pth
   best_ablation_model_pglib_opf_case300_ieee_10000epochs_20260918_140403.pth
   best_ablation_model_pglib_opf_case300_ieee_10000epochs_20260918_141210.pth
   best_ablation_model_pglib_opf_case300_ieee_10000epochs_20260918_141939.pth
   best_ablation_model_pglib_opf_case300_ieee_10000epochs_20260918_142942.pth

================ Ablated PINN ================

Run 1: best_ablation_model_pglib_opf_case300_ieee_10000epochs_20260918_135416.pth
NN inference: 0.000129247 s/instance
  [1/9] success=True status=optimal time=0.758391s gap=+0.0000%
  [2/9] success=True status=optimal time=0.717447s gap=+0.0000%
  [3/9] success=True status=optimal time=0.800818s gap=-0.0000%
  [4/9] success=True status=optimal time=0.817639s gap=-0.0000%
  [5/9] success=True status=optimal time=0.746468s gap=-0.0000%
  [6/9] success=True status=optimal time=0.808898s gap=+0.0000%
  [7/9] success=True status=optimal time=0.754613s gap=+0.0000%
  [8/9] success=True status=optimal time=0.784830s gap=-0.0000%
  [9/9] success=True status=optimal time=0.873119s gap=+0.0000%

Run 2: best_ablation_model_pglib_opf_case300_ieee_10000epochs_20260918_140403.pth
NN inference: 0.000079263 s/instance
  [1/9] success=True status=optimal time=0.840098s gap=+0.0000%
  [2/9] success=True status=optimal time=0.880885s gap=+0.0000%
  [3/9] success=True status=optimal time=0.934246s gap=+0.0000%
  [4/9] success=True status=optimal time=0.959870s gap=+0.0000%
  [5/9] success=True status=optimal time=0.899573s gap=-0.0000%
  [6/9] success=True status=optimal time=0.877710s gap=+0.0000%
  [7/9] success=True status=optimal time=0.800985s gap=+0.0000%
  [8/9] success=True status=optimal time=0.832035s gap=-0.0000%
  [9/9] success=True status=optimal time=0.784617s gap=-0.0000%

Run 3: best_ablation_model_pglib_opf_case300_ieee_10000epochs_20260918_141210.pth
NN inference: 0.000097862 s/instance
  [1/9] success=True status=optimal time=0.873121s gap=-0.0000%
  [2/9] success=True status=optimal time=0.743938s gap=+0.0000%
  [3/9] success=True status=optimal time=0.764130s gap=-0.0000%
  [4/9] success=True status=optimal time=0.782360s gap=+0.0000%
  [5/9] success=True status=optimal time=0.658344s gap=+0.0000%
  [6/9] success=True status=optimal time=0.657866s gap=+0.0000%
  [7/9] success=True status=optimal time=0.686222s gap=-0.0000%
  [8/9] success=True status=optimal time=0.755099s gap=+0.0000%
  [9/9] success=True status=optimal time=0.659254s gap=-0.0000%

Run 4: best_ablation_model_pglib_opf_case300_ieee_10000epochs_20260918_141939.pth
NN inference: 0.000079078 s/instance
  [1/9] success=True status=optimal time=0.564211s gap=-0.0000%
  [2/9] success=True status=optimal time=0.595970s gap=-0.0000%
  [3/9] success=True status=optimal time=0.599277s gap=-0.0000%
  [4/9] success=True status=optimal time=0.626405s gap=+0.0000%
  [5/9] success=True status=optimal time=0.568139s gap=-0.0000%
  [6/9] success=True status=optimal time=0.607467s gap=+0.0000%
  [7/9] success=True status=optimal time=0.591282s gap=+0.0000%
  [8/9] success=True status=optimal time=0.612328s gap=+0.0000%
  [9/9] success=True status=optimal time=0.535795s gap=+0.0000%

Run 5: best_ablation_model_pglib_opf_case300_ieee_10000epochs_20260918_142942.pth
NN inference: 0.000072919 s/instance
  [1/9] success=True status=optimal time=0.540450s gap=-0.0000%
  [2/9] success=True status=optimal time=0.539723s gap=+0.0000%
  [3/9] success=True status=optimal time=0.567931s gap=+0.0000%
  [4/9] success=True status=optimal time=0.584049s gap=+0.0000%
  [5/9] success=True status=optimal time=0.527956s gap=-0.0000%
  [6/9] success=True status=optimal time=0.561688s gap=+0.0000%
  [7/9] success=True status=optimal time=0.553056s gap=-0.0000%
  [8/9] success=True status=optimal time=0.531759s gap=+0.0000%
  [9/9] success=True status=optimal time=0.540497s gap=-0.0000%

============================================================
ABLATION WARM-START SUMMARY
============================================================
Architecture  Run  N  Success_Rate  NN_Time_s  IPOPT_Time_s  Total_Online_Time_s  Cold_IPOPT_Time_s  Speedup  Feasible_Obj_Gap_pct
Ablated PINN    1  9           1.0   0.000129      0.784691             0.784821            0.83156 1.062633          3.182226e-10
Ablated PINN    2  9           1.0   0.000079      0.867780             0.867859            0.83156 0.959531          3.447930e-10
Ablated PINN    3  9           1.0   0.000098      0.731148             0.731246            0.83156 1.146154         -2.316560e-11
Ablated PINN    4  9           1.0   0.000079      0.588986             0.589065            0.83156 1.412658         -2.574929e-11
Ablated PINN    5  9           1.0   0.000073      0.549679             0.549752            0.83156 1.513199         -5.677158e-13

Saved:
   result/warmstart_ablation_raw_case300_chunk051.csv
   result/warmstart_ablation_runlevel_case300_chunk051.csv
   result/warmstart_ablation_summary_case300_chunk051.csv

Done.
============================================================
Finished : Mon Sep 21 13:04:50 +03 2026
Exit code: 0
============================================================
