============================================================
Array Job ID : 2331008
Task ID      : 72
Node         : node0017
Case         : pglib_opf_case300_ieee
Bus          : 300
============================================================
Python 3.11.15
PyTorch: 2.8.0+cu129
Pandas: 3.0.3
Pyomo: 6.10.1
Start index : 720
End index   : 730
Chunk ID    : 072
Command:
/home/g202210120/.conda/envs/pytorch/bin/python evaluate_warmstart_ablation_array.py --case_name pglib_opf_case300_ieee --bus_number 300 --start_idx 720 --end_idx 730 --chunk_id 072 
Loading CURRENT dataset: ./dataset/pglib_opf_case300_ieee_10000.pt
QCQP matrices reconstructed in memory.
Selected test chunk [720, 730) with 10 instance(s); chunk=072

============================================================
LOADING EXISTING COLD IPOPT BASELINE
============================================================
Cold reference: result/warmstart_cold_case300_chunk072.csv
Existing cold reference success: 9/10 (90.00%)
Cold IPOPT failed on 1 instance(s).
Failed Instance_ID(s): [728]
These instances are excluded from the Ablated-PINN paired restoration comparison.
Proceeding with 9 common reference-feasible instances.

Building ORIGINAL matrix-QCQP Pyomo model...
Building Pyomo model (this happens only once)...
Model built successfully.
Model built successfully.

============================================================
ABLATION CHECKPOINTS
============================================================
Pattern: model/300/*ablation_model*.pth
Found 5 checkpoint(s).
   best_ablation_model_pglib_opf_case300_ieee_10000epochs_20260918_135416.pth
   best_ablation_model_pglib_opf_case300_ieee_10000epochs_20260918_140403.pth
   best_ablation_model_pglib_opf_case300_ieee_10000epochs_20260918_141210.pth
   best_ablation_model_pglib_opf_case300_ieee_10000epochs_20260918_141939.pth
   best_ablation_model_pglib_opf_case300_ieee_10000epochs_20260918_142942.pth

================ Ablated PINN ================

Run 1: best_ablation_model_pglib_opf_case300_ieee_10000epochs_20260918_135416.pth
NN inference: 0.000235763 s/instance
  [1/9] success=True status=optimal time=1.381033s gap=+0.0000%
  [2/9] success=True status=optimal time=1.712247s gap=-0.0000%
  [3/9] success=True status=optimal time=1.660935s gap=-0.0000%
  [4/9] success=True status=optimal time=1.562450s gap=-0.0000%
  [5/9] success=True status=optimal time=1.522277s gap=-0.0000%
  [6/9] success=True status=optimal time=1.462034s gap=+0.0000%
  [7/9] success=True status=optimal time=1.541685s gap=-0.0000%
  [8/9] success=True status=optimal time=1.875799s gap=-0.0000%
  [9/9] success=True status=optimal time=1.499842s gap=-0.0000%

Run 2: best_ablation_model_pglib_opf_case300_ieee_10000epochs_20260918_140403.pth
NN inference: 0.000158069 s/instance
  [1/9] success=True status=optimal time=1.473094s gap=+0.0000%
  [2/9] success=True status=optimal time=1.452363s gap=-0.0000%
  [3/9] success=True status=optimal time=1.655044s gap=-0.0000%
  [4/9] success=True status=optimal time=1.486635s gap=-0.0000%
  [5/9] success=True status=optimal time=1.350588s gap=+0.0000%
  [6/9] success=True status=optimal time=1.390389s gap=+0.0000%
  [7/9] success=True status=optimal time=1.386005s gap=+0.0000%
  [8/9] success=True status=optimal time=1.029789s gap=-0.0000%
  [9/9] success=True status=optimal time=0.956512s gap=-0.0000%

Run 3: best_ablation_model_pglib_opf_case300_ieee_10000epochs_20260918_141210.pth
NN inference: 0.000184421 s/instance
  [1/9] success=True status=optimal time=0.997054s gap=+0.0000%
  [2/9] success=True status=optimal time=0.984423s gap=-0.0000%
  [3/9] success=True status=optimal time=1.051667s gap=-0.0000%
  [4/9] success=True status=optimal time=1.291870s gap=-0.0000%
  [5/9] success=True status=optimal time=1.256167s gap=+0.0000%
  [6/9] success=True status=optimal time=1.345018s gap=+0.0000%
  [7/9] success=True status=optimal time=1.465904s gap=-0.0000%
  [8/9] success=True status=optimal time=1.569179s gap=+0.0000%
  [9/9] success=True status=optimal time=1.521034s gap=-0.0000%

Run 4: best_ablation_model_pglib_opf_case300_ieee_10000epochs_20260918_141939.pth
NN inference: 0.000179937 s/instance
  [1/9] success=True status=optimal time=1.494450s gap=+0.0000%
  [2/9] success=True status=optimal time=1.569059s gap=-0.0000%
  [3/9] success=True status=optimal time=1.622314s gap=-0.0000%
  [4/9] success=True status=optimal time=1.550478s gap=-0.0000%
  [5/9] success=True status=optimal time=1.579873s gap=-0.0000%
  [6/9] success=True status=optimal time=1.839584s gap=+0.0000%
  [7/9] success=True status=optimal time=1.596032s gap=+0.0000%
  [8/9] success=True status=optimal time=1.800977s gap=+0.0000%
  [9/9] success=True status=optimal time=1.731404s gap=-0.0000%

Run 5: best_ablation_model_pglib_opf_case300_ieee_10000epochs_20260918_142942.pth
NN inference: 0.000156792 s/instance
  [1/9] success=True status=optimal time=1.562714s gap=+0.0000%
  [2/9] success=True status=optimal time=1.473493s gap=+0.0000%
  [3/9] success=True status=optimal time=1.568011s gap=-0.0000%
  [4/9] success=True status=optimal time=1.462363s gap=-0.0000%
  [5/9] success=True status=optimal time=1.440955s gap=+0.0000%
  [6/9] success=True status=optimal time=1.387146s gap=+0.0000%
  [7/9] success=True status=optimal time=1.355978s gap=+0.0000%
  [8/9] success=True status=optimal time=1.121090s gap=+0.0000%
  [9/9] success=True status=optimal time=1.401702s gap=-0.0000%

============================================================
ABLATION WARM-START SUMMARY
============================================================
Architecture  Run  N  Success_Rate  NN_Time_s  IPOPT_Time_s  Total_Online_Time_s  Cold_IPOPT_Time_s  Speedup  Feasible_Obj_Gap_pct
Ablated PINN    1  9           1.0   0.000236      1.579811             1.580047           0.882189 0.562145         -8.986638e-13
Ablated PINN    2  9           1.0   0.000158      1.353380             1.353538           0.882189 0.671501         -2.024160e-13
Ablated PINN    3  9           1.0   0.000184      1.275813             1.275997           0.882189 0.712517          1.843119e-11
Ablated PINN    4  9           1.0   0.000180      1.642686             1.642866           0.882189 0.539101         -5.694219e-13
Ablated PINN    5  9           1.0   0.000157      1.419272             1.419429           0.882189 0.627430          1.169368e-12

Saved:
   result/warmstart_ablation_raw_case300_chunk072.csv
   result/warmstart_ablation_runlevel_case300_chunk072.csv
   result/warmstart_ablation_summary_case300_chunk072.csv

Done.
============================================================
Finished : Mon Sep 21 13:14:28 +03 2026
Exit code: 0
============================================================
