============================================================
Array Job ID : 2331008
Task ID      : 94
Node         : node0020
Case         : pglib_opf_case300_ieee
Bus          : 300
============================================================
Python 3.11.15
PyTorch: 2.8.0+cu129
Pandas: 3.0.3
Pyomo: 6.10.1
Start index : 940
End index   : 950
Chunk ID    : 094
Command:
/home/g202210120/.conda/envs/pytorch/bin/python evaluate_warmstart_ablation_array.py --case_name pglib_opf_case300_ieee --bus_number 300 --start_idx 940 --end_idx 950 --chunk_id 094 
Loading CURRENT dataset: ./dataset/pglib_opf_case300_ieee_10000.pt
QCQP matrices reconstructed in memory.
Selected test chunk [940, 950) with 10 instance(s); chunk=094

============================================================
LOADING EXISTING COLD IPOPT BASELINE
============================================================
Cold reference: result/warmstart_cold_case300_chunk094.csv
Existing cold reference success: 10/10 (100.00%)
Proceeding with 10 common reference-feasible instances.

Building ORIGINAL matrix-QCQP Pyomo model...
Building Pyomo model (this happens only once)...
Model built successfully.
Model built successfully.

============================================================
ABLATION CHECKPOINTS
============================================================
Pattern: model/300/*ablation_model*.pth
Found 5 checkpoint(s).
   best_ablation_model_pglib_opf_case300_ieee_10000epochs_20260918_135416.pth
   best_ablation_model_pglib_opf_case300_ieee_10000epochs_20260918_140403.pth
   best_ablation_model_pglib_opf_case300_ieee_10000epochs_20260918_141210.pth
   best_ablation_model_pglib_opf_case300_ieee_10000epochs_20260918_141939.pth
   best_ablation_model_pglib_opf_case300_ieee_10000epochs_20260918_142942.pth

================ Ablated PINN ================

Run 1: best_ablation_model_pglib_opf_case300_ieee_10000epochs_20260918_135416.pth
NN inference: 0.000110950 s/instance
  [1/10] success=True status=optimal time=0.935899s gap=+0.0000%
  [2/10] success=True status=optimal time=0.903815s gap=+0.0000%
  [3/10] success=True status=optimal time=0.908683s gap=-0.0000%
  [4/10] success=True status=optimal time=0.874208s gap=-0.0000%
  [5/10] success=True status=optimal time=0.940718s gap=-0.0000%
  [6/10] success=True status=optimal time=0.804338s gap=-0.0000%
  [7/10] success=True status=optimal time=0.848377s gap=-0.0000%
  [8/10] success=True status=optimal time=1.094957s gap=+0.0000%
  [9/10] success=True status=optimal time=0.844265s gap=-0.0000%
  [10/10] success=True status=optimal time=0.798751s gap=+0.0000%

Run 2: best_ablation_model_pglib_opf_case300_ieee_10000epochs_20260918_140403.pth
NN inference: 0.000068260 s/instance
  [1/10] success=True status=optimal time=0.868122s gap=+0.0000%
  [2/10] success=True status=optimal time=0.846919s gap=+0.0000%
  [3/10] success=True status=optimal time=0.784971s gap=-0.0000%
  [4/10] success=True status=optimal time=0.790397s gap=+0.0000%
  [5/10] success=True status=optimal time=0.936856s gap=+0.0000%
  [6/10] success=True status=optimal time=0.809065s gap=-0.0000%
  [7/10] success=True status=optimal time=0.812194s gap=+0.0000%
  [8/10] success=True status=optimal time=0.879692s gap=+0.0000%
  [9/10] success=True status=optimal time=0.821503s gap=+0.0000%
  [10/10] success=True status=optimal time=0.803670s gap=+0.0000%

Run 3: best_ablation_model_pglib_opf_case300_ieee_10000epochs_20260918_141210.pth
NN inference: 0.000069976 s/instance
  [1/10] success=True status=optimal time=0.881848s gap=-0.0000%
  [2/10] success=True status=optimal time=0.852277s gap=+0.0000%
  [3/10] success=True status=optimal time=0.783988s gap=-0.0000%
  [4/10] success=True status=optimal time=0.702029s gap=+0.0000%
  [5/10] success=True status=optimal time=0.821545s gap=+0.0000%
  [6/10] success=True status=optimal time=0.699785s gap=+0.0000%
  [7/10] success=True status=optimal time=0.629427s gap=-0.0000%
  [8/10] success=True status=optimal time=0.722301s gap=-0.0000%
  [9/10] success=True status=optimal time=0.739723s gap=+0.0000%
  [10/10] success=True status=optimal time=0.758659s gap=+0.0000%

Run 4: best_ablation_model_pglib_opf_case300_ieee_10000epochs_20260918_141939.pth
NN inference: 0.000062433 s/instance
  [1/10] success=True status=optimal time=0.806127s gap=-0.0000%
  [2/10] success=True status=optimal time=0.805874s gap=-0.0000%
  [3/10] success=True status=optimal time=0.765716s gap=+0.0000%
  [4/10] success=True status=optimal time=0.772376s gap=+0.0000%
  [5/10] success=True status=optimal time=0.865860s gap=-0.0000%
  [6/10] success=True status=optimal time=0.733656s gap=-0.0000%
  [7/10] success=True status=optimal time=0.819464s gap=-0.0000%
  [8/10] success=True status=optimal time=0.902798s gap=+0.0000%
  [9/10] success=True status=optimal time=0.808128s gap=+0.0000%
  [10/10] success=True status=optimal time=0.756953s gap=+0.0000%

Run 5: best_ablation_model_pglib_opf_case300_ieee_10000epochs_20260918_142942.pth
NN inference: 0.000060731 s/instance
  [1/10] success=True status=optimal time=0.765672s gap=+0.0000%
  [2/10] success=True status=optimal time=0.766480s gap=+0.0000%
  [3/10] success=True status=optimal time=0.735886s gap=-0.0000%
  [4/10] success=True status=optimal time=0.748259s gap=-0.0000%
  [5/10] success=True status=optimal time=0.910281s gap=-0.0000%
  [6/10] success=True status=optimal time=0.884907s gap=-0.0000%
  [7/10] success=True status=optimal time=0.856454s gap=-0.0000%
  [8/10] success=True status=optimal time=0.917707s gap=+0.0000%
  [9/10] success=True status=optimal time=0.900965s gap=+0.0000%
  [10/10] success=True status=optimal time=0.785408s gap=+0.0000%

============================================================
ABLATION WARM-START SUMMARY
============================================================
Architecture  Run  N  Success_Rate  NN_Time_s  IPOPT_Time_s  Total_Online_Time_s  Cold_IPOPT_Time_s  Speedup  Feasible_Obj_Gap_pct
Ablated PINN    1 10           1.0   0.000111      0.895401             0.895512            0.53923 0.605393          4.358610e-14
Ablated PINN    2 10           1.0   0.000068      0.835339             0.835407            0.53923 0.645865          7.437437e-12
Ablated PINN    3 10           1.0   0.000070      0.759158             0.759228            0.53923 0.714332          5.238870e-12
Ablated PINN    4 10           1.0   0.000062      0.803695             0.803758            0.53923 0.672168          5.755692e-12
Ablated PINN    5 10           1.0   0.000061      0.827202             0.827263            0.53923 0.655873          1.663797e-12

Saved:
   result/warmstart_ablation_raw_case300_chunk094.csv
   result/warmstart_ablation_runlevel_case300_chunk094.csv
   result/warmstart_ablation_summary_case300_chunk094.csv

Done.
============================================================
Finished : Mon Sep 21 13:22:37 +03 2026
Exit code: 0
============================================================
