============================================================
Array Job ID : 2331008
Task ID      : 74
Node         : node0020
Case         : pglib_opf_case300_ieee
Bus          : 300
============================================================
Python 3.11.15
PyTorch: 2.8.0+cu129
Pandas: 3.0.3
Pyomo: 6.10.1
Start index : 740
End index   : 750
Chunk ID    : 074
Command:
/home/g202210120/.conda/envs/pytorch/bin/python evaluate_warmstart_ablation_array.py --case_name pglib_opf_case300_ieee --bus_number 300 --start_idx 740 --end_idx 750 --chunk_id 074 
Loading CURRENT dataset: ./dataset/pglib_opf_case300_ieee_10000.pt
QCQP matrices reconstructed in memory.
Selected test chunk [740, 750) with 10 instance(s); chunk=074

============================================================
LOADING EXISTING COLD IPOPT BASELINE
============================================================
Cold reference: result/warmstart_cold_case300_chunk074.csv
Existing cold reference success: 9/10 (90.00%)
Cold IPOPT failed on 1 instance(s).
Failed Instance_ID(s): [740]
These instances are excluded from the Ablated-PINN paired restoration comparison.
Proceeding with 9 common reference-feasible instances.

Building ORIGINAL matrix-QCQP Pyomo model...
Building Pyomo model (this happens only once)...
Model built successfully.
Model built successfully.

============================================================
ABLATION CHECKPOINTS
============================================================
Pattern: model/300/*ablation_model*.pth
Found 5 checkpoint(s).
   best_ablation_model_pglib_opf_case300_ieee_10000epochs_20260918_135416.pth
   best_ablation_model_pglib_opf_case300_ieee_10000epochs_20260918_140403.pth
   best_ablation_model_pglib_opf_case300_ieee_10000epochs_20260918_141210.pth
   best_ablation_model_pglib_opf_case300_ieee_10000epochs_20260918_141939.pth
   best_ablation_model_pglib_opf_case300_ieee_10000epochs_20260918_142942.pth

================ Ablated PINN ================

Run 1: best_ablation_model_pglib_opf_case300_ieee_10000epochs_20260918_135416.pth
NN inference: 0.000139883 s/instance
  [1/9] success=True status=optimal time=0.912004s gap=+0.0000%
  [2/9] success=True status=optimal time=0.847812s gap=+0.0000%
  [3/9] success=True status=optimal time=0.827579s gap=-0.0000%
  [4/9] success=True status=optimal time=0.887221s gap=+0.0000%
  [5/9] success=True status=optimal time=0.889532s gap=-0.0000%
  [6/9] success=True status=optimal time=0.859859s gap=+0.0000%
  [7/9] success=True status=optimal time=0.916907s gap=-0.0000%
  [8/9] success=True status=optimal time=0.960575s gap=+0.0000%
  [9/9] success=True status=optimal time=0.903274s gap=+0.0000%

Run 2: best_ablation_model_pglib_opf_case300_ieee_10000epochs_20260918_140403.pth
NN inference: 0.000073544 s/instance
  [1/9] success=True status=optimal time=0.849300s gap=+0.0000%
  [2/9] success=True status=optimal time=0.860212s gap=+0.0000%
  [3/9] success=True status=optimal time=0.840862s gap=+0.0000%
  [4/9] success=True status=optimal time=0.884895s gap=+0.0000%
  [5/9] success=True status=optimal time=0.856393s gap=+0.0000%
  [6/9] success=True status=optimal time=0.827221s gap=+0.0000%
  [7/9] success=True status=optimal time=0.841750s gap=-0.0000%
  [8/9] success=True status=optimal time=0.935189s gap=+0.0000%
  [9/9] success=True status=optimal time=0.832874s gap=+0.0000%

Run 3: best_ablation_model_pglib_opf_case300_ieee_10000epochs_20260918_141210.pth
NN inference: 0.000091608 s/instance
  [1/9] success=True status=optimal time=0.858302s gap=+0.0000%
  [2/9] success=True status=optimal time=0.809641s gap=+0.0000%
  [3/9] success=True status=optimal time=0.812113s gap=+0.0000%
  [4/9] success=True status=optimal time=0.869763s gap=+0.0000%
  [5/9] success=True status=optimal time=0.847904s gap=-0.0000%
  [6/9] success=True status=optimal time=0.804296s gap=+0.0000%
  [7/9] success=True status=optimal time=0.982674s gap=-0.0000%
  [8/9] success=True status=optimal time=1.050973s gap=+0.0000%
  [9/9] success=True status=optimal time=0.957698s gap=-0.0000%

Run 4: best_ablation_model_pglib_opf_case300_ieee_10000epochs_20260918_141939.pth
NN inference: 0.000090185 s/instance
  [1/9] success=True status=optimal time=0.934832s gap=+0.0000%
  [2/9] success=True status=optimal time=0.909440s gap=+0.0000%
  [3/9] success=True status=optimal time=0.920596s gap=+0.0000%
  [4/9] success=True status=optimal time=0.989398s gap=+0.0000%
  [5/9] success=True status=optimal time=0.971031s gap=+0.0000%
  [6/9] success=True status=optimal time=0.930287s gap=+0.0000%
  [7/9] success=True status=optimal time=0.966550s gap=+0.0000%
  [8/9] success=True status=optimal time=0.975588s gap=+0.0000%
  [9/9] success=True status=optimal time=0.891162s gap=-0.0000%

Run 5: best_ablation_model_pglib_opf_case300_ieee_10000epochs_20260918_142942.pth
NN inference: 0.000080574 s/instance
  [1/9] success=True status=optimal time=0.863079s gap=+0.0000%
  [2/9] success=True status=optimal time=0.801628s gap=+0.0000%
  [3/9] success=True status=optimal time=0.919587s gap=+0.0000%
  [4/9] success=True status=optimal time=1.175681s gap=+0.0000%
  [5/9] success=True status=optimal time=1.188131s gap=-0.0000%
  [6/9] success=True status=optimal time=1.093705s gap=+0.0000%
  [7/9] success=True status=optimal time=1.156007s gap=-0.0000%
  [8/9] success=True status=optimal time=1.194689s gap=+0.0000%
  [9/9] success=True status=optimal time=0.896705s gap=+0.0000%

============================================================
ABLATION WARM-START SUMMARY
============================================================
Architecture  Run  N  Success_Rate  NN_Time_s  IPOPT_Time_s  Total_Online_Time_s  Cold_IPOPT_Time_s  Speedup  Feasible_Obj_Gap_pct
Ablated PINN    1  9           1.0   0.000140      0.889418             0.889558           0.752995 0.847561          1.499672e-12
Ablated PINN    2  9           1.0   0.000074      0.858744             0.858817           0.752995 0.877178          2.465767e-12
Ablated PINN    3  9           1.0   0.000092      0.888151             0.888243           0.752995 0.854732         -4.670963e-12
Ablated PINN    4  9           1.0   0.000090      0.943209             0.943300           0.752995 0.798978          1.811971e-12
Ablated PINN    5  9           1.0   0.000081      1.032135             1.032215           0.752995 0.749033          2.750314e-12

Saved:
   result/warmstart_ablation_raw_case300_chunk074.csv
   result/warmstart_ablation_runlevel_case300_chunk074.csv
   result/warmstart_ablation_summary_case300_chunk074.csv

Done.
============================================================
Finished : Mon Sep 21 13:15:07 +03 2026
Exit code: 0
============================================================
