============================================================
Array Job ID : 2331008
Task ID      : 55
Node         : node0017
Case         : pglib_opf_case300_ieee
Bus          : 300
============================================================
Python 3.11.15
PyTorch: 2.8.0+cu129
Pandas: 3.0.3
Pyomo: 6.10.1
Start index : 550
End index   : 560
Chunk ID    : 055
Command:
/home/g202210120/.conda/envs/pytorch/bin/python evaluate_warmstart_ablation_array.py --case_name pglib_opf_case300_ieee --bus_number 300 --start_idx 550 --end_idx 560 --chunk_id 055 
Loading CURRENT dataset: ./dataset/pglib_opf_case300_ieee_10000.pt
QCQP matrices reconstructed in memory.
Selected test chunk [550, 560) with 10 instance(s); chunk=055

============================================================
LOADING EXISTING COLD IPOPT BASELINE
============================================================
Cold reference: result/warmstart_cold_case300_chunk055.csv
Existing cold reference success: 9/10 (90.00%)
Cold IPOPT failed on 1 instance(s).
Failed Instance_ID(s): [554]
These instances are excluded from the Ablated-PINN paired restoration comparison.
Proceeding with 9 common reference-feasible instances.

Building ORIGINAL matrix-QCQP Pyomo model...
Building Pyomo model (this happens only once)...
Model built successfully.
Model built successfully.

============================================================
ABLATION CHECKPOINTS
============================================================
Pattern: model/300/*ablation_model*.pth
Found 5 checkpoint(s).
   best_ablation_model_pglib_opf_case300_ieee_10000epochs_20260918_135416.pth
   best_ablation_model_pglib_opf_case300_ieee_10000epochs_20260918_140403.pth
   best_ablation_model_pglib_opf_case300_ieee_10000epochs_20260918_141210.pth
   best_ablation_model_pglib_opf_case300_ieee_10000epochs_20260918_141939.pth
   best_ablation_model_pglib_opf_case300_ieee_10000epochs_20260918_142942.pth

================ Ablated PINN ================

Run 1: best_ablation_model_pglib_opf_case300_ieee_10000epochs_20260918_135416.pth
NN inference: 0.000247896 s/instance
  [1/9] success=True status=optimal time=1.455291s gap=-0.0000%
  [2/9] success=True status=optimal time=1.850394s gap=-0.0000%
  [3/9] success=True status=optimal time=1.333006s gap=-0.0000%
  [4/9] success=True status=optimal time=1.316932s gap=-0.0000%
  [5/9] success=True status=optimal time=1.379590s gap=-0.0000%
  [6/9] success=True status=optimal time=1.468671s gap=+0.0000%
  [7/9] success=True status=optimal time=1.303285s gap=-0.0000%
  [8/9] success=True status=optimal time=1.363846s gap=+0.0000%
  [9/9] success=True status=optimal time=0.970371s gap=+0.0000%

Run 2: best_ablation_model_pglib_opf_case300_ieee_10000epochs_20260918_140403.pth
NN inference: 0.000173803 s/instance
  [1/9] success=True status=optimal time=1.689164s gap=-0.0000%
  [2/9] success=True status=optimal time=1.979573s gap=+0.0000%
  [3/9] success=True status=optimal time=1.383006s gap=-0.0000%
  [4/9] success=True status=optimal time=1.445889s gap=+0.0000%
  [5/9] success=True status=optimal time=1.935431s gap=-0.0000%
  [6/9] success=True status=optimal time=1.853611s gap=+0.0000%
  [7/9] success=True status=optimal time=1.648791s gap=+0.0000%
  [8/9] success=True status=optimal time=1.658577s gap=-0.0000%
  [9/9] success=True status=optimal time=1.674622s gap=-0.0000%

Run 3: best_ablation_model_pglib_opf_case300_ieee_10000epochs_20260918_141210.pth
NN inference: 0.000140602 s/instance
  [1/9] success=True status=optimal time=1.629190s gap=-0.0000%
  [2/9] success=True status=optimal time=2.323647s gap=+0.0000%
  [3/9] success=True status=optimal time=1.593234s gap=+0.0000%
  [4/9] success=True status=optimal time=1.459968s gap=+0.0000%
  [5/9] success=True status=optimal time=1.520680s gap=-0.0000%
  [6/9] success=True status=optimal time=1.713721s gap=+0.0000%
  [7/9] success=True status=optimal time=1.403050s gap=-0.0000%
  [8/9] success=True status=optimal time=1.388411s gap=+0.0000%
  [9/9] success=True status=optimal time=1.431645s gap=-0.0000%

Run 4: best_ablation_model_pglib_opf_case300_ieee_10000epochs_20260918_141939.pth
NN inference: 0.000136339 s/instance
  [1/9] success=True status=optimal time=1.226998s gap=-0.0000%
  [2/9] success=True status=optimal time=1.400378s gap=+0.0000%
  [3/9] success=True status=optimal time=1.283758s gap=-0.0000%
  [4/9] success=True status=optimal time=0.712128s gap=-0.0000%
  [5/9] success=True status=optimal time=0.669903s gap=-0.0000%
  [6/9] success=True status=optimal time=0.737984s gap=+0.0000%
  [7/9] success=True status=optimal time=0.572029s gap=-0.0000%
  [8/9] success=True status=optimal time=0.628036s gap=-0.0000%
  [9/9] success=True status=optimal time=0.654550s gap=-0.0000%

Run 5: best_ablation_model_pglib_opf_case300_ieee_10000epochs_20260918_142942.pth
NN inference: 0.005018281 s/instance
  [1/9] success=True status=optimal time=0.617290s gap=+0.0000%
  [2/9] success=True status=optimal time=0.815205s gap=+0.0000%
  [3/9] success=True status=optimal time=0.643435s gap=-0.0000%
  [4/9] success=True status=optimal time=0.646592s gap=-0.0000%
  [5/9] success=True status=optimal time=0.676634s gap=-0.0000%
  [6/9] success=True status=optimal time=0.710934s gap=+0.0000%
  [7/9] success=True status=optimal time=0.642804s gap=-0.0000%
  [8/9] success=True status=optimal time=0.656498s gap=+0.0000%
  [9/9] success=True status=optimal time=1.371716s gap=-0.0000%

============================================================
ABLATION WARM-START SUMMARY
============================================================
Architecture  Run  N  Success_Rate  NN_Time_s  IPOPT_Time_s  Total_Online_Time_s  Cold_IPOPT_Time_s  Speedup  Feasible_Obj_Gap_pct
Ablated PINN    1  9           1.0   0.000248      1.382376             1.382624           0.879232 0.646148          1.062463e-11
Ablated PINN    2  9           1.0   0.000174      1.696518             1.696692           0.879232 0.522871          2.398263e-11
Ablated PINN    3  9           1.0   0.000141      1.607061             1.607201           0.879232 0.554156          3.127556e-11
Ablated PINN    4  9           1.0   0.000136      0.876196             0.876332           0.879232 1.101131         -8.820181e-13
Ablated PINN    5  9           1.0   0.005018      0.753456             0.758475           0.879232 1.223891          1.092009e-11

Saved:
   result/warmstart_ablation_raw_case300_chunk055.csv
   result/warmstart_ablation_runlevel_case300_chunk055.csv
   result/warmstart_ablation_summary_case300_chunk055.csv

Done.
============================================================
Finished : Mon Sep 21 13:06:22 +03 2026
Exit code: 0
============================================================
