============================================================
Array Job ID : 2331008
Task ID      : 13
Node         : node0020
Case         : pglib_opf_case300_ieee
Bus          : 300
============================================================
Python 3.11.15
PyTorch: 2.8.0+cu129
Pandas: 3.0.3
Pyomo: 6.10.1
Start index : 130
End index   : 140
Chunk ID    : 013
Command:
/home/g202210120/.conda/envs/pytorch/bin/python evaluate_warmstart_ablation_array.py --case_name pglib_opf_case300_ieee --bus_number 300 --start_idx 130 --end_idx 140 --chunk_id 013 
Loading CURRENT dataset: ./dataset/pglib_opf_case300_ieee_10000.pt
QCQP matrices reconstructed in memory.
Selected test chunk [130, 140) with 10 instance(s); chunk=013

============================================================
LOADING EXISTING COLD IPOPT BASELINE
============================================================
Cold reference: result/warmstart_cold_case300_chunk013.csv
Existing cold reference success: 9/10 (90.00%)
Cold IPOPT failed on 1 instance(s).
Failed Instance_ID(s): [133]
These instances are excluded from the Ablated-PINN paired restoration comparison.
Proceeding with 9 common reference-feasible instances.

Building ORIGINAL matrix-QCQP Pyomo model...
Building Pyomo model (this happens only once)...
Model built successfully.
Model built successfully.

============================================================
ABLATION CHECKPOINTS
============================================================
Pattern: model/300/*ablation_model*.pth
Found 5 checkpoint(s).
   best_ablation_model_pglib_opf_case300_ieee_10000epochs_20260918_135416.pth
   best_ablation_model_pglib_opf_case300_ieee_10000epochs_20260918_140403.pth
   best_ablation_model_pglib_opf_case300_ieee_10000epochs_20260918_141210.pth
   best_ablation_model_pglib_opf_case300_ieee_10000epochs_20260918_141939.pth
   best_ablation_model_pglib_opf_case300_ieee_10000epochs_20260918_142942.pth

================ Ablated PINN ================

Run 1: best_ablation_model_pglib_opf_case300_ieee_10000epochs_20260918_135416.pth
NN inference: 0.000129116 s/instance
  [1/9] success=True status=optimal time=0.964182s gap=-0.0000%
  [2/9] success=True status=optimal time=0.769215s gap=+0.0000%
  [3/9] success=True status=optimal time=0.777390s gap=-0.0000%
  [4/9] success=True status=optimal time=0.881864s gap=+0.0000%
  [5/9] success=True status=optimal time=1.101425s gap=-0.0000%
  [6/9] success=True status=optimal time=1.128254s gap=-0.0000%
  [7/9] success=True status=optimal time=1.133030s gap=+0.0000%
  [8/9] success=True status=optimal time=1.011742s gap=-0.0000%
  [9/9] success=True status=optimal time=1.062668s gap=+0.0000%

Run 2: best_ablation_model_pglib_opf_case300_ieee_10000epochs_20260918_140403.pth
NN inference: 0.000102603 s/instance
  [1/9] success=True status=optimal time=1.170345s gap=-0.0000%
  [2/9] success=True status=optimal time=1.036873s gap=+0.0000%
  [3/9] success=True status=optimal time=1.184112s gap=-0.0000%
  [4/9] success=True status=optimal time=1.111796s gap=+0.0000%
  [5/9] success=True status=optimal time=1.115258s gap=+0.0000%
  [6/9] success=True status=optimal time=1.265468s gap=+0.0000%
  [7/9] success=True status=optimal time=1.088047s gap=-0.0000%
  [8/9] success=True status=optimal time=1.553210s gap=-0.0000%
  [9/9] success=True status=optimal time=1.486625s gap=+0.0000%

Run 3: best_ablation_model_pglib_opf_case300_ieee_10000epochs_20260918_141210.pth
NN inference: 0.000099887 s/instance
  [1/9] success=True status=optimal time=1.850182s gap=-0.0000%
  [2/9] success=True status=optimal time=1.562661s gap=+0.0000%
  [3/9] success=True status=optimal time=1.469846s gap=-0.0000%
  [4/9] success=True status=optimal time=1.423320s gap=+0.0000%
  [5/9] success=True status=optimal time=1.304979s gap=-0.0000%
  [6/9] success=True status=optimal time=1.569258s gap=+0.0000%
  [7/9] success=True status=optimal time=1.433517s gap=-0.0000%
  [8/9] success=True status=optimal time=1.253540s gap=-0.0000%
  [9/9] success=True status=optimal time=1.509841s gap=-0.0000%

Run 4: best_ablation_model_pglib_opf_case300_ieee_10000epochs_20260918_141939.pth
NN inference: 0.000108924 s/instance
  [1/9] success=True status=optimal time=1.727374s gap=-0.0000%
  [2/9] success=True status=optimal time=1.508516s gap=+0.0000%
  [3/9] success=True status=optimal time=1.361000s gap=+0.0000%
  [4/9] success=True status=optimal time=1.220785s gap=+0.0000%
  [5/9] success=True status=optimal time=1.260486s gap=-0.0000%
  [6/9] success=True status=optimal time=1.431740s gap=+0.0000%
  [7/9] success=True status=optimal time=1.358786s gap=-0.0000%
  [8/9] success=True status=optimal time=1.275061s gap=-0.0000%
  [9/9] success=True status=optimal time=1.080102s gap=-0.0000%

Run 5: best_ablation_model_pglib_opf_case300_ieee_10000epochs_20260918_142942.pth
NN inference: 0.000087158 s/instance
  [1/9] success=True status=optimal time=1.016103s gap=+0.0000%
  [2/9] success=True status=optimal time=0.844010s gap=+0.0000%
  [3/9] success=True status=optimal time=0.829940s gap=-0.0000%
  [4/9] success=True status=optimal time=0.764777s gap=+0.0000%
  [5/9] success=True status=optimal time=0.747446s gap=-0.0000%
  [6/9] success=True status=optimal time=0.849008s gap=+0.0000%
  [7/9] success=True status=optimal time=0.805797s gap=-0.0000%
  [8/9] success=True status=optimal time=0.691013s gap=-0.0000%
  [9/9] success=True status=optimal time=0.703861s gap=-0.0000%

============================================================
ABLATION WARM-START SUMMARY
============================================================
Architecture  Run  N  Success_Rate  NN_Time_s  IPOPT_Time_s  Total_Online_Time_s  Cold_IPOPT_Time_s  Speedup  Feasible_Obj_Gap_pct
Ablated PINN    1  9           1.0   0.000129      0.981086             0.981215           0.660581 0.689462         -9.795919e-11
Ablated PINN    2  9           1.0   0.000103      1.223526             1.223629           0.660581 0.552673         -1.055112e-11
Ablated PINN    3  9           1.0   0.000100      1.486349             1.486449           0.660581 0.443549         -1.317693e-11
Ablated PINN    4  9           1.0   0.000109      1.358205             1.358314           0.660581 0.484822          3.325304e-11
Ablated PINN    5  9           1.0   0.000087      0.805773             0.805860           0.660581 0.816354          3.302778e-11

Saved:
   result/warmstart_ablation_raw_case300_chunk013.csv
   result/warmstart_ablation_runlevel_case300_chunk013.csv
   result/warmstart_ablation_summary_case300_chunk013.csv

Done.
============================================================
Finished : Mon Sep 21 12:49:12 +03 2026
Exit code: 0
============================================================
