============================================================
Array Job ID : 2331008
Task ID      : 99
Node         : node0020
Case         : pglib_opf_case300_ieee
Bus          : 300
============================================================
Python 3.11.15
PyTorch: 2.8.0+cu129
Pandas: 3.0.3
Pyomo: 6.10.1
Start index : 990
End index   : 1000
Chunk ID    : 099
Command:
/home/g202210120/.conda/envs/pytorch/bin/python evaluate_warmstart_ablation_array.py --case_name pglib_opf_case300_ieee --bus_number 300 --start_idx 990 --end_idx 1000 --chunk_id 099 
Loading CURRENT dataset: ./dataset/pglib_opf_case300_ieee_10000.pt
QCQP matrices reconstructed in memory.
Selected test chunk [990, 1000) with 10 instance(s); chunk=099

============================================================
LOADING EXISTING COLD IPOPT BASELINE
============================================================
Cold reference: result/warmstart_cold_case300_chunk099.csv
Existing cold reference success: 9/10 (90.00%)
Cold IPOPT failed on 1 instance(s).
Failed Instance_ID(s): [991]
These instances are excluded from the Ablated-PINN paired restoration comparison.
Proceeding with 9 common reference-feasible instances.

Building ORIGINAL matrix-QCQP Pyomo model...
Building Pyomo model (this happens only once)...
Model built successfully.
Model built successfully.

============================================================
ABLATION CHECKPOINTS
============================================================
Pattern: model/300/*ablation_model*.pth
Found 5 checkpoint(s).
   best_ablation_model_pglib_opf_case300_ieee_10000epochs_20260918_135416.pth
   best_ablation_model_pglib_opf_case300_ieee_10000epochs_20260918_140403.pth
   best_ablation_model_pglib_opf_case300_ieee_10000epochs_20260918_141210.pth
   best_ablation_model_pglib_opf_case300_ieee_10000epochs_20260918_141939.pth
   best_ablation_model_pglib_opf_case300_ieee_10000epochs_20260918_142942.pth

================ Ablated PINN ================

Run 1: best_ablation_model_pglib_opf_case300_ieee_10000epochs_20260918_135416.pth
NN inference: 0.000244004 s/instance
  [1/9] success=True status=optimal time=0.842265s gap=-0.0000%
  [2/9] success=True status=optimal time=0.770012s gap=-0.0000%
  [3/9] success=True status=optimal time=0.766163s gap=-0.0000%
  [4/9] success=True status=optimal time=0.834485s gap=+0.0000%
  [5/9] success=True status=optimal time=0.761134s gap=-0.0000%
  [6/9] success=True status=optimal time=0.745681s gap=-0.0000%
  [7/9] success=True status=optimal time=0.669241s gap=+0.0000%
  [8/9] success=True status=optimal time=0.714502s gap=+0.0000%
  [9/9] success=True status=optimal time=0.723316s gap=+0.0000%

Run 2: best_ablation_model_pglib_opf_case300_ieee_10000epochs_20260918_140403.pth
NN inference: 0.000071780 s/instance
  [1/9] success=True status=optimal time=0.694711s gap=-0.0000%
  [2/9] success=True status=optimal time=0.668620s gap=-0.0000%
  [3/9] success=True status=optimal time=0.672840s gap=+0.0000%
  [4/9] success=True status=optimal time=0.674811s gap=-0.0000%
  [5/9] success=True status=optimal time=0.647186s gap=-0.0000%
  [6/9] success=True status=optimal time=0.660040s gap=+0.0000%
  [7/9] success=True status=optimal time=0.627196s gap=+0.0000%
  [8/9] success=True status=optimal time=0.696851s gap=+0.0000%
  [9/9] success=True status=optimal time=0.735741s gap=-0.0000%

Run 3: best_ablation_model_pglib_opf_case300_ieee_10000epochs_20260918_141210.pth
NN inference: 0.000078021 s/instance
  [1/9] success=True status=optimal time=0.726282s gap=-0.0000%
  [2/9] success=True status=optimal time=0.723754s gap=+0.0000%
  [3/9] success=True status=optimal time=0.667246s gap=-0.0000%
  [4/9] success=True status=optimal time=0.663010s gap=-0.0000%
  [5/9] success=True status=optimal time=0.683026s gap=-0.0000%
  [6/9] success=True status=optimal time=0.696909s gap=+0.0000%
  [7/9] success=True status=optimal time=0.653787s gap=-0.0000%
  [8/9] success=True status=optimal time=0.702885s gap=+0.0000%
  [9/9] success=True status=optimal time=0.732399s gap=-0.0000%

Run 4: best_ablation_model_pglib_opf_case300_ieee_10000epochs_20260918_141939.pth
NN inference: 0.000078628 s/instance
  [1/9] success=True status=optimal time=0.745952s gap=+0.0000%
  [2/9] success=True status=optimal time=0.702237s gap=-0.0000%
  [3/9] success=True status=optimal time=0.697562s gap=-0.0000%
  [4/9] success=True status=optimal time=0.709224s gap=+0.0000%
  [5/9] success=True status=optimal time=0.690441s gap=-0.0000%
  [6/9] success=True status=optimal time=0.731839s gap=+0.0000%
  [7/9] success=True status=optimal time=0.694375s gap=-0.0000%
  [8/9] success=True status=optimal time=0.716574s gap=-0.0000%
  [9/9] success=True status=optimal time=0.693857s gap=-0.0000%

Run 5: best_ablation_model_pglib_opf_case300_ieee_10000epochs_20260918_142942.pth
NN inference: 0.000066294 s/instance
  [1/9] success=True status=optimal time=0.658115s gap=+0.0000%
  [2/9] success=True status=optimal time=0.636615s gap=-0.0000%
  [3/9] success=True status=optimal time=0.632791s gap=+0.0000%
  [4/9] success=True status=optimal time=0.635623s gap=-0.0000%
  [5/9] success=True status=optimal time=0.649102s gap=-0.0000%
  [6/9] success=True status=optimal time=0.646966s gap=-0.0000%
  [7/9] success=True status=optimal time=0.624285s gap=-0.0000%
  [8/9] success=True status=optimal time=0.663734s gap=+0.0000%
  [9/9] success=True status=optimal time=0.568774s gap=-0.0000%

============================================================
ABLATION WARM-START SUMMARY
============================================================
Architecture  Run  N  Success_Rate  NN_Time_s  IPOPT_Time_s  Total_Online_Time_s  Cold_IPOPT_Time_s  Speedup  Feasible_Obj_Gap_pct
Ablated PINN    1  9           1.0   0.000244      0.758533             0.758777           0.842824 1.116895         -1.520277e-12
Ablated PINN    2  9           1.0   0.000072      0.675333             0.675405           0.842824 1.248428         -9.378679e-13
Ablated PINN    3  9           1.0   0.000078      0.694367             0.694445           0.842824 1.213762         -9.039887e-13
Ablated PINN    4  9           1.0   0.000079      0.709118             0.709196           0.842824 1.188616         -1.601013e-12
Ablated PINN    5  9           1.0   0.000066      0.635112             0.635178           0.842824 1.330329         -1.457209e-12

Saved:
   result/warmstart_ablation_raw_case300_chunk099.csv
   result/warmstart_ablation_runlevel_case300_chunk099.csv
   result/warmstart_ablation_summary_case300_chunk099.csv

Done.
============================================================
Finished : Mon Sep 21 13:23:27 +03 2026
Exit code: 0
============================================================
