============================================================
Array Job ID : 2331008
Task ID      : 26
Node         : node0020
Case         : pglib_opf_case300_ieee
Bus          : 300
============================================================
Python 3.11.15
PyTorch: 2.8.0+cu129
Pandas: 3.0.3
Pyomo: 6.10.1
Start index : 260
End index   : 270
Chunk ID    : 026
Command:
/home/g202210120/.conda/envs/pytorch/bin/python evaluate_warmstart_ablation_array.py --case_name pglib_opf_case300_ieee --bus_number 300 --start_idx 260 --end_idx 270 --chunk_id 026 
Loading CURRENT dataset: ./dataset/pglib_opf_case300_ieee_10000.pt
QCQP matrices reconstructed in memory.
Selected test chunk [260, 270) with 10 instance(s); chunk=026

============================================================
LOADING EXISTING COLD IPOPT BASELINE
============================================================
Cold reference: result/warmstart_cold_case300_chunk026.csv
Existing cold reference success: 9/10 (90.00%)
Cold IPOPT failed on 1 instance(s).
Failed Instance_ID(s): [266]
These instances are excluded from the Ablated-PINN paired restoration comparison.
Proceeding with 9 common reference-feasible instances.

Building ORIGINAL matrix-QCQP Pyomo model...
Building Pyomo model (this happens only once)...
Model built successfully.
Model built successfully.

============================================================
ABLATION CHECKPOINTS
============================================================
Pattern: model/300/*ablation_model*.pth
Found 5 checkpoint(s).
   best_ablation_model_pglib_opf_case300_ieee_10000epochs_20260918_135416.pth
   best_ablation_model_pglib_opf_case300_ieee_10000epochs_20260918_140403.pth
   best_ablation_model_pglib_opf_case300_ieee_10000epochs_20260918_141210.pth
   best_ablation_model_pglib_opf_case300_ieee_10000epochs_20260918_141939.pth
   best_ablation_model_pglib_opf_case300_ieee_10000epochs_20260918_142942.pth

================ Ablated PINN ================

Run 1: best_ablation_model_pglib_opf_case300_ieee_10000epochs_20260918_135416.pth
NN inference: 0.000237710 s/instance
  [1/9] success=True status=optimal time=0.694151s gap=-0.0000%
  [2/9] success=True status=optimal time=0.687104s gap=+0.0000%
  [3/9] success=True status=optimal time=0.706688s gap=+0.0000%
  [4/9] success=True status=optimal time=0.736027s gap=+0.0000%
  [5/9] success=True status=optimal time=0.770787s gap=+0.0000%
  [6/9] success=True status=optimal time=0.796850s gap=-0.0000%
  [7/9] success=True status=optimal time=0.799594s gap=-0.0000%
  [8/9] success=True status=optimal time=0.781627s gap=+0.0000%
  [9/9] success=True status=optimal time=0.765142s gap=-0.0000%

Run 2: best_ablation_model_pglib_opf_case300_ieee_10000epochs_20260918_140403.pth
NN inference: 0.000076820 s/instance
  [1/9] success=True status=optimal time=0.728134s gap=-0.0000%
  [2/9] success=True status=optimal time=0.779027s gap=+0.0000%
  [3/9] success=True status=optimal time=0.766844s gap=+0.0000%
  [4/9] success=True status=optimal time=0.706010s gap=+0.0000%
  [5/9] success=True status=optimal time=0.671739s gap=-0.0000%
  [6/9] success=True status=optimal time=0.647608s gap=-0.0000%
  [7/9] success=True status=optimal time=0.647133s gap=-0.0000%
  [8/9] success=True status=optimal time=0.675816s gap=+0.0000%
  [9/9] success=True status=optimal time=0.761169s gap=-0.0000%

Run 3: best_ablation_model_pglib_opf_case300_ieee_10000epochs_20260918_141210.pth
NN inference: 0.000066798 s/instance
  [1/9] success=True status=optimal time=0.755890s gap=-0.0000%
  [2/9] success=True status=optimal time=0.800886s gap=-0.0000%
  [3/9] success=True status=optimal time=0.777239s gap=+0.0000%
  [4/9] success=True status=optimal time=0.803079s gap=+0.0000%
  [5/9] success=True status=optimal time=0.797115s gap=+0.0000%
  [6/9] success=True status=optimal time=0.775450s gap=-0.0000%
  [7/9] success=True status=optimal time=0.780714s gap=+0.0000%
  [8/9] success=True status=optimal time=0.771662s gap=+0.0000%
  [9/9] success=True status=optimal time=0.763906s gap=+0.0000%

Run 4: best_ablation_model_pglib_opf_case300_ieee_10000epochs_20260918_141939.pth
NN inference: 0.000075742 s/instance
  [1/9] success=True status=optimal time=0.756452s gap=-0.0000%
  [2/9] success=True status=optimal time=0.798917s gap=-0.0000%
  [3/9] success=True status=optimal time=0.789826s gap=+0.0000%
  [4/9] success=True status=optimal time=0.756762s gap=-0.0000%
  [5/9] success=True status=optimal time=0.749793s gap=+0.0000%
  [6/9] success=True status=optimal time=0.748699s gap=+0.0000%
  [7/9] success=True status=optimal time=0.819605s gap=-0.0000%
  [8/9] success=True status=optimal time=0.802793s gap=+0.0000%
  [9/9] success=True status=optimal time=0.772117s gap=+0.0000%

Run 5: best_ablation_model_pglib_opf_case300_ieee_10000epochs_20260918_142942.pth
NN inference: 0.000078236 s/instance
  [1/9] success=True status=optimal time=0.736739s gap=-0.0000%
  [2/9] success=True status=optimal time=0.753004s gap=+0.0000%
  [3/9] success=True status=optimal time=0.755313s gap=+0.0000%
  [4/9] success=True status=optimal time=0.713305s gap=-0.0000%
  [5/9] success=True status=optimal time=0.805413s gap=-0.0000%
  [6/9] success=True status=optimal time=0.812411s gap=-0.0000%
  [7/9] success=True status=optimal time=0.831228s gap=-0.0000%
  [8/9] success=True status=optimal time=0.807533s gap=-0.0000%
  [9/9] success=True status=optimal time=0.802845s gap=-0.0000%

============================================================
ABLATION WARM-START SUMMARY
============================================================
Architecture  Run  N  Success_Rate  NN_Time_s  IPOPT_Time_s  Total_Online_Time_s  Cold_IPOPT_Time_s  Speedup  Feasible_Obj_Gap_pct
Ablated PINN    1  9           1.0   0.000238      0.748663             0.748901           1.495451 2.004816          1.502772e-12
Ablated PINN    2  9           1.0   0.000077      0.709275             0.709352           1.495451 2.116357          3.431057e-13
Ablated PINN    3  9           1.0   0.000067      0.780660             0.780727           1.495451 1.917185          3.557822e-12
Ablated PINN    4  9           1.0   0.000076      0.777218             0.777294           1.495451 1.925775         -1.415710e-11
Ablated PINN    5  9           1.0   0.000078      0.779755             0.779833           1.495451 1.922430         -3.037523e-12

Saved:
   result/warmstart_ablation_raw_case300_chunk026.csv
   result/warmstart_ablation_runlevel_case300_chunk026.csv
   result/warmstart_ablation_summary_case300_chunk026.csv

Done.
============================================================
Finished : Mon Sep 21 12:55:49 +03 2026
Exit code: 0
============================================================
