============================================================
Array Job ID : 2331008
Task ID      : 46
Node         : node0020
Case         : pglib_opf_case300_ieee
Bus          : 300
============================================================
Python 3.11.15
PyTorch: 2.8.0+cu129
Pandas: 3.0.3
Pyomo: 6.10.1
Start index : 460
End index   : 470
Chunk ID    : 046
Command:
/home/g202210120/.conda/envs/pytorch/bin/python evaluate_warmstart_ablation_array.py --case_name pglib_opf_case300_ieee --bus_number 300 --start_idx 460 --end_idx 470 --chunk_id 046 
Loading CURRENT dataset: ./dataset/pglib_opf_case300_ieee_10000.pt
QCQP matrices reconstructed in memory.
Selected test chunk [460, 470) with 10 instance(s); chunk=046

============================================================
LOADING EXISTING COLD IPOPT BASELINE
============================================================
Cold reference: result/warmstart_cold_case300_chunk046.csv
Existing cold reference success: 9/10 (90.00%)
Cold IPOPT failed on 1 instance(s).
Failed Instance_ID(s): [460]
These instances are excluded from the Ablated-PINN paired restoration comparison.
Proceeding with 9 common reference-feasible instances.

Building ORIGINAL matrix-QCQP Pyomo model...
Building Pyomo model (this happens only once)...
Model built successfully.
Model built successfully.

============================================================
ABLATION CHECKPOINTS
============================================================
Pattern: model/300/*ablation_model*.pth
Found 5 checkpoint(s).
   best_ablation_model_pglib_opf_case300_ieee_10000epochs_20260918_135416.pth
   best_ablation_model_pglib_opf_case300_ieee_10000epochs_20260918_140403.pth
   best_ablation_model_pglib_opf_case300_ieee_10000epochs_20260918_141210.pth
   best_ablation_model_pglib_opf_case300_ieee_10000epochs_20260918_141939.pth
   best_ablation_model_pglib_opf_case300_ieee_10000epochs_20260918_142942.pth

================ Ablated PINN ================

Run 1: best_ablation_model_pglib_opf_case300_ieee_10000epochs_20260918_135416.pth
NN inference: 0.000179718 s/instance
  [1/9] success=True status=optimal time=0.982564s gap=-0.0000%
  [2/9] success=True status=optimal time=0.717260s gap=+0.0000%
  [3/9] success=True status=optimal time=0.695781s gap=-0.0000%
  [4/9] success=True status=optimal time=0.715381s gap=-0.0000%
  [5/9] success=True status=optimal time=0.843180s gap=-0.0000%
  [6/9] success=True status=optimal time=0.745592s gap=-0.0000%
  [7/9] success=True status=optimal time=0.821704s gap=+0.0000%
  [8/9] success=True status=optimal time=0.630330s gap=-0.0000%
  [9/9] success=True status=optimal time=0.661044s gap=-0.0000%

Run 2: best_ablation_model_pglib_opf_case300_ieee_10000epochs_20260918_140403.pth
NN inference: 0.000080786 s/instance
  [1/9] success=True status=optimal time=0.715266s gap=-0.0000%
  [2/9] success=True status=optimal time=0.667770s gap=+0.0000%
  [3/9] success=True status=optimal time=0.639818s gap=+0.0000%
  [4/9] success=True status=optimal time=0.682699s gap=+0.0000%
  [5/9] success=True status=optimal time=0.899202s gap=-0.0000%
  [6/9] success=True status=optimal time=0.826210s gap=-0.0000%
  [7/9] success=True status=optimal time=0.763868s gap=+0.0000%
  [8/9] success=True status=optimal time=0.874789s gap=-0.0000%
  [9/9] success=True status=optimal time=0.806446s gap=+0.0000%

Run 3: best_ablation_model_pglib_opf_case300_ieee_10000epochs_20260918_141210.pth
NN inference: 0.000082974 s/instance
  [1/9] success=True status=optimal time=1.002283s gap=-0.0000%
  [2/9] success=True status=optimal time=0.738238s gap=+0.0000%
  [3/9] success=True status=optimal time=0.743894s gap=+0.0000%
  [4/9] success=True status=optimal time=0.785061s gap=+0.0000%
  [5/9] success=True status=optimal time=0.804877s gap=-0.0000%
  [6/9] success=True status=optimal time=0.767485s gap=-0.0000%
  [7/9] success=True status=optimal time=0.824230s gap=+0.0000%
  [8/9] success=True status=optimal time=0.795405s gap=-0.0000%
  [9/9] success=True status=optimal time=0.769153s gap=+0.0000%

Run 4: best_ablation_model_pglib_opf_case300_ieee_10000epochs_20260918_141939.pth
NN inference: 0.000078081 s/instance
  [1/9] success=True status=optimal time=0.752952s gap=+0.0000%
  [2/9] success=True status=optimal time=0.703402s gap=+0.0000%
  [3/9] success=True status=optimal time=0.641037s gap=+0.0000%
  [4/9] success=True status=optimal time=0.646347s gap=-0.0000%
  [5/9] success=True status=optimal time=0.676388s gap=+0.0000%
  [6/9] success=True status=optimal time=0.604812s gap=-0.0000%
  [7/9] success=True status=optimal time=0.669075s gap=-0.0000%
  [8/9] success=True status=optimal time=0.651509s gap=+0.0000%
  [9/9] success=True status=optimal time=0.639024s gap=-0.0000%

Run 5: best_ablation_model_pglib_opf_case300_ieee_10000epochs_20260918_142942.pth
NN inference: 0.000070108 s/instance
  [1/9] success=True status=optimal time=0.685263s gap=-0.0000%
  [2/9] success=True status=optimal time=0.661206s gap=+0.0000%
  [3/9] success=True status=optimal time=0.677939s gap=+0.0000%
  [4/9] success=True status=optimal time=0.690916s gap=-0.0000%
  [5/9] success=True status=optimal time=0.680884s gap=+0.0000%
  [6/9] success=True status=optimal time=0.803198s gap=-0.0000%
  [7/9] success=True status=optimal time=0.864391s gap=+0.0000%
  [8/9] success=True status=optimal time=0.850554s gap=-0.0000%
  [9/9] success=True status=optimal time=0.852328s gap=+0.0000%

============================================================
ABLATION WARM-START SUMMARY
============================================================
Architecture  Run  N  Success_Rate  NN_Time_s  IPOPT_Time_s  Total_Online_Time_s  Cold_IPOPT_Time_s  Speedup  Feasible_Obj_Gap_pct
Ablated PINN    1  9           1.0   0.000180      0.756982             0.757161            0.87071 1.165140          7.186156e-12
Ablated PINN    2  9           1.0   0.000081      0.764008             0.764088            0.87071 1.146215          8.605179e-12
Ablated PINN    3  9           1.0   0.000083      0.803403             0.803486            0.87071 1.087990          1.018226e-11
Ablated PINN    4  9           1.0   0.000078      0.664949             0.665028            0.87071 1.314501         -1.782935e-12
Ablated PINN    5  9           1.0   0.000070      0.751853             0.751923            0.87071 1.165011         -9.658613e-13

Saved:
   result/warmstart_ablation_raw_case300_chunk046.csv
   result/warmstart_ablation_runlevel_case300_chunk046.csv
   result/warmstart_ablation_summary_case300_chunk046.csv

Done.
============================================================
Finished : Mon Sep 21 13:03:30 +03 2026
Exit code: 0
============================================================
