============================================================
Array Job ID : 2331008
Task ID      : 62
Node         : node0020
Case         : pglib_opf_case300_ieee
Bus          : 300
============================================================
Python 3.11.15
PyTorch: 2.8.0+cu129
Pandas: 3.0.3
Pyomo: 6.10.1
Start index : 620
End index   : 630
Chunk ID    : 062
Command:
/home/g202210120/.conda/envs/pytorch/bin/python evaluate_warmstart_ablation_array.py --case_name pglib_opf_case300_ieee --bus_number 300 --start_idx 620 --end_idx 630 --chunk_id 062 
Loading CURRENT dataset: ./dataset/pglib_opf_case300_ieee_10000.pt
QCQP matrices reconstructed in memory.
Selected test chunk [620, 630) with 10 instance(s); chunk=062

============================================================
LOADING EXISTING COLD IPOPT BASELINE
============================================================
Cold reference: result/warmstart_cold_case300_chunk062.csv
Existing cold reference success: 10/10 (100.00%)
Proceeding with 10 common reference-feasible instances.

Building ORIGINAL matrix-QCQP Pyomo model...
Building Pyomo model (this happens only once)...
Model built successfully.
Model built successfully.

============================================================
ABLATION CHECKPOINTS
============================================================
Pattern: model/300/*ablation_model*.pth
Found 5 checkpoint(s).
   best_ablation_model_pglib_opf_case300_ieee_10000epochs_20260918_135416.pth
   best_ablation_model_pglib_opf_case300_ieee_10000epochs_20260918_140403.pth
   best_ablation_model_pglib_opf_case300_ieee_10000epochs_20260918_141210.pth
   best_ablation_model_pglib_opf_case300_ieee_10000epochs_20260918_141939.pth
   best_ablation_model_pglib_opf_case300_ieee_10000epochs_20260918_142942.pth

================ Ablated PINN ================

Run 1: best_ablation_model_pglib_opf_case300_ieee_10000epochs_20260918_135416.pth
NN inference: 0.000214576 s/instance
  [1/10] success=True status=optimal time=0.918405s gap=+0.0000%
  [2/10] success=True status=optimal time=0.867913s gap=+0.0000%
  [3/10] success=True status=optimal time=0.867897s gap=+0.0000%
  [4/10] success=True status=optimal time=0.783698s gap=+0.0000%
  [5/10] success=True status=optimal time=0.792914s gap=-0.0000%
  [6/10] success=True status=optimal time=0.785156s gap=-0.0000%
  [7/10] success=True status=optimal time=0.823890s gap=-0.0000%
  [8/10] success=True status=optimal time=0.882177s gap=-0.0000%
  [9/10] success=True status=optimal time=0.762525s gap=+0.0000%
  [10/10] success=True status=optimal time=0.818266s gap=+0.0000%

Run 2: best_ablation_model_pglib_opf_case300_ieee_10000epochs_20260918_140403.pth
NN inference: 0.000061889 s/instance
  [1/10] success=True status=optimal time=0.818828s gap=-0.0000%
  [2/10] success=True status=optimal time=0.907606s gap=-0.0000%
  [3/10] success=True status=optimal time=0.859107s gap=+0.0000%
  [4/10] success=True status=optimal time=0.744993s gap=+0.0000%
  [5/10] success=True status=optimal time=0.805371s gap=+0.0000%
  [6/10] success=True status=optimal time=0.853494s gap=+0.0000%
  [7/10] success=True status=optimal time=0.891091s gap=-0.0000%
  [8/10] success=True status=optimal time=0.944084s gap=-0.0000%
  [9/10] success=True status=optimal time=0.848613s gap=+0.0000%
  [10/10] success=True status=optimal time=0.959146s gap=+0.0000%

Run 3: best_ablation_model_pglib_opf_case300_ieee_10000epochs_20260918_141210.pth
NN inference: 0.000068361 s/instance
  [1/10] success=True status=optimal time=0.961163s gap=+0.0000%
  [2/10] success=True status=optimal time=0.936078s gap=-0.0000%
  [3/10] success=True status=optimal time=0.891332s gap=-0.0000%
  [4/10] success=True status=optimal time=0.829254s gap=-0.0000%
  [5/10] success=True status=optimal time=0.908062s gap=-0.0000%
  [6/10] success=True status=optimal time=0.967192s gap=+0.0000%
  [7/10] success=True status=optimal time=0.941020s gap=-0.0000%
  [8/10] success=True status=optimal time=0.921301s gap=-0.0000%
  [9/10] success=True status=optimal time=0.856123s gap=+0.0000%
  [10/10] success=True status=optimal time=0.923323s gap=+0.0000%

Run 4: best_ablation_model_pglib_opf_case300_ieee_10000epochs_20260918_141939.pth
NN inference: 0.000064859 s/instance
  [1/10] success=True status=optimal time=0.916157s gap=-0.0000%
  [2/10] success=True status=optimal time=0.909725s gap=-0.0000%
  [3/10] success=True status=optimal time=0.895288s gap=-0.0000%
  [4/10] success=True status=optimal time=0.836315s gap=+0.0000%
  [5/10] success=True status=optimal time=0.863528s gap=-0.0000%
  [6/10] success=True status=optimal time=0.856673s gap=+0.0000%
  [7/10] success=True status=optimal time=0.855487s gap=+0.0000%
  [8/10] success=True status=optimal time=1.026417s gap=-0.0000%
  [9/10] success=True status=optimal time=0.895896s gap=+0.0000%
  [10/10] success=True status=optimal time=0.925309s gap=+0.0000%

Run 5: best_ablation_model_pglib_opf_case300_ieee_10000epochs_20260918_142942.pth
NN inference: 0.000066985 s/instance
  [1/10] success=True status=optimal time=0.903356s gap=-0.0000%
  [2/10] success=True status=optimal time=0.880988s gap=-0.0000%
  [3/10] success=True status=optimal time=0.870142s gap=-0.0000%
  [4/10] success=True status=optimal time=0.820373s gap=-0.0000%
  [5/10] success=True status=optimal time=0.724591s gap=-0.0000%
  [6/10] success=True status=optimal time=0.613974s gap=+0.0000%
  [7/10] success=True status=optimal time=0.631968s gap=-0.0000%
  [8/10] success=True status=optimal time=0.684206s gap=+0.0000%
  [9/10] success=True status=optimal time=0.591946s gap=+0.0000%
  [10/10] success=True status=optimal time=0.668489s gap=+0.0000%

============================================================
ABLATION WARM-START SUMMARY
============================================================
Architecture  Run  N  Success_Rate  NN_Time_s  IPOPT_Time_s  Total_Online_Time_s  Cold_IPOPT_Time_s  Speedup  Feasible_Obj_Gap_pct
Ablated PINN    1 10           1.0   0.000215      0.830284             0.830499           0.957256 1.156130         -5.983214e-12
Ablated PINN    2 10           1.0   0.000062      0.863233             0.863295           0.957256 1.114944          1.983995e-11
Ablated PINN    3 10           1.0   0.000068      0.913485             0.913553           0.957256 1.050776         -4.537655e-12
Ablated PINN    4 10           1.0   0.000065      0.898080             0.898144           0.957256 1.068433         -9.356312e-13
Ablated PINN    5 10           1.0   0.000067      0.739003             0.739070           0.957256 1.323071         -5.367706e-12

Saved:
   result/warmstart_ablation_raw_case300_chunk062.csv
   result/warmstart_ablation_runlevel_case300_chunk062.csv
   result/warmstart_ablation_summary_case300_chunk062.csv

Done.
============================================================
Finished : Mon Sep 21 13:10:11 +03 2026
Exit code: 0
============================================================
