============================================================
Array Job ID : 2331008
Task ID      : 63
Node         : node0020
Case         : pglib_opf_case300_ieee
Bus          : 300
============================================================
Python 3.11.15
PyTorch: 2.8.0+cu129
Pandas: 3.0.3
Pyomo: 6.10.1
Start index : 630
End index   : 640
Chunk ID    : 063
Command:
/home/g202210120/.conda/envs/pytorch/bin/python evaluate_warmstart_ablation_array.py --case_name pglib_opf_case300_ieee --bus_number 300 --start_idx 630 --end_idx 640 --chunk_id 063 
Loading CURRENT dataset: ./dataset/pglib_opf_case300_ieee_10000.pt
QCQP matrices reconstructed in memory.
Selected test chunk [630, 640) with 10 instance(s); chunk=063

============================================================
LOADING EXISTING COLD IPOPT BASELINE
============================================================
Cold reference: result/warmstart_cold_case300_chunk063.csv
Existing cold reference success: 9/10 (90.00%)
Cold IPOPT failed on 1 instance(s).
Failed Instance_ID(s): [639]
These instances are excluded from the Ablated-PINN paired restoration comparison.
Proceeding with 9 common reference-feasible instances.

Building ORIGINAL matrix-QCQP Pyomo model...
Building Pyomo model (this happens only once)...
Model built successfully.
Model built successfully.

============================================================
ABLATION CHECKPOINTS
============================================================
Pattern: model/300/*ablation_model*.pth
Found 5 checkpoint(s).
   best_ablation_model_pglib_opf_case300_ieee_10000epochs_20260918_135416.pth
   best_ablation_model_pglib_opf_case300_ieee_10000epochs_20260918_140403.pth
   best_ablation_model_pglib_opf_case300_ieee_10000epochs_20260918_141210.pth
   best_ablation_model_pglib_opf_case300_ieee_10000epochs_20260918_141939.pth
   best_ablation_model_pglib_opf_case300_ieee_10000epochs_20260918_142942.pth

================ Ablated PINN ================

Run 1: best_ablation_model_pglib_opf_case300_ieee_10000epochs_20260918_135416.pth
NN inference: 0.000121841 s/instance
  [1/9] success=True status=optimal time=0.805136s gap=-0.0000%
  [2/9] success=True status=optimal time=0.819972s gap=-0.0000%
  [3/9] success=True status=optimal time=0.793647s gap=+0.0000%
  [4/9] success=True status=optimal time=0.798954s gap=+0.0000%
  [5/9] success=True status=optimal time=0.809869s gap=-0.0000%
  [6/9] success=True status=optimal time=0.825866s gap=-0.0000%
  [7/9] success=True status=optimal time=0.768911s gap=-0.0000%
  [8/9] success=True status=optimal time=0.822695s gap=+0.0000%
  [9/9] success=True status=optimal time=0.763211s gap=+0.0000%

Run 2: best_ablation_model_pglib_opf_case300_ieee_10000epochs_20260918_140403.pth
NN inference: 0.000076946 s/instance
  [1/9] success=True status=optimal time=0.732980s gap=-0.0000%
  [2/9] success=True status=optimal time=0.728459s gap=-0.0000%
  [3/9] success=True status=optimal time=0.699873s gap=-0.0000%
  [4/9] success=True status=optimal time=0.775262s gap=-0.0000%
  [5/9] success=True status=optimal time=0.777915s gap=-0.0000%
  [6/9] success=True status=optimal time=0.739816s gap=-0.0000%
  [7/9] success=True status=optimal time=0.727039s gap=+0.0000%
  [8/9] success=True status=optimal time=0.917643s gap=-0.0000%
  [9/9] success=True status=optimal time=0.932735s gap=+0.0000%

Run 3: best_ablation_model_pglib_opf_case300_ieee_10000epochs_20260918_141210.pth
NN inference: 0.000078017 s/instance
  [1/9] success=True status=optimal time=0.877616s gap=-0.0000%
  [2/9] success=True status=optimal time=0.896093s gap=-0.0000%
  [3/9] success=True status=optimal time=0.905689s gap=-0.0000%
  [4/9] success=True status=optimal time=0.902398s gap=-0.0000%
  [5/9] success=True status=optimal time=0.901488s gap=-0.0000%
  [6/9] success=True status=optimal time=0.862182s gap=-0.0000%
  [7/9] success=True status=optimal time=0.829256s gap=-0.0000%
  [8/9] success=True status=optimal time=0.969487s gap=-0.0000%
  [9/9] success=True status=optimal time=1.040420s gap=-0.0000%

Run 4: best_ablation_model_pglib_opf_case300_ieee_10000epochs_20260918_141939.pth
NN inference: 0.000094051 s/instance
  [1/9] success=True status=optimal time=0.868068s gap=-0.0000%
  [2/9] success=True status=optimal time=0.880029s gap=-0.0000%
  [3/9] success=True status=optimal time=0.868455s gap=-0.0000%
  [4/9] success=True status=optimal time=0.851092s gap=+0.0000%
  [5/9] success=True status=optimal time=0.891602s gap=-0.0000%
  [6/9] success=True status=optimal time=0.897719s gap=+0.0000%
  [7/9] success=True status=optimal time=0.856744s gap=+0.0000%
  [8/9] success=True status=optimal time=0.922066s gap=-0.0000%
  [9/9] success=True status=optimal time=0.928391s gap=+0.0000%

Run 5: best_ablation_model_pglib_opf_case300_ieee_10000epochs_20260918_142942.pth
NN inference: 0.000072530 s/instance
  [1/9] success=True status=optimal time=0.839558s gap=-0.0000%
  [2/9] success=True status=optimal time=0.862269s gap=+0.0000%
  [3/9] success=True status=optimal time=0.941845s gap=-0.0000%
  [4/9] success=True status=optimal time=0.904342s gap=+0.0000%
  [5/9] success=True status=optimal time=0.891426s gap=-0.0000%
  [6/9] success=True status=optimal time=0.871554s gap=+0.0000%
  [7/9] success=True status=optimal time=0.850716s gap=-0.0000%
  [8/9] success=True status=optimal time=0.901060s gap=-0.0000%
  [9/9] success=True status=optimal time=0.881845s gap=+0.0000%

============================================================
ABLATION WARM-START SUMMARY
============================================================
Architecture  Run  N  Success_Rate  NN_Time_s  IPOPT_Time_s  Total_Online_Time_s  Cold_IPOPT_Time_s  Speedup  Feasible_Obj_Gap_pct
Ablated PINN    1  9           1.0   0.000122      0.800918             0.801040           0.959762 1.199366         -1.108773e-12
Ablated PINN    2  9           1.0   0.000077      0.781302             0.781379           0.959762 1.235910         -1.508172e-11
Ablated PINN    3  9           1.0   0.000078      0.909403             0.909481           0.959762 1.056940         -1.143367e-11
Ablated PINN    4  9           1.0   0.000094      0.884907             0.885001           0.959762 1.084320         -2.062029e-12
Ablated PINN    5  9           1.0   0.000073      0.882735             0.882807           0.959762 1.087842         -9.390618e-13

Saved:
   result/warmstart_ablation_raw_case300_chunk063.csv
   result/warmstart_ablation_runlevel_case300_chunk063.csv
   result/warmstart_ablation_summary_case300_chunk063.csv

Done.
============================================================
Finished : Mon Sep 21 13:10:07 +03 2026
Exit code: 0
============================================================
