============================================================
Array Job ID : 2331008
Task ID      : 45
Node         : node0020
Case         : pglib_opf_case300_ieee
Bus          : 300
============================================================
Python 3.11.15
PyTorch: 2.8.0+cu129
Pandas: 3.0.3
Pyomo: 6.10.1
Start index : 450
End index   : 460
Chunk ID    : 045
Command:
/home/g202210120/.conda/envs/pytorch/bin/python evaluate_warmstart_ablation_array.py --case_name pglib_opf_case300_ieee --bus_number 300 --start_idx 450 --end_idx 460 --chunk_id 045 
Loading CURRENT dataset: ./dataset/pglib_opf_case300_ieee_10000.pt
QCQP matrices reconstructed in memory.
Selected test chunk [450, 460) with 10 instance(s); chunk=045

============================================================
LOADING EXISTING COLD IPOPT BASELINE
============================================================
Cold reference: result/warmstart_cold_case300_chunk045.csv
Existing cold reference success: 9/10 (90.00%)
Cold IPOPT failed on 1 instance(s).
Failed Instance_ID(s): [450]
These instances are excluded from the Ablated-PINN paired restoration comparison.
Proceeding with 9 common reference-feasible instances.

Building ORIGINAL matrix-QCQP Pyomo model...
Building Pyomo model (this happens only once)...
Model built successfully.
Model built successfully.

============================================================
ABLATION CHECKPOINTS
============================================================
Pattern: model/300/*ablation_model*.pth
Found 5 checkpoint(s).
   best_ablation_model_pglib_opf_case300_ieee_10000epochs_20260918_135416.pth
   best_ablation_model_pglib_opf_case300_ieee_10000epochs_20260918_140403.pth
   best_ablation_model_pglib_opf_case300_ieee_10000epochs_20260918_141210.pth
   best_ablation_model_pglib_opf_case300_ieee_10000epochs_20260918_141939.pth
   best_ablation_model_pglib_opf_case300_ieee_10000epochs_20260918_142942.pth

================ Ablated PINN ================

Run 1: best_ablation_model_pglib_opf_case300_ieee_10000epochs_20260918_135416.pth
NN inference: 0.000158808 s/instance
  [1/9] success=True status=optimal time=1.134445s gap=+0.0000%
  [2/9] success=True status=optimal time=1.054969s gap=+0.0000%
  [3/9] success=True status=optimal time=1.056548s gap=-0.0000%
  [4/9] success=True status=optimal time=1.095720s gap=-0.0000%
  [5/9] success=True status=optimal time=1.046748s gap=+0.0000%
  [6/9] success=True status=optimal time=1.040932s gap=+0.0000%
  [7/9] success=True status=optimal time=1.225127s gap=+0.0000%
  [8/9] success=True status=optimal time=1.064543s gap=+0.0000%
  [9/9] success=True status=optimal time=0.997684s gap=-0.0000%

Run 2: best_ablation_model_pglib_opf_case300_ieee_10000epochs_20260918_140403.pth
NN inference: 0.000105046 s/instance
  [1/9] success=True status=optimal time=1.261045s gap=+0.0000%
  [2/9] success=True status=optimal time=1.193548s gap=+0.0000%
  [3/9] success=True status=optimal time=1.302535s gap=-0.0000%
  [4/9] success=True status=optimal time=1.120658s gap=+0.0000%
  [5/9] success=True status=optimal time=0.892870s gap=+0.0000%
  [6/9] success=True status=optimal time=0.980340s gap=+0.0000%
  [7/9] success=True status=optimal time=1.500195s gap=-0.0000%
  [8/9] success=True status=optimal time=1.685068s gap=+0.0000%
  [9/9] success=True status=optimal time=1.341157s gap=+0.0000%

Run 3: best_ablation_model_pglib_opf_case300_ieee_10000epochs_20260918_141210.pth
NN inference: 0.000092684 s/instance
  [1/9] success=True status=optimal time=1.318448s gap=+0.0000%
  [2/9] success=True status=optimal time=1.128544s gap=+0.0000%
  [3/9] success=True status=optimal time=1.218292s gap=-0.0000%
  [4/9] success=True status=optimal time=1.159569s gap=+0.0000%
  [5/9] success=True status=optimal time=1.002120s gap=-0.0000%
  [6/9] success=True status=optimal time=1.003709s gap=+0.0000%
  [7/9] success=True status=optimal time=1.130152s gap=-0.0000%
  [8/9] success=True status=optimal time=0.933695s gap=-0.0000%
  [9/9] success=True status=optimal time=1.065837s gap=+0.0000%

Run 4: best_ablation_model_pglib_opf_case300_ieee_10000epochs_20260918_141939.pth
NN inference: 0.000107999 s/instance
  [1/9] success=True status=optimal time=1.274354s gap=+0.0000%
  [2/9] success=True status=optimal time=1.276367s gap=-0.0000%
  [3/9] success=True status=optimal time=1.196218s gap=-0.0000%
  [4/9] success=True status=optimal time=0.949611s gap=+0.0000%
  [5/9] success=True status=optimal time=0.895141s gap=+0.0000%
  [6/9] success=True status=optimal time=0.689259s gap=+0.0000%
  [7/9] success=True status=optimal time=0.803417s gap=+0.0000%
  [8/9] success=True status=optimal time=0.846631s gap=-0.0000%
  [9/9] success=True status=optimal time=0.744364s gap=-0.0000%

Run 5: best_ablation_model_pglib_opf_case300_ieee_10000epochs_20260918_142942.pth
NN inference: 0.000098147 s/instance
  [1/9] success=True status=optimal time=0.817473s gap=+0.0000%
  [2/9] success=True status=optimal time=0.688384s gap=+0.0000%
  [3/9] success=True status=optimal time=0.665784s gap=-0.0000%
  [4/9] success=True status=optimal time=0.741132s gap=+0.0000%
  [5/9] success=True status=optimal time=0.668667s gap=+0.0000%
  [6/9] success=True status=optimal time=0.646764s gap=+0.0000%
  [7/9] success=True status=optimal time=0.739953s gap=+0.0000%
  [8/9] success=True status=optimal time=0.873656s gap=+0.0000%
  [9/9] success=True status=optimal time=0.845130s gap=+0.0000%

============================================================
ABLATION WARM-START SUMMARY
============================================================
Architecture  Run  N  Success_Rate  NN_Time_s  IPOPT_Time_s  Total_Online_Time_s  Cold_IPOPT_Time_s  Speedup  Feasible_Obj_Gap_pct
Ablated PINN    1  9           1.0   0.000159      1.079635             1.079794           1.312083 1.215430          1.198761e-12
Ablated PINN    2  9           1.0   0.000105      1.253046             1.253151           1.312083 1.033768          1.013355e-12
Ablated PINN    3  9           1.0   0.000093      1.106707             1.106800           1.312083 1.189587          7.051835e-13
Ablated PINN    4  9           1.0   0.000108      0.963929             0.964037           1.312083 1.402990          4.522680e-13
Ablated PINN    5  9           1.0   0.000098      0.742994             0.743092           1.312083 1.744790          1.107481e-12

Saved:
   result/warmstart_ablation_raw_case300_chunk045.csv
   result/warmstart_ablation_runlevel_case300_chunk045.csv
   result/warmstart_ablation_summary_case300_chunk045.csv

Done.
============================================================
Finished : Mon Sep 21 13:03:07 +03 2026
Exit code: 0
============================================================
