============================================================
Array Job ID : 2331008
Task ID      : 28
Node         : node0020
Case         : pglib_opf_case300_ieee
Bus          : 300
============================================================
Python 3.11.15
PyTorch: 2.8.0+cu129
Pandas: 3.0.3
Pyomo: 6.10.1
Start index : 280
End index   : 290
Chunk ID    : 028
Command:
/home/g202210120/.conda/envs/pytorch/bin/python evaluate_warmstart_ablation_array.py --case_name pglib_opf_case300_ieee --bus_number 300 --start_idx 280 --end_idx 290 --chunk_id 028 
Loading CURRENT dataset: ./dataset/pglib_opf_case300_ieee_10000.pt
QCQP matrices reconstructed in memory.
Selected test chunk [280, 290) with 10 instance(s); chunk=028

============================================================
LOADING EXISTING COLD IPOPT BASELINE
============================================================
Cold reference: result/warmstart_cold_case300_chunk028.csv
Existing cold reference success: 9/10 (90.00%)
Cold IPOPT failed on 1 instance(s).
Failed Instance_ID(s): [282]
These instances are excluded from the Ablated-PINN paired restoration comparison.
Proceeding with 9 common reference-feasible instances.

Building ORIGINAL matrix-QCQP Pyomo model...
Building Pyomo model (this happens only once)...
Model built successfully.
Model built successfully.

============================================================
ABLATION CHECKPOINTS
============================================================
Pattern: model/300/*ablation_model*.pth
Found 5 checkpoint(s).
   best_ablation_model_pglib_opf_case300_ieee_10000epochs_20260918_135416.pth
   best_ablation_model_pglib_opf_case300_ieee_10000epochs_20260918_140403.pth
   best_ablation_model_pglib_opf_case300_ieee_10000epochs_20260918_141210.pth
   best_ablation_model_pglib_opf_case300_ieee_10000epochs_20260918_141939.pth
   best_ablation_model_pglib_opf_case300_ieee_10000epochs_20260918_142942.pth

================ Ablated PINN ================

Run 1: best_ablation_model_pglib_opf_case300_ieee_10000epochs_20260918_135416.pth
NN inference: 0.000121086 s/instance
  [1/9] success=True status=optimal time=0.772392s gap=-0.0000%
  [2/9] success=True status=optimal time=0.843541s gap=-0.0000%
  [3/9] success=True status=optimal time=0.795026s gap=-0.0000%
  [4/9] success=True status=optimal time=0.800129s gap=+0.0000%
  [5/9] success=True status=optimal time=0.872761s gap=-0.0000%
  [6/9] success=True status=optimal time=0.771078s gap=-0.0000%
  [7/9] success=True status=optimal time=0.852447s gap=+0.0000%
  [8/9] success=True status=optimal time=0.743321s gap=-0.0000%
  [9/9] success=True status=optimal time=0.758950s gap=-0.0000%

Run 2: best_ablation_model_pglib_opf_case300_ieee_10000epochs_20260918_140403.pth
NN inference: 0.000071353 s/instance
  [1/9] success=True status=optimal time=0.756003s gap=-0.0000%
  [2/9] success=True status=optimal time=0.824392s gap=-0.0000%
  [3/9] success=True status=optimal time=0.763989s gap=-0.0000%
  [4/9] success=True status=optimal time=0.808629s gap=+0.0000%
  [5/9] success=True status=optimal time=0.792749s gap=+0.0000%
  [6/9] success=True status=optimal time=0.756792s gap=+0.0000%
  [7/9] success=True status=optimal time=0.875210s gap=+0.0000%
  [8/9] success=True status=optimal time=0.767379s gap=-0.0000%
  [9/9] success=True status=optimal time=0.803272s gap=-0.0000%

Run 3: best_ablation_model_pglib_opf_case300_ieee_10000epochs_20260918_141210.pth
NN inference: 0.000077386 s/instance
  [1/9] success=True status=optimal time=0.768695s gap=-0.0000%
  [2/9] success=True status=optimal time=0.816770s gap=-0.0000%
  [3/9] success=True status=optimal time=0.785784s gap=+0.0000%
  [4/9] success=True status=optimal time=0.755359s gap=+0.0000%
  [5/9] success=True status=optimal time=0.802867s gap=-0.0000%
  [6/9] success=True status=optimal time=0.756053s gap=+0.0000%
  [7/9] success=True status=optimal time=0.831988s gap=+0.0000%
  [8/9] success=True status=optimal time=0.743096s gap=-0.0000%
  [9/9] success=True status=optimal time=0.793500s gap=-0.0000%

Run 4: best_ablation_model_pglib_opf_case300_ieee_10000epochs_20260918_141939.pth
NN inference: 0.000066590 s/instance
  [1/9] success=True status=optimal time=0.767352s gap=-0.0000%
  [2/9] success=True status=optimal time=0.805716s gap=-0.0000%
  [3/9] success=True status=optimal time=0.755047s gap=-0.0000%
  [4/9] success=True status=optimal time=0.752725s gap=+0.0000%
  [5/9] success=True status=optimal time=0.910196s gap=+0.0000%
  [6/9] success=True status=optimal time=0.829636s gap=+0.0000%
  [7/9] success=True status=optimal time=0.942342s gap=+0.0000%
  [8/9] success=True status=optimal time=0.786860s gap=-0.0000%
  [9/9] success=True status=optimal time=0.840605s gap=+0.0000%

Run 5: best_ablation_model_pglib_opf_case300_ieee_10000epochs_20260918_142942.pth
NN inference: 0.000074473 s/instance
  [1/9] success=True status=optimal time=0.811941s gap=-0.0000%
  [2/9] success=True status=optimal time=0.866782s gap=-0.0000%
  [3/9] success=True status=optimal time=0.816148s gap=-0.0000%
  [4/9] success=True status=optimal time=0.799605s gap=+0.0000%
  [5/9] success=True status=optimal time=0.855293s gap=-0.0000%
  [6/9] success=True status=optimal time=0.767886s gap=-0.0000%
  [7/9] success=True status=optimal time=0.814789s gap=+0.0000%
  [8/9] success=True status=optimal time=0.680431s gap=-0.0000%
  [9/9] success=True status=optimal time=0.722460s gap=-0.0000%

============================================================
ABLATION WARM-START SUMMARY
============================================================
Architecture  Run  N  Success_Rate  NN_Time_s  IPOPT_Time_s  Total_Online_Time_s  Cold_IPOPT_Time_s  Speedup  Feasible_Obj_Gap_pct
Ablated PINN    1  9           1.0   0.000121      0.801072             0.801193           0.728693 0.909279         -1.640086e-10
Ablated PINN    2  9           1.0   0.000071      0.794268             0.794340           0.728693 0.918022          6.917137e-13
Ablated PINN    3  9           1.0   0.000077      0.783790             0.783868           0.728693 0.930027         -1.644275e-10
Ablated PINN    4  9           1.0   0.000067      0.821164             0.821231           0.728693 0.890294         -1.612344e-10
Ablated PINN    5  9           1.0   0.000074      0.792815             0.792889           0.728693 0.920786         -1.640675e-10

Saved:
   result/warmstart_ablation_raw_case300_chunk028.csv
   result/warmstart_ablation_runlevel_case300_chunk028.csv
   result/warmstart_ablation_summary_case300_chunk028.csv

Done.
============================================================
Finished : Mon Sep 21 12:55:51 +03 2026
Exit code: 0
============================================================
