============================================================
Array Job ID : 2331008
Task ID      : 53
Node         : node0020
Case         : pglib_opf_case300_ieee
Bus          : 300
============================================================
Python 3.11.15
PyTorch: 2.8.0+cu129
Pandas: 3.0.3
Pyomo: 6.10.1
Start index : 530
End index   : 540
Chunk ID    : 053
Command:
/home/g202210120/.conda/envs/pytorch/bin/python evaluate_warmstart_ablation_array.py --case_name pglib_opf_case300_ieee --bus_number 300 --start_idx 530 --end_idx 540 --chunk_id 053 
Loading CURRENT dataset: ./dataset/pglib_opf_case300_ieee_10000.pt
QCQP matrices reconstructed in memory.
Selected test chunk [530, 540) with 10 instance(s); chunk=053

============================================================
LOADING EXISTING COLD IPOPT BASELINE
============================================================
Cold reference: result/warmstart_cold_case300_chunk053.csv
Existing cold reference success: 10/10 (100.00%)
Proceeding with 10 common reference-feasible instances.

Building ORIGINAL matrix-QCQP Pyomo model...
Building Pyomo model (this happens only once)...
Model built successfully.
Model built successfully.

============================================================
ABLATION CHECKPOINTS
============================================================
Pattern: model/300/*ablation_model*.pth
Found 5 checkpoint(s).
   best_ablation_model_pglib_opf_case300_ieee_10000epochs_20260918_135416.pth
   best_ablation_model_pglib_opf_case300_ieee_10000epochs_20260918_140403.pth
   best_ablation_model_pglib_opf_case300_ieee_10000epochs_20260918_141210.pth
   best_ablation_model_pglib_opf_case300_ieee_10000epochs_20260918_141939.pth
   best_ablation_model_pglib_opf_case300_ieee_10000epochs_20260918_142942.pth

================ Ablated PINN ================

Run 1: best_ablation_model_pglib_opf_case300_ieee_10000epochs_20260918_135416.pth
NN inference: 0.000111253 s/instance
  [1/10] success=True status=optimal time=0.958060s gap=-0.0000%
  [2/10] success=True status=optimal time=0.869449s gap=+0.0000%
  [3/10] success=True status=optimal time=0.796807s gap=-0.0000%
  [4/10] success=True status=optimal time=0.751194s gap=-0.0000%
  [5/10] success=True status=optimal time=0.749581s gap=+0.0000%
  [6/10] success=True status=optimal time=0.764359s gap=+0.0000%
  [7/10] success=True status=optimal time=0.777611s gap=-0.0000%
  [8/10] success=True status=optimal time=0.804178s gap=+0.0000%
  [9/10] success=True status=optimal time=0.807839s gap=-0.0000%
  [10/10] success=True status=optimal time=0.797948s gap=-0.0000%

Run 2: best_ablation_model_pglib_opf_case300_ieee_10000epochs_20260918_140403.pth
NN inference: 0.000066318 s/instance
  [1/10] success=True status=optimal time=1.256834s gap=-0.0000%
  [2/10] success=True status=optimal time=1.186435s gap=-0.0000%
  [3/10] success=True status=optimal time=1.058879s gap=-0.0000%
  [4/10] success=True status=optimal time=1.261238s gap=-0.0000%
  [5/10] success=True status=optimal time=1.234888s gap=+0.0000%
  [6/10] success=True status=optimal time=1.113937s gap=+0.0000%
  [7/10] success=True status=optimal time=1.213547s gap=-0.0000%
  [8/10] success=True status=optimal time=1.259034s gap=+0.0000%
  [9/10] success=True status=optimal time=1.131594s gap=-0.0000%
  [10/10] success=True status=optimal time=1.130792s gap=-0.0000%

Run 3: best_ablation_model_pglib_opf_case300_ieee_10000epochs_20260918_141210.pth
NN inference: 0.000068147 s/instance
  [1/10] success=True status=optimal time=0.816459s gap=-0.0000%
  [2/10] success=True status=optimal time=0.761850s gap=-0.0000%
  [3/10] success=True status=optimal time=0.765778s gap=-0.0000%
  [4/10] success=True status=optimal time=0.813121s gap=+0.0000%
  [5/10] success=True status=optimal time=0.866534s gap=+0.0000%
  [6/10] success=True status=optimal time=0.729557s gap=-0.0000%
  [7/10] success=True status=optimal time=1.130197s gap=-0.0000%
  [8/10] success=True status=optimal time=0.844316s gap=+0.0000%
  [9/10] success=True status=optimal time=0.814622s gap=+0.0000%
  [10/10] success=True status=optimal time=0.956983s gap=-0.0000%

Run 4: best_ablation_model_pglib_opf_case300_ieee_10000epochs_20260918_141939.pth
NN inference: 0.000062669 s/instance
  [1/10] success=True status=optimal time=1.044872s gap=-0.0000%
  [2/10] success=True status=optimal time=0.807895s gap=+0.0000%
  [3/10] success=True status=optimal time=0.839371s gap=-0.0000%
  [4/10] success=True status=optimal time=1.055239s gap=-0.0000%
  [5/10] success=True status=optimal time=0.988591s gap=+0.0000%
  [6/10] success=True status=optimal time=0.746473s gap=+0.0000%
  [7/10] success=True status=optimal time=0.789074s gap=-0.0000%
  [8/10] success=True status=optimal time=0.908333s gap=+0.0000%
  [9/10] success=True status=optimal time=1.121408s gap=+0.0000%
  [10/10] success=True status=optimal time=1.073694s gap=-0.0000%

Run 5: best_ablation_model_pglib_opf_case300_ieee_10000epochs_20260918_142942.pth
NN inference: 0.000067523 s/instance
  [1/10] success=True status=optimal time=0.879297s gap=-0.0000%
  [2/10] success=True status=optimal time=0.976365s gap=+0.0000%
  [3/10] success=True status=optimal time=0.864745s gap=+0.0000%
  [4/10] success=True status=optimal time=1.399761s gap=-0.0000%
  [5/10] success=True status=optimal time=1.541793s gap=+0.0000%
  [6/10] success=True status=optimal time=0.700973s gap=+0.0000%
  [7/10] success=True status=optimal time=0.695792s gap=-0.0000%
  [8/10] success=True status=optimal time=0.707443s gap=-0.0000%
  [9/10] success=True status=optimal time=0.557377s gap=-0.0000%
  [10/10] success=True status=optimal time=0.565526s gap=-0.0000%

============================================================
ABLATION WARM-START SUMMARY
============================================================
Architecture  Run  N  Success_Rate  NN_Time_s  IPOPT_Time_s  Total_Online_Time_s  Cold_IPOPT_Time_s  Speedup  Feasible_Obj_Gap_pct
Ablated PINN    1 10           1.0   0.000111      0.807703             0.807814           0.861835 1.072081         -1.696853e-12
Ablated PINN    2 10           1.0   0.000066      1.184718             1.184784           0.861835 0.729033         -2.216663e-12
Ablated PINN    3 10           1.0   0.000068      0.849942             0.850010           0.861835 1.025641         -2.630172e-12
Ablated PINN    4 10           1.0   0.000063      0.937495             0.937558           0.861835 0.933608          9.685233e-14
Ablated PINN    5 10           1.0   0.000068      0.888907             0.888975           0.861835 1.082410         -1.888598e-12

Saved:
   result/warmstart_ablation_raw_case300_chunk053.csv
   result/warmstart_ablation_runlevel_case300_chunk053.csv
   result/warmstart_ablation_summary_case300_chunk053.csv

Done.
============================================================
Finished : Mon Sep 21 13:07:12 +03 2026
Exit code: 0
============================================================
