============================================================
Array Job ID : 2331008
Task ID      : 5
Node         : node0020
Case         : pglib_opf_case300_ieee
Bus          : 300
============================================================
Python 3.11.15
PyTorch: 2.8.0+cu129
Pandas: 3.0.3
Pyomo: 6.10.1
Start index : 50
End index   : 60
Chunk ID    : 005
Command:
/home/g202210120/.conda/envs/pytorch/bin/python evaluate_warmstart_ablation_array.py --case_name pglib_opf_case300_ieee --bus_number 300 --start_idx 50 --end_idx 60 --chunk_id 005 
Loading CURRENT dataset: ./dataset/pglib_opf_case300_ieee_10000.pt
QCQP matrices reconstructed in memory.
Selected test chunk [50, 60) with 10 instance(s); chunk=005

============================================================
LOADING EXISTING COLD IPOPT BASELINE
============================================================
Cold reference: result/warmstart_cold_case300_chunk005.csv
Existing cold reference success: 10/10 (100.00%)
Proceeding with 10 common reference-feasible instances.

Building ORIGINAL matrix-QCQP Pyomo model...
Building Pyomo model (this happens only once)...
Model built successfully.
Model built successfully.

============================================================
ABLATION CHECKPOINTS
============================================================
Pattern: model/300/*ablation_model*.pth
Found 5 checkpoint(s).
   best_ablation_model_pglib_opf_case300_ieee_10000epochs_20260918_135416.pth
   best_ablation_model_pglib_opf_case300_ieee_10000epochs_20260918_140403.pth
   best_ablation_model_pglib_opf_case300_ieee_10000epochs_20260918_141210.pth
   best_ablation_model_pglib_opf_case300_ieee_10000epochs_20260918_141939.pth
   best_ablation_model_pglib_opf_case300_ieee_10000epochs_20260918_142942.pth

================ Ablated PINN ================

Run 1: best_ablation_model_pglib_opf_case300_ieee_10000epochs_20260918_135416.pth
NN inference: 0.000111229 s/instance
  [1/10] success=True status=optimal time=0.805933s gap=+0.0000%
  [2/10] success=True status=optimal time=0.804397s gap=-0.0000%
  [3/10] success=True status=optimal time=0.847699s gap=+0.0000%
  [4/10] success=True status=optimal time=0.780116s gap=+0.0000%
  [5/10] success=True status=optimal time=0.713271s gap=-0.0000%
  [6/10] success=True status=optimal time=0.685425s gap=-0.0000%
  [7/10] success=True status=optimal time=0.717422s gap=+0.0000%
  [8/10] success=True status=optimal time=0.685348s gap=-0.0000%
  [9/10] success=True status=optimal time=0.722923s gap=-0.0000%
  [10/10] success=True status=optimal time=0.692732s gap=-0.0000%

Run 2: best_ablation_model_pglib_opf_case300_ieee_10000epochs_20260918_140403.pth
NN inference: 0.000065809 s/instance
  [1/10] success=True status=optimal time=0.675622s gap=+0.0000%
  [2/10] success=True status=optimal time=0.607690s gap=-0.0000%
  [3/10] success=True status=optimal time=0.638977s gap=+0.0000%
  [4/10] success=True status=optimal time=0.699476s gap=+0.0000%
  [5/10] success=True status=optimal time=0.655456s gap=-0.0000%
  [6/10] success=True status=optimal time=0.659981s gap=-0.0000%
  [7/10] success=True status=optimal time=0.756338s gap=+0.0000%
  [8/10] success=True status=optimal time=0.780045s gap=-0.0000%
  [9/10] success=True status=optimal time=0.866566s gap=+0.0000%
  [10/10] success=True status=optimal time=0.806857s gap=-0.0000%

Run 3: best_ablation_model_pglib_opf_case300_ieee_10000epochs_20260918_141210.pth
NN inference: 0.000067307 s/instance
  [1/10] success=True status=optimal time=0.836703s gap=+0.0000%
  [2/10] success=True status=optimal time=0.853852s gap=-0.0000%
  [3/10] success=True status=optimal time=0.900329s gap=-0.0000%
  [4/10] success=True status=optimal time=0.870246s gap=+0.0000%
  [5/10] success=True status=optimal time=0.851199s gap=-0.0000%
  [6/10] success=True status=optimal time=0.801228s gap=+0.0000%
  [7/10] success=True status=optimal time=0.801641s gap=+0.0000%
  [8/10] success=True status=optimal time=0.757248s gap=+0.0000%
  [9/10] success=True status=optimal time=0.795407s gap=-0.0000%
  [10/10] success=True status=optimal time=0.781994s gap=+0.0000%

Run 4: best_ablation_model_pglib_opf_case300_ieee_10000epochs_20260918_141939.pth
NN inference: 0.000067335 s/instance
  [1/10] success=True status=optimal time=0.806577s gap=-0.0000%
  [2/10] success=True status=optimal time=0.794806s gap=-0.0000%
  [3/10] success=True status=optimal time=0.804381s gap=+0.0000%
  [4/10] success=True status=optimal time=0.835769s gap=+0.0000%
  [5/10] success=True status=optimal time=0.789140s gap=-0.0000%
  [6/10] success=True status=optimal time=0.718875s gap=-0.0000%
  [7/10] success=True status=optimal time=0.709657s gap=+0.0000%
  [8/10] success=True status=optimal time=0.704732s gap=-0.0000%
  [9/10] success=True status=optimal time=1.007414s gap=-0.0000%
  [10/10] success=True status=optimal time=0.885759s gap=-0.0000%

Run 5: best_ablation_model_pglib_opf_case300_ieee_10000epochs_20260918_142942.pth
NN inference: 0.000068994 s/instance
  [1/10] success=True status=optimal time=0.863166s gap=-0.0000%
  [2/10] success=True status=optimal time=0.916005s gap=-0.0000%
  [3/10] success=True status=optimal time=0.995890s gap=+0.0000%
  [4/10] success=True status=optimal time=1.003264s gap=+0.0000%
  [5/10] success=True status=optimal time=0.936317s gap=+0.0000%
  [6/10] success=True status=optimal time=0.844982s gap=+0.0000%
  [7/10] success=True status=optimal time=0.933039s gap=+0.0000%
  [8/10] success=True status=optimal time=0.710410s gap=-0.0000%
  [9/10] success=True status=optimal time=0.919589s gap=+0.0000%
  [10/10] success=True status=optimal time=0.907658s gap=-0.0000%

============================================================
ABLATION WARM-START SUMMARY
============================================================
Architecture  Run  N  Success_Rate  NN_Time_s  IPOPT_Time_s  Total_Online_Time_s  Cold_IPOPT_Time_s  Speedup  Feasible_Obj_Gap_pct
Ablated PINN    1 10           1.0   0.000111      0.745527             0.745638           1.273924 1.693375         -6.981964e-12
Ablated PINN    2 10           1.0   0.000066      0.714701             0.714767           1.273924 1.839515         -5.208735e-12
Ablated PINN    3 10           1.0   0.000067      0.824985             0.825052           1.273924 1.530587          6.547603e-12
Ablated PINN    4 10           1.0   0.000067      0.805711             0.805778           1.273924 1.592989         -5.842103e-13
Ablated PINN    5 10           1.0   0.000069      0.903032             0.903101           1.273924 1.405039         -5.383236e-12

Saved:
   result/warmstart_ablation_raw_case300_chunk005.csv
   result/warmstart_ablation_runlevel_case300_chunk005.csv
   result/warmstart_ablation_summary_case300_chunk005.csv

Done.
============================================================
Finished : Mon Sep 21 12:46:38 +03 2026
Exit code: 0
============================================================
