============================================================
Array Job ID : 2331008
Task ID      : 83
Node         : node0020
Case         : pglib_opf_case300_ieee
Bus          : 300
============================================================
Python 3.11.15
PyTorch: 2.8.0+cu129
Pandas: 3.0.3
Pyomo: 6.10.1
Start index : 830
End index   : 840
Chunk ID    : 083
Command:
/home/g202210120/.conda/envs/pytorch/bin/python evaluate_warmstart_ablation_array.py --case_name pglib_opf_case300_ieee --bus_number 300 --start_idx 830 --end_idx 840 --chunk_id 083 
Loading CURRENT dataset: ./dataset/pglib_opf_case300_ieee_10000.pt
QCQP matrices reconstructed in memory.
Selected test chunk [830, 840) with 10 instance(s); chunk=083

============================================================
LOADING EXISTING COLD IPOPT BASELINE
============================================================
Cold reference: result/warmstart_cold_case300_chunk083.csv
Existing cold reference success: 10/10 (100.00%)
Proceeding with 10 common reference-feasible instances.

Building ORIGINAL matrix-QCQP Pyomo model...
Building Pyomo model (this happens only once)...
Model built successfully.
Model built successfully.

============================================================
ABLATION CHECKPOINTS
============================================================
Pattern: model/300/*ablation_model*.pth
Found 5 checkpoint(s).
   best_ablation_model_pglib_opf_case300_ieee_10000epochs_20260918_135416.pth
   best_ablation_model_pglib_opf_case300_ieee_10000epochs_20260918_140403.pth
   best_ablation_model_pglib_opf_case300_ieee_10000epochs_20260918_141210.pth
   best_ablation_model_pglib_opf_case300_ieee_10000epochs_20260918_141939.pth
   best_ablation_model_pglib_opf_case300_ieee_10000epochs_20260918_142942.pth

================ Ablated PINN ================

Run 1: best_ablation_model_pglib_opf_case300_ieee_10000epochs_20260918_135416.pth
NN inference: 0.000116675 s/instance
  [1/10] success=True status=optimal time=0.933632s gap=+0.0000%
  [2/10] success=True status=optimal time=0.726412s gap=-0.0000%
  [3/10] success=True status=optimal time=1.079941s gap=+0.0000%
  [4/10] success=True status=optimal time=0.743038s gap=+0.0000%
  [5/10] success=True status=optimal time=0.700107s gap=+0.0000%
  [6/10] success=True status=optimal time=0.917194s gap=+0.0000%
  [7/10] success=True status=optimal time=0.915521s gap=-0.0000%
  [8/10] success=True status=optimal time=0.801664s gap=+0.0000%
  [9/10] success=True status=optimal time=0.703500s gap=-0.0000%
  [10/10] success=True status=optimal time=0.742321s gap=-0.0000%

Run 2: best_ablation_model_pglib_opf_case300_ieee_10000epochs_20260918_140403.pth
NN inference: 0.000072651 s/instance
  [1/10] success=True status=optimal time=0.787250s gap=+0.0000%
  [2/10] success=True status=optimal time=0.721819s gap=+0.0000%
  [3/10] success=True status=optimal time=1.123408s gap=+0.0000%
  [4/10] success=True status=optimal time=1.203845s gap=+0.0000%
  [5/10] success=True status=optimal time=1.218283s gap=-0.0000%
  [6/10] success=True status=optimal time=1.370572s gap=+0.0000%
  [7/10] success=True status=optimal time=1.407875s gap=+0.0000%
  [8/10] success=True status=optimal time=0.918869s gap=+0.0000%
  [9/10] success=True status=optimal time=0.831743s gap=-0.0000%
  [10/10] success=True status=optimal time=0.817449s gap=+0.0000%

Run 3: best_ablation_model_pglib_opf_case300_ieee_10000epochs_20260918_141210.pth
NN inference: 0.000073622 s/instance
  [1/10] success=True status=optimal time=0.870790s gap=+0.0000%
  [2/10] success=True status=optimal time=0.740225s gap=-0.0000%
  [3/10] success=True status=optimal time=0.792437s gap=+0.0000%
  [4/10] success=True status=optimal time=0.733641s gap=+0.0000%
  [5/10] success=True status=optimal time=0.752095s gap=+0.0000%
  [6/10] success=True status=optimal time=0.774316s gap=-0.0000%
  [7/10] success=True status=optimal time=0.842479s gap=-0.0000%
  [8/10] success=True status=optimal time=0.797632s gap=+0.0000%
  [9/10] success=True status=optimal time=0.636728s gap=-0.0000%
  [10/10] success=True status=optimal time=0.677361s gap=+0.0000%

Run 4: best_ablation_model_pglib_opf_case300_ieee_10000epochs_20260918_141939.pth
NN inference: 0.000064842 s/instance
  [1/10] success=True status=optimal time=0.769089s gap=-0.0000%
  [2/10] success=True status=optimal time=0.695496s gap=-0.0000%
  [3/10] success=True status=optimal time=0.915789s gap=-0.0000%
  [4/10] success=True status=optimal time=0.863180s gap=+0.0000%
  [5/10] success=True status=optimal time=0.883093s gap=+0.0000%
  [6/10] success=True status=optimal time=0.964027s gap=-0.0000%
  [7/10] success=True status=optimal time=1.045249s gap=+0.0000%
  [8/10] success=True status=optimal time=0.910779s gap=-0.0000%
  [9/10] success=True status=optimal time=0.806370s gap=-0.0000%
  [10/10] success=True status=optimal time=0.797801s gap=+0.0000%

Run 5: best_ablation_model_pglib_opf_case300_ieee_10000epochs_20260918_142942.pth
NN inference: 0.000071470 s/instance
  [1/10] success=True status=optimal time=0.864260s gap=-0.0000%
  [2/10] success=True status=optimal time=0.845635s gap=-0.0000%
  [3/10] success=True status=optimal time=0.841292s gap=-0.0000%
  [4/10] success=True status=optimal time=0.825676s gap=+0.0000%
  [5/10] success=True status=optimal time=0.830964s gap=-0.0000%
  [6/10] success=True status=optimal time=0.845032s gap=+0.0000%
  [7/10] success=True status=optimal time=0.876857s gap=-0.0000%
  [8/10] success=True status=optimal time=0.802581s gap=+0.0000%
  [9/10] success=True status=optimal time=0.731443s gap=-0.0000%
  [10/10] success=True status=optimal time=0.726192s gap=-0.0000%

============================================================
ABLATION WARM-START SUMMARY
============================================================
Architecture  Run  N  Success_Rate  NN_Time_s  IPOPT_Time_s  Total_Online_Time_s  Cold_IPOPT_Time_s  Speedup  Feasible_Obj_Gap_pct
Ablated PINN    1 10           1.0   0.000117      0.826333             0.826450           0.922482 1.128893         -2.294425e-11
Ablated PINN    2 10           1.0   0.000073      1.040111             1.040184           0.922482 0.921766          2.091862e-12
Ablated PINN    3 10           1.0   0.000074      0.761770             0.761844           0.922482 1.210437         -2.234193e-11
Ablated PINN    4 10           1.0   0.000065      0.865087             0.865152           0.922482 1.071428          3.628818e-15
Ablated PINN    5 10           1.0   0.000071      0.818993             0.819065           0.922482 1.123485         -2.433821e-11

Saved:
   result/warmstart_ablation_raw_case300_chunk083.csv
   result/warmstart_ablation_runlevel_case300_chunk083.csv
   result/warmstart_ablation_summary_case300_chunk083.csv

Done.
============================================================
Finished : Mon Sep 21 13:18:23 +03 2026
Exit code: 0
============================================================
